
Allocating common symbols
Common symbol       size              file

uart_lock           0x4               build/uart_pl011.o
log                 0x70              build/log.o
kmem                0x3c              build/kalloc.o
pUSBParam           0x4               build/trap.o
bcache              0x173c            build/bio.o
pUSBTimerParam      0x4               build/trap.o
input               0xc0              build/console.o
uart_disabled       0x4               build/uart.o
nUSBTimerIRQ        0x4               build/trap.o
kpgdir              0x4               build/vm.o
mb_data             0x28              build/main.o
tickslock           0x34              build/trap.o
ftable              0x994             build/file.o
cpus                0xe0              build/exec.o
mailbuffer          0x4               build/mailbox.o
pUSBTimerHandler    0x4               build/trap.o
pm_size             0x4               build/mmu.o
ticks               0x4               build/trap.o
pUSBHandler         0x4               build/trap.o
ptable              0x1f34            build/proc.o
nUSBIRQ             0x4               build/trap.o
devsw               0x50              build/file.o
icache              0xfd4             build/fs.o

Discarded input sections

 .note.GNU-stack
                0x00000000        0x0 build/uspi_dwhciframeschednsplit.o
 .note.GNU-stack
                0x00000000        0x0 build/exec.o
 .note.GNU-stack
                0x00000000        0x0 build/trap.o
 .note.GNU-stack
                0x00000000        0x0 build/uspi_string.o
 .note.GNU-stack
                0x00000000        0x0 build/sysfile.o
 .note.GNU-stack
                0x00000000        0x0 build/uspi_usbendpoint.o
 .note.GNU-stack
                0x00000000        0x0 build/bio.o
 .note.GNU-stack
                0x00000000        0x0 build/uspi_usbmidi.o
 .note.GNU-stack
                0x00000000        0x0 build/uspi_usbdevicefactory.o
 .note.GNU-stack
                0x00000000        0x0 build/fs.o
 .note.GNU-stack
                0x00000000        0x0 build/console.o
 .note.GNU-stack
                0x00000000        0x0 build/spinlock.o
 .note.GNU-stack
                0x00000000        0x0 build/uspi_usbconfigparser.o
 .note.GNU-stack
                0x00000000        0x0 build/uspienv_timer.o
 .note.GNU-stack
                0x00000000        0x0 build/main.o
 .note.GNU-stack
                0x00000000        0x0 build/vm.o
 .note.GNU-stack
                0x00000000        0x0 build/uspi_dwhciframeschedper.o
 .note.GNU-stack
                0x00000000        0x0 build/uspi_usbstandardhub.o
 .note.GNU-stack
                0x00000000        0x0 build/uspi_smsc951x.o
 .note.GNU-stack
                0x00000000        0x0 build/uspi_dwhciframeschednper.o
 .note.GNU-stack
                0x00000000        0x0 build/uspi_dwhcixferstagedata.o
 .note.GNU-stack
                0x00000000        0x0 build/uspi_keymap.o
 .note.GNU-stack
                0x00000000        0x0 build/memide.o
 .note.GNU-stack
                0x00000000        0x0 build/uspi_library.o
 .note.GNU-stack
                0x00000000        0x0 build/mailbox.o
 .note.GNU-stack
                0x00000000        0x0 build/uart_pl011.o
 .note.GNU-stack
                0x00000000        0x0 build/uspi_usbdevice.o
 .note.GNU-stack
                0x00000000        0x0 build/mmu.o
 .note.GNU-stack
                0x00000000        0x0 build/log.o
 .note.GNU-stack
                0x00000000        0x0 build/uspi_macaddress.o
 .note.GNU-stack
                0x00000000        0x0 build/uart.o
 .note.GNU-stack
                0x00000000        0x0 build/syscall.o
 .note.GNU-stack
                0x00000000        0x0 build/uspi_usbmassdevice.o
 .note.GNU-stack
                0x00000000        0x0 build/file.o
 .note.GNU-stack
                0x00000000        0x0 build/uspi_usbstring.o
 .note.GNU-stack
                0x00000000        0x0 build/usb.o
 .note.GNU-stack
                0x00000000        0x0 build/sysproc.o
 .note.GNU-stack
                0x00000000        0x0 build/string.o
 .note.GNU-stack
                0x00000000        0x0 build/pipe.o
 .note.GNU-stack
                0x00000000        0x0 build/uspi_usbrequest.o
 .note.GNU-stack
                0x00000000        0x0 build/uspi_synchronize.o
 .note.GNU-stack
                0x00000000        0x0 build/uspienv_memio.o
 .note.GNU-stack
                0x00000000        0x0 build/uspi_usbmouse.o
 .note.GNU-stack
                0x00000000        0x0 build/uspi_lan7800.o
 .note.GNU-stack
                0x00000000        0x0 build/kalloc.o
 .note.GNU-stack
                0x00000000        0x0 build/uspi_util.o
 .note.GNU-stack
                0x00000000        0x0 build/uspi_dwhcidevice.o
 .note.GNU-stack
                0x00000000        0x0 build/uspi_dwhciregister.o
 .note.GNU-stack
                0x00000000        0x0 build/proc.o
 .note.GNU-stack
                0x00000000        0x0 build/uspi_usbkeyboard.o
 .note.GNU-stack
                0x00000000        0x0 build/timer.o
 .note.GNU-stack
                0x00000000        0x0 build/uspi_devicenameservice.o
 .note.GNU-stack
                0x00000000        0x0 build/uspi_usbgamepad.o
 .note.GNU-stack
                0x00000000        0x0 build/uspi_dwhcirootport.o

Memory Configuration

Name             Origin             Length             Attributes
*default*        0x00000000         0xffffffff

Linker script and memory map

LOAD build/entry.o
LOAD build/exception.o
LOAD build/uspienv_delayloop.o
LOAD build/uspi_dwhciframeschednsplit.o
LOAD build/exec.o
LOAD build/trap.o
LOAD build/uspi_string.o
LOAD build/sysfile.o
LOAD build/uspi_usbendpoint.o
LOAD build/bio.o
LOAD build/uspi_usbmidi.o
LOAD build/uspi_usbdevicefactory.o
LOAD build/fs.o
LOAD build/console.o
LOAD build/spinlock.o
LOAD build/uspi_usbconfigparser.o
LOAD build/uspienv_timer.o
LOAD build/main.o
LOAD build/vm.o
LOAD build/uspi_dwhciframeschedper.o
LOAD build/uspi_usbstandardhub.o
LOAD build/uspi_smsc951x.o
LOAD build/uspi_dwhciframeschednper.o
LOAD build/uspi_dwhcixferstagedata.o
LOAD build/uspi_keymap.o
LOAD build/memide.o
LOAD build/uspi_library.o
LOAD build/mailbox.o
LOAD build/uart_pl011.o
LOAD build/uspi_usbdevice.o
LOAD build/mmu.o
LOAD build/log.o
LOAD build/uspi_macaddress.o
LOAD build/uart.o
LOAD build/syscall.o
LOAD build/uspi_usbmassdevice.o
LOAD build/file.o
LOAD build/uspi_usbstring.o
LOAD build/usb.o
LOAD build/sysproc.o
LOAD build/string.o
LOAD build/pipe.o
LOAD build/uspi_usbrequest.o
LOAD build/uspi_synchronize.o
LOAD build/uspienv_memio.o
LOAD build/uspi_usbmouse.o
LOAD build/uspi_lan7800.o
LOAD build/kalloc.o
LOAD build/uspi_util.o
LOAD build/uspi_dwhcidevice.o
LOAD build/uspi_dwhciregister.o
LOAD build/proc.o
LOAD build/uspi_usbkeyboard.o
LOAD build/timer.o
LOAD build/uspi_devicenameservice.o
LOAD build/uspi_usbgamepad.o
LOAD build/uspi_dwhcirootport.o
                0x00000000                PHYSTART = 0x0
                0x10000000                PHYSIZE = 0x10000000
                0x80000000                KERNBASE = 0x80000000
                0x3f000000                MMIO_PA = 0x3f000000
                0xd0000000                MMIO_VA = 0xd0000000
                0x01000000                MMIO_SIZE = 0x1000000
                0xdf000000                PERIPHBASE = 0xdf000000
                0x00004000                K_PDX_BASE = 0x4000
                0x00003000                K_PTX_BASE = 0x3000
                0x00008000                PHYSOFFSET = 0x8000
                0x80008000                KERNOFFSET = 0x80008000
                0x80008000                PHYSOFFSET = DEFINED (PHYSOFFSET)?PHYSOFFSET:0x80008000
                0xc0008000                KERNOFFSET = DEFINED (KERNOFFSET)?KERNOFFSET:0xc0008000
                0x80000000                SHIFT = (KERNOFFSET - PHYSOFFSET)

.init           0x00008000      0x1d4
 *(.init)
 .init          0x00008000      0x1d4 build/entry.o
                0x00008000                _start
                0x00008200                . = ALIGN (0x100)
                0x00008200                INIT_END = .
                0x80008200                . = (. + SHIFT)

.text           0x80008200     0xf708 load address 0x00008200
 *.c.o(.text)
 *(.text .stub .text.*)
 .text          0x80008200       0x94 build/entry.o
                0x80008200                _pagingstart
                0x80008208                acknowledge
                0x8000822c                dsb_barrier
                0x80008238                flush_dcache_all
                0x80008244                flush_idcache
                0x80008250                flush_tlb
                0x80008270                flush_dcache
                0x8000827c                set_pgtbase
                0x80008284                getsystemtime
 *fill*         0x80008294        0xc 
 .text          0x800082a0      0x284 build/exception.o
                0x800082a0                vectors
                0x80008338                trapret
                0x80008478                set_mode_sp
                0x8000849c                readcpsr
                0x800084a4                cli
                0x800084b4                sti
                0x800084c4                swtch
 *fill*         0x80008524        0x4 
 .text          0x80008528        0xc build/uspienv_delayloop.o
                0x80008528                DelayLoop
 .text          0x80008534       0xdc build/uspi_dwhciframeschednsplit.o
                0x80008534                DWHCIFrameSchedulerNoSplitStartSplit
                0x80008538                DWHCIFrameSchedulerNoSplitCompleteSplit
                0x80008540                DWHCIFrameSchedulerNoSplitTransactionComplete
                0x80008544                DWHCIFrameSchedulerNoSplitIsOddFrame
                0x80008550                DWHCIFrameSchedulerNoSplitWaitForFrame
                0x800085b4                _DWHCIFrameSchedulerNoSplit
                0x800085b8                DWHCIFrameSchedulerNoSplit
 .text          0x80008610      0x2a8 build/exec.o
                0x80008610                exec
 .text          0x800088b8      0x604 build/trap.o
                0x800088b8                led25_on
                0x800088d8                led25_off
                0x800088f8                enable_intrs
                0x8000891c                disable_intrs
                0x80008940                tvinit
                0x80008a2c                trap_oops
                0x80008ac4                handle_irq
                0x80008b2c                trap
                0x80008dd4                ConnectInterrupt
                0x80008e48                ConnectTimerInterrupt
 .text          0x80008ebc      0x9a0 build/uspi_string.o
                0x80008f1c                String
                0x80008f2c                String2
                0x80008f5c                _String
                0x80008f84                StringGet
                0x80008f9c                StringSet
                0x80008fe0                StringGetLength
                0x80008ff0                StringAppend
                0x8000906c                StringCompare
                0x80009074                StringFind
                0x800090b8                StringPutChar
                0x800090f8                StringPutString
                0x8000913c                StringFormatV
                0x800097a0                StringFormat
                0x800097cc                StringReserveSpace
                0x800097d8                ntoa
 .text          0x8000985c      0xab8 build/sysfile.o
                0x80009a3c                sys_dup
                0x80009ab4                sys_read
                0x80009b20                sys_write
                0x80009b8c                sys_close
                0x80009be0                sys_fstat
                0x80009c2c                sys_link
                0x80009d3c                sys_unlink
                0x80009ef8                sys_open
                0x8000a02c                sys_mkdir
                0x8000a088                sys_mknod
                0x8000a110                sys_chdir
                0x8000a190                sys_exec
                0x8000a24c                sys_pipe
 .text          0x8000a314      0x20c build/uspi_usbendpoint.o
                0x8000a314                USBEndpoint
                0x8000a340                USBEndpoint2
                0x8000a430                USBEndpointCopy
                0x8000a46c                _USBEndpoint
                0x8000a478                USBEndpointGetDevice
                0x8000a480                USBEndpointGetNumber
                0x8000a488                USBEndpointGetType
                0x8000a490                USBEndpointIsDirectionIn
                0x8000a498                USBEndpointSetMaxPacketSize
                0x8000a4a0                USBEndpointGetMaxPacketSize
                0x8000a4a8                USBEndpointGetInterval
                0x8000a4b0                USBEndpointGetNextPID
                0x8000a4c0                USBEndpointSkipPID
                0x8000a514                USBEndpointResetPID
 .text          0x8000a520      0x238 build/bio.o
                0x8000a520                binit
                0x8000a5a8                bread
                0x8000a6a8                bwrite
                0x8000a6d0                brelse
 .text          0x8000a758      0x378 build/uspi_usbmidi.o
                0x8000a7b8                USBMIDIDeviceConfigure
                0x8000aa4c                USBMIDIDevice
                0x8000aa7c                _CUSBMIDIDevice
                0x8000aac8                USBMIDIDeviceRegisterPacketHandler
 .text          0x8000aad0      0x230 build/uspi_usbdevicefactory.o
                0x8000aad0                GetDevice
                0x8000aca0                USBDeviceFactoryGetDevice
 .text          0x8000ad00      0xd54 build/fs.o
                0x8000add8                readsb
                0x8000b03c                iinit
                0x8000b06c                ialloc
                0x8000b11c                iupdate
                0x8000b198                idup
                0x8000b1cc                ilock
                0x8000b2d4                iunlock
                0x8000b334                iput
                0x8000b484                iunlockput
                0x8000b49c                stati
                0x8000b4c4                readi
                0x8000b5b0                writei
                0x8000b6cc                namecmp
                0x8000b6d4                dirlookup
                0x8000b954                dirlink
                0x8000ba2c                namei
                0x8000ba48                nameiparent
 .text          0x8000ba54      0xaa8 build/console.o
                0x8000ba54                consoleread
                0x8000bb48                setgpucolour
                0x8000bb58                initframebuf
                0x8000bbb0                drawpixel
                0x8000bbf0                drawcursor
                0x8000bc64                drawcharacter
                0x8000bcfc                gpuputc
                0x8000bef4                consolewrite
                0x8000c004                panic
                0x8000c078                cprintf
                0x8000c1fc                consputc
                0x8000c298                consoleintr
                0x8000c404                gpuinit
                0x8000c460                consoleinit
 .text          0x8000c4fc      0x194 build/spinlock.o
                0x8000c4fc                initlock
                0x8000c510                getcallerpcs
                0x8000c514                holding
                0x8000c53c                pushcli
                0x8000c574                acquire
                0x8000c5f0                popcli
                0x8000c64c                release
 .text          0x8000c690      0x1e4 build/uspi_usbconfigparser.o
                0x8000c690                USBConfigurationParser
                0x8000c7a0                _USBConfigurationParser
                0x8000c7ac                USBConfigurationParserIsValid
                0x8000c7b4                USBConfigurationParserGetDescriptor
                0x8000c854                USBConfigurationParserError
 .text          0x8000c874      0x3ac build/uspienv_timer.o
                0x8000c8b4                TimerEnvInit
                0x8000c904                _Timer
                0x8000c918                TimerGetClockTicks
                0x8000c934                TimerGetTicks
                0x8000c93c                TimerGetTime
                0x8000c944                TimerStartKernelTimer
                0x8000c9b0                TimerCancelKernelTimer
                0x8000c9c4                TimerMsDelay
                0x8000c9d8                TimerusDelay
                0x8000c9ec                TimerGet
                0x8000c9fc                TimerSimpleMsDelay
                0x8000ca18                TimerSimpleusDelay
                0x8000ca24                TimerPollKernelTimers
                0x8000ca9c                TimerInterruptHandler
                0x8000cb54                TimerTuneMsDelay
                0x8000cbb8                TimerInitialize
 .text          0x8000cc20      0x37c build/main.o
                0x8000cc20                OkLoop
                0x8000cc64                NotOkLoop
                0x8000cca8                getpmsize
                0x8000cd1c                machinit
                0x8000cd30                test
                0x8000ce30                cmain
 .text          0x8000cf9c      0x7f0 build/vm.o
                0x8000d198                setupkvm
                0x8000d1bc                setupkvm_new
                0x8000d260                kvmalloc
                0x8000d278                switchkvm
                0x8000d27c                switchkvm_new
                0x8000d2a8                switchuvm
                0x8000d2f0                inituvm
                0x8000d368                loaduvm
                0x8000d44c                allocuvm
                0x8000d540                deallocuvm
                0x8000d554                freevm
                0x8000d5c4                clearpteu
                0x8000d5f8                copyuvm
                0x8000d6d8                uva2ka
                0x8000d70c                copyout
 .text          0x8000d78c      0x21c build/uspi_dwhciframeschedper.o
                0x8000d78c                _DWHCIFrameSchedulerPeriodic
                0x8000d798                DWHCIFrameSchedulerPeriodicStartSplit
                0x8000d7ac                DWHCIFrameSchedulerPeriodicIsOddFrame
                0x8000d7b8                DWHCIFrameSchedulerPeriodicWaitForFrame
                0x8000d828                DWHCIFrameSchedulerPeriodicCompleteSplit
                0x8000d890                DWHCIFrameSchedulerPeriodicTransactionComplete
                0x8000d948                DWHCIFrameSchedulerPeriodic
 .text          0x8000d9a8      0xa34 build/uspi_usbstandardhub.o
                0x8000d9a8                USBStandardHub
                0x8000d9ec                _USBStandardHub
                0x8000da78                USBStandardHubInitialize
                0x8000da7c                USBStandardHubGetDeviceNames
                0x8000db44                USBStandardHubEnumeratePorts
                0x8000e12c                USBStandardHubConfigure
 .text          0x8000e3dc      0x5d0 build/uspi_smsc951x.o
                0x8000e3dc                SMSC951xDevice
                0x8000e414                _SMSC951xDevice
                0x8000e480                SMSC951xDeviceGetMACAddress
                0x8000e488                SMSC951xDeviceSendFrame
                0x8000e4e8                SMSC951xDeviceReceiveFrame
                0x8000e5d0                SMSC951xDeviceWriteReg
                0x8000e638                SMSC951xDeviceConfigure
                0x8000e944                SMSC951xDeviceReadReg
 .text          0x8000e9ac      0x18c build/uspi_dwhciframeschednper.o
                0x8000e9ac                _DWHCIFrameSchedulerNonPeriodic
                0x8000e9b8                DWHCIFrameSchedulerNonPeriodicStartSplit
                0x8000e9c4                DWHCIFrameSchedulerNonPeriodicWaitForFrame
                0x8000e9c8                DWHCIFrameSchedulerNonPeriodicIsOddFrame
                0x8000e9d0                DWHCIFrameSchedulerNonPeriodicCompleteSplit
                0x8000ea24                DWHCIFrameSchedulerNonPeriodicTransactionComplete
                0x8000eae4                DWHCIFrameSchedulerNonPeriodic
 .text          0x8000eb38      0x4ac build/uspi_dwhcixferstagedata.o
                0x8000eb38                DWHCITransferStageData
                0x8000ed08                _DWHCITransferStageData
                0x8000ed64                DWHCITransferStageDataTransactionComplete
                0x8000ee50                DWHCITransferStageDataSetSplitComplete
                0x8000ee58                DWHCITransferStageDataSetState
                0x8000ee60                DWHCITransferStageDataGetState
                0x8000ee68                DWHCITransferStageDataSetSubState
                0x8000ee70                DWHCITransferStageDataGetSubState
                0x8000ee78                DWHCITransferStageDataBeginSplitCycle
                0x8000ee80                DWHCITransferStageDataGetChannelNumber
                0x8000ee88                DWHCITransferStageDataIsPeriodic
                0x8000eea8                DWHCITransferStageDataGetDeviceAddress
                0x8000eeb0                DWHCITransferStageDataGetEndpointType
                0x8000eedc                DWHCITransferStageDataGetEndpointNumber
                0x8000eee4                DWHCITransferStageDataGetMaxPacketSize
                0x8000eeec                DWHCITransferStageDataGetSpeed
                0x8000eef4                DWHCITransferStageDataGetPID
                0x8000ef24                DWHCITransferStageDataIsDirectionIn
                0x8000ef2c                DWHCITransferStageDataIsStatusStage
                0x8000ef34                DWHCITransferStageDataGetDMAAddress
                0x8000ef3c                DWHCITransferStageDataGetBytesToTransfer
                0x8000ef44                DWHCITransferStageDataGetPacketsToTransfer
                0x8000ef4c                DWHCITransferStageDataIsSplit
                0x8000ef54                DWHCITransferStageDataIsSplitComplete
                0x8000ef5c                DWHCITransferStageDataGetHubAddress
                0x8000ef64                DWHCITransferStageDataGetHubPortAddress
                0x8000ef6c                DWHCITransferStageDataGetSplitPosition
                0x8000ef74                DWHCITransferStageDataGetStatusMask
                0x8000efa8                DWHCITransferStageDataGetTransactionStatus
                0x8000efb0                DWHCITransferStageDataIsStageComplete
                0x8000efc0                DWHCITransferStageDataGetResultLen
                0x8000efd4                DWHCITransferStageDataGetURB
                0x8000efdc                DWHCITransferStageDataGetFrameScheduler
 .text          0x8000efe4      0x2b8 build/uspi_keymap.o
                0x8000efe4                KeyMap
                0x8000f008                _KeyMap
                0x8000f00c                KeyMapClearTable
                0x8000f044                KeyMapSetEntry
                0x8000f094                KeyMapTranslate
                0x8000f1b4                KeyMapGetString
                0x8000f26c                KeyMapGetLEDStatus
 .text          0x8000f29c       0xe8 build/memide.o
                0x8000f29c                ideinit
                0x8000f2d0                ideintr
                0x8000f2d4                iderw
 .text          0x8000f384      0x74c build/uspi_library.o
                0x8000f384                USPiInitialize
                0x8000f594                USPiKeyboardAvailable
                0x8000f5b0                USPiKeyboardRegisterKeyPressedHandler
                0x8000f5c8                USPiKeyboardRegisterShutdownHandler
                0x8000f5e0                USPiKeyboardRegisterKeyStatusHandlerRaw
                0x8000f5f8                USPiMouseAvailable
                0x8000f614                USPiMouseRegisterStatusHandler
                0x8000f62c                USPiMassStorageDeviceAvailable
                0x8000f65c                USPiMassStorageDeviceRead
                0x8000f6d0                USPiMassStorageDeviceWrite
                0x8000f744                USPiMassStorageDeviceGetCapacity
                0x8000f774                USPiEthernetAvailable
                0x8000f7a4                USPiGetMACAddress
                0x8000f7e8                USPiSendFrame
                0x8000f83c                USPiReceiveFrame
                0x8000f890                USPiGamePadAvailable
                0x8000f8c0                USPiGamePadRegisterStatusHandler
                0x8000f900                USPiGamePadGetStatus
                0x8000f944                USPiMIDIAvailable
                0x8000f960                USPiMIDIRegisterPacketHandler
                0x8000f978                USPiDeviceGetInformation
 .text          0x8000fad0      0x120 build/mailbox.o
                0x8000fad0                create_request
                0x8000fb64                mailboxinit
                0x8000fb7c                readmailbox
                0x8000fbb4                writemailbox
 .text          0x8000fbf0       0x94 build/uart_pl011.o
                0x8000fbf0                uartinit_fvp
                0x8000fc24                uartputc_fvp
                0x8000fc68                uartgetc_fvp
 .text          0x8000fc84      0x6b4 build/uspi_usbdevice.o
                0x8000fc84                USBDeviceConfigure
                0x8000fce8                USBDevice
                0x8000fd58                USBDeviceCopy
                0x8000fe4c                _USBDevice
                0x8000fee4                USBDeviceInitialize
                0x800101ec                USBDeviceGetName
                0x800102e0                USBDeviceGetAddress
                0x800102e8                USBDeviceGetSpeed
                0x800102f0                USBDeviceGetHubAddress
                0x800102f8                USBDeviceGetHubPortNumber
                0x80010300                USBDeviceGetEndpoint0
                0x80010308                USBDeviceGetHost
                0x80010310                USBDeviceGetDeviceDescriptor
                0x80010318                USBDeviceGetConfigurationDescriptor
                0x80010320                USBDeviceGetDescriptor
                0x80010328                USBDeviceConfigurationError
                0x80010330                USBDeviceSetAddress
 .text          0x80010338      0x108 build/mmu.o
                0x80010338                mmuinit0
                0x800103dc                mmuinit1
 .text          0x80010440      0x344 build/log.o
                0x80010528                initlog
                0x800105d4                begin_trans
                0x8001062c                commit_trans
                0x80010688                log_write
 .text          0x80010784      0x118 build/uspi_macaddress.o
                0x80010784                MACAddress
                0x80010790                _MACAddress
                0x8001079c                MACAddressIsEqual
                0x800107bc                MACAddressSet
                0x800107dc                MACAddress2
                0x800107e0                MACAddressSetBroadcast
                0x80010804                MACAddressGet
                0x8001080c                MACAddressCopyTo
                0x80010820                MACAddressIsBroadcast
                0x8001084c                MACAddressGetSize
                0x80010854                MACAddressFormat
 .text          0x8001089c      0x3d8 build/uart.o
                0x80010944                led18_on
                0x80010968                led18_off
                0x8001098c                setgpioval
                0x800109f0                setgpiofunc
                0x800109fc                enableirqminiuart
                0x80010a14                disableirqminiuart
                0x80010a2c                uartputc
                0x80010ac0                miniuartintr
                0x80010ba0                uartinit
 .text          0x80010c74      0x264 build/syscall.o
                0x80010c74                fetchint
                0x80010cb0                fetchstr
                0x80010d18                argint
                0x80010d60                argptr
                0x80010dc0                argstr
                0x80010e4c                syscall
 .text          0x80010ed8      0xae4 build/uspi_usbmassdevice.o
                0x80010ed8                USBBulkOnlyMassStorageDevice
                0x80010f14                _USBBulkOnlyMassStorageDevice
                0x80010f68                USBBulkOnlyMassStorageDeviceSeek
                0x80010f78                USBBulkOnlyMassStorageDeviceGetCapacity
                0x80010f80                USBBulkOnlyMassStorageDeviceCommand
                0x80011188                USBBulkOnlyMassStorageDeviceConfigure
                0x800115d4                USBBulkOnlyMassStorageDeviceTryRead
                0x800116c8                USBBulkOnlyMassStorageDeviceTryWrite
                0x800117b8                USBBulkOnlyMassStorageDeviceReset
                0x800118ec                USBBulkOnlyMassStorageDeviceRead
                0x80011954                USBBulkOnlyMassStorageDeviceWrite
 .text          0x800119bc      0x350 build/file.o
                0x800119bc                fileinit
                0x800119ec                filealloc
                0x80011a58                filedup
                0x80011aa0                fileclose
                0x80011b40                filestat
                0x80011b84                fileread
                0x80011c10                filewrite
 .text          0x80011d0c      0x3e4 build/uspi_usbstring.o
                0x80011d0c                USBString
                0x80011d34                USBStringCopy
                0x80011d9c                _USBString
                0x80011ddc                USBStringGetFromDescriptor
                0x80011f84                USBStringGet
                0x80011f8c                USBStringGetLanguageID
 .text          0x800120f0      0x2f8 build/usb.o
                0x8001215c                malloc
                0x80012178                free
                0x8001217c                MsDelay
                0x800121b0                usDelay
                0x800121e0                StartKernelTimer
                0x80012218                CancelKernelTimer
                0x80012230                SetPowerStateOn
                0x800122bc                GetMACAddress
                0x800122c4                LogWrite
                0x80012320                usbinit
 .text          0x800123e8      0x1b0 build/sysproc.o
                0x800123e8                sys_fork
                0x800123ec                sys_exit
                0x800123fc                sys_wait
                0x80012400                sys_kill
                0x80012434                sys_getpid
                0x80012448                sys_sbrk
                0x80012498                sys_sleep
                0x80012568                sys_uptime
 .text          0x80012598      0x2cc build/string.o
                0x80012598                memsetw
                0x800125bc                memsetb
                0x800125dc                memset
                0x80012648                memcmp
                0x80012694                memmove
                0x800126f4                memcpy
                0x800126f8                strncmp
                0x80012764                strncpy
                0x800127bc                safestrcpy
                0x800127f8                strlen
                0x80012828                div
 .text          0x80012864      0x314 build/pipe.o
                0x80012864                pipealloc
                0x80012940                pipeclose
                0x800129a0                pipewrite
                0x80012a74                piperead
 .text          0x80012b78       0xb4 build/uspi_usbrequest.o
                0x80012b78                USBRequest
                0x80012ba8                _USBRequest
                0x80012bc0                USBRequestGetEndpoint
                0x80012bc8                USBRequestSetStatus
                0x80012bd0                USBRequestSetResultLen
                0x80012bd8                USBRequestGetStatus
                0x80012be0                USBRequestGetResultLength
                0x80012be8                USBRequestGetSetupData
                0x80012bf0                USBRequestGetBuffer
                0x80012bf8                USBRequestGetBufLen
                0x80012c00                USBRequestSetCompletionRoutine
                0x80012c10                USBRequestCallCompletionRoutine
 .text          0x80012c2c       0xa8 build/uspi_synchronize.o
                0x80012c2c                uspi_EnterCritical
                0x80012c68                uspi_LeaveCritical
                0x80012ca4                uspi_CleanAndInvalidateDataCacheRange
 .text          0x80012cd4       0x10 build/uspienv_memio.o
                0x80012cd4                read32
                0x80012cdc                write32
 .text          0x80012ce4      0x3fc build/uspi_usbmouse.o
                0x80012d44                USBMouseDeviceConfigure
                0x80013050                USBMouseDevice
                0x8001308c                _CUSBMouseDevice
                0x800130d8                USBMouseDeviceRegisterStatusHandler
 .text          0x800130e0      0xad4 build/uspi_lan7800.o
                0x800130e0                LAN7800Device
                0x80013118                _LAN7800Device
                0x80013184                LAN7800DeviceGetMACAddress
                0x8001318c                LAN7800DeviceSendFrame
                0x800131f0                LAN7800DeviceReceiveFrame
                0x800132cc                LAN7800DeviceWriteReg
                0x80013360                LAN7800DeviceInitMACAddress
                0x80013448                LAN7800DeviceReadReg
                0x800134d0                LAN7800DeviceWaitReg
                0x8001353c                LAN7800DevicePHYWrite
                0x800135c0                LAN7800DevicePHYRead
                0x8001365c                LAN7800DeviceIsLinkUp
                0x80013684                LAN7800DeviceInitPHY
                0x800136c8                LAN7800DeviceReadWriteReg
                0x80013714                LAN7800DeviceConfigure
 .text          0x80013bb4      0x1f4 build/kalloc.o
                0x80013bb4                kfree
                0x80013c48                freerange
                0x80013c84                kinit1
                0x80013cf8                kinit2
                0x80013d44                kalloc
 .text          0x80013da8      0x224 build/uspi_util.o
                0x80013da8                uspi_memset
                0x80013dcc                uspi_memcpy
                0x80013df0                uspi_memcmp
                0x80013e4c                uspi_strlen
                0x80013e74                uspi_strcmp
                0x80013eec                uspi_strcpy
                0x80013f18                uspi_strncpy
                0x80013f64                uspi_strcat
                0x80013fa8                uspi_char2int
                0x80013fb8                uspi_le2be16
                0x80013fc4                uspi_le2be32
 .text          0x80013fcc     0x1a54 build/uspi_dwhcidevice.o
                0x80013fcc                DWHCIDeviceCompletionRoutine
                0x80013fd8                DWHCIDevice
                0x80014018                _DWHCIDevice
                0x80014020                DWHCIDeviceEnableGlobalInterrupts
                0x80014064                DWHCIDeviceEnableCommonInterrupts
                0x8001409c                DWHCIDeviceEnableHostInterrupts
                0x800140f8                DWHCIDeviceEnableChannelInterrupt
                0x8001414c                DWHCIDeviceDisableChannelInterrupt
                0x800141a0                DWHCIDeviceStartChannel
                0x80014518                DWHCIDeviceStartTransaction
                0x800145e8                DWHCIDeviceTimerHandler
                0x80014650                DWHCIDeviceChannelInterruptHandler
                0x80014a7c                DWHCIDeviceInterruptHandler
                0x80014b74                DWHCIDeviceAllocateChannel
                0x80014bec                DWHCIDeviceTransferStageAsync
                0x80014d04                DWHCIDeviceSubmitAsyncRequest
                0x80014d48                DWHCIDeviceTransferStage
                0x80014db8                DWHCIDeviceSubmitBlockingRequest
                0x80014ef4                DWHCIDeviceControlMessage
                0x80014f94                DWHCIDeviceGetDescriptor
                0x80014fd4                DWHCIDeviceSetAddress
                0x8001501c                DWHCIDeviceSetConfiguration
                0x80015064                DWHCIDeviceTransfer
                0x800150bc                DWHCIDeviceFreeChannel
                0x800150e4                DWHCIDeviceWaitForBit
                0x80015140                DWHCIDeviceEnableRootPort
                0x80015200                DWHCIDeviceReset
                0x800152ac                DWHCIDeviceInitCore
                0x80015480                DWHCIDeviceFlushTxFIFO
                0x8001550c                DWHCIDeviceFlushRxFIFO
                0x8001557c                DWHCIDeviceInitHost
                0x80015778                DWHCIDeviceInitialize
                0x80015944                DWHCIDeviceGetPortSpeed
                0x80015990                DWHCIDeviceOvercurrentDetected
                0x800159dc                DWHCIDeviceDisableRootPort
 .text          0x80015a20       0xf4 build/uspi_dwhciregister.o
                0x80015a20                DWHCIRegister
                0x80015a30                DWHCIRegister2
                0x80015a40                _DWHCIRegister
                0x80015a4c                DWHCIRegisterRead
                0x80015a68                DWHCIRegisterWrite
                0x80015a78                DWHCIRegisterGet
                0x80015a80                DWHCIRegisterSet
                0x80015a90                DWHCIRegisterIsSet
                0x80015aa4                DWHCIRegisterAnd
                0x80015ab4                DWHCIRegisterOr
                0x80015ac4                DWHCIRegisterClearBit
                0x80015ad8                DWHCIRegisterSetBit
                0x80015aec                DWHCIRegisterClearAll
                0x80015b00                DWHCIRegisterSetAll
 .text          0x80015b14      0x89c build/proc.o
                0x80015bfc                forkret
                0x80015c30                pinit
                0x80015c60                userinit
                0x80015d10                growproc
                0x80015d74                fork
                0x80015e5c                scheduler
                0x80015f20                sched
                0x80015fb4                exit
                0x80016100                yield
                0x80016138                sleep
                0x800161ec                wait
                0x800162c8                wakeup
                0x80016330                kill
                0x800163ac                procdump
 .text          0x800163b0      0x540 build/uspi_usbkeyboard.o
                0x80016410                USBKeyboardDeviceConfigure
                0x80016824                USBKeyboardDevice
                0x8001687c                _CUSBKeyboardDevice
                0x800168d0                USBKeyboardDeviceRegisterKeyPressedHandler
                0x800168d8                USBKeyboardDeviceRegisterSelectConsoleHandler
                0x800168e0                USBKeyboardDeviceRegisterShutdownHandler
                0x800168e8                USBKeyboardDeviceRegisterKeyStatusHandlerRaw
 .text          0x800168f0      0x120 build/timer.o
                0x800168f0                enabletimer3irq
                0x80016908                timer3init
                0x80016950                timer3intr
                0x800169a4                delay
                0x800169d0                led_on
                0x800169f0                led_off
 .text          0x80016a10      0x128 build/uspi_devicenameservice.o
                0x80016a10                DeviceNameService
                0x80016a28                _DeviceNameService
                0x80016a80                DeviceNameServiceAddDevice
                0x80016ad4                DeviceNameServiceGetDevice
                0x80016b28                DeviceNameServiceGet
 .text          0x80016b38      0xbc4 build/uspi_usbgamepad.o
                0x800170ec                USBGamePadDeviceConfigure
                0x80017570                USBGamePadDevice
                0x80017604                _CUSBGamePadDevice
                0x80017688                USBGamePadDeviceRegisterStatusHandler
                0x80017690                USBGamePadDeviceGetReport
 .text          0x800176fc      0x20c build/uspi_dwhcirootport.o
                0x800176fc                DWHCIRootPort
                0x80017708                _DWHCIRootPort
                0x8001773c                DWHCIRootPortInitialize

.glue_7         0x80017908        0x0 load address 0x00017908
 .glue_7        0x80017908        0x0 linker stubs

.glue_7t        0x80017908        0x0 load address 0x00017908
 .glue_7t       0x80017908        0x0 linker stubs

.vfp11_veneer   0x80017908        0x0 load address 0x00017908
 .vfp11_veneer  0x80017908        0x0 linker stubs

.v4_bx          0x80017908        0x0 load address 0x00017908
 .v4_bx         0x80017908        0x0 linker stubs

.iplt           0x80017908        0x0 load address 0x00017908
 .iplt          0x80017908        0x0 build/entry.o

.rodata         0x80017908     0x1940 load address 0x00017908
 *(.rodata .rodata.*)
 .rodata.str1.4
                0x80017908      0x1aa build/trap.o
 .rodata.str1.4
                0x80017ab2      0x1aa build/uspi_string.o
                                  0x1 (size before relaxing)
 *fill*         0x80017ab2        0x2 
 .rodata.str1.4
                0x80017ab4       0x6b build/sysfile.o
 *fill*         0x80017b1f        0x1 
 .rodata.str1.4
                0x80017b20       0x2b build/bio.o
 *fill*         0x80017b4b        0x1 
 .rodata        0x80017b4c       0x48 build/uspi_usbmidi.o
 .rodata.str1.4
                0x80017b94       0x24 build/uspi_usbmidi.o
 .rodata.str1.4
                0x80017bb8       0x77 build/uspi_usbdevicefactory.o
 *fill*         0x80017c2f        0x1 
 .rodata.str1.4
                0x80017c30       0xb9 build/fs.o
                                 0xc4 (size before relaxing)
 *fill*         0x80017ce9        0x3 
 .rodata        0x80017cec       0x11 build/console.o
 *fill*         0x80017cfd        0x3 
 .rodata.str1.4
                0x80017d00       0x5e build/console.o
                                 0x62 (size before relaxing)
 *fill*         0x80017d5e        0x2 
 .rodata.str1.4
                0x80017d60       0x60 build/spinlock.o
 .rodata.str1.4
                0x80017dc0       0x2f build/uspi_usbconfigparser.o
 *fill*         0x80017def        0x1 
 .rodata.str1.4
                0x80017df0      0x149 build/main.o
                                0x14d (size before relaxing)
 *fill*         0x80017f39        0x3 
 .rodata.str1.4
                0x80017f3c      0x16e build/vm.o
 *fill*         0x800180aa        0x2 
 .rodata.str1.4
                0x800180ac       0x1c build/uspi_dwhciframeschedper.o
 .rodata        0x800180c8        0x7 build/uspi_usbstandardhub.o
 *fill*         0x800180cf        0x1 
 .rodata.str1.4
                0x800180d0      0x1c8 build/uspi_usbstandardhub.o
                                0x1e4 (size before relaxing)
 .rodata        0x80018298        0x9 build/uspi_smsc951x.o
 *fill*         0x800182a1        0x3 
 .rodata.str1.4
                0x800182a4       0x76 build/uspi_smsc951x.o
                                 0x92 (size before relaxing)
 .rodata.str1.4
                0x8001831a       0x1c build/uspi_dwhciframeschednper.o
 *fill*         0x8001831a        0x2 
 .rodata        0x8001831c      0x4cc build/uspi_keymap.o
 .rodata.str1.4
                0x800187e8       0xce build/uspi_keymap.o
                                 0xde (size before relaxing)
 *fill*         0x800188b6        0x2 
 .rodata.str1.4
                0x800188b8       0x67 build/memide.o
 *fill*         0x8001891f        0x1 
 .rodata        0x80018920        0x5 build/uspi_library.o
 *fill*         0x80018925        0x3 
 .rodata.str1.4
                0x80018928       0x8e build/uspi_library.o
 *fill*         0x800189b6        0x2 
 .rodata        0x800189b8        0x7 build/uspi_usbdevice.o
 *fill*         0x800189bf        0x1 
 .rodata.str1.4
                0x800189c0      0x148 build/uspi_usbdevice.o
                                0x150 (size before relaxing)
 .rodata.str1.4
                0x80018b08       0x33 build/log.o
 *fill*         0x80018b3b        0x1 
 .rodata.str1.4
                0x80018b3c       0x1e build/uspi_macaddress.o
 *fill*         0x80018b5a        0x2 
 .rodata        0x80018b5c       0x58 build/syscall.o
 .rodata.str1.4
                0x80018bb4       0x1c build/syscall.o
 .rodata        0x80018bd0        0x5 build/uspi_usbmassdevice.o
 *fill*         0x80018bd5        0x3 
 .rodata.str1.4
                0x80018bd8      0x1c4 build/uspi_usbmassdevice.o
                                0x1e8 (size before relaxing)
 .rodata.str1.4
                0x80018d9c       0x42 build/file.o
 *fill*         0x80018dde        0x2 
 .rodata.str1.4
                0x80018de0      0x122 build/usb.o
 *fill*         0x80018f02        0x2 
 .rodata.str1.4
                0x80018f04        0x5 build/pipe.o
 *fill*         0x80018f09        0x3 
 .rodata        0x80018f0c        0x7 build/uspi_usbmouse.o
 *fill*         0x80018f13        0x1 
 .rodata.str1.4
                0x80018f14       0x25 build/uspi_usbmouse.o
                                 0x59 (size before relaxing)
 *fill*         0x80018f39        0x3 
 .rodata        0x80018f3c        0x8 build/uspi_lan7800.o
 .rodata.str1.4
                0x80018f44       0x9c build/uspi_lan7800.o
                                 0xea (size before relaxing)
 .rodata.str1.4
                0x80018fe0        0x5 build/kalloc.o
                                  0xd (size before relaxing)
 *fill*         0x80018fe5        0x3 
 .rodata        0x80018fe8       0x14 build/uspi_dwhcidevice.o
 .rodata.str1.4
                0x80018ffc       0xcc build/uspi_dwhcidevice.o
 .rodata.str1.4
                0x800190c8       0xa9 build/proc.o
                                 0xad (size before relaxing)
 *fill*         0x80019171        0x3 
 .rodata        0x80019174        0x7 build/uspi_usbkeyboard.o
 *fill*         0x8001917b        0x1 
 .rodata.str1.4
                0x8001917c        0x7 build/uspi_usbkeyboard.o
                                 0x57 (size before relaxing)
 *fill*         0x80019183        0x1 
 .rodata        0x80019184        0xd build/uspi_usbgamepad.o
 *fill*         0x80019191        0x3 
 .rodata.str1.4
                0x80019194       0x21 build/uspi_usbgamepad.o
                                 0x5f (size before relaxing)
 *fill*         0x800191b5        0x3 
 .rodata        0x800191b8        0x7 build/uspi_dwhcirootport.o
 *fill*         0x800191bf        0x1 
 .rodata.str1.4
                0x800191c0       0x88 build/uspi_dwhcirootport.o
                                 0x87 (size before relaxing)

.rel.dyn        0x80019248        0x0 load address 0x00019248
 .rel.iplt      0x80019248        0x0 build/entry.o
                0x8001a000                . = ALIGN (0x1000)

.data           0x8001a000    0x8091c load address 0x0001a000
 *(.data)
 .data          0x8001a000    0x80850 build/entry.o
                0x8001a000                font
                0x8001a800                _binary_initcode_start
                0x8001a850                _binary_fs_img_start
                0x8001a850                _binary_initcode_end
                0x8009a850                _binary_fs_img_end
 .data          0x8009a850        0x0 build/exception.o
 .data          0x8009a850        0x0 build/uspienv_delayloop.o
 .data          0x8009a850        0x0 build/uspi_dwhciframeschednsplit.o
 .data          0x8009a850        0x0 build/exec.o
 .data          0x8009a850        0x0 build/trap.o
 .data          0x8009a850        0x0 build/uspi_string.o
 .data          0x8009a850        0x0 build/sysfile.o
 .data          0x8009a850        0x0 build/uspi_usbendpoint.o
 .data          0x8009a850        0x0 build/bio.o
 .data          0x8009a850        0x4 build/uspi_usbmidi.o
 .data          0x8009a854        0x0 build/uspi_usbdevicefactory.o
 .data          0x8009a854        0x0 build/fs.o
 .data          0x8009a854       0x24 build/console.o
                0x8009a858                framewidth
                0x8009a85c                frameheight
                0x8009a860                cursor_x
                0x8009a864                fontheight
                0x8009a868                cursor_y
                0x8009a86c                fontwidth
                0x8009a874                framedepth
 .data          0x8009a878        0x0 build/spinlock.o
 .data          0x8009a878        0x0 build/uspi_usbconfigparser.o
 .data          0x8009a878        0x4 build/uspienv_timer.o
 .data          0x8009a87c        0x0 build/main.o
 .data          0x8009a87c       0x3c build/vm.o
 .data          0x8009a8b8        0x0 build/uspi_dwhciframeschedper.o
 .data          0x8009a8b8        0x0 build/uspi_usbstandardhub.o
 .data          0x8009a8b8        0x4 build/uspi_smsc951x.o
 .data          0x8009a8bc        0x0 build/uspi_dwhciframeschednper.o
 .data          0x8009a8bc        0x0 build/uspi_dwhcixferstagedata.o
 .data          0x8009a8bc        0x0 build/uspi_keymap.o
 .data          0x8009a8bc        0x0 build/memide.o
 .data          0x8009a8bc        0x4 build/uspi_library.o
 .data          0x8009a8c0        0x0 build/mailbox.o
 .data          0x8009a8c0        0x0 build/uart_pl011.o
 .data          0x8009a8c0        0x1 build/uspi_usbdevice.o
 .data          0x8009a8c1        0x0 build/mmu.o
 .data          0x8009a8c1        0x0 build/log.o
 .data          0x8009a8c1        0x0 build/uspi_macaddress.o
 .data          0x8009a8c1        0x0 build/uart.o
 .data          0x8009a8c1        0x0 build/syscall.o
 *fill*         0x8009a8c1        0x3 
 .data          0x8009a8c4        0x4 build/uspi_usbmassdevice.o
 .data          0x8009a8c8        0x0 build/file.o
 .data          0x8009a8c8        0x0 build/uspi_usbstring.o
 .data          0x8009a8c8        0x0 build/usb.o
 .data          0x8009a8c8        0x0 build/sysproc.o
 .data          0x8009a8c8        0x0 build/string.o
 .data          0x8009a8c8        0x0 build/pipe.o
 .data          0x8009a8c8        0x0 build/uspi_usbrequest.o
 .data          0x8009a8c8        0x4 build/uspi_synchronize.o
 .data          0x8009a8cc        0x0 build/uspienv_memio.o
 .data          0x8009a8cc        0x4 build/uspi_usbmouse.o
 .data          0x8009a8d0        0x4 build/uspi_lan7800.o
 .data          0x8009a8d4        0x0 build/kalloc.o
 .data          0x8009a8d4        0x0 build/uspi_util.o
 .data          0x8009a8d4        0x0 build/uspi_dwhcidevice.o
 .data          0x8009a8d4        0x0 build/uspi_dwhciregister.o
 .data          0x8009a8d4        0xc build/proc.o
                0x8009a8d4                nextpid
                0x8009a8dc                first_sched
 .data          0x8009a8e0        0x4 build/uspi_usbkeyboard.o
 .data          0x8009a8e4        0x0 build/timer.o
 .data          0x8009a8e4        0x4 build/uspi_devicenameservice.o
 .data          0x8009a8e8       0x34 build/uspi_usbgamepad.o
 .data          0x8009a91c        0x0 build/uspi_dwhcirootport.o
 *.c.o(*)

.igot.plt       0x8009a91c        0x0 load address 0x0009a91c
 .igot.plt      0x8009a91c        0x0 build/entry.o

.bss            0x8009a920     0x54d4 load address 0x0009a920
 *(.bss)
 .bss           0x8009a920        0x0 build/entry.o
 .bss           0x8009a920        0x0 build/exception.o
 .bss           0x8009a920        0x0 build/uspienv_delayloop.o
 .bss           0x8009a920        0x0 build/uspi_dwhciframeschednsplit.o
 .bss           0x8009a920        0x0 build/exec.o
 .bss           0x8009a920        0x0 build/trap.o
 .bss           0x8009a920        0x0 build/uspi_string.o
 .bss           0x8009a920        0x0 build/sysfile.o
 .bss           0x8009a920        0x0 build/uspi_usbendpoint.o
 .bss           0x8009a920        0x0 build/bio.o
 .bss           0x8009a920        0x0 build/uspi_usbmidi.o
 .bss           0x8009a920        0x0 build/uspi_usbdevicefactory.o
 .bss           0x8009a920        0x0 build/fs.o
 .bss           0x8009a920       0x60 build/console.o
                0x8009a920                fbinfo
 .bss           0x8009a980        0x0 build/spinlock.o
 .bss           0x8009a980        0x0 build/uspi_usbconfigparser.o
 .bss           0x8009a980        0x0 build/uspienv_timer.o
 .bss           0x8009a980        0x0 build/main.o
 .bss           0x8009a980        0x0 build/vm.o
 .bss           0x8009a980        0x0 build/uspi_dwhciframeschedper.o
 .bss           0x8009a980        0x0 build/uspi_usbstandardhub.o
 .bss           0x8009a980        0x0 build/uspi_smsc951x.o
 .bss           0x8009a980        0x0 build/uspi_dwhciframeschednper.o
 .bss           0x8009a980        0x0 build/uspi_dwhcixferstagedata.o
 .bss           0x8009a980        0x0 build/uspi_keymap.o
 .bss           0x8009a980        0x8 build/memide.o
 .bss           0x8009a988        0x0 build/uspi_library.o
 .bss           0x8009a988        0x0 build/mailbox.o
 .bss           0x8009a988        0x0 build/uart_pl011.o
 .bss           0x8009a988        0x0 build/uspi_usbdevice.o
 .bss           0x8009a988        0x0 build/mmu.o
 .bss           0x8009a988        0x0 build/log.o
 .bss           0x8009a988        0x0 build/uspi_macaddress.o
 .bss           0x8009a988        0xc build/uart.o
 .bss           0x8009a994        0x0 build/syscall.o
 .bss           0x8009a994        0x0 build/uspi_usbmassdevice.o
 .bss           0x8009a994        0x0 build/file.o
 .bss           0x8009a994        0x0 build/uspi_usbstring.o
 .bss           0x8009a994      0x158 build/usb.o
 .bss           0x8009aaec        0x0 build/sysproc.o
 .bss           0x8009aaec        0x0 build/string.o
 .bss           0x8009aaec        0x0 build/pipe.o
 .bss           0x8009aaec        0x0 build/uspi_usbrequest.o
 .bss           0x8009aaec        0x4 build/uspi_synchronize.o
 .bss           0x8009aaf0        0x0 build/uspienv_memio.o
 .bss           0x8009aaf0        0x0 build/uspi_usbmouse.o
 .bss           0x8009aaf0        0x0 build/uspi_lan7800.o
 .bss           0x8009aaf0        0x0 build/kalloc.o
 .bss           0x8009aaf0        0x0 build/uspi_util.o
 .bss           0x8009aaf0        0x0 build/uspi_dwhcidevice.o
 .bss           0x8009aaf0        0x0 build/uspi_dwhciregister.o
 .bss           0x8009aaf0        0x4 build/proc.o
 .bss           0x8009aaf4        0x0 build/uspi_usbkeyboard.o
 .bss           0x8009aaf4        0x0 build/timer.o
 .bss           0x8009aaf4        0x0 build/uspi_devicenameservice.o
 .bss           0x8009aaf4        0x0 build/uspi_usbgamepad.o
 .bss           0x8009aaf4        0x0 build/uspi_dwhcirootport.o
 COMMON         0x8009aaf4       0xe0 build/exec.o
                0x8009aaf4                cpus
 COMMON         0x8009abd4       0x50 build/trap.o
                0x8009abd4                pUSBParam
                0x8009abd8                pUSBTimerParam
                0x8009abdc                nUSBTimerIRQ
                0x8009abe0                tickslock
                0x8009ac14                pUSBTimerHandler
                0x8009ac18                ticks
                0x8009ac1c                pUSBHandler
                0x8009ac20                nUSBIRQ
 COMMON         0x8009ac24     0x173c build/bio.o
                0x8009ac24                bcache
 COMMON         0x8009c360      0xfd4 build/fs.o
                0x8009c360                icache
 COMMON         0x8009d334       0xc0 build/console.o
                0x8009d334                input
 COMMON         0x8009d3f4       0x28 build/main.o
                0x8009d3f4                mb_data
 COMMON         0x8009d41c        0x4 build/vm.o
                0x8009d41c                kpgdir
 COMMON         0x8009d420        0x4 build/mailbox.o
                0x8009d420                mailbuffer
 COMMON         0x8009d424        0x4 build/uart_pl011.o
                0x8009d424                uart_lock
 COMMON         0x8009d428        0x4 build/mmu.o
                0x8009d428                pm_size
 COMMON         0x8009d42c       0x70 build/log.o
                0x8009d42c                log
 COMMON         0x8009d49c        0x4 build/uart.o
                0x8009d49c                uart_disabled
 COMMON         0x8009d4a0      0x9e4 build/file.o
                0x8009d4a0                ftable
                0x8009de34                devsw
 COMMON         0x8009de84       0x3c build/kalloc.o
                0x8009de84                kmem
 COMMON         0x8009dec0     0x1f34 build/proc.o
                0x8009dec0                ptable
                0x8009fdf4                PROVIDE (end, .)

/DISCARD/
 *(.eh_frame .note.GNU-stack)
OUTPUT(build/kernel.elf elf32-littlearm)

.ARM.attributes
                0x00000000       0x3b
 .ARM.attributes
                0x00000000       0x2b build/entry.o
 .ARM.attributes
                0x0000002b       0x2b build/exception.o
 .ARM.attributes
                0x00000056       0x2b build/uspienv_delayloop.o
 .ARM.attributes
                0x00000081       0x3f build/uspi_dwhciframeschednsplit.o
 .ARM.attributes
                0x000000c0       0x3f build/exec.o
 .ARM.attributes
                0x000000ff       0x3f build/trap.o
 .ARM.attributes
                0x0000013e       0x3f build/uspi_string.o
 .ARM.attributes
                0x0000017d       0x3f build/sysfile.o
 .ARM.attributes
                0x000001bc       0x3f build/uspi_usbendpoint.o
 .ARM.attributes
                0x000001fb       0x3f build/bio.o
 .ARM.attributes
                0x0000023a       0x3f build/uspi_usbmidi.o
 .ARM.attributes
                0x00000279       0x3f build/uspi_usbdevicefactory.o
 .ARM.attributes
                0x000002b8       0x3f build/fs.o
 .ARM.attributes
                0x000002f7       0x3f build/console.o
 .ARM.attributes
                0x00000336       0x3f build/spinlock.o
 .ARM.attributes
                0x00000375       0x3f build/uspi_usbconfigparser.o
 .ARM.attributes
                0x000003b4       0x3f build/uspienv_timer.o
 .ARM.attributes
                0x000003f3       0x3f build/main.o
 .ARM.attributes
                0x00000432       0x3f build/vm.o
 .ARM.attributes
                0x00000471       0x3f build/uspi_dwhciframeschedper.o
 .ARM.attributes
                0x000004b0       0x3f build/uspi_usbstandardhub.o
 .ARM.attributes
                0x000004ef       0x3f build/uspi_smsc951x.o
 .ARM.attributes
                0x0000052e       0x3f build/uspi_dwhciframeschednper.o
 .ARM.attributes
                0x0000056d       0x3f build/uspi_dwhcixferstagedata.o
 .ARM.attributes
                0x000005ac       0x3f build/uspi_keymap.o
 .ARM.attributes
                0x000005eb       0x3f build/memide.o
 .ARM.attributes
                0x0000062a       0x3f build/uspi_library.o
 .ARM.attributes
                0x00000669       0x3f build/mailbox.o
 .ARM.attributes
                0x000006a8       0x3f build/uart_pl011.o
 .ARM.attributes
                0x000006e7       0x3f build/uspi_usbdevice.o
 .ARM.attributes
                0x00000726       0x3f build/mmu.o
 .ARM.attributes
                0x00000765       0x3f build/log.o
 .ARM.attributes
                0x000007a4       0x3f build/uspi_macaddress.o
 .ARM.attributes
                0x000007e3       0x3f build/uart.o
 .ARM.attributes
                0x00000822       0x3f build/syscall.o
 .ARM.attributes
                0x00000861       0x3f build/uspi_usbmassdevice.o
 .ARM.attributes
                0x000008a0       0x3f build/file.o
 .ARM.attributes
                0x000008df       0x3f build/uspi_usbstring.o
 .ARM.attributes
                0x0000091e       0x3f build/usb.o
 .ARM.attributes
                0x0000095d       0x3f build/sysproc.o
 .ARM.attributes
                0x0000099c       0x3f build/string.o
 .ARM.attributes
                0x000009db       0x3f build/pipe.o
 .ARM.attributes
                0x00000a1a       0x3f build/uspi_usbrequest.o
 .ARM.attributes
                0x00000a59       0x3f build/uspi_synchronize.o
 .ARM.attributes
                0x00000a98       0x3f build/uspienv_memio.o
 .ARM.attributes
                0x00000ad7       0x3f build/uspi_usbmouse.o
 .ARM.attributes
                0x00000b16       0x3f build/uspi_lan7800.o
 .ARM.attributes
                0x00000b55       0x3f build/kalloc.o
 .ARM.attributes
                0x00000b94       0x3f build/uspi_util.o
 .ARM.attributes
                0x00000bd3       0x3f build/uspi_dwhcidevice.o
 .ARM.attributes
                0x00000c12       0x3f build/uspi_dwhciregister.o
 .ARM.attributes
                0x00000c51       0x3f build/proc.o
 .ARM.attributes
                0x00000c90       0x3f build/uspi_usbkeyboard.o
 .ARM.attributes
                0x00000ccf       0x3f build/timer.o
 .ARM.attributes
                0x00000d0e       0x3f build/uspi_devicenameservice.o
 .ARM.attributes
                0x00000d4d       0x3f build/uspi_usbgamepad.o
 .ARM.attributes
                0x00000d8c       0x3f build/uspi_dwhcirootport.o

.comment        0x00000000       0x34
 .comment       0x00000000       0x34 build/uspi_dwhciframeschednsplit.o
                                 0x35 (size before relaxing)
 .comment       0x00000034       0x35 build/exec.o
 .comment       0x00000034       0x35 build/trap.o
 .comment       0x00000034       0x35 build/uspi_string.o
 .comment       0x00000034       0x35 build/sysfile.o
 .comment       0x00000034       0x35 build/uspi_usbendpoint.o
 .comment       0x00000034       0x35 build/bio.o
 .comment       0x00000034       0x35 build/uspi_usbmidi.o
 .comment       0x00000034       0x35 build/uspi_usbdevicefactory.o
 .comment       0x00000034       0x35 build/fs.o
 .comment       0x00000034       0x35 build/console.o
 .comment       0x00000034       0x35 build/spinlock.o
 .comment       0x00000034       0x35 build/uspi_usbconfigparser.o
 .comment       0x00000034       0x35 build/uspienv_timer.o
 .comment       0x00000034       0x35 build/main.o
 .comment       0x00000034       0x35 build/vm.o
 .comment       0x00000034       0x35 build/uspi_dwhciframeschedper.o
 .comment       0x00000034       0x35 build/uspi_usbstandardhub.o
 .comment       0x00000034       0x35 build/uspi_smsc951x.o
 .comment       0x00000034       0x35 build/uspi_dwhciframeschednper.o
 .comment       0x00000034       0x35 build/uspi_dwhcixferstagedata.o
 .comment       0x00000034       0x35 build/uspi_keymap.o
 .comment       0x00000034       0x35 build/memide.o
 .comment       0x00000034       0x35 build/uspi_library.o
 .comment       0x00000034       0x35 build/mailbox.o
 .comment       0x00000034       0x35 build/uart_pl011.o
 .comment       0x00000034       0x35 build/uspi_usbdevice.o
 .comment       0x00000034       0x35 build/mmu.o
 .comment       0x00000034       0x35 build/log.o
 .comment       0x00000034       0x35 build/uspi_macaddress.o
 .comment       0x00000034       0x35 build/uart.o
 .comment       0x00000034       0x35 build/syscall.o
 .comment       0x00000034       0x35 build/uspi_usbmassdevice.o
 .comment       0x00000034       0x35 build/file.o
 .comment       0x00000034       0x35 build/uspi_usbstring.o
 .comment       0x00000034       0x35 build/usb.o
 .comment       0x00000034       0x35 build/sysproc.o
 .comment       0x00000034       0x35 build/string.o
 .comment       0x00000034       0x35 build/pipe.o
 .comment       0x00000034       0x35 build/uspi_usbrequest.o
 .comment       0x00000034       0x35 build/uspi_synchronize.o
 .comment       0x00000034       0x35 build/uspienv_memio.o
 .comment       0x00000034       0x35 build/uspi_usbmouse.o
 .comment       0x00000034       0x35 build/uspi_lan7800.o
 .comment       0x00000034       0x35 build/kalloc.o
 .comment       0x00000034       0x35 build/uspi_util.o
 .comment       0x00000034       0x35 build/uspi_dwhcidevice.o
 .comment       0x00000034       0x35 build/uspi_dwhciregister.o
 .comment       0x00000034       0x35 build/proc.o
 .comment       0x00000034       0x35 build/uspi_usbkeyboard.o
 .comment       0x00000034       0x35 build/timer.o
 .comment       0x00000034       0x35 build/uspi_devicenameservice.o
 .comment       0x00000034       0x35 build/uspi_usbgamepad.o
 .comment       0x00000034       0x35 build/uspi_dwhcirootport.o

.debug_line     0x00000000     0x5bcf
 .debug_line    0x00000000       0xfb build/entry.o
 .debug_line    0x000000fb       0xdd build/exception.o
 .debug_line    0x000001d8       0x4c build/uspienv_delayloop.o
 .debug_line    0x00000224       0xe0 build/uspi_dwhciframeschednsplit.o
 .debug_line    0x00000304       0xf3 build/exec.o
 .debug_line    0x000003f7      0x1c3 build/trap.o
 .debug_line    0x000005ba      0x2b8 build/uspi_string.o
 .debug_line    0x00000872      0x274 build/sysfile.o
 .debug_line    0x00000ae6      0x12c build/uspi_usbendpoint.o
 .debug_line    0x00000c12      0x103 build/bio.o
 .debug_line    0x00000d15      0x1da build/uspi_usbmidi.o
 .debug_line    0x00000eef      0x23a build/uspi_usbdevicefactory.o
 .debug_line    0x00001129      0x3e6 build/fs.o
 .debug_line    0x0000150f      0x354 build/console.o
 .debug_line    0x00001863       0xbb build/spinlock.o
 .debug_line    0x0000191e      0x102 build/uspi_usbconfigparser.o
 .debug_line    0x00001a20      0x184 build/uspienv_timer.o
 .debug_line    0x00001ba4      0x148 build/main.o
 .debug_line    0x00001cec      0x22e build/vm.o
 .debug_line    0x00001f1a      0x140 build/uspi_dwhciframeschedper.o
 .debug_line    0x0000205a      0x340 build/uspi_usbstandardhub.o
 .debug_line    0x0000239a      0x253 build/uspi_smsc951x.o
 .debug_line    0x000025ed      0x109 build/uspi_dwhciframeschednper.o
 .debug_line    0x000026f6      0x282 build/uspi_dwhcixferstagedata.o
 .debug_line    0x00002978       0xfd build/uspi_keymap.o
 .debug_line    0x00002a75       0xa4 build/memide.o
 .debug_line    0x00002b19      0x315 build/uspi_library.o
 .debug_line    0x00002e2e       0xfc build/mailbox.o
 .debug_line    0x00002f2a       0x88 build/uart_pl011.o
 .debug_line    0x00002fb2      0x26d build/uspi_usbdevice.o
 .debug_line    0x0000321f       0xea build/mmu.o
 .debug_line    0x00003309      0x134 build/log.o
 .debug_line    0x0000343d       0xaa build/uspi_macaddress.o
 .debug_line    0x000034e7      0x1cf build/uart.o
 .debug_line    0x000036b6       0xf1 build/syscall.o
 .debug_line    0x000037a7      0x378 build/uspi_usbmassdevice.o
 .debug_line    0x00003b1f      0x10a build/file.o
 .debug_line    0x00003c29      0x1e8 build/uspi_usbstring.o
 .debug_line    0x00003e11      0x148 build/usb.o
 .debug_line    0x00003f59       0xaa build/sysproc.o
 .debug_line    0x00004003       0xfa build/string.o
 .debug_line    0x000040fd      0x12d build/pipe.o
 .debug_line    0x0000422a       0xf1 build/uspi_usbrequest.o
 .debug_line    0x0000431b       0x73 build/uspi_synchronize.o
 .debug_line    0x0000438e       0x62 build/uspienv_memio.o
 .debug_line    0x000043f0      0x1eb build/uspi_usbmouse.o
 .debug_line    0x000045db      0x2e6 build/uspi_lan7800.o
 .debug_line    0x000048c1       0xff build/kalloc.o
 .debug_line    0x000049c0       0xb9 build/uspi_util.o
 .debug_line    0x00004a79      0x515 build/uspi_dwhcidevice.o
 .debug_line    0x00004f8e       0x9e build/uspi_dwhciregister.o
 .debug_line    0x0000502c      0x241 build/proc.o
 .debug_line    0x0000526d      0x231 build/uspi_usbkeyboard.o
 .debug_line    0x0000549e       0xee build/timer.o
 .debug_line    0x0000558c       0xd6 build/uspi_devicenameservice.o
 .debug_line    0x00005662      0x3b8 build/uspi_usbgamepad.o
 .debug_line    0x00005a1a      0x1b5 build/uspi_dwhcirootport.o

.debug_info     0x00000000    0x2b0ed
 .debug_info    0x00000000       0x52 build/entry.o
 .debug_info    0x00000052       0x5a build/exception.o
 .debug_info    0x000000ac       0x62 build/uspienv_delayloop.o
 .debug_info    0x0000010e      0x368 build/uspi_dwhciframeschednsplit.o
 .debug_info    0x00000476      0x889 build/exec.o
 .debug_info    0x00000cff      0xb6f build/trap.o
 .debug_info    0x0000186e     0x11d6 build/uspi_string.o
 .debug_info    0x00002a44     0x1559 build/sysfile.o
 .debug_info    0x00003f9d      0xa01 build/uspi_usbendpoint.o
 .debug_info    0x0000499e      0x45f build/bio.o
 .debug_info    0x00004dfd     0x1129 build/uspi_usbmidi.o
 .debug_info    0x00005f26     0x16b7 build/uspi_usbdevicefactory.o
 .debug_info    0x000075dd     0x1a2f build/fs.o
 .debug_info    0x0000900c     0x134e build/console.o
 .debug_info    0x0000a35a      0x6b0 build/spinlock.o
 .debug_info    0x0000aa0a      0x576 build/uspi_usbconfigparser.o
 .debug_info    0x0000af80      0x7d4 build/uspienv_timer.o
 .debug_info    0x0000b754      0xb0f build/main.o
 .debug_info    0x0000c263     0x118f build/vm.o
 .debug_info    0x0000d3f2      0x4cb build/uspi_dwhciframeschedper.o
 .debug_info    0x0000d8bd     0x1974 build/uspi_usbstandardhub.o
 .debug_info    0x0000f231     0x14f9 build/uspi_smsc951x.o
 .debug_info    0x0001072a      0x3ab build/uspi_dwhciframeschednper.o
 .debug_info    0x00010ad5     0x13b5 build/uspi_dwhcixferstagedata.o
 .debug_info    0x00011e8a      0x57d build/uspi_keymap.o
 .debug_info    0x00012407      0x5d0 build/memide.o
 .debug_info    0x000129d7     0x1d30 build/uspi_library.o
 .debug_info    0x00014707      0x839 build/mailbox.o
 .debug_info    0x00014f40       0xc7 build/uart_pl011.o
 .debug_info    0x00015007     0x1521 build/uspi_usbdevice.o
 .debug_info    0x00016528      0x17f build/mmu.o
 .debug_info    0x000166a7      0x67f build/log.o
 .debug_info    0x00016d26      0x403 build/uspi_macaddress.o
 .debug_info    0x00017129      0xb9c build/uart.o
 .debug_info    0x00017cc5      0x6dd build/syscall.o
 .debug_info    0x000183a2     0x1f64 build/uspi_usbmassdevice.o
 .debug_info    0x0001a306      0x742 build/file.o
 .debug_info    0x0001aa48      0xf41 build/uspi_usbstring.o
 .debug_info    0x0001b989      0x868 build/usb.o
 .debug_info    0x0001c1f1      0x625 build/sysproc.o
 .debug_info    0x0001c816      0x4cb build/string.o
 .debug_info    0x0001cce1      0x829 build/pipe.o
 .debug_info    0x0001d50a      0xa63 build/uspi_usbrequest.o
 .debug_info    0x0001df6d      0x10d build/uspi_synchronize.o
 .debug_info    0x0001e07a       0xc5 build/uspienv_memio.o
 .debug_info    0x0001e13f     0x11a4 build/uspi_usbmouse.o
 .debug_info    0x0001f2e3     0x1db2 build/uspi_lan7800.o
 .debug_info    0x00021095      0x3d8 build/kalloc.o
 .debug_info    0x0002146d      0x391 build/uspi_util.o
 .debug_info    0x000217fe     0x3fd4 build/uspi_dwhcidevice.o
 .debug_info    0x000257d2      0x332 build/uspi_dwhciregister.o
 .debug_info    0x00025b04      0xdec build/proc.o
 .debug_info    0x000268f0     0x174f build/uspi_usbkeyboard.o
 .debug_info    0x0002803f      0x74a build/timer.o
 .debug_info    0x00028789      0x2d2 build/uspi_devicenameservice.o
 .debug_info    0x00028a5b     0x18c9 build/uspi_usbgamepad.o
 .debug_info    0x0002a324      0xdc9 build/uspi_dwhcirootport.o

.debug_abbrev   0x00000000     0x7137
 .debug_abbrev  0x00000000       0x12 build/entry.o
 .debug_abbrev  0x00000012       0x14 build/exception.o
 .debug_abbrev  0x00000026       0x14 build/uspienv_delayloop.o
 .debug_abbrev  0x0000003a      0x179 build/uspi_dwhciframeschednsplit.o
 .debug_abbrev  0x000001b3      0x193 build/exec.o
 .debug_abbrev  0x00000346      0x21a build/trap.o
 .debug_abbrev  0x00000560      0x2c6 build/uspi_string.o
 .debug_abbrev  0x00000826      0x2af build/sysfile.o
 .debug_abbrev  0x00000ad5      0x186 build/uspi_usbendpoint.o
 .debug_abbrev  0x00000c5b      0x1fe build/bio.o
 .debug_abbrev  0x00000e59      0x22a build/uspi_usbmidi.o
 .debug_abbrev  0x00001083      0x1a0 build/uspi_usbdevicefactory.o
 .debug_abbrev  0x00001223      0x44b build/fs.o
 .debug_abbrev  0x0000166e      0x3e3 build/console.o
 .debug_abbrev  0x00001a51      0x21b build/spinlock.o
 .debug_abbrev  0x00001c6c      0x143 build/uspi_usbconfigparser.o
 .debug_abbrev  0x00001daf      0x2c9 build/uspienv_timer.o
 .debug_abbrev  0x00002078      0x203 build/main.o
 .debug_abbrev  0x0000227b      0x393 build/vm.o
 .debug_abbrev  0x0000260e      0x1d9 build/uspi_dwhciframeschedper.o
 .debug_abbrev  0x000027e7      0x211 build/uspi_usbstandardhub.o
 .debug_abbrev  0x000029f8      0x201 build/uspi_smsc951x.o
 .debug_abbrev  0x00002bf9      0x1b2 build/uspi_dwhciframeschednper.o
 .debug_abbrev  0x00002dab      0x292 build/uspi_dwhcixferstagedata.o
 .debug_abbrev  0x0000303d      0x19f build/uspi_keymap.o
 .debug_abbrev  0x000031dc      0x1ae build/memide.o
 .debug_abbrev  0x0000338a      0x2ba build/uspi_library.o
 .debug_abbrev  0x00003644      0x278 build/mailbox.o
 .debug_abbrev  0x000038bc       0xae build/uart_pl011.o
 .debug_abbrev  0x0000396a      0x2ad build/uspi_usbdevice.o
 .debug_abbrev  0x00003c17       0xd0 build/mmu.o
 .debug_abbrev  0x00003ce7      0x1e9 build/log.o
 .debug_abbrev  0x00003ed0      0x17f build/uspi_macaddress.o
 .debug_abbrev  0x0000404f      0x275 build/uart.o
 .debug_abbrev  0x000042c4      0x244 build/syscall.o
 .debug_abbrev  0x00004508      0x2c9 build/uspi_usbmassdevice.o
 .debug_abbrev  0x000047d1      0x1e8 build/file.o
 .debug_abbrev  0x000049b9      0x1d9 build/uspi_usbstring.o
 .debug_abbrev  0x00004b92      0x2d4 build/usb.o
 .debug_abbrev  0x00004e66      0x187 build/sysproc.o
 .debug_abbrev  0x00004fed      0x1a1 build/string.o
 .debug_abbrev  0x0000518e      0x1fa build/pipe.o
 .debug_abbrev  0x00005388      0x170 build/uspi_usbrequest.o
 .debug_abbrev  0x000054f8       0xc2 build/uspi_synchronize.o
 .debug_abbrev  0x000055ba       0x89 build/uspienv_memio.o
 .debug_abbrev  0x00005643      0x21a build/uspi_usbmouse.o
 .debug_abbrev  0x0000585d      0x275 build/uspi_lan7800.o
 .debug_abbrev  0x00005ad2      0x24b build/kalloc.o
 .debug_abbrev  0x00005d1d       0xe1 build/uspi_util.o
 .debug_abbrev  0x00005dfe      0x35d build/uspi_dwhcidevice.o
 .debug_abbrev  0x0000615b       0xd7 build/uspi_dwhciregister.o
 .debug_abbrev  0x00006232      0x342 build/proc.o
 .debug_abbrev  0x00006574      0x311 build/uspi_usbkeyboard.o
 .debug_abbrev  0x00006885      0x24d build/timer.o
 .debug_abbrev  0x00006ad2      0x13f build/uspi_devicenameservice.o
 .debug_abbrev  0x00006c11      0x381 build/uspi_usbgamepad.o
 .debug_abbrev  0x00006f92      0x1a5 build/uspi_dwhcirootport.o

.debug_aranges  0x00000000      0x728
 .debug_aranges
                0x00000000       0x28 build/entry.o
 .debug_aranges
                0x00000028       0x20 build/exception.o
 .debug_aranges
                0x00000048       0x20 build/uspienv_delayloop.o
 .debug_aranges
                0x00000068       0x20 build/uspi_dwhciframeschednsplit.o
 .debug_aranges
                0x00000088       0x20 build/exec.o
 .debug_aranges
                0x000000a8       0x20 build/trap.o
 .debug_aranges
                0x000000c8       0x20 build/uspi_string.o
 .debug_aranges
                0x000000e8       0x20 build/sysfile.o
 .debug_aranges
                0x00000108       0x20 build/uspi_usbendpoint.o
 .debug_aranges
                0x00000128       0x20 build/bio.o
 .debug_aranges
                0x00000148       0x20 build/uspi_usbmidi.o
 .debug_aranges
                0x00000168       0x20 build/uspi_usbdevicefactory.o
 .debug_aranges
                0x00000188       0x20 build/fs.o
 .debug_aranges
                0x000001a8       0x20 build/console.o
 .debug_aranges
                0x000001c8       0x20 build/spinlock.o
 .debug_aranges
                0x000001e8       0x20 build/uspi_usbconfigparser.o
 .debug_aranges
                0x00000208       0x20 build/uspienv_timer.o
 .debug_aranges
                0x00000228       0x20 build/main.o
 .debug_aranges
                0x00000248       0x20 build/vm.o
 .debug_aranges
                0x00000268       0x20 build/uspi_dwhciframeschedper.o
 .debug_aranges
                0x00000288       0x20 build/uspi_usbstandardhub.o
 .debug_aranges
                0x000002a8       0x20 build/uspi_smsc951x.o
 .debug_aranges
                0x000002c8       0x20 build/uspi_dwhciframeschednper.o
 .debug_aranges
                0x000002e8       0x20 build/uspi_dwhcixferstagedata.o
 .debug_aranges
                0x00000308       0x20 build/uspi_keymap.o
 .debug_aranges
                0x00000328       0x20 build/memide.o
 .debug_aranges
                0x00000348       0x20 build/uspi_library.o
 .debug_aranges
                0x00000368       0x20 build/mailbox.o
 .debug_aranges
                0x00000388       0x20 build/uart_pl011.o
 .debug_aranges
                0x000003a8       0x20 build/uspi_usbdevice.o
 .debug_aranges
                0x000003c8       0x20 build/mmu.o
 .debug_aranges
                0x000003e8       0x20 build/log.o
 .debug_aranges
                0x00000408       0x20 build/uspi_macaddress.o
 .debug_aranges
                0x00000428       0x20 build/uart.o
 .debug_aranges
                0x00000448       0x20 build/syscall.o
 .debug_aranges
                0x00000468       0x20 build/uspi_usbmassdevice.o
 .debug_aranges
                0x00000488       0x20 build/file.o
 .debug_aranges
                0x000004a8       0x20 build/uspi_usbstring.o
 .debug_aranges
                0x000004c8       0x20 build/usb.o
 .debug_aranges
                0x000004e8       0x20 build/sysproc.o
 .debug_aranges
                0x00000508       0x20 build/string.o
 .debug_aranges
                0x00000528       0x20 build/pipe.o
 .debug_aranges
                0x00000548       0x20 build/uspi_usbrequest.o
 .debug_aranges
                0x00000568       0x20 build/uspi_synchronize.o
 .debug_aranges
                0x00000588       0x20 build/uspienv_memio.o
 .debug_aranges
                0x000005a8       0x20 build/uspi_usbmouse.o
 .debug_aranges
                0x000005c8       0x20 build/uspi_lan7800.o
 .debug_aranges
                0x000005e8       0x20 build/kalloc.o
 .debug_aranges
                0x00000608       0x20 build/uspi_util.o
 .debug_aranges
                0x00000628       0x20 build/uspi_dwhcidevice.o
 .debug_aranges
                0x00000648       0x20 build/uspi_dwhciregister.o
 .debug_aranges
                0x00000668       0x20 build/proc.o
 .debug_aranges
                0x00000688       0x20 build/uspi_usbkeyboard.o
 .debug_aranges
                0x000006a8       0x20 build/timer.o
 .debug_aranges
                0x000006c8       0x20 build/uspi_devicenameservice.o
 .debug_aranges
                0x000006e8       0x20 build/uspi_usbgamepad.o
 .debug_aranges
                0x00000708       0x20 build/uspi_dwhcirootport.o

.debug_ranges   0x00000000      0xcf8
 .debug_ranges  0x00000000       0x20 build/entry.o
 .debug_ranges  0x00000020      0x1e0 build/uspi_string.o
 .debug_ranges  0x00000200       0x90 build/sysfile.o
 .debug_ranges  0x00000290       0x20 build/uspi_usbendpoint.o
 .debug_ranges  0x000002b0       0x20 build/bio.o
 .debug_ranges  0x000002d0       0x38 build/uspi_usbmidi.o
 .debug_ranges  0x00000308       0xb8 build/fs.o
 .debug_ranges  0x000003c0       0xa8 build/console.o
 .debug_ranges  0x00000468       0x40 build/uspi_usbconfigparser.o
 .debug_ranges  0x000004a8       0x68 build/uspienv_timer.o
 .debug_ranges  0x00000510       0x18 build/main.o
 .debug_ranges  0x00000528       0x50 build/vm.o
 .debug_ranges  0x00000578       0x18 build/uspi_dwhciframeschedper.o
 .debug_ranges  0x00000590      0x140 build/uspi_usbstandardhub.o
 .debug_ranges  0x000006d0       0x18 build/uspi_keymap.o
 .debug_ranges  0x000006e8       0x70 build/uspi_library.o
 .debug_ranges  0x00000758       0x40 build/mailbox.o
 .debug_ranges  0x00000798       0x30 build/uspi_usbdevice.o
 .debug_ranges  0x000007c8       0x48 build/log.o
 .debug_ranges  0x00000810       0x18 build/uspi_macaddress.o
 .debug_ranges  0x00000828       0x80 build/uart.o
 .debug_ranges  0x000008a8       0x98 build/syscall.o
 .debug_ranges  0x00000940       0x70 build/uspi_usbmassdevice.o
 .debug_ranges  0x000009b0       0x40 build/file.o
 .debug_ranges  0x000009f0       0x60 build/uspi_usbstring.o
 .debug_ranges  0x00000a50       0x30 build/usb.o
 .debug_ranges  0x00000a80       0x20 build/string.o
 .debug_ranges  0x00000aa0       0x18 build/uspi_lan7800.o
 .debug_ranges  0x00000ab8       0x50 build/kalloc.o
 .debug_ranges  0x00000b08       0x70 build/uspi_dwhcidevice.o
 .debug_ranges  0x00000b78       0x30 build/proc.o
 .debug_ranges  0x00000ba8       0x98 build/timer.o
 .debug_ranges  0x00000c40       0x18 build/uspi_devicenameservice.o
 .debug_ranges  0x00000c58       0xa0 build/uspi_usbgamepad.o

.debug_loc      0x00000000     0xe5e8
 .debug_loc     0x00000000       0x9f build/uspi_dwhciframeschednsplit.o
 .debug_loc     0x0000009f      0x2a3 build/exec.o
 .debug_loc     0x00000342      0x2bd build/trap.o
 .debug_loc     0x000005ff     0x1253 build/uspi_string.o
 .debug_loc     0x00001852      0x472 build/sysfile.o
 .debug_loc     0x00001cc4      0x230 build/uspi_usbendpoint.o
 .debug_loc     0x00001ef4      0x149 build/bio.o
 .debug_loc     0x0000203d      0x305 build/uspi_usbmidi.o
 .debug_loc     0x00002342      0x241 build/uspi_usbdevicefactory.o
 .debug_loc     0x00002583     0x1059 build/fs.o
 .debug_loc     0x000035dc      0x89b build/console.o
 .debug_loc     0x00003e77       0xcb build/spinlock.o
 .debug_loc     0x00003f42      0x309 build/uspi_usbconfigparser.o
 .debug_loc     0x0000424b      0x590 build/uspienv_timer.o
 .debug_loc     0x000047db      0x145 build/main.o
 .debug_loc     0x00004920      0xdff build/vm.o
 .debug_loc     0x0000571f      0x2e5 build/uspi_dwhciframeschedper.o
 .debug_loc     0x00005a04      0x555 build/uspi_usbstandardhub.o
 .debug_loc     0x00005f59      0x38f build/uspi_smsc951x.o
 .debug_loc     0x000062e8      0x1ff build/uspi_dwhciframeschednper.o
 .debug_loc     0x000064e7      0x6ac build/uspi_dwhcixferstagedata.o
 .debug_loc     0x00006b93      0x4b7 build/uspi_keymap.o
 .debug_loc     0x0000704a       0x9b build/memide.o
 .debug_loc     0x000070e5      0x691 build/uspi_library.o
 .debug_loc     0x00007776      0x2a1 build/mailbox.o
 .debug_loc     0x00007a17      0x45b build/uspi_usbdevice.o
 .debug_loc     0x00007e72      0x164 build/mmu.o
 .debug_loc     0x00007fd6      0x1e4 build/log.o
 .debug_loc     0x000081ba      0x213 build/uspi_macaddress.o
 .debug_loc     0x000083cd      0x7b2 build/uart.o
 .debug_loc     0x00008b7f      0x3a3 build/syscall.o
 .debug_loc     0x00008f22      0x84c build/uspi_usbmassdevice.o
 .debug_loc     0x0000976e      0x4e1 build/file.o
 .debug_loc     0x00009c4f      0x2b3 build/uspi_usbstring.o
 .debug_loc     0x00009f02      0x307 build/usb.o
 .debug_loc     0x0000a209       0x31 build/sysproc.o
 .debug_loc     0x0000a23a      0x903 build/string.o
 .debug_loc     0x0000ab3d      0x279 build/pipe.o
 .debug_loc     0x0000adb6      0x106 build/uspi_usbrequest.o
 .debug_loc     0x0000aebc       0x77 build/uspi_synchronize.o
 .debug_loc     0x0000af33       0x21 build/uspienv_memio.o
 .debug_loc     0x0000af54      0x222 build/uspi_usbmouse.o
 .debug_loc     0x0000b176      0x6c1 build/uspi_lan7800.o
 .debug_loc     0x0000b837      0x27b build/kalloc.o
 .debug_loc     0x0000bab2      0x4ce build/uspi_util.o
 .debug_loc     0x0000bf80      0xe79 build/uspi_dwhcidevice.o
 .debug_loc     0x0000cdf9       0xe4 build/uspi_dwhciregister.o
 .debug_loc     0x0000cedd      0x46f build/proc.o
 .debug_loc     0x0000d34c      0x25b build/uspi_usbkeyboard.o
 .debug_loc     0x0000d5a7      0x16a build/timer.o
 .debug_loc     0x0000d711      0x12d build/uspi_devicenameservice.o
 .debug_loc     0x0000d83e      0xce8 build/uspi_usbgamepad.o
 .debug_loc     0x0000e526       0xc2 build/uspi_dwhcirootport.o

.debug_str      0x00000000     0x4f94
 .debug_str     0x00000000      0x2e3 build/uspi_dwhciframeschednsplit.o
                                0x3a4 (size before relaxing)
 .debug_str     0x000002e3      0x1de build/exec.o
                                0x344 (size before relaxing)
 .debug_str     0x000004c1      0x1df build/trap.o
                                0x40c (size before relaxing)
 .debug_str     0x000006a0      0x1d3 build/uspi_string.o
                                0x362 (size before relaxing)
 .debug_str     0x00000873      0x1d8 build/sysfile.o
                                0x440 (size before relaxing)
 .debug_str     0x00000a4b      0x67a build/uspi_usbendpoint.o
                                0x86f (size before relaxing)
 .debug_str     0x000010c5       0x6a build/bio.o
                                0x1e7 (size before relaxing)
 .debug_str     0x0000112f      0x4d7 build/uspi_usbmidi.o
                                0xcc6 (size before relaxing)
 .debug_str     0x00001606      0x483 build/uspi_usbdevicefactory.o
                                0xf51 (size before relaxing)
 .debug_str     0x00001a89       0x9c build/fs.o
                                0x408 (size before relaxing)
 .debug_str     0x00001b25      0x1ae build/console.o
                                0x4b8 (size before relaxing)
 .debug_str     0x00001cd3       0x32 build/spinlock.o
                                0x27b (size before relaxing)
 .debug_str     0x00001d05       0xf0 build/uspi_usbconfigparser.o
                                0x526 (size before relaxing)
 .debug_str     0x00001df5      0x243 build/uspienv_timer.o
                                0x3cd (size before relaxing)
 .debug_str     0x00002038      0x131 build/main.o
                                0x3d1 (size before relaxing)
 .debug_str     0x00002169       0xcf build/vm.o
                                0x3a3 (size before relaxing)
 .debug_str     0x00002238      0x197 build/uspi_dwhciframeschedper.o
                                0x449 (size before relaxing)
 .debug_str     0x000023cf      0x18f build/uspi_usbstandardhub.o
                                0xdd1 (size before relaxing)
 .debug_str     0x0000255e      0x1b5 build/uspi_smsc951x.o
                                0xd97 (size before relaxing)
 .debug_str     0x00002713      0x13d build/uspi_dwhciframeschednper.o
                                0x3ed (size before relaxing)
 .debug_str     0x00002850      0x58c build/uspi_dwhcixferstagedata.o
                               0x10ad (size before relaxing)
 .debug_str     0x00002ddc      0x405 build/uspi_keymap.o
                                0x5c0 (size before relaxing)
 .debug_str     0x000031e1       0x51 build/memide.o
                                0x29f (size before relaxing)
 .debug_str     0x00003232      0x53e build/uspi_library.o
                               0x1650 (size before relaxing)
 .debug_str     0x00003770       0x5c build/mailbox.o
                                0x334 (size before relaxing)
 .debug_str     0x000037cc       0x45 build/uart_pl011.o
                                0x178 (size before relaxing)
 .debug_str     0x00003811      0x127 build/uspi_usbdevice.o
                                0xdc1 (size before relaxing)
 .debug_str     0x00003938       0x1a build/mmu.o
                                0x17d (size before relaxing)
 .debug_str     0x00003952       0x67 build/log.o
                                0x286 (size before relaxing)
 .debug_str     0x000039b9       0xaf build/uspi_macaddress.o
                                0x2ae (size before relaxing)
 .debug_str     0x00003a68       0x7a build/uart.o
                                0x288 (size before relaxing)
 .debug_str     0x00003ae2       0x1a build/syscall.o
                                0x26d (size before relaxing)
 .debug_str     0x00003afc      0x4f0 build/uspi_usbmassdevice.o
                               0x1244 (size before relaxing)
 .debug_str     0x00003fec       0x32 build/file.o
                                0x2ae (size before relaxing)
 .debug_str     0x0000401e       0x43 build/uspi_usbstring.o
                                0xaf1 (size before relaxing)
 .debug_str     0x00004061       0x82 build/usb.o
                                0x474 (size before relaxing)
 .debug_str     0x000040e3       0x75 build/sysproc.o
                                0x2b4 (size before relaxing)
 .debug_str     0x00004158       0x20 build/string.o
                                0x17e (size before relaxing)
 .debug_str     0x00004178       0x2e build/pipe.o
                                0x324 (size before relaxing)
 .debug_str     0x000041a6       0x6d build/uspi_usbrequest.o
                                0x90e (size before relaxing)
 .debug_str     0x00004213       0x67 build/uspi_synchronize.o
                                0x1dc (size before relaxing)
 .debug_str     0x0000427a       0x17 build/uspienv_memio.o
                                0x16c (size before relaxing)
 .debug_str     0x00004291       0x94 build/uspi_usbmouse.o
                                0xcf9 (size before relaxing)
 .debug_str     0x00004325      0x16e build/uspi_lan7800.o
                                0xe72 (size before relaxing)
 .debug_str     0x00004493       0x3d build/kalloc.o
                                0x1cd (size before relaxing)
 .debug_str     0x000044d0       0x61 build/uspi_util.o
                                0x257 (size before relaxing)
 .debug_str     0x00004531      0x5be build/uspi_dwhcidevice.o
                               0x17dd (size before relaxing)
 .debug_str     0x00004aef       0x61 build/uspi_dwhciregister.o
                                0x2a3 (size before relaxing)
 .debug_str     0x00004b50       0xa9 build/proc.o
                                0x3d4 (size before relaxing)
 .debug_str     0x00004bf9      0x152 build/uspi_usbkeyboard.o
                               0x12c6 (size before relaxing)
 .debug_str     0x00004d4b       0x3c build/timer.o
                                0x2e9 (size before relaxing)
 .debug_str     0x00004d87       0x20 build/uspi_devicenameservice.o
                                0x25a (size before relaxing)
 .debug_str     0x00004da7      0x1c3 build/uspi_usbgamepad.o
                                0xf49 (size before relaxing)
 .debug_str     0x00004f6a       0x2a build/uspi_dwhcirootport.o
                                0xad8 (size before relaxing)

.debug_frame    0x00000000     0x3aa0
 .debug_frame   0x00000000       0x9c build/uspi_dwhciframeschednsplit.o
 .debug_frame   0x0000009c       0x40 build/exec.o
 .debug_frame   0x000000dc      0x13c build/trap.o
 .debug_frame   0x00000218      0x1b8 build/uspi_string.o
 .debug_frame   0x000003d0      0x248 build/sysfile.o
 .debug_frame   0x00000618      0x104 build/uspi_usbendpoint.o
 .debug_frame   0x0000071c       0x8c build/bio.o
 .debug_frame   0x000007a8       0xdc build/uspi_usbmidi.o
 .debug_frame   0x00000884       0x48 build/uspi_usbdevicefactory.o
 .debug_frame   0x000008cc      0x30c build/fs.o
 .debug_frame   0x00000bd8      0x20c build/console.o
 .debug_frame   0x00000de4       0xb8 build/spinlock.o
 .debug_frame   0x00000e9c       0x78 build/uspi_usbconfigparser.o
 .debug_frame   0x00000f14      0x194 build/uspienv_timer.o
 .debug_frame   0x000010a8       0xc4 build/main.o
 .debug_frame   0x0000116c      0x294 build/vm.o
 .debug_frame   0x00001400       0xb0 build/uspi_dwhciframeschedper.o
 .debug_frame   0x000014b0       0xf0 build/uspi_usbstandardhub.o
 .debug_frame   0x000015a0      0x118 build/uspi_smsc951x.o
 .debug_frame   0x000016b8       0xa0 build/uspi_dwhciframeschednper.o
 .debug_frame   0x00001758      0x280 build/uspi_dwhcixferstagedata.o
 .debug_frame   0x000019d8       0x94 build/uspi_keymap.o
 .debug_frame   0x00001a6c       0x50 build/memide.o
 .debug_frame   0x00001abc      0x218 build/uspi_library.o
 .debug_frame   0x00001cd4       0x68 build/mailbox.o
 .debug_frame   0x00001d3c       0x40 build/uart_pl011.o
 .debug_frame   0x00001d7c      0x190 build/uspi_usbdevice.o
 .debug_frame   0x00001f0c       0x3c build/mmu.o
 .debug_frame   0x00001f48       0xd4 build/log.o
 .debug_frame   0x0000201c       0xe8 build/uspi_macaddress.o
 .debug_frame   0x00002104       0xe8 build/uart.o
 .debug_frame   0x000021ec       0x9c build/syscall.o
 .debug_frame   0x00002288      0x194 build/uspi_usbmassdevice.o
 .debug_frame   0x0000241c      0x130 build/file.o
 .debug_frame   0x0000254c       0xd8 build/uspi_usbstring.o
 .debug_frame   0x00002624      0x12c build/usb.o
 .debug_frame   0x00002750       0xe0 build/sysproc.o
 .debug_frame   0x00002830       0xdc build/string.o
 .debug_frame   0x0000290c       0xa0 build/pipe.o
 .debug_frame   0x000029ac       0xdc build/uspi_usbrequest.o
 .debug_frame   0x00002a88       0x40 build/uspi_synchronize.o
 .debug_frame   0x00002ac8       0x30 build/uspienv_memio.o
 .debug_frame   0x00002af8       0xdc build/uspi_usbmouse.o
 .debug_frame   0x00002bd4      0x20c build/uspi_lan7800.o
 .debug_frame   0x00002de0       0xa8 build/kalloc.o
 .debug_frame   0x00002e88       0xc0 build/uspi_util.o
 .debug_frame   0x00002f48      0x4c4 build/uspi_dwhcidevice.o
 .debug_frame   0x0000340c       0xf0 build/uspi_dwhciregister.o
 .debug_frame   0x000034fc      0x1b8 build/proc.o
 .debug_frame   0x000036b4      0x104 build/uspi_usbkeyboard.o
 .debug_frame   0x000037b8       0x9c build/timer.o
 .debug_frame   0x00003854       0x88 build/uspi_devicenameservice.o
 .debug_frame   0x000038dc      0x158 build/uspi_usbgamepad.o
 .debug_frame   0x00003a34       0x6c build/uspi_dwhcirootport.o
