
Allocating common symbols
Common symbol       size              file

uart_lock           0x4               build/uart_pl011.o
log                 0x70              build/log.o
kmem                0x3c              build/kalloc.o
pUSBParam           0x4               build/trap.o
bcache              0x173c            build/bio.o
pUSBTimerParam      0x4               build/trap.o
input               0xc0              build/console.o
uart_disabled       0x4               build/uart.o
device_handler      0xa0              build/usb_storagedriver.o
nUSBTimerIRQ        0x4               build/trap.o
kpgdir              0x4               build/vm.o
mb_data             0x28              build/main.o
tickslock           0x34              build/trap.o
ftable              0x994             build/file.o
cpus                0xe0              build/exec.o
mailbuffer          0x4               build/mailbox.o
pUSBTimerHandler    0x4               build/trap.o
pm_size             0x4               build/mmu.o
ticks               0x4               build/trap.o
pUSBHandler         0x4               build/trap.o
ptable              0x1f34            build/proc.o
nUSBIRQ             0x4               build/trap.o
devsw               0x50              build/file.o
icache              0xfd4             build/fs.o

Discarded input sections

 .note.GNU-stack
                0x00000000        0x0 build/uspi_dwhciframeschednsplit.o
 .note.GNU-stack
                0x00000000        0x0 build/exec.o
 .note.GNU-stack
                0x00000000        0x0 build/uart_pl011.o
 .note.GNU-stack
                0x00000000        0x0 build/uspi_string.o
 .note.GNU-stack
                0x00000000        0x0 build/usb_storagedriver.o
 .note.GNU-stack
                0x00000000        0x0 build/sysfile.o
 .note.GNU-stack
                0x00000000        0x0 build/string.o
 .note.GNU-stack
                0x00000000        0x0 build/uspi_usbmidi.o
 .note.GNU-stack
                0x00000000        0x0 build/uspi_usbdevice.o
 .note.GNU-stack
                0x00000000        0x0 build/uspi_usbdevicefactory.o
 .note.GNU-stack
                0x00000000        0x0 build/console.o
 .note.GNU-stack
                0x00000000        0x0 build/spinlock.o
 .note.GNU-stack
                0x00000000        0x0 build/trap.o
 .note.GNU-stack
                0x00000000        0x0 build/uspi_dwhciframeschednper.o
 .note.GNU-stack
                0x00000000        0x0 build/uspienv_timer.o
 .note.GNU-stack
                0x00000000        0x0 build/main.o
 .note.GNU-stack
                0x00000000        0x0 build/bio.o
 .note.GNU-stack
                0x00000000        0x0 build/syscall.o
 .note.GNU-stack
                0x00000000        0x0 build/uspi_usbendpoint.o
 .note.GNU-stack
                0x00000000        0x0 build/uspi_usbconfigparser.o
 .note.GNU-stack
                0x00000000        0x0 build/mailbox.o
 .note.GNU-stack
                0x00000000        0x0 build/uspi_usbstandardhub.o
 .note.GNU-stack
                0x00000000        0x0 build/memide.o
 .note.GNU-stack
                0x00000000        0x0 build/uspi_dwhciframeschedper.o
 .note.GNU-stack
                0x00000000        0x0 build/uspi_usbmassdevice.o
 .note.GNU-stack
                0x00000000        0x0 build/mmu.o
 .note.GNU-stack
                0x00000000        0x0 build/uspi_smsc951x.o
 .note.GNU-stack
                0x00000000        0x0 build/log.o
 .note.GNU-stack
                0x00000000        0x0 build/uart.o
 .note.GNU-stack
                0x00000000        0x0 build/uspi_dwhcixferstagedata.o
 .note.GNU-stack
                0x00000000        0x0 build/uspi_keymap.o
 .note.GNU-stack
                0x00000000        0x0 build/file.o
 .note.GNU-stack
                0x00000000        0x0 build/uspi_usbstring.o
 .note.GNU-stack
                0x00000000        0x0 build/uspi_library.o
 .note.GNU-stack
                0x00000000        0x0 build/vm.o
 .note.GNU-stack
                0x00000000        0x0 build/usb.o
 .note.GNU-stack
                0x00000000        0x0 build/sysproc.o
 .note.GNU-stack
                0x00000000        0x0 build/uspi_macaddress.o
 .note.GNU-stack
                0x00000000        0x0 build/pipe.o
 .note.GNU-stack
                0x00000000        0x0 build/uspi_usbrequest.o
 .note.GNU-stack
                0x00000000        0x0 build/uspi_synchronize.o
 .note.GNU-stack
                0x00000000        0x0 build/uspi_usbmouse.o
 .note.GNU-stack
                0x00000000        0x0 build/kalloc.o
 .note.GNU-stack
                0x00000000        0x0 build/uspi_util.o
 .note.GNU-stack
                0x00000000        0x0 build/uspi_lan7800.o
 .note.GNU-stack
                0x00000000        0x0 build/uspienv_memio.o
 .note.GNU-stack
                0x00000000        0x0 build/uspi_dwhcidevice.o
 .note.GNU-stack
                0x00000000        0x0 build/uspi_dwhciregister.o
 .note.GNU-stack
                0x00000000        0x0 build/proc.o
 .note.GNU-stack
                0x00000000        0x0 build/uspi_usbkeyboard.o
 .note.GNU-stack
                0x00000000        0x0 build/timer.o
 .note.GNU-stack
                0x00000000        0x0 build/uspi_devicenameservice.o
 .note.GNU-stack
                0x00000000        0x0 build/uspi_usbgamepad.o
 .note.GNU-stack
                0x00000000        0x0 build/fs.o
 .note.GNU-stack
                0x00000000        0x0 build/uspi_dwhcirootport.o

Memory Configuration

Name             Origin             Length             Attributes
*default*        0x00000000         0xffffffff

Linker script and memory map

LOAD build/entry.o
LOAD build/exception.o
LOAD build/uspienv_delayloop.o
LOAD build/uspi_dwhciframeschednsplit.o
LOAD build/exec.o
LOAD build/uart_pl011.o
LOAD build/uspi_string.o
LOAD build/usb_storagedriver.o
LOAD build/sysfile.o
LOAD build/string.o
LOAD build/uspi_usbmidi.o
LOAD build/uspi_usbdevice.o
LOAD build/uspi_usbdevicefactory.o
LOAD build/console.o
LOAD build/spinlock.o
LOAD build/trap.o
LOAD build/uspi_dwhciframeschednper.o
LOAD build/uspienv_timer.o
LOAD build/main.o
LOAD build/bio.o
LOAD build/syscall.o
LOAD build/uspi_usbendpoint.o
LOAD build/uspi_usbconfigparser.o
LOAD build/mailbox.o
LOAD build/uspi_usbstandardhub.o
LOAD build/memide.o
LOAD build/uspi_dwhciframeschedper.o
LOAD build/uspi_usbmassdevice.o
LOAD build/mmu.o
LOAD build/uspi_smsc951x.o
LOAD build/log.o
LOAD build/uart.o
LOAD build/uspi_dwhcixferstagedata.o
LOAD build/uspi_keymap.o
LOAD build/file.o
LOAD build/uspi_usbstring.o
LOAD build/uspi_library.o
LOAD build/vm.o
LOAD build/usb.o
LOAD build/sysproc.o
LOAD build/uspi_macaddress.o
LOAD build/pipe.o
LOAD build/uspi_usbrequest.o
LOAD build/uspi_synchronize.o
LOAD build/uspi_usbmouse.o
LOAD build/kalloc.o
LOAD build/uspi_util.o
LOAD build/uspi_lan7800.o
LOAD build/uspienv_memio.o
LOAD build/uspi_dwhcidevice.o
LOAD build/uspi_dwhciregister.o
LOAD build/proc.o
LOAD build/uspi_usbkeyboard.o
LOAD build/timer.o
LOAD build/uspi_devicenameservice.o
LOAD build/uspi_usbgamepad.o
LOAD build/fs.o
LOAD build/uspi_dwhcirootport.o
                0x00000000                PHYSTART = 0x0
                0x10000000                PHYSIZE = 0x10000000
                0x80000000                KERNBASE = 0x80000000
                0x3f000000                MMIO_PA = 0x3f000000
                0xd0000000                MMIO_VA = 0xd0000000
                0x01000000                MMIO_SIZE = 0x1000000
                0xdf000000                PERIPHBASE = 0xdf000000
                0x00004000                K_PDX_BASE = 0x4000
                0x00003000                K_PTX_BASE = 0x3000
                0x00008000                PHYSOFFSET = 0x8000
                0x80008000                KERNOFFSET = 0x80008000
                0x80008000                PHYSOFFSET = DEFINED (PHYSOFFSET)?PHYSOFFSET:0x80008000
                0xc0008000                KERNOFFSET = DEFINED (KERNOFFSET)?KERNOFFSET:0xc0008000
                0x80000000                SHIFT = (KERNOFFSET - PHYSOFFSET)

.init           0x00008000      0x1d4
 *(.init)
 .init          0x00008000      0x1d4 build/entry.o
                0x00008000                _start
                0x00008200                . = ALIGN (0x100)
                0x00008200                INIT_END = .
                0x80008200                . = (. + SHIFT)

.text           0x80008200     0xfca4 load address 0x00008200
 *.c.o(.text)
 *(.text .stub .text.*)
 .text          0x80008200       0x94 build/entry.o
                0x80008200                _pagingstart
                0x80008208                acknowledge
                0x8000822c                dsb_barrier
                0x80008238                flush_dcache_all
                0x80008244                flush_idcache
                0x80008250                flush_tlb
                0x80008270                flush_dcache
                0x8000827c                set_pgtbase
                0x80008284                getsystemtime
 *fill*         0x80008294        0xc 
 .text          0x800082a0      0x284 build/exception.o
                0x800082a0                vectors
                0x80008338                trapret
                0x80008478                set_mode_sp
                0x8000849c                readcpsr
                0x800084a4                cli
                0x800084b4                sti
                0x800084c4                swtch
 *fill*         0x80008524        0x4 
 .text          0x80008528        0xc build/uspienv_delayloop.o
                0x80008528                DelayLoop
 .text          0x80008534       0xdc build/uspi_dwhciframeschednsplit.o
                0x80008534                _DWHCIFrameSchedulerNoSplit
                0x80008538                DWHCIFrameSchedulerNoSplitCompleteSplit
                0x80008540                DWHCIFrameSchedulerNoSplitTransactionComplete
                0x80008544                DWHCIFrameSchedulerNoSplitIsOddFrame
                0x80008550                DWHCIFrameSchedulerNoSplitWaitForFrame
                0x800085b8                DWHCIFrameSchedulerNoSplitStartSplit
                0x800085bc                DWHCIFrameSchedulerNoSplit
 .text          0x80008610      0x2c4 build/exec.o
                0x80008610                exec
 .text          0x800088d4       0x94 build/uart_pl011.o
                0x800088d4                uartinit_fvp
                0x80008908                uartputc_fvp
                0x8000894c                uartgetc_fvp
 .text          0x80008968      0xa04 build/uspi_string.o
                0x800089c8                String
                0x800089d8                String2
                0x80008a08                _String
                0x80008a30                StringGet
                0x80008a48                StringSet
                0x80008a8c                StringGetLength
                0x80008a9c                StringAppend
                0x80008b18                StringCompare
                0x80008b20                StringFind
                0x80008b68                StringPutChar
                0x80008ba8                StringPutString
                0x80008bec                StringFormatV
                0x800092ac                StringFormat
                0x800092d8                StringReserveSpace
                0x800092e4                ntoa
 .text          0x8000936c      0x49c build/usb_storagedriver.o
                0x8000936c                dhandlerinit
                0x80009380                storageinit
                0x800093a8                storage_free
                0x800093ac                usb_storage_write
                0x8000961c                usb_storage_read
 .text          0x80009808      0xb7c build/sysfile.o
                0x800099e0                sys_dup
                0x80009a58                sys_read
                0x80009adc                sys_write
                0x80009b60                sys_close
                0x80009bb4                sys_fstat
                0x80009c00                sys_link
                0x80009d0c                sys_unlink
                0x80009ec4                sys_open
                0x80009ff8                sys_mkdir
                0x8000a054                sys_mknod
                0x8000a0f0                sys_chdir
                0x8000a16c                sys_exec
                0x8000a228                sys_pipe
                0x8000a2f0                sys_lseek
 .text          0x8000a384      0x2d4 build/string.o
                0x8000a384                memsetw
                0x8000a3a8                memsetb
                0x8000a3cc                memset
                0x8000a434                memcmp
                0x8000a480                memmove
                0x8000a4dc                memcpy
                0x8000a4e0                strncmp
                0x8000a540                strncpy
                0x8000a5a4                safestrcpy
                0x8000a5ec                strlen
                0x8000a61c                div
 .text          0x8000a658      0x390 build/uspi_usbmidi.o
                0x8000a6b8                USBMIDIDeviceConfigure
                0x8000a964                USBMIDIDevice
                0x8000a994                _CUSBMIDIDevice
                0x8000a9e0                USBMIDIDeviceRegisterPacketHandler
 .text          0x8000a9e8      0x6a4 build/uspi_usbdevice.o
                0x8000a9e8                USBDeviceConfigure
                0x8000aa4c                USBDevice
                0x8000aabc                USBDeviceCopy
                0x8000abb0                _USBDevice
                0x8000ac48                USBDeviceInitialize
                0x8000af34                USBDeviceGetName
                0x8000b034                USBDeviceGetAddress
                0x8000b03c                USBDeviceGetSpeed
                0x8000b044                USBDeviceGetHubAddress
                0x8000b04c                USBDeviceGetHubPortNumber
                0x8000b054                USBDeviceGetEndpoint0
                0x8000b05c                USBDeviceGetHost
                0x8000b064                USBDeviceGetDeviceDescriptor
                0x8000b06c                USBDeviceGetConfigurationDescriptor
                0x8000b074                USBDeviceGetDescriptor
                0x8000b07c                USBDeviceConfigurationError
                0x8000b084                USBDeviceSetAddress
 .text          0x8000b08c      0x230 build/uspi_usbdevicefactory.o
                0x8000b08c                GetDevice
                0x8000b25c                USBDeviceFactoryGetDevice
 .text          0x8000b2bc      0xab4 build/console.o
                0x8000b2bc                consoleread
                0x8000b3cc                setgpucolour
                0x8000b3dc                initframebuf
                0x8000b434                drawpixel
                0x8000b474                drawcursor
                0x8000b4e0                drawcharacter
                0x8000b574                gpuputc
                0x8000b768                consolewrite
                0x8000b86c                panic
                0x8000b8e0                cprintf
                0x8000ba80                consputc
                0x8000bb1c                consoleintr
                0x8000bc78                gpuinit
                0x8000bcd4                consoleinit
 .text          0x8000bd70      0x194 build/spinlock.o
                0x8000bd70                initlock
                0x8000bd84                getcallerpcs
                0x8000bd88                holding
                0x8000bdb0                pushcli
                0x8000bde8                acquire
                0x8000be64                popcli
                0x8000bec0                release
 .text          0x8000bf04      0x620 build/trap.o
                0x8000bf04                led25_on
                0x8000bf24                led25_off
                0x8000bf44                enable_intrs
                0x8000bf68                disable_intrs
                0x8000bf8c                tvinit
                0x8000c078                trap_oops
                0x8000c11c                handle_irq
                0x8000c180                trap
                0x8000c434                ConnectInterrupt
                0x8000c4ac                ConnectTimerInterrupt
 .text          0x8000c524      0x190 build/uspi_dwhciframeschednper.o
                0x8000c524                _DWHCIFrameSchedulerNonPeriodic
                0x8000c530                DWHCIFrameSchedulerNonPeriodicStartSplit
                0x8000c53c                DWHCIFrameSchedulerNonPeriodicWaitForFrame
                0x8000c540                DWHCIFrameSchedulerNonPeriodicIsOddFrame
                0x8000c548                DWHCIFrameSchedulerNonPeriodicCompleteSplit
                0x8000c5a0                DWHCIFrameSchedulerNonPeriodicTransactionComplete
                0x8000c660                DWHCIFrameSchedulerNonPeriodic
 .text          0x8000c6b4      0x3a0 build/uspienv_timer.o
                0x8000c6f4                TimerEnvInit
                0x8000c744                _Timer
                0x8000c758                TimerGetClockTicks
                0x8000c774                TimerGetTicks
                0x8000c77c                TimerGetTime
                0x8000c784                TimerStartKernelTimer
                0x8000c7fc                TimerCancelKernelTimer
                0x8000c810                TimerMsDelay
                0x8000c824                TimerusDelay
                0x8000c838                TimerGet
                0x8000c848                TimerSimpleMsDelay
                0x8000c864                TimerSimpleusDelay
                0x8000c870                TimerPollKernelTimers
                0x8000c8d0                TimerInterruptHandler
                0x8000c988                TimerTuneMsDelay
                0x8000c9ec                TimerInitialize
 .text          0x8000ca54      0x270 build/main.o
                0x8000ca54                OkLoop
                0x8000ca98                NotOkLoop
                0x8000cadc                getpmsize
                0x8000cb50                machinit
                0x8000cb64                cmain
 .text          0x8000ccc4      0x238 build/bio.o
                0x8000ccc4                binit
                0x8000cd4c                bread
                0x8000ce54                bwrite
                0x8000ce7c                brelse
 .text          0x8000cefc      0x254 build/syscall.o
                0x8000cefc                fetchint
                0x8000cf38                fetchstr
                0x8000cfa0                argint
                0x8000cfe8                argptr
                0x8000d048                argstr
                0x8000d0c4                syscall
 .text          0x8000d150      0x200 build/uspi_usbendpoint.o
                0x8000d150                USBEndpoint
                0x8000d17c                USBEndpoint2
                0x8000d268                USBEndpointCopy
                0x8000d29c                _USBEndpoint
                0x8000d2a8                USBEndpointGetDevice
                0x8000d2b0                USBEndpointGetNumber
                0x8000d2b8                USBEndpointGetType
                0x8000d2c0                USBEndpointIsDirectionIn
                0x8000d2c8                USBEndpointSetMaxPacketSize
                0x8000d2d0                USBEndpointGetMaxPacketSize
                0x8000d2d8                USBEndpointGetInterval
                0x8000d2e0                USBEndpointGetNextPID
                0x8000d2f0                USBEndpointSkipPID
                0x8000d344                USBEndpointResetPID
 .text          0x8000d350      0x1e8 build/uspi_usbconfigparser.o
                0x8000d350                USBConfigurationParser
                0x8000d460                _USBConfigurationParser
                0x8000d46c                USBConfigurationParserIsValid
                0x8000d474                USBConfigurationParserGetDescriptor
                0x8000d518                USBConfigurationParserError
 .text          0x8000d538      0x120 build/mailbox.o
                0x8000d538                create_request
                0x8000d5cc                mailboxinit
                0x8000d5e4                readmailbox
                0x8000d61c                writemailbox
 .text          0x8000d658      0xa24 build/uspi_usbstandardhub.o
                0x8000d658                USBStandardHub
                0x8000d69c                _USBStandardHub
                0x8000d724                USBStandardHubInitialize
                0x8000d728                USBStandardHubGetDeviceNames
                0x8000d7f8                USBStandardHubEnumeratePorts
                0x8000ddcc                USBStandardHubConfigure
 .text          0x8000e07c      0x104 build/memide.o
                0x8000e07c                ideinit
                0x8000e0b0                ideintr
                0x8000e0b4                iderw
                0x8000e164                usbrw
 .text          0x8000e180      0x214 build/uspi_dwhciframeschedper.o
                0x8000e180                _DWHCIFrameSchedulerPeriodic
                0x8000e18c                DWHCIFrameSchedulerPeriodicStartSplit
                0x8000e1a0                DWHCIFrameSchedulerPeriodicIsOddFrame
                0x8000e1ac                DWHCIFrameSchedulerPeriodicWaitForFrame
                0x8000e220                DWHCIFrameSchedulerPeriodicCompleteSplit
                0x8000e280                DWHCIFrameSchedulerPeriodicTransactionComplete
                0x8000e338                DWHCIFrameSchedulerPeriodic
 .text          0x8000e394      0xa7c build/uspi_usbmassdevice.o
                0x8000e394                USBBulkOnlyMassStorageDevice
                0x8000e3d0                _USBBulkOnlyMassStorageDevice
                0x8000e424                USBBulkOnlyMassStorageDeviceSeek
                0x8000e434                USBBulkOnlyMassStorageDeviceGetCapacity
                0x8000e43c                USBBulkOnlyMassStorageDeviceCommand
                0x8000e644                USBBulkOnlyMassStorageDeviceConfigure
                0x8000ea38                USBBulkOnlyMassStorageDeviceTryRead
                0x8000eb14                USBBulkOnlyMassStorageDeviceTryWrite
                0x8000ebec                USBBulkOnlyMassStorageDeviceReset
                0x8000ed20                USBBulkOnlyMassStorageDeviceRead
                0x8000eda8                USBBulkOnlyMassStorageDeviceWrite
 .text          0x8000ee10      0x108 build/mmu.o
                0x8000ee10                mmuinit0
                0x8000eeb4                mmuinit1
 .text          0x8000ef18      0x5d0 build/uspi_smsc951x.o
                0x8000ef18                SMSC951xDevice
                0x8000ef50                _SMSC951xDevice
                0x8000efbc                SMSC951xDeviceGetMACAddress
                0x8000efc4                SMSC951xDeviceSendFrame
                0x8000f024                SMSC951xDeviceReceiveFrame
                0x8000f10c                SMSC951xDeviceWriteReg
                0x8000f174                SMSC951xDeviceConfigure
                0x8000f480                SMSC951xDeviceReadReg
 .text          0x8000f4e8      0x33c build/log.o
                0x8000f5cc                initlog
                0x8000f674                begin_trans
                0x8000f6cc                commit_trans
                0x8000f728                log_write
 .text          0x8000f824      0x3b4 build/uart.o
                0x8000f8c8                led18_on
                0x8000f8ec                led18_off
                0x8000f910                setgpioval
                0x8000f95c                setgpiofunc
                0x8000f968                enableirqminiuart
                0x8000f980                disableirqminiuart
                0x8000f998                uartputc
                0x8000fa24                miniuartintr
                0x8000fb04                uartinit
 .text          0x8000fbd8      0x49c build/uspi_dwhcixferstagedata.o
                0x8000fbd8                DWHCITransferStageData
                0x8000fda8                _DWHCITransferStageData
                0x8000fe04                DWHCITransferStageDataTransactionComplete
                0x8000fee0                DWHCITransferStageDataSetSplitComplete
                0x8000fee8                DWHCITransferStageDataSetState
                0x8000fef0                DWHCITransferStageDataGetState
                0x8000fef8                DWHCITransferStageDataSetSubState
                0x8000ff00                DWHCITransferStageDataGetSubState
                0x8000ff08                DWHCITransferStageDataBeginSplitCycle
                0x8000ff10                DWHCITransferStageDataGetChannelNumber
                0x8000ff18                DWHCITransferStageDataIsPeriodic
                0x8000ff38                DWHCITransferStageDataGetDeviceAddress
                0x8000ff40                DWHCITransferStageDataGetEndpointType
                0x8000ff6c                DWHCITransferStageDataGetEndpointNumber
                0x8000ff74                DWHCITransferStageDataGetMaxPacketSize
                0x8000ff7c                DWHCITransferStageDataGetSpeed
                0x8000ff84                DWHCITransferStageDataGetPID
                0x8000ffb4                DWHCITransferStageDataIsDirectionIn
                0x8000ffbc                DWHCITransferStageDataIsStatusStage
                0x8000ffc4                DWHCITransferStageDataGetDMAAddress
                0x8000ffcc                DWHCITransferStageDataGetBytesToTransfer
                0x8000ffd4                DWHCITransferStageDataGetPacketsToTransfer
                0x8000ffdc                DWHCITransferStageDataIsSplit
                0x8000ffe4                DWHCITransferStageDataIsSplitComplete
                0x8000ffec                DWHCITransferStageDataGetHubAddress
                0x8000fff4                DWHCITransferStageDataGetHubPortAddress
                0x8000fffc                DWHCITransferStageDataGetSplitPosition
                0x80010004                DWHCITransferStageDataGetStatusMask
                0x80010038                DWHCITransferStageDataGetTransactionStatus
                0x80010040                DWHCITransferStageDataIsStageComplete
                0x80010050                DWHCITransferStageDataGetResultLen
                0x80010064                DWHCITransferStageDataGetURB
                0x8001006c                DWHCITransferStageDataGetFrameScheduler
 .text          0x80010074      0x2b4 build/uspi_keymap.o
                0x80010074                KeyMap
                0x80010098                _KeyMap
                0x8001009c                KeyMapClearTable
                0x800100d4                KeyMapSetEntry
                0x80010124                KeyMapTranslate
                0x80010240                KeyMapGetString
                0x800102f8                KeyMapGetLEDStatus
 .text          0x80010328      0x348 build/file.o
                0x80010328                fileinit
                0x80010358                filealloc
                0x800103c4                filedup
                0x8001040c                fileclose
                0x800104ac                filestat
                0x800104f0                fileread
                0x8001057c                filewrite
 .text          0x80010670      0x404 build/uspi_usbstring.o
                0x80010670                USBString
                0x80010698                USBStringCopy
                0x80010700                _USBString
                0x80010740                USBStringGetFromDescriptor
                0x8001090c                USBStringGet
                0x80010914                USBStringGetLanguageID
 .text          0x80010a74      0x748 build/uspi_library.o
                0x80010a74                USPiInitialize
                0x80010c84                USPiKeyboardAvailable
                0x80010ca0                USPiKeyboardRegisterKeyPressedHandler
                0x80010cb8                USPiKeyboardRegisterShutdownHandler
                0x80010cd0                USPiKeyboardRegisterKeyStatusHandlerRaw
                0x80010ce8                USPiMouseAvailable
                0x80010d04                USPiMouseRegisterStatusHandler
                0x80010d1c                USPiMassStorageDeviceAvailable
                0x80010d4c                USPiMassStorageDeviceRead
                0x80010dc0                USPiMassStorageDeviceWrite
                0x80010e34                USPiMassStorageDeviceGetCapacity
                0x80010e64                USPiEthernetAvailable
                0x80010e94                USPiGetMACAddress
                0x80010ed8                USPiSendFrame
                0x80010f2c                USPiReceiveFrame
                0x80010f80                USPiGamePadAvailable
                0x80010fb0                USPiGamePadRegisterStatusHandler
                0x80010ff0                USPiGamePadGetStatus
                0x80011034                USPiMIDIAvailable
                0x80011050                USPiMIDIRegisterPacketHandler
                0x80011068                USPiDeviceGetInformation
 .text          0x800111bc      0x7e0 build/vm.o
                0x800113b8                setupkvm
                0x800113dc                setupkvm_new
                0x80011480                kvmalloc
                0x80011498                switchkvm
                0x8001149c                switchkvm_new
                0x800114c8                switchuvm
                0x80011510                inituvm
                0x80011588                loaduvm
                0x80011660                allocuvm
                0x80011750                deallocuvm
                0x80011764                freevm
                0x800117d4                clearpteu
                0x80011808                copyuvm
                0x800118e8                uva2ka
                0x8001191c                copyout
 .text          0x8001199c      0x304 build/usb.o
                0x80011a14                malloc
                0x80011a30                free
                0x80011a34                MsDelay
                0x80011a68                usDelay
                0x80011a98                StartKernelTimer
                0x80011ad0                CancelKernelTimer
                0x80011ae8                SetPowerStateOn
                0x80011b74                GetMACAddress
                0x80011b7c                LogWrite
                0x80011bd8                usbinit
 .text          0x80011ca0      0x1b0 build/sysproc.o
                0x80011ca0                sys_fork
                0x80011ca4                sys_exit
                0x80011cb4                sys_wait
                0x80011cb8                sys_kill
                0x80011cec                sys_getpid
                0x80011d00                sys_sbrk
                0x80011d50                sys_sleep
                0x80011e20                sys_uptime
 .text          0x80011e50      0x114 build/uspi_macaddress.o
                0x80011e50                MACAddress
                0x80011e5c                MACAddress2
                0x80011e7c                _MACAddress
                0x80011e88                MACAddressIsEqual
                0x80011ea8                MACAddressSet
                0x80011eac                MACAddressSetBroadcast
                0x80011ed0                MACAddressGet
                0x80011ed8                MACAddressCopyTo
                0x80011eec                MACAddressIsBroadcast
                0x80011f18                MACAddressGetSize
                0x80011f20                MACAddressFormat
 .text          0x80011f64      0x320 build/pipe.o
                0x80011f64                pipealloc
                0x8001203c                pipeclose
                0x8001209c                pipewrite
                0x80012174                piperead
 .text          0x80012284       0xac build/uspi_usbrequest.o
                0x80012284                USBRequest
                0x800122b0                _USBRequest
                0x800122c8                USBRequestGetEndpoint
                0x800122d0                USBRequestSetStatus
                0x800122d8                USBRequestSetResultLen
                0x800122e0                USBRequestGetStatus
                0x800122e8                USBRequestGetResultLength
                0x800122f0                USBRequestGetSetupData
                0x800122f8                USBRequestGetBuffer
                0x80012300                USBRequestGetBufLen
                0x80012308                USBRequestSetCompletionRoutine
                0x80012314                USBRequestCallCompletionRoutine
 .text          0x80012330       0xa8 build/uspi_synchronize.o
                0x80012330                uspi_EnterCritical
                0x8001236c                uspi_LeaveCritical
                0x800123a8                uspi_CleanAndInvalidateDataCacheRange
 .text          0x800123d8      0x3fc build/uspi_usbmouse.o
                0x80012438                USBMouseDeviceConfigure
                0x80012744                USBMouseDevice
                0x80012780                _CUSBMouseDevice
                0x800127cc                USBMouseDeviceRegisterStatusHandler
 .text          0x800127d4      0x1fc build/kalloc.o
                0x800127d4                kfree
                0x80012868                freerange
                0x800128a4                kinit1
                0x80012918                kinit2
                0x80012964                kalloc
 .text          0x800129d0      0x200 build/uspi_util.o
                0x800129d0                uspi_memset
                0x800129f4                uspi_memcpy
                0x80012a18                uspi_memcmp
                0x80012a74                uspi_strlen
                0x80012a9c                uspi_strcmp
                0x80012af4                uspi_strcpy
                0x80012b20                uspi_strncpy
                0x80012b68                uspi_strcat
                0x80012bac                uspi_char2int
                0x80012bbc                uspi_le2be16
                0x80012bc8                uspi_le2be32
 .text          0x80012bd0      0xae8 build/uspi_lan7800.o
                0x80012bd0                LAN7800Device
                0x80012c08                _LAN7800Device
                0x80012c74                LAN7800DeviceGetMACAddress
                0x80012c7c                LAN7800DeviceSendFrame
                0x80012ce0                LAN7800DeviceReceiveFrame
                0x80012dbc                LAN7800DeviceWriteReg
                0x80012e50                LAN7800DeviceInitMACAddress
                0x80012f38                LAN7800DeviceReadReg
                0x80012fc8                LAN7800DeviceWaitReg
                0x80013034                LAN7800DevicePHYWrite
                0x800130b8                LAN7800DevicePHYRead
                0x80013160                LAN7800DeviceIsLinkUp
                0x80013188                LAN7800DeviceInitPHY
                0x800131cc                LAN7800DeviceReadWriteReg
                0x80013218                LAN7800DeviceConfigure
 .text          0x800136b8       0x10 build/uspienv_memio.o
                0x800136b8                read32
                0x800136c0                write32
 .text          0x800136c8     0x1ba4 build/uspi_dwhcidevice.o
                0x800136c8                DWHCIDeviceCompletionRoutine
                0x800136d4                DWHCIDevice
                0x80013714                _DWHCIDevice
                0x8001371c                DWHCIDeviceEnableGlobalInterrupts
                0x80013760                DWHCIDeviceEnableCommonInterrupts
                0x80013798                DWHCIDeviceEnableHostInterrupts
                0x800137f4                DWHCIDeviceEnableChannelInterrupt
                0x80013848                DWHCIDeviceDisableChannelInterrupt
                0x8001389c                DWHCIDeviceStartChannel
                0x80013c20                DWHCIDeviceStartTransaction
                0x80013cf0                DWHCIDeviceTimerHandler
                0x80013d58                DWHCIDeviceChannelInterruptHandler
                0x800141d8                DWHCIDeviceInterruptHandler
                0x800142d8                DWHCIDeviceAllocateChannel
                0x80014350                DWHCIDeviceTransferStageAsync
                0x80014468                DWHCIDeviceSubmitAsyncRequest
                0x800144ac                DWHCIDeviceTransferStage
                0x8001453c                DWHCIDeviceSubmitBlockingRequest
                0x8001472c                DWHCIDeviceControlMessage
                0x800147cc                DWHCIDeviceGetDescriptor
                0x80014808                DWHCIDeviceSetAddress
                0x80014850                DWHCIDeviceSetConfiguration
                0x80014898                DWHCIDeviceTransfer
                0x800148f0                DWHCIDeviceFreeChannel
                0x80014918                DWHCIDeviceWaitForBit
                0x8001496c                DWHCIDeviceEnableRootPort
                0x80014a2c                DWHCIDeviceReset
                0x80014ad8                DWHCIDeviceInitCore
                0x80014cac                DWHCIDeviceFlushTxFIFO
                0x80014d48                DWHCIDeviceFlushRxFIFO
                0x80014dc8                DWHCIDeviceInitHost
                0x80014fc8                DWHCIDeviceInitialize
                0x80015190                DWHCIDeviceGetPortSpeed
                0x800151dc                DWHCIDeviceOvercurrentDetected
                0x80015228                DWHCIDeviceDisableRootPort
 .text          0x8001526c       0xf4 build/uspi_dwhciregister.o
                0x8001526c                DWHCIRegister
                0x8001527c                DWHCIRegister2
                0x8001528c                _DWHCIRegister
                0x80015298                DWHCIRegisterRead
                0x800152b4                DWHCIRegisterWrite
                0x800152c4                DWHCIRegisterGet
                0x800152cc                DWHCIRegisterSet
                0x800152dc                DWHCIRegisterIsSet
                0x800152f0                DWHCIRegisterAnd
                0x80015300                DWHCIRegisterOr
                0x80015310                DWHCIRegisterClearBit
                0x80015324                DWHCIRegisterSetBit
                0x80015338                DWHCIRegisterClearAll
                0x8001534c                DWHCIRegisterSetAll
 .text          0x80015360      0x874 build/proc.o
                0x80015450                forkret
                0x80015484                pinit
                0x800154b4                userinit
                0x80015564                growproc
                0x800155cc                fork
                0x800156b0                scheduler
                0x80015764                sched
                0x800157f8                exit
                0x80015938                yield
                0x80015970                sleep
                0x80015a24                wait
                0x80015afc                wakeup
                0x80015b54                kill
                0x80015bd0                procdump
 .text          0x80015bd4      0x53c build/uspi_usbkeyboard.o
                0x80015c34                USBKeyboardDeviceConfigure
                0x80016044                USBKeyboardDevice
                0x8001609c                _CUSBKeyboardDevice
                0x800160f0                USBKeyboardDeviceRegisterKeyPressedHandler
                0x800160f8                USBKeyboardDeviceRegisterSelectConsoleHandler
                0x80016100                USBKeyboardDeviceRegisterShutdownHandler
                0x80016108                USBKeyboardDeviceRegisterKeyStatusHandlerRaw
 .text          0x80016110      0x120 build/timer.o
                0x80016110                enabletimer3irq
                0x80016128                timer3init
                0x80016170                timer3intr
                0x800161c4                delay
                0x800161f0                led_on
                0x80016210                led_off
 .text          0x80016230      0x128 build/uspi_devicenameservice.o
                0x80016230                DeviceNameService
                0x80016248                _DeviceNameService
                0x800162a0                DeviceNameServiceAddDevice
                0x800162f4                DeviceNameServiceGetDevice
                0x80016348                DeviceNameServiceGet
 .text          0x80016358      0xbb8 build/uspi_usbgamepad.o
                0x800168fc                USBGamePadDeviceConfigure
                0x80016d80                USBGamePadDevice
                0x80016e14                _CUSBGamePadDevice
                0x80016e98                USBGamePadDeviceRegisterStatusHandler
                0x80016ea0                USBGamePadDeviceGetReport
 .text          0x80016f10      0xd84 build/fs.o
                0x8001700c                readsb
                0x8001726c                iinit
                0x8001729c                ialloc
                0x8001734c                iupdate
                0x800173c8                idup
                0x800173fc                ilock
                0x80017504                iunlock
                0x80017564                iput
                0x800176ac                iunlockput
                0x800176c4                stati
                0x800176ec                readi
                0x800177dc                writei
                0x800178fc                namecmp
                0x80017904                dirlookup
                0x80017b94                dirlink
                0x80017c6c                namei
                0x80017c88                nameiparent
 .text          0x80017c94      0x210 build/uspi_dwhcirootport.o
                0x80017c94                DWHCIRootPort
                0x80017ca0                _DWHCIRootPort
                0x80017cd4                DWHCIRootPortInitialize

.glue_7         0x80017ea4        0x0 load address 0x00017ea4
 .glue_7        0x80017ea4        0x0 linker stubs

.glue_7t        0x80017ea4        0x0 load address 0x00017ea4
 .glue_7t       0x80017ea4        0x0 linker stubs

.vfp11_veneer   0x80017ea4        0x0 load address 0x00017ea4
 .vfp11_veneer  0x80017ea4        0x0 linker stubs

.v4_bx          0x80017ea4        0x0 load address 0x00017ea4
 .v4_bx         0x80017ea4        0x0 linker stubs

.iplt           0x80017ea4        0x0 load address 0x00017ea4
 .iplt          0x80017ea4        0x0 build/entry.o

.rodata         0x80017ea4     0x1ac4 load address 0x00017ea4
 *(.rodata .rodata.*)
 .rodata.str1.4
                0x80017ea4        0x0 build/uspi_string.o
                                  0x1 (size before relaxing)
 .rodata.str1.4
                0x80017ea4       0xe3 build/usb_storagedriver.o
 *fill*         0x80017f87        0x1 
 .rodata.str1.4
                0x80017f88       0x6b build/sysfile.o
 *fill*         0x80017ff3        0x1 
 .rodata        0x80017ff4       0x48 build/uspi_usbmidi.o
 .rodata.str1.4
                0x8001803c       0x24 build/uspi_usbmidi.o
 .rodata        0x80018060        0x7 build/uspi_usbdevice.o
 *fill*         0x80018067        0x1 
 .rodata.str1.4
                0x80018068      0x150 build/uspi_usbdevice.o
 .rodata.str1.4
                0x800181b8       0x77 build/uspi_usbdevicefactory.o
 *fill*         0x8001822f        0x1 
 .rodata        0x80018230       0x11 build/console.o
 *fill*         0x80018241        0x3 
 .rodata.str1.4
                0x80018244       0x5e build/console.o
                                 0x62 (size before relaxing)
 *fill*         0x800182a2        0x2 
 .rodata.str1.4
                0x800182a4       0x60 build/spinlock.o
 .rodata.str1.4
                0x80018304      0x1aa build/trap.o
 *fill*         0x800184ae        0x2 
 .rodata.str1.4
                0x800184b0       0x1c build/uspi_dwhciframeschednper.o
 .rodata.str1.4
                0x800184cc       0xf9 build/main.o
 *fill*         0x800185c5        0x3 
 .rodata.str1.4
                0x800185c8       0x2b build/bio.o
 *fill*         0x800185f3        0x1 
 .rodata        0x800185f4       0x5c build/syscall.o
 .rodata.str1.4
                0x80018650       0x1c build/syscall.o
 .rodata.str1.4
                0x8001866c       0x2f build/uspi_usbconfigparser.o
 *fill*         0x8001869b        0x1 
 .rodata        0x8001869c        0x7 build/uspi_usbstandardhub.o
 *fill*         0x800186a3        0x1 
 .rodata.str1.4
                0x800186a4      0x1c0 build/uspi_usbstandardhub.o
                                0x1e4 (size before relaxing)
 .rodata.str1.4
                0x80018864       0x6e build/memide.o
 .rodata.str1.4
                0x800188d2       0x1c build/uspi_dwhciframeschedper.o
 *fill*         0x800188d2        0x2 
 .rodata        0x800188d4        0x5 build/uspi_usbmassdevice.o
 *fill*         0x800188d9        0x3 
 .rodata.str1.4
                0x800188dc      0x1e5 build/uspi_usbmassdevice.o
                                0x201 (size before relaxing)
 *fill*         0x80018ac1        0x3 
 .rodata        0x80018ac4        0x9 build/uspi_smsc951x.o
 *fill*         0x80018acd        0x3 
 .rodata.str1.4
                0x80018ad0       0x76 build/uspi_smsc951x.o
                                 0x92 (size before relaxing)
 *fill*         0x80018b46        0x2 
 .rodata.str1.4
                0x80018b48       0x33 build/log.o
 *fill*         0x80018b7b        0x1 
 .rodata        0x80018b7c      0x4cc build/uspi_keymap.o
 .rodata.str1.4
                0x80019048       0xce build/uspi_keymap.o
                                 0xde (size before relaxing)
 *fill*         0x80019116        0x2 
 .rodata.str1.4
                0x80019118       0x42 build/file.o
 *fill*         0x8001915a        0x2 
 .rodata        0x8001915c        0x5 build/uspi_library.o
 *fill*         0x80019161        0x3 
 .rodata.str1.4
                0x80019164       0x86 build/uspi_library.o
                                 0x8e (size before relaxing)
 *fill*         0x800191ea        0x2 
 .rodata.str1.4
                0x800191ec      0x16e build/vm.o
 *fill*         0x8001935a        0x2 
 .rodata.str1.4
                0x8001935c      0x122 build/usb.o
 *fill*         0x8001947e        0x2 
 .rodata.str1.4
                0x80019480       0x1e build/uspi_macaddress.o
 *fill*         0x8001949e        0x2 
 .rodata.str1.4
                0x800194a0        0x5 build/pipe.o
 *fill*         0x800194a5        0x3 
 .rodata        0x800194a8        0x7 build/uspi_usbmouse.o
 *fill*         0x800194af        0x1 
 .rodata.str1.4
                0x800194b0       0x25 build/uspi_usbmouse.o
                                 0x59 (size before relaxing)
 *fill*         0x800194d5        0x3 
 .rodata.str1.4
                0x800194d8        0x5 build/kalloc.o
                                  0xd (size before relaxing)
 *fill*         0x800194dd        0x3 
 .rodata        0x800194e0        0x8 build/uspi_lan7800.o
 .rodata.str1.4
                0x800194e8       0x9c build/uspi_lan7800.o
                                 0xea (size before relaxing)
 .rodata        0x80019584       0x14 build/uspi_dwhcidevice.o
 .rodata.str1.4
                0x80019598      0x194 build/uspi_dwhcidevice.o
 .rodata.str1.4
                0x8001972c       0xa9 build/proc.o
                                 0xad (size before relaxing)
 *fill*         0x800197d5        0x3 
 .rodata        0x800197d8        0x7 build/uspi_usbkeyboard.o
 *fill*         0x800197df        0x1 
 .rodata.str1.4
                0x800197e0        0x7 build/uspi_usbkeyboard.o
                                 0x57 (size before relaxing)
 *fill*         0x800197e7        0x1 
 .rodata        0x800197e8        0xd build/uspi_usbgamepad.o
 *fill*         0x800197f5        0x3 
 .rodata.str1.4
                0x800197f8       0x21 build/uspi_usbgamepad.o
                                 0x5f (size before relaxing)
 *fill*         0x80019819        0x3 
 .rodata.str1.4
                0x8001981c       0xb9 build/fs.o
                                 0xc4 (size before relaxing)
 *fill*         0x800198d5        0x3 
 .rodata        0x800198d8        0x7 build/uspi_dwhcirootport.o
 *fill*         0x800198df        0x1 
 .rodata.str1.4
                0x800198e0       0x88 build/uspi_dwhcirootport.o
                                 0x87 (size before relaxing)

.rel.dyn        0x80019968        0x0 load address 0x00019968
 .rel.iplt      0x80019968        0x0 build/entry.o
                0x8001a000                . = ALIGN (0x1000)

.data           0x8001a000    0x80940 load address 0x0001a000
 *(.data)
 .data          0x8001a000    0x80850 build/entry.o
                0x8001a000                font
                0x8001a800                _binary_initcode_start
                0x8001a850                _binary_fs_img_start
                0x8001a850                _binary_initcode_end
                0x8009a850                _binary_fs_img_end
 .data          0x8009a850        0x0 build/exception.o
 .data          0x8009a850        0x0 build/uspienv_delayloop.o
 .data          0x8009a850        0x0 build/uspi_dwhciframeschednsplit.o
 .data          0x8009a850        0x0 build/exec.o
 .data          0x8009a850        0x0 build/uart_pl011.o
 .data          0x8009a850        0x0 build/uspi_string.o
 .data          0x8009a850       0x15 build/usb_storagedriver.o
                0x8009a850                name
 .data          0x8009a865        0x0 build/sysfile.o
 .data          0x8009a865        0x0 build/string.o
 *fill*         0x8009a865        0x3 
 .data          0x8009a868        0x4 build/uspi_usbmidi.o
 .data          0x8009a86c        0x1 build/uspi_usbdevice.o
 .data          0x8009a86d        0x0 build/uspi_usbdevicefactory.o
 *fill*         0x8009a86d        0x3 
 .data          0x8009a870       0x24 build/console.o
                0x8009a874                framewidth
                0x8009a878                frameheight
                0x8009a87c                cursor_x
                0x8009a880                fontheight
                0x8009a884                cursor_y
                0x8009a888                fontwidth
                0x8009a890                framedepth
 .data          0x8009a894        0x0 build/spinlock.o
 .data          0x8009a894        0x4 build/trap.o
                0x8009a894                first_time
 .data          0x8009a898        0x0 build/uspi_dwhciframeschednper.o
 .data          0x8009a898        0x4 build/uspienv_timer.o
 .data          0x8009a89c        0x0 build/main.o
 .data          0x8009a89c        0x0 build/bio.o
 .data          0x8009a89c        0x0 build/syscall.o
 .data          0x8009a89c        0x0 build/uspi_usbendpoint.o
 .data          0x8009a89c        0x0 build/uspi_usbconfigparser.o
 .data          0x8009a89c        0x0 build/mailbox.o
 .data          0x8009a89c        0x0 build/uspi_usbstandardhub.o
 .data          0x8009a89c        0x0 build/memide.o
 .data          0x8009a89c        0x0 build/uspi_dwhciframeschedper.o
 .data          0x8009a89c        0x4 build/uspi_usbmassdevice.o
 .data          0x8009a8a0        0x0 build/mmu.o
 .data          0x8009a8a0        0x4 build/uspi_smsc951x.o
 .data          0x8009a8a4        0x0 build/log.o
 .data          0x8009a8a4        0x0 build/uart.o
 .data          0x8009a8a4        0x0 build/uspi_dwhcixferstagedata.o
 .data          0x8009a8a4        0x0 build/uspi_keymap.o
 .data          0x8009a8a4        0x0 build/file.o
 .data          0x8009a8a4        0x0 build/uspi_usbstring.o
 .data          0x8009a8a4        0x4 build/uspi_library.o
 .data          0x8009a8a8       0x3c build/vm.o
 .data          0x8009a8e4        0x8 build/usb.o
                0x8009a8e4                usb_active
                0x8009a8e8                device_index
 .data          0x8009a8ec        0x0 build/sysproc.o
 .data          0x8009a8ec        0x0 build/uspi_macaddress.o
 .data          0x8009a8ec        0x0 build/pipe.o
 .data          0x8009a8ec        0x0 build/uspi_usbrequest.o
 .data          0x8009a8ec        0x4 build/uspi_synchronize.o
 .data          0x8009a8f0        0x4 build/uspi_usbmouse.o
 .data          0x8009a8f4        0x0 build/kalloc.o
 .data          0x8009a8f4        0x0 build/uspi_util.o
 .data          0x8009a8f4        0x4 build/uspi_lan7800.o
 .data          0x8009a8f8        0x0 build/uspienv_memio.o
 .data          0x8009a8f8        0x0 build/uspi_dwhcidevice.o
 .data          0x8009a8f8        0x0 build/uspi_dwhciregister.o
 .data          0x8009a8f8        0xc build/proc.o
                0x8009a8f8                nextpid
                0x8009a900                first_sched
 .data          0x8009a904        0x4 build/uspi_usbkeyboard.o
 .data          0x8009a908        0x0 build/timer.o
 .data          0x8009a908        0x4 build/uspi_devicenameservice.o
 .data          0x8009a90c       0x34 build/uspi_usbgamepad.o
 .data          0x8009a940        0x0 build/fs.o
 .data          0x8009a940        0x0 build/uspi_dwhcirootport.o
 *.c.o(*)

.igot.plt       0x8009a940        0x0 load address 0x0009a940
 .igot.plt      0x8009a940        0x0 build/entry.o

.bss            0x8009a940     0x5574 load address 0x0009a940
 *(.bss)
 .bss           0x8009a940        0x0 build/entry.o
 .bss           0x8009a940        0x0 build/exception.o
 .bss           0x8009a940        0x0 build/uspienv_delayloop.o
 .bss           0x8009a940        0x0 build/uspi_dwhciframeschednsplit.o
 .bss           0x8009a940        0x0 build/exec.o
 .bss           0x8009a940        0x0 build/uart_pl011.o
 .bss           0x8009a940        0x0 build/uspi_string.o
 .bss           0x8009a940        0x0 build/usb_storagedriver.o
 .bss           0x8009a940        0x0 build/sysfile.o
 .bss           0x8009a940        0x0 build/string.o
 .bss           0x8009a940        0x0 build/uspi_usbmidi.o
 .bss           0x8009a940        0x0 build/uspi_usbdevice.o
 .bss           0x8009a940        0x0 build/uspi_usbdevicefactory.o
 .bss           0x8009a940       0x60 build/console.o
                0x8009a940                fbinfo
 .bss           0x8009a9a0        0x0 build/spinlock.o
 .bss           0x8009a9a0        0x0 build/trap.o
 .bss           0x8009a9a0        0x0 build/uspi_dwhciframeschednper.o
 .bss           0x8009a9a0        0x0 build/uspienv_timer.o
 .bss           0x8009a9a0        0x0 build/main.o
 .bss           0x8009a9a0        0x0 build/bio.o
 .bss           0x8009a9a0        0x0 build/syscall.o
 .bss           0x8009a9a0        0x0 build/uspi_usbendpoint.o
 .bss           0x8009a9a0        0x0 build/uspi_usbconfigparser.o
 .bss           0x8009a9a0        0x0 build/mailbox.o
 .bss           0x8009a9a0        0x0 build/uspi_usbstandardhub.o
 .bss           0x8009a9a0        0x8 build/memide.o
 .bss           0x8009a9a8        0x0 build/uspi_dwhciframeschedper.o
 .bss           0x8009a9a8        0x0 build/uspi_usbmassdevice.o
 .bss           0x8009a9a8        0x0 build/mmu.o
 .bss           0x8009a9a8        0x0 build/uspi_smsc951x.o
 .bss           0x8009a9a8        0x0 build/log.o
 .bss           0x8009a9a8        0xc build/uart.o
 .bss           0x8009a9b4        0x0 build/uspi_dwhcixferstagedata.o
 .bss           0x8009a9b4        0x0 build/uspi_keymap.o
 .bss           0x8009a9b4        0x0 build/file.o
 .bss           0x8009a9b4        0x0 build/uspi_usbstring.o
 .bss           0x8009a9b4        0x0 build/uspi_library.o
 .bss           0x8009a9b4        0x0 build/vm.o
 .bss           0x8009a9b4      0x158 build/usb.o
 .bss           0x8009ab0c        0x0 build/sysproc.o
 .bss           0x8009ab0c        0x0 build/uspi_macaddress.o
 .bss           0x8009ab0c        0x0 build/pipe.o
 .bss           0x8009ab0c        0x0 build/uspi_usbrequest.o
 .bss           0x8009ab0c        0x4 build/uspi_synchronize.o
 .bss           0x8009ab10        0x0 build/uspi_usbmouse.o
 .bss           0x8009ab10        0x0 build/kalloc.o
 .bss           0x8009ab10        0x0 build/uspi_util.o
 .bss           0x8009ab10        0x0 build/uspi_lan7800.o
 .bss           0x8009ab10        0x0 build/uspienv_memio.o
 .bss           0x8009ab10        0x0 build/uspi_dwhcidevice.o
 .bss           0x8009ab10        0x0 build/uspi_dwhciregister.o
 .bss           0x8009ab10        0x4 build/proc.o
 .bss           0x8009ab14        0x0 build/uspi_usbkeyboard.o
 .bss           0x8009ab14        0x0 build/timer.o
 .bss           0x8009ab14        0x0 build/uspi_devicenameservice.o
 .bss           0x8009ab14        0x0 build/uspi_usbgamepad.o
 .bss           0x8009ab14        0x0 build/fs.o
 .bss           0x8009ab14        0x0 build/uspi_dwhcirootport.o
 COMMON         0x8009ab14       0xe0 build/exec.o
                0x8009ab14                cpus
 COMMON         0x8009abf4        0x4 build/uart_pl011.o
                0x8009abf4                uart_lock
 COMMON         0x8009abf8       0xa0 build/usb_storagedriver.o
                0x8009abf8                device_handler
 COMMON         0x8009ac98       0xc0 build/console.o
                0x8009ac98                input
 COMMON         0x8009ad58       0x50 build/trap.o
                0x8009ad58                pUSBParam
                0x8009ad5c                pUSBTimerParam
                0x8009ad60                nUSBTimerIRQ
                0x8009ad64                tickslock
                0x8009ad98                pUSBTimerHandler
                0x8009ad9c                ticks
                0x8009ada0                pUSBHandler
                0x8009ada4                nUSBIRQ
 COMMON         0x8009ada8       0x28 build/main.o
                0x8009ada8                mb_data
 COMMON         0x8009add0     0x173c build/bio.o
                0x8009add0                bcache
 COMMON         0x8009c50c        0x4 build/mailbox.o
                0x8009c50c                mailbuffer
 COMMON         0x8009c510        0x4 build/mmu.o
                0x8009c510                pm_size
 COMMON         0x8009c514       0x70 build/log.o
                0x8009c514                log
 COMMON         0x8009c584        0x4 build/uart.o
                0x8009c584                uart_disabled
 COMMON         0x8009c588      0x9e4 build/file.o
                0x8009c588                ftable
                0x8009cf1c                devsw
 COMMON         0x8009cf6c        0x4 build/vm.o
                0x8009cf6c                kpgdir
 COMMON         0x8009cf70       0x3c build/kalloc.o
                0x8009cf70                kmem
 COMMON         0x8009cfac     0x1f34 build/proc.o
                0x8009cfac                ptable
 COMMON         0x8009eee0      0xfd4 build/fs.o
                0x8009eee0                icache
                0x8009feb4                PROVIDE (end = .)

/DISCARD/
 *(.eh_frame .note.GNU-stack)
OUTPUT(build/kernel.elf elf32-littlearm)

.ARM.attributes
                0x00000000       0x35
 .ARM.attributes
                0x00000000       0x25 build/entry.o
 .ARM.attributes
                0x00000025       0x25 build/exception.o
 .ARM.attributes
                0x0000004a       0x25 build/uspienv_delayloop.o
 .ARM.attributes
                0x0000006f       0x39 build/uspi_dwhciframeschednsplit.o
 .ARM.attributes
                0x000000a8       0x39 build/exec.o
 .ARM.attributes
                0x000000e1       0x39 build/uart_pl011.o
 .ARM.attributes
                0x0000011a       0x39 build/uspi_string.o
 .ARM.attributes
                0x00000153       0x39 build/usb_storagedriver.o
 .ARM.attributes
                0x0000018c       0x39 build/sysfile.o
 .ARM.attributes
                0x000001c5       0x39 build/string.o
 .ARM.attributes
                0x000001fe       0x39 build/uspi_usbmidi.o
 .ARM.attributes
                0x00000237       0x39 build/uspi_usbdevice.o
 .ARM.attributes
                0x00000270       0x39 build/uspi_usbdevicefactory.o
 .ARM.attributes
                0x000002a9       0x39 build/console.o
 .ARM.attributes
                0x000002e2       0x39 build/spinlock.o
 .ARM.attributes
                0x0000031b       0x39 build/trap.o
 .ARM.attributes
                0x00000354       0x39 build/uspi_dwhciframeschednper.o
 .ARM.attributes
                0x0000038d       0x39 build/uspienv_timer.o
 .ARM.attributes
                0x000003c6       0x39 build/main.o
 .ARM.attributes
                0x000003ff       0x39 build/bio.o
 .ARM.attributes
                0x00000438       0x39 build/syscall.o
 .ARM.attributes
                0x00000471       0x39 build/uspi_usbendpoint.o
 .ARM.attributes
                0x000004aa       0x39 build/uspi_usbconfigparser.o
 .ARM.attributes
                0x000004e3       0x39 build/mailbox.o
 .ARM.attributes
                0x0000051c       0x39 build/uspi_usbstandardhub.o
 .ARM.attributes
                0x00000555       0x39 build/memide.o
 .ARM.attributes
                0x0000058e       0x39 build/uspi_dwhciframeschedper.o
 .ARM.attributes
                0x000005c7       0x39 build/uspi_usbmassdevice.o
 .ARM.attributes
                0x00000600       0x39 build/mmu.o
 .ARM.attributes
                0x00000639       0x39 build/uspi_smsc951x.o
 .ARM.attributes
                0x00000672       0x39 build/log.o
 .ARM.attributes
                0x000006ab       0x39 build/uart.o
 .ARM.attributes
                0x000006e4       0x39 build/uspi_dwhcixferstagedata.o
 .ARM.attributes
                0x0000071d       0x39 build/uspi_keymap.o
 .ARM.attributes
                0x00000756       0x39 build/file.o
 .ARM.attributes
                0x0000078f       0x39 build/uspi_usbstring.o
 .ARM.attributes
                0x000007c8       0x39 build/uspi_library.o
 .ARM.attributes
                0x00000801       0x39 build/vm.o
 .ARM.attributes
                0x0000083a       0x39 build/usb.o
 .ARM.attributes
                0x00000873       0x39 build/sysproc.o
 .ARM.attributes
                0x000008ac       0x39 build/uspi_macaddress.o
 .ARM.attributes
                0x000008e5       0x39 build/pipe.o
 .ARM.attributes
                0x0000091e       0x39 build/uspi_usbrequest.o
 .ARM.attributes
                0x00000957       0x39 build/uspi_synchronize.o
 .ARM.attributes
                0x00000990       0x39 build/uspi_usbmouse.o
 .ARM.attributes
                0x000009c9       0x39 build/kalloc.o
 .ARM.attributes
                0x00000a02       0x39 build/uspi_util.o
 .ARM.attributes
                0x00000a3b       0x39 build/uspi_lan7800.o
 .ARM.attributes
                0x00000a74       0x39 build/uspienv_memio.o
 .ARM.attributes
                0x00000aad       0x39 build/uspi_dwhcidevice.o
 .ARM.attributes
                0x00000ae6       0x39 build/uspi_dwhciregister.o
 .ARM.attributes
                0x00000b1f       0x39 build/proc.o
 .ARM.attributes
                0x00000b58       0x39 build/uspi_usbkeyboard.o
 .ARM.attributes
                0x00000b91       0x39 build/timer.o
 .ARM.attributes
                0x00000bca       0x39 build/uspi_devicenameservice.o
 .ARM.attributes
                0x00000c03       0x39 build/uspi_usbgamepad.o
 .ARM.attributes
                0x00000c3c       0x39 build/fs.o
 .ARM.attributes
                0x00000c75       0x39 build/uspi_dwhcirootport.o

.comment        0x00000000       0x23
 .comment       0x00000000       0x23 build/uspi_dwhciframeschednsplit.o
                                 0x24 (size before relaxing)
 .comment       0x00000023       0x24 build/exec.o
 .comment       0x00000023       0x24 build/uart_pl011.o
 .comment       0x00000023       0x24 build/uspi_string.o
 .comment       0x00000023       0x24 build/usb_storagedriver.o
 .comment       0x00000023       0x24 build/sysfile.o
 .comment       0x00000023       0x24 build/string.o
 .comment       0x00000023       0x24 build/uspi_usbmidi.o
 .comment       0x00000023       0x24 build/uspi_usbdevice.o
 .comment       0x00000023       0x24 build/uspi_usbdevicefactory.o
 .comment       0x00000023       0x24 build/console.o
 .comment       0x00000023       0x24 build/spinlock.o
 .comment       0x00000023       0x24 build/trap.o
 .comment       0x00000023       0x24 build/uspi_dwhciframeschednper.o
 .comment       0x00000023       0x24 build/uspienv_timer.o
 .comment       0x00000023       0x24 build/main.o
 .comment       0x00000023       0x24 build/bio.o
 .comment       0x00000023       0x24 build/syscall.o
 .comment       0x00000023       0x24 build/uspi_usbendpoint.o
 .comment       0x00000023       0x24 build/uspi_usbconfigparser.o
 .comment       0x00000023       0x24 build/mailbox.o
 .comment       0x00000023       0x24 build/uspi_usbstandardhub.o
 .comment       0x00000023       0x24 build/memide.o
 .comment       0x00000023       0x24 build/uspi_dwhciframeschedper.o
 .comment       0x00000023       0x24 build/uspi_usbmassdevice.o
 .comment       0x00000023       0x24 build/mmu.o
 .comment       0x00000023       0x24 build/uspi_smsc951x.o
 .comment       0x00000023       0x24 build/log.o
 .comment       0x00000023       0x24 build/uart.o
 .comment       0x00000023       0x24 build/uspi_dwhcixferstagedata.o
 .comment       0x00000023       0x24 build/uspi_keymap.o
 .comment       0x00000023       0x24 build/file.o
 .comment       0x00000023       0x24 build/uspi_usbstring.o
 .comment       0x00000023       0x24 build/uspi_library.o
 .comment       0x00000023       0x24 build/vm.o
 .comment       0x00000023       0x24 build/usb.o
 .comment       0x00000023       0x24 build/sysproc.o
 .comment       0x00000023       0x24 build/uspi_macaddress.o
 .comment       0x00000023       0x24 build/pipe.o
 .comment       0x00000023       0x24 build/uspi_usbrequest.o
 .comment       0x00000023       0x24 build/uspi_synchronize.o
 .comment       0x00000023       0x24 build/uspi_usbmouse.o
 .comment       0x00000023       0x24 build/kalloc.o
 .comment       0x00000023       0x24 build/uspi_util.o
 .comment       0x00000023       0x24 build/uspi_lan7800.o
 .comment       0x00000023       0x24 build/uspienv_memio.o
 .comment       0x00000023       0x24 build/uspi_dwhcidevice.o
 .comment       0x00000023       0x24 build/uspi_dwhciregister.o
 .comment       0x00000023       0x24 build/proc.o
 .comment       0x00000023       0x24 build/uspi_usbkeyboard.o
 .comment       0x00000023       0x24 build/timer.o
 .comment       0x00000023       0x24 build/uspi_devicenameservice.o
 .comment       0x00000023       0x24 build/uspi_usbgamepad.o
 .comment       0x00000023       0x24 build/fs.o
 .comment       0x00000023       0x24 build/uspi_dwhcirootport.o

.debug_line     0x00000000     0xed43
 .debug_line    0x00000000       0xfb build/entry.o
 .debug_line    0x000000fb       0xdd build/exception.o
 .debug_line    0x000001d8       0x4c build/uspienv_delayloop.o
 .debug_line    0x00000224      0x19a build/uspi_dwhciframeschednsplit.o
 .debug_line    0x000003be      0x274 build/exec.o
 .debug_line    0x00000632      0x10f build/uart_pl011.o
 .debug_line    0x00000741      0xaf0 build/uspi_string.o
 .debug_line    0x00001231      0x3f6 build/usb_storagedriver.o
 .debug_line    0x00001627      0x896 build/sysfile.o
 .debug_line    0x00001ebd      0x31d build/string.o
 .debug_line    0x000021da      0x3b0 build/uspi_usbmidi.o
 .debug_line    0x0000258a      0x66f build/uspi_usbdevice.o
 .debug_line    0x00002bf9      0x35e build/uspi_usbdevicefactory.o
 .debug_line    0x00002f57      0x9fb build/console.o
 .debug_line    0x00003952      0x1b7 build/spinlock.o
 .debug_line    0x00003b09      0x480 build/trap.o
 .debug_line    0x00003f89      0x22f build/uspi_dwhciframeschednper.o
 .debug_line    0x000041b8      0x43f build/uspienv_timer.o
 .debug_line    0x000045f7      0x1c0 build/main.o
 .debug_line    0x000047b7      0x279 build/bio.o
 .debug_line    0x00004a30      0x297 build/syscall.o
 .debug_line    0x00004cc7      0x324 build/uspi_usbendpoint.o
 .debug_line    0x00004feb      0x278 build/uspi_usbconfigparser.o
 .debug_line    0x00005263      0x235 build/mailbox.o
 .debug_line    0x00005498      0x788 build/uspi_usbstandardhub.o
 .debug_line    0x00005c20      0x132 build/memide.o
 .debug_line    0x00005d52      0x2f5 build/uspi_dwhciframeschedper.o
 .debug_line    0x00006047      0x893 build/uspi_usbmassdevice.o
 .debug_line    0x000068da      0x1ea build/mmu.o
 .debug_line    0x00006ac4      0x4de build/uspi_smsc951x.o
 .debug_line    0x00006fa2      0x2f4 build/log.o
 .debug_line    0x00007296      0x59f build/uart.o
 .debug_line    0x00007835      0x686 build/uspi_dwhcixferstagedata.o
 .debug_line    0x00007ebb      0x2e0 build/uspi_keymap.o
 .debug_line    0x0000819b      0x2be build/file.o
 .debug_line    0x00008459      0x436 build/uspi_usbstring.o
 .debug_line    0x0000888f      0x774 build/uspi_library.o
 .debug_line    0x00009003      0x772 build/vm.o
 .debug_line    0x00009775      0x34e build/usb.o
 .debug_line    0x00009ac3      0x1a2 build/sysproc.o
 .debug_line    0x00009c65      0x181 build/uspi_macaddress.o
 .debug_line    0x00009de6      0x2e7 build/pipe.o
 .debug_line    0x0000a0cd      0x1ca build/uspi_usbrequest.o
 .debug_line    0x0000a297       0xd3 build/uspi_synchronize.o
 .debug_line    0x0000a36a      0x3b8 build/uspi_usbmouse.o
 .debug_line    0x0000a722      0x25c build/kalloc.o
 .debug_line    0x0000a97e      0x250 build/uspi_util.o
 .debug_line    0x0000abce      0x808 build/uspi_lan7800.o
 .debug_line    0x0000b3d6       0x76 build/uspienv_memio.o
 .debug_line    0x0000b44c      0xf05 build/uspi_dwhcidevice.o
 .debug_line    0x0000c351      0x19f build/uspi_dwhciregister.o
 .debug_line    0x0000c4f0      0x784 build/proc.o
 .debug_line    0x0000cc74      0x4fb build/uspi_usbkeyboard.o
 .debug_line    0x0000d16f      0x1e2 build/timer.o
 .debug_line    0x0000d351      0x1b0 build/uspi_devicenameservice.o
 .debug_line    0x0000d501      0xa02 build/uspi_usbgamepad.o
 .debug_line    0x0000df03      0xb9d build/fs.o
 .debug_line    0x0000eaa0      0x2a3 build/uspi_dwhcirootport.o

.debug_info     0x00000000    0x303a9
 .debug_info    0x00000000       0x22 build/entry.o
 .debug_info    0x00000022       0x26 build/exception.o
 .debug_info    0x00000048       0x26 build/uspienv_delayloop.o
 .debug_info    0x0000006e      0x3bf build/uspi_dwhciframeschednsplit.o
 .debug_info    0x0000042d      0x93c build/exec.o
 .debug_info    0x00000d69       0xc8 build/uart_pl011.o
 .debug_info    0x00000e31     0x1574 build/uspi_string.o
 .debug_info    0x000023a5      0x789 build/usb_storagedriver.o
 .debug_info    0x00002b2e     0x1801 build/sysfile.o
 .debug_info    0x0000432f      0x5c8 build/string.o
 .debug_info    0x000048f7     0x1272 build/uspi_usbmidi.o
 .debug_info    0x00005b69     0x16c6 build/uspi_usbdevice.o
 .debug_info    0x0000722f     0x1847 build/uspi_usbdevicefactory.o
 .debug_info    0x00008a76     0x15a7 build/console.o
 .debug_info    0x0000a01d      0x73e build/spinlock.o
 .debug_info    0x0000a75b      0xc3c build/trap.o
 .debug_info    0x0000b397      0x421 build/uspi_dwhciframeschednper.o
 .debug_info    0x0000b7b8      0x8de build/uspienv_timer.o
 .debug_info    0x0000c096      0xc29 build/main.o
 .debug_info    0x0000ccbf      0x4af build/bio.o
 .debug_info    0x0000d16e      0x7b7 build/syscall.o
 .debug_info    0x0000d925      0xad5 build/uspi_usbendpoint.o
 .debug_info    0x0000e3fa      0x61c build/uspi_usbconfigparser.o
 .debug_info    0x0000ea16      0x9a9 build/mailbox.o
 .debug_info    0x0000f3bf     0x1b0e build/uspi_usbstandardhub.o
 .debug_info    0x00010ecd      0x68b build/memide.o
 .debug_info    0x00011558      0x571 build/uspi_dwhciframeschedper.o
 .debug_info    0x00011ac9     0x23e4 build/uspi_usbmassdevice.o
 .debug_info    0x00013ead      0x1a1 build/mmu.o
 .debug_info    0x0001404e     0x1677 build/uspi_smsc951x.o
 .debug_info    0x000156c5      0x6ee build/log.o
 .debug_info    0x00015db3      0xe29 build/uart.o
 .debug_info    0x00016bdc     0x15a7 build/uspi_dwhcixferstagedata.o
 .debug_info    0x00018183      0x5f7 build/uspi_keymap.o
 .debug_info    0x0001877a      0x84a build/file.o
 .debug_info    0x00018fc4     0x108d build/uspi_usbstring.o
 .debug_info    0x0001a051     0x1f4c build/uspi_library.o
 .debug_info    0x0001bf9d     0x1513 build/vm.o
 .debug_info    0x0001d4b0      0xbb9 build/usb.o
 .debug_info    0x0001e069      0x683 build/sysproc.o
 .debug_info    0x0001e6ec      0x498 build/uspi_macaddress.o
 .debug_info    0x0001eb84      0x93a build/pipe.o
 .debug_info    0x0001f4be      0xb33 build/uspi_usbrequest.o
 .debug_info    0x0001fff1      0x123 build/uspi_synchronize.o
 .debug_info    0x00020114     0x12d4 build/uspi_usbmouse.o
 .debug_info    0x000213e8      0x44b build/kalloc.o
 .debug_info    0x00021833      0x43d build/uspi_util.o
 .debug_info    0x00021c70     0x1ffd build/uspi_lan7800.o
 .debug_info    0x00023c6d       0xcf build/uspienv_memio.o
 .debug_info    0x00023d3c     0x47ab build/uspi_dwhcidevice.o
 .debug_info    0x000284e7      0x386 build/uspi_dwhciregister.o
 .debug_info    0x0002886d      0xf32 build/proc.o
 .debug_info    0x0002979f     0x1918 build/uspi_usbkeyboard.o
 .debug_info    0x0002b0b7      0x7f8 build/timer.o
 .debug_info    0x0002b8af      0x331 build/uspi_devicenameservice.o
 .debug_info    0x0002bbe0     0x1ad2 build/uspi_usbgamepad.o
 .debug_info    0x0002d6b2     0x1e3e build/fs.o
 .debug_info    0x0002f4f0      0xeb9 build/uspi_dwhcirootport.o

.debug_abbrev   0x00000000     0x832b
 .debug_abbrev  0x00000000       0x12 build/entry.o
 .debug_abbrev  0x00000012       0x14 build/exception.o
 .debug_abbrev  0x00000026       0x14 build/uspienv_delayloop.o
 .debug_abbrev  0x0000003a      0x1ae build/uspi_dwhciframeschednsplit.o
 .debug_abbrev  0x000001e8      0x1be build/exec.o
 .debug_abbrev  0x000003a6       0xbc build/uart_pl011.o
 .debug_abbrev  0x00000462      0x34d build/uspi_string.o
 .debug_abbrev  0x000007af      0x220 build/usb_storagedriver.o
 .debug_abbrev  0x000009cf      0x325 build/sysfile.o
 .debug_abbrev  0x00000cf4      0x1a9 build/string.o
 .debug_abbrev  0x00000e9d      0x267 build/uspi_usbmidi.o
 .debug_abbrev  0x00001104      0x2fa build/uspi_usbdevice.o
 .debug_abbrev  0x000013fe      0x1d7 build/uspi_usbdevicefactory.o
 .debug_abbrev  0x000015d5      0x487 build/console.o
 .debug_abbrev  0x00001a5c      0x24b build/spinlock.o
 .debug_abbrev  0x00001ca7      0x282 build/trap.o
 .debug_abbrev  0x00001f29      0x1ed build/uspi_dwhciframeschednper.o
 .debug_abbrev  0x00002116      0x313 build/uspienv_timer.o
 .debug_abbrev  0x00002429      0x217 build/main.o
 .debug_abbrev  0x00002640      0x23a build/bio.o
 .debug_abbrev  0x0000287a      0x2a1 build/syscall.o
 .debug_abbrev  0x00002b1b      0x1a8 build/uspi_usbendpoint.o
 .debug_abbrev  0x00002cc3      0x176 build/uspi_usbconfigparser.o
 .debug_abbrev  0x00002e39      0x2aa build/mailbox.o
 .debug_abbrev  0x000030e3      0x256 build/uspi_usbstandardhub.o
 .debug_abbrev  0x00003339      0x1e9 build/memide.o
 .debug_abbrev  0x00003522      0x23d build/uspi_dwhciframeschedper.o
 .debug_abbrev  0x0000375f      0x350 build/uspi_usbmassdevice.o
 .debug_abbrev  0x00003aaf       0xe1 build/mmu.o
 .debug_abbrev  0x00003b90      0x248 build/uspi_smsc951x.o
 .debug_abbrev  0x00003dd8      0x21e build/log.o
 .debug_abbrev  0x00003ff6      0x2d8 build/uart.o
 .debug_abbrev  0x000042ce      0x301 build/uspi_dwhcixferstagedata.o
 .debug_abbrev  0x000045cf      0x1e2 build/uspi_keymap.o
 .debug_abbrev  0x000047b1      0x215 build/file.o
 .debug_abbrev  0x000049c6      0x216 build/uspi_usbstring.o
 .debug_abbrev  0x00004bdc      0x313 build/uspi_library.o
 .debug_abbrev  0x00004eef      0x425 build/vm.o
 .debug_abbrev  0x00005314      0x38d build/usb.o
 .debug_abbrev  0x000056a1      0x197 build/sysproc.o
 .debug_abbrev  0x00005838      0x1e1 build/uspi_macaddress.o
 .debug_abbrev  0x00005a19      0x229 build/pipe.o
 .debug_abbrev  0x00005c42      0x18f build/uspi_usbrequest.o
 .debug_abbrev  0x00005dd1       0xd8 build/uspi_synchronize.o
 .debug_abbrev  0x00005ea9      0x255 build/uspi_usbmouse.o
 .debug_abbrev  0x000060fe      0x26b build/kalloc.o
 .debug_abbrev  0x00006369       0xfe build/uspi_util.o
 .debug_abbrev  0x00006467      0x2dd build/uspi_lan7800.o
 .debug_abbrev  0x00006744       0x96 build/uspienv_memio.o
 .debug_abbrev  0x000067da      0x422 build/uspi_dwhcidevice.o
 .debug_abbrev  0x00006bfc       0xff build/uspi_dwhciregister.o
 .debug_abbrev  0x00006cfb      0x3fa build/proc.o
 .debug_abbrev  0x000070f5      0x3a7 build/uspi_usbkeyboard.o
 .debug_abbrev  0x0000749c      0x285 build/timer.o
 .debug_abbrev  0x00007721      0x170 build/uspi_devicenameservice.o
 .debug_abbrev  0x00007891      0x3e2 build/uspi_usbgamepad.o
 .debug_abbrev  0x00007c73      0x4da build/fs.o
 .debug_abbrev  0x0000814d      0x1de build/uspi_dwhcirootport.o

.debug_aranges  0x00000000      0x748
 .debug_aranges
                0x00000000       0x28 build/entry.o
 .debug_aranges
                0x00000028       0x20 build/exception.o
 .debug_aranges
                0x00000048       0x20 build/uspienv_delayloop.o
 .debug_aranges
                0x00000068       0x20 build/uspi_dwhciframeschednsplit.o
 .debug_aranges
                0x00000088       0x20 build/exec.o
 .debug_aranges
                0x000000a8       0x20 build/uart_pl011.o
 .debug_aranges
                0x000000c8       0x20 build/uspi_string.o
 .debug_aranges
                0x000000e8       0x20 build/usb_storagedriver.o
 .debug_aranges
                0x00000108       0x20 build/sysfile.o
 .debug_aranges
                0x00000128       0x20 build/string.o
 .debug_aranges
                0x00000148       0x20 build/uspi_usbmidi.o
 .debug_aranges
                0x00000168       0x20 build/uspi_usbdevice.o
 .debug_aranges
                0x00000188       0x20 build/uspi_usbdevicefactory.o
 .debug_aranges
                0x000001a8       0x20 build/console.o
 .debug_aranges
                0x000001c8       0x20 build/spinlock.o
 .debug_aranges
                0x000001e8       0x20 build/trap.o
 .debug_aranges
                0x00000208       0x20 build/uspi_dwhciframeschednper.o
 .debug_aranges
                0x00000228       0x20 build/uspienv_timer.o
 .debug_aranges
                0x00000248       0x20 build/main.o
 .debug_aranges
                0x00000268       0x20 build/bio.o
 .debug_aranges
                0x00000288       0x20 build/syscall.o
 .debug_aranges
                0x000002a8       0x20 build/uspi_usbendpoint.o
 .debug_aranges
                0x000002c8       0x20 build/uspi_usbconfigparser.o
 .debug_aranges
                0x000002e8       0x20 build/mailbox.o
 .debug_aranges
                0x00000308       0x20 build/uspi_usbstandardhub.o
 .debug_aranges
                0x00000328       0x20 build/memide.o
 .debug_aranges
                0x00000348       0x20 build/uspi_dwhciframeschedper.o
 .debug_aranges
                0x00000368       0x20 build/uspi_usbmassdevice.o
 .debug_aranges
                0x00000388       0x20 build/mmu.o
 .debug_aranges
                0x000003a8       0x20 build/uspi_smsc951x.o
 .debug_aranges
                0x000003c8       0x20 build/log.o
 .debug_aranges
                0x000003e8       0x20 build/uart.o
 .debug_aranges
                0x00000408       0x20 build/uspi_dwhcixferstagedata.o
 .debug_aranges
                0x00000428       0x20 build/uspi_keymap.o
 .debug_aranges
                0x00000448       0x20 build/file.o
 .debug_aranges
                0x00000468       0x20 build/uspi_usbstring.o
 .debug_aranges
                0x00000488       0x20 build/uspi_library.o
 .debug_aranges
                0x000004a8       0x20 build/vm.o
 .debug_aranges
                0x000004c8       0x20 build/usb.o
 .debug_aranges
                0x000004e8       0x20 build/sysproc.o
 .debug_aranges
                0x00000508       0x20 build/uspi_macaddress.o
 .debug_aranges
                0x00000528       0x20 build/pipe.o
 .debug_aranges
                0x00000548       0x20 build/uspi_usbrequest.o
 .debug_aranges
                0x00000568       0x20 build/uspi_synchronize.o
 .debug_aranges
                0x00000588       0x20 build/uspi_usbmouse.o
 .debug_aranges
                0x000005a8       0x20 build/kalloc.o
 .debug_aranges
                0x000005c8       0x20 build/uspi_util.o
 .debug_aranges
                0x000005e8       0x20 build/uspi_lan7800.o
 .debug_aranges
                0x00000608       0x20 build/uspienv_memio.o
 .debug_aranges
                0x00000628       0x20 build/uspi_dwhcidevice.o
 .debug_aranges
                0x00000648       0x20 build/uspi_dwhciregister.o
 .debug_aranges
                0x00000668       0x20 build/proc.o
 .debug_aranges
                0x00000688       0x20 build/uspi_usbkeyboard.o
 .debug_aranges
                0x000006a8       0x20 build/timer.o
 .debug_aranges
                0x000006c8       0x20 build/uspi_devicenameservice.o
 .debug_aranges
                0x000006e8       0x20 build/uspi_usbgamepad.o
 .debug_aranges
                0x00000708       0x20 build/fs.o
 .debug_aranges
                0x00000728       0x20 build/uspi_dwhcirootport.o

.debug_str      0x00000000     0x5137
 .debug_str     0x00000000       0x2a build/entry.o
 .debug_str     0x0000002a       0x13 build/exception.o
                                 0x2e (size before relaxing)
 .debug_str     0x0000003d       0x1b build/uspienv_delayloop.o
                                 0x36 (size before relaxing)
 .debug_str     0x00000058      0x2e5 build/uspi_dwhciframeschednsplit.o
                                0x3b3 (size before relaxing)
 .debug_str     0x0000033d      0x1e2 build/exec.o
                                0x33d (size before relaxing)
 .debug_str     0x0000051f       0x45 build/uart_pl011.o
                                0x171 (size before relaxing)
 .debug_str     0x00000564      0x1d3 build/uspi_string.o
                                0x368 (size before relaxing)
 .debug_str     0x00000737      0x1d2 build/usb_storagedriver.o
                                0x37e (size before relaxing)
 .debug_str     0x00000909      0x1a5 build/sysfile.o
                                0x485 (size before relaxing)
 .debug_str     0x00000aae       0x30 build/string.o
                                0x177 (size before relaxing)
 .debug_str     0x00000ade      0xa22 build/uspi_usbmidi.o
                                0xccc (size before relaxing)
 .debug_str     0x00001500      0x2fc build/uspi_usbdevice.o
                                0xdc7 (size before relaxing)
 .debug_str     0x000017fc      0x42a build/uspi_usbdevicefactory.o
                                0xf57 (size before relaxing)
 .debug_str     0x00001c26      0x1d5 build/console.o
                                0x4cb (size before relaxing)
 .debug_str     0x00001dfb       0x32 build/spinlock.o
                                0x274 (size before relaxing)
 .debug_str     0x00001e2d      0x1cd build/trap.o
                                0x41d (size before relaxing)
 .debug_str     0x00001ffa      0x1ad build/uspi_dwhciframeschednper.o
                                0x3fc (size before relaxing)
 .debug_str     0x000021a7      0x243 build/uspienv_timer.o
                                0x3d3 (size before relaxing)
 .debug_str     0x000023ea       0xd6 build/main.o
                                0x408 (size before relaxing)
 .debug_str     0x000024c0       0x4a build/bio.o
                                0x1e0 (size before relaxing)
 .debug_str     0x0000250a       0x1a build/syscall.o
                                0x266 (size before relaxing)
 .debug_str     0x00002524       0xf1 build/uspi_usbendpoint.o
                                0x868 (size before relaxing)
 .debug_str     0x00002615       0x6b build/uspi_usbconfigparser.o
                                0x52c (size before relaxing)
 .debug_str     0x00002680       0x5c build/mailbox.o
                                0x347 (size before relaxing)
 .debug_str     0x000026dc      0x107 build/uspi_usbstandardhub.o
                                0xdd7 (size before relaxing)
 .debug_str     0x000027e3       0x57 build/memide.o
                                0x2a6 (size before relaxing)
 .debug_str     0x0000283a      0x127 build/uspi_dwhciframeschedper.o
                                0x458 (size before relaxing)
 .debug_str     0x00002961      0x590 build/uspi_usbmassdevice.o
                               0x12e2 (size before relaxing)
 .debug_str     0x00002ef1       0x2a build/mmu.o
                                0x176 (size before relaxing)
 .debug_str     0x00002f1b      0x195 build/uspi_smsc951x.o
                                0xd9d (size before relaxing)
 .debug_str     0x000030b0       0x98 build/log.o
                                0x27f (size before relaxing)
 .debug_str     0x00003148       0x7a build/uart.o
                                0x281 (size before relaxing)
 .debug_str     0x000031c2      0x55b build/uspi_dwhcixferstagedata.o
                               0x10b3 (size before relaxing)
 .debug_str     0x0000371d      0x405 build/uspi_keymap.o
                                0x5c6 (size before relaxing)
 .debug_str     0x00003b22       0x38 build/file.o
                                0x2c1 (size before relaxing)
 .debug_str     0x00003b5a       0x50 build/uspi_usbstring.o
                                0xaf7 (size before relaxing)
 .debug_str     0x00003baa      0x4a9 build/uspi_library.o
                               0x1656 (size before relaxing)
 .debug_str     0x00004053       0xc6 build/vm.o
                                0x39c (size before relaxing)
 .debug_str     0x00004119       0x82 build/usb.o
                                0x519 (size before relaxing)
 .debug_str     0x0000419b       0x75 build/sysproc.o
                                0x2ad (size before relaxing)
 .debug_str     0x00004210       0xa3 build/uspi_macaddress.o
                                0x2b4 (size before relaxing)
 .debug_str     0x000042b3       0x2e build/pipe.o
                                0x337 (size before relaxing)
 .debug_str     0x000042e1       0x6d build/uspi_usbrequest.o
                                0x907 (size before relaxing)
 .debug_str     0x0000434e       0x67 build/uspi_synchronize.o
                                0x1de (size before relaxing)
 .debug_str     0x000043b5       0x94 build/uspi_usbmouse.o
                                0xcff (size before relaxing)
 .debug_str     0x00004449       0x3d build/kalloc.o
                                0x1c6 (size before relaxing)
 .debug_str     0x00004486       0x69 build/uspi_util.o
                                0x266 (size before relaxing)
 .debug_str     0x000044ef      0x166 build/uspi_lan7800.o
                                0xe78 (size before relaxing)
 .debug_str     0x00004655       0x17 build/uspienv_memio.o
                                0x16e (size before relaxing)
 .debug_str     0x0000466c      0x5be build/uspi_dwhcidevice.o
                               0x18a7 (size before relaxing)
 .debug_str     0x00004c2a       0x61 build/uspi_dwhciregister.o
                                0x2b2 (size before relaxing)
 .debug_str     0x00004c8b       0xbf build/proc.o
                                0x3eb (size before relaxing)
 .debug_str     0x00004d4a      0x152 build/uspi_usbkeyboard.o
                               0x12cc (size before relaxing)
 .debug_str     0x00004e9c       0x3c build/timer.o
                                0x2e2 (size before relaxing)
 .debug_str     0x00004ed8       0x20 build/uspi_devicenameservice.o
                                0x269 (size before relaxing)
 .debug_str     0x00004ef8      0x1c3 build/uspi_usbgamepad.o
                                0xf4f (size before relaxing)
 .debug_str     0x000050bb       0x52 build/fs.o
                                0x41b (size before relaxing)
 .debug_str     0x0000510d       0x2a build/uspi_dwhcirootport.o
                                0xade (size before relaxing)

.debug_ranges   0x00000000     0x10c0
 .debug_ranges  0x00000000       0x20 build/entry.o
 .debug_ranges  0x00000020      0x1b8 build/uspi_string.o
 .debug_ranges  0x000001d8       0x18 build/usb_storagedriver.o
 .debug_ranges  0x000001f0       0x98 build/sysfile.o
 .debug_ranges  0x00000288       0x20 build/string.o
 .debug_ranges  0x000002a8       0x58 build/uspi_usbmidi.o
 .debug_ranges  0x00000300       0x48 build/uspi_usbdevice.o
 .debug_ranges  0x00000348      0x100 build/console.o
 .debug_ranges  0x00000448       0x48 build/spinlock.o
 .debug_ranges  0x00000490       0xb8 build/uspienv_timer.o
 .debug_ranges  0x00000548       0x18 build/main.o
 .debug_ranges  0x00000560       0x20 build/bio.o
 .debug_ranges  0x00000580       0x60 build/syscall.o
 .debug_ranges  0x000005e0       0x40 build/uspi_usbendpoint.o
 .debug_ranges  0x00000620       0x40 build/uspi_usbconfigparser.o
 .debug_ranges  0x00000660       0x58 build/mailbox.o
 .debug_ranges  0x000006b8      0x150 build/uspi_usbstandardhub.o
 .debug_ranges  0x00000808       0x18 build/uspi_dwhciframeschedper.o
 .debug_ranges  0x00000820       0x88 build/uspi_usbmassdevice.o
 .debug_ranges  0x000008a8       0x48 build/log.o
 .debug_ranges  0x000008f0       0xf8 build/uart.o
 .debug_ranges  0x000009e8       0x30 build/uspi_dwhcixferstagedata.o
 .debug_ranges  0x00000a18       0x18 build/uspi_keymap.o
 .debug_ranges  0x00000a30       0x18 build/file.o
 .debug_ranges  0x00000a48       0x48 build/uspi_usbstring.o
 .debug_ranges  0x00000a90       0x80 build/uspi_library.o
 .debug_ranges  0x00000b10       0xe8 build/vm.o
 .debug_ranges  0x00000bf8       0x38 build/usb.o
 .debug_ranges  0x00000c30       0x30 build/uspi_macaddress.o
 .debug_ranges  0x00000c60       0x10 build/pipe.o
 .debug_ranges  0x00000c70       0x18 build/uspi_usbmouse.o
 .debug_ranges  0x00000c88       0x88 build/kalloc.o
 .debug_ranges  0x00000d10       0x30 build/uspi_lan7800.o
 .debug_ranges  0x00000d40       0xb8 build/uspi_dwhcidevice.o
 .debug_ranges  0x00000df8       0x50 build/proc.o
 .debug_ranges  0x00000e48       0x30 build/uspi_usbkeyboard.o
 .debug_ranges  0x00000e78       0x98 build/timer.o
 .debug_ranges  0x00000f10       0xd0 build/uspi_usbgamepad.o
 .debug_ranges  0x00000fe0       0xe0 build/fs.o

.debug_loc      0x00000000    0x11c60
 .debug_loc     0x00000000       0xeb build/uspi_dwhciframeschednsplit.o
 .debug_loc     0x000000eb      0x35c build/exec.o
 .debug_loc     0x00000447     0x185b build/uspi_string.o
 .debug_loc     0x00001ca2      0x608 build/usb_storagedriver.o
 .debug_loc     0x000022aa      0x645 build/sysfile.o
 .debug_loc     0x000028ef      0xa46 build/string.o
 .debug_loc     0x00003335      0x382 build/uspi_usbmidi.o
 .debug_loc     0x000036b7      0x50b build/uspi_usbdevice.o
 .debug_loc     0x00003bc2      0x295 build/uspi_usbdevicefactory.o
 .debug_loc     0x00003e57      0xb0c build/console.o
 .debug_loc     0x00004963      0x15e build/spinlock.o
 .debug_loc     0x00004ac1      0x316 build/trap.o
 .debug_loc     0x00004dd7      0x294 build/uspi_dwhciframeschednper.o
 .debug_loc     0x0000506b      0x604 build/uspienv_timer.o
 .debug_loc     0x0000566f      0x18c build/bio.o
 .debug_loc     0x000057fb      0x43f build/syscall.o
 .debug_loc     0x00005c3a      0x29e build/uspi_usbendpoint.o
 .debug_loc     0x00005ed8      0x3b0 build/uspi_usbconfigparser.o
 .debug_loc     0x00006288      0x38f build/mailbox.o
 .debug_loc     0x00006617      0x5db build/uspi_usbstandardhub.o
 .debug_loc     0x00006bf2       0xf3 build/memide.o
 .debug_loc     0x00006ce5      0x36a build/uspi_dwhciframeschedper.o
 .debug_loc     0x0000704f      0x962 build/uspi_usbmassdevice.o
 .debug_loc     0x000079b1      0x286 build/mmu.o
 .debug_loc     0x00007c37      0x40e build/uspi_smsc951x.o
 .debug_loc     0x00008045      0x217 build/log.o
 .debug_loc     0x0000825c      0x921 build/uart.o
 .debug_loc     0x00008b7d      0x805 build/uspi_dwhcixferstagedata.o
 .debug_loc     0x00009382      0x4c5 build/uspi_keymap.o
 .debug_loc     0x00009847      0x520 build/file.o
 .debug_loc     0x00009d67      0x33e build/uspi_usbstring.o
 .debug_loc     0x0000a0a5      0x7a9 build/uspi_library.o
 .debug_loc     0x0000a84e     0x1255 build/vm.o
 .debug_loc     0x0000baa3      0x3b7 build/usb.o
 .debug_loc     0x0000be5a       0x4c build/sysproc.o
 .debug_loc     0x0000bea6      0x2b3 build/uspi_macaddress.o
 .debug_loc     0x0000c159      0x34e build/pipe.o
 .debug_loc     0x0000c4a7      0x126 build/uspi_usbrequest.o
 .debug_loc     0x0000c5cd       0x87 build/uspi_synchronize.o
 .debug_loc     0x0000c654      0x26e build/uspi_usbmouse.o
 .debug_loc     0x0000c8c2      0x3a8 build/kalloc.o
 .debug_loc     0x0000cc6a      0x56a build/uspi_util.o
 .debug_loc     0x0000d1d4      0x83a build/uspi_lan7800.o
 .debug_loc     0x0000da0e       0x25 build/uspienv_memio.o
 .debug_loc     0x0000da33     0x119e build/uspi_dwhcidevice.o
 .debug_loc     0x0000ebd1      0x100 build/uspi_dwhciregister.o
 .debug_loc     0x0000ecd1      0x524 build/proc.o
 .debug_loc     0x0000f1f5      0x33c build/uspi_usbkeyboard.o
 .debug_loc     0x0000f531      0x1f0 build/timer.o
 .debug_loc     0x0000f721      0x1a9 build/uspi_devicenameservice.o
 .debug_loc     0x0000f8ca      0xf11 build/uspi_usbgamepad.o
 .debug_loc     0x000107db     0x13a7 build/fs.o
 .debug_loc     0x00011b82       0xde build/uspi_dwhcirootport.o

.debug_frame    0x00000000     0x3b28
 .debug_frame   0x00000000       0x9c build/uspi_dwhciframeschednsplit.o
 .debug_frame   0x0000009c       0x40 build/exec.o
 .debug_frame   0x000000dc       0x40 build/uart_pl011.o
 .debug_frame   0x0000011c      0x1b8 build/uspi_string.o
 .debug_frame   0x000002d4       0xb0 build/usb_storagedriver.o
 .debug_frame   0x00000384      0x268 build/sysfile.o
 .debug_frame   0x000005ec       0xd0 build/string.o
 .debug_frame   0x000006bc       0xdc build/uspi_usbmidi.o
 .debug_frame   0x00000798      0x194 build/uspi_usbdevice.o
 .debug_frame   0x0000092c       0x48 build/uspi_usbdevicefactory.o
 .debug_frame   0x00000974      0x224 build/console.o
 .debug_frame   0x00000b98       0xb8 build/spinlock.o
 .debug_frame   0x00000c50      0x138 build/trap.o
 .debug_frame   0x00000d88       0xa4 build/uspi_dwhciframeschednper.o
 .debug_frame   0x00000e2c      0x198 build/uspienv_timer.o
 .debug_frame   0x00000fc4       0x88 build/main.o
 .debug_frame   0x0000104c       0x8c build/bio.o
 .debug_frame   0x000010d8       0x80 build/syscall.o
 .debug_frame   0x00001158      0x104 build/uspi_usbendpoint.o
 .debug_frame   0x0000125c       0x78 build/uspi_usbconfigparser.o
 .debug_frame   0x000012d4       0x68 build/mailbox.o
 .debug_frame   0x0000133c       0xec build/uspi_usbstandardhub.o
 .debug_frame   0x00001428       0x60 build/memide.o
 .debug_frame   0x00001488       0xb0 build/uspi_dwhciframeschedper.o
 .debug_frame   0x00001538      0x184 build/uspi_usbmassdevice.o
 .debug_frame   0x000016bc       0x3c build/mmu.o
 .debug_frame   0x000016f8      0x118 build/uspi_smsc951x.o
 .debug_frame   0x00001810       0xd4 build/log.o
 .debug_frame   0x000018e4       0xe8 build/uart.o
 .debug_frame   0x000019cc      0x284 build/uspi_dwhcixferstagedata.o
 .debug_frame   0x00001c50       0x94 build/uspi_keymap.o
 .debug_frame   0x00001ce4      0x120 build/file.o
 .debug_frame   0x00001e04       0xe4 build/uspi_usbstring.o
 .debug_frame   0x00001ee8      0x218 build/uspi_library.o
 .debug_frame   0x00002100      0x28c build/vm.o
 .debug_frame   0x0000238c      0x12c build/usb.o
 .debug_frame   0x000024b8       0xe0 build/sysproc.o
 .debug_frame   0x00002598       0xe4 build/uspi_macaddress.o
 .debug_frame   0x0000267c       0xa0 build/pipe.o
 .debug_frame   0x0000271c       0xdc build/uspi_usbrequest.o
 .debug_frame   0x000027f8       0x40 build/uspi_synchronize.o
 .debug_frame   0x00002838       0xdc build/uspi_usbmouse.o
 .debug_frame   0x00002914       0xa8 build/kalloc.o
 .debug_frame   0x000029bc       0xc0 build/uspi_util.o
 .debug_frame   0x00002a7c      0x218 build/uspi_lan7800.o
 .debug_frame   0x00002c94       0x30 build/uspienv_memio.o
 .debug_frame   0x00002cc4      0x4c8 build/uspi_dwhcidevice.o
 .debug_frame   0x0000318c       0xf0 build/uspi_dwhciregister.o
 .debug_frame   0x0000327c      0x1b8 build/proc.o
 .debug_frame   0x00003434      0x104 build/uspi_usbkeyboard.o
 .debug_frame   0x00003538       0x9c build/timer.o
 .debug_frame   0x000035d4       0x88 build/uspi_devicenameservice.o
 .debug_frame   0x0000365c      0x15c build/uspi_usbgamepad.o
 .debug_frame   0x000037b8      0x304 build/fs.o
 .debug_frame   0x00003abc       0x6c build/uspi_dwhcirootport.o
