
Allocating common symbols
Common symbol       size              file

uart_lock           0x4               build/uart_pl011.o
log                 0x70              build/log.o
kmem                0x3c              build/kalloc.o
pUSBParam           0x4               build/trap.o
bcache              0x173c            build/bio.o
pUSBTimerParam      0x4               build/trap.o
input               0xc0              build/console.o
uart_disabled       0x4               build/uart.o
nUSBTimerIRQ        0x4               build/trap.o
kpgdir              0x4               build/vm.o
mb_data             0x28              build/main.o
tickslock           0x34              build/trap.o
ftable              0x994             build/file.o
cpus                0xe0              build/exec.o
mailbuffer          0x4               build/mailbox.o
pUSBTimerHandler    0x4               build/trap.o
pm_size             0x4               build/mmu.o
ticks               0x4               build/trap.o
pUSBHandler         0x4               build/trap.o
ptable              0x1f34            build/proc.o
nUSBIRQ             0x4               build/trap.o
devsw               0x50              build/file.o
icache              0xfd4             build/fs.o

Discarded input sections

 .note.GNU-stack
                0x00000000        0x0 build/uspi_dwhciframeschednsplit.o
 .note.GNU-stack
                0x00000000        0x0 build/exec.o
 .note.GNU-stack
                0x00000000        0x0 build/syscall.o
 .note.GNU-stack
                0x00000000        0x0 build/uspi_usbrequest.o
 .note.GNU-stack
                0x00000000        0x0 build/uspi_usbstring.o
 .note.GNU-stack
                0x00000000        0x0 build/trap.o
 .note.GNU-stack
                0x00000000        0x0 build/uspi_string.o
 .note.GNU-stack
                0x00000000        0x0 build/uspi_devicenameservice.o
 .note.GNU-stack
                0x00000000        0x0 build/sysfile.o
 .note.GNU-stack
                0x00000000        0x0 build/bio.o
 .note.GNU-stack
                0x00000000        0x0 build/uspi_usbmidi.o
 .note.GNU-stack
                0x00000000        0x0 build/uspi_usbdevicefactory.o
 .note.GNU-stack
                0x00000000        0x0 build/fs.o
 .note.GNU-stack
                0x00000000        0x0 build/console.o
 .note.GNU-stack
                0x00000000        0x0 build/spinlock.o
 .note.GNU-stack
                0x00000000        0x0 build/uspienv_timer.o
 .note.GNU-stack
                0x00000000        0x0 build/main.o
 .note.GNU-stack
                0x00000000        0x0 build/uspi_usbconfigparser.o
 .note.GNU-stack
                0x00000000        0x0 build/uspi_smsc951x.o
 .note.GNU-stack
                0x00000000        0x0 build/uspi_dwhciframeschednper.o
 .note.GNU-stack
                0x00000000        0x0 build/uspi_usbstandardhub.o
 .note.GNU-stack
                0x00000000        0x0 build/uspi_keymap.o
 .note.GNU-stack
                0x00000000        0x0 build/memide.o
 .note.GNU-stack
                0x00000000        0x0 build/uspi_dwhciframeschedper.o
 .note.GNU-stack
                0x00000000        0x0 build/mailbox.o
 .note.GNU-stack
                0x00000000        0x0 build/uspi_macaddress.o
 .note.GNU-stack
                0x00000000        0x0 build/mmu.o
 .note.GNU-stack
                0x00000000        0x0 build/uspi_usbendpoint.o
 .note.GNU-stack
                0x00000000        0x0 build/uart.o
 .note.GNU-stack
                0x00000000        0x0 build/uspi_dwhcixferstagedata.o
 .note.GNU-stack
                0x00000000        0x0 build/uspi_usbmassdevice.o
 .note.GNU-stack
                0x00000000        0x0 build/log.o
 .note.GNU-stack
                0x00000000        0x0 build/uspi_library.o
 .note.GNU-stack
                0x00000000        0x0 build/vm.o
 .note.GNU-stack
                0x00000000        0x0 build/usb.o
 .note.GNU-stack
                0x00000000        0x0 build/sysproc.o
 .note.GNU-stack
                0x00000000        0x0 build/file.o
 .note.GNU-stack
                0x00000000        0x0 build/string.o
 .note.GNU-stack
                0x00000000        0x0 build/pipe.o
 .note.GNU-stack
                0x00000000        0x0 build/uspi_synchronize.o
 .note.GNU-stack
                0x00000000        0x0 build/kalloc.o
 .note.GNU-stack
                0x00000000        0x0 build/uspienv_memio.o
 .note.GNU-stack
                0x00000000        0x0 build/uspi_usbmouse.o
 .note.GNU-stack
                0x00000000        0x0 build/uspi_lan7800.o
 .note.GNU-stack
                0x00000000        0x0 build/uspi_usbdevice.o
 .note.GNU-stack
                0x00000000        0x0 build/uspi_util.o
 .note.GNU-stack
                0x00000000        0x0 build/uart_pl011.o
 .note.GNU-stack
                0x00000000        0x0 build/uspi_dwhcidevice.o
 .note.GNU-stack
                0x00000000        0x0 build/uspi_dwhciregister.o
 .note.GNU-stack
                0x00000000        0x0 build/proc.o
 .note.GNU-stack
                0x00000000        0x0 build/uspi_usbkeyboard.o
 .note.GNU-stack
                0x00000000        0x0 build/timer.o
 .note.GNU-stack
                0x00000000        0x0 build/uspi_usbgamepad.o
 .note.GNU-stack
                0x00000000        0x0 build/uspi_dwhcirootport.o

Memory Configuration

Name             Origin             Length             Attributes
*default*        0x00000000         0xffffffff

Linker script and memory map

LOAD build/entry.o
LOAD build/exception.o
LOAD build/uspienv_delayloop.o
LOAD build/uspi_dwhciframeschednsplit.o
LOAD build/exec.o
LOAD build/syscall.o
LOAD build/uspi_usbrequest.o
LOAD build/uspi_usbstring.o
LOAD build/trap.o
LOAD build/uspi_string.o
LOAD build/uspi_devicenameservice.o
LOAD build/sysfile.o
LOAD build/bio.o
LOAD build/uspi_usbmidi.o
LOAD build/uspi_usbdevicefactory.o
LOAD build/fs.o
LOAD build/console.o
LOAD build/spinlock.o
LOAD build/uspienv_timer.o
LOAD build/main.o
LOAD build/uspi_usbconfigparser.o
LOAD build/uspi_smsc951x.o
LOAD build/uspi_dwhciframeschednper.o
LOAD build/uspi_usbstandardhub.o
LOAD build/uspi_keymap.o
LOAD build/memide.o
LOAD build/uspi_dwhciframeschedper.o
LOAD build/mailbox.o
LOAD build/uspi_macaddress.o
LOAD build/mmu.o
LOAD build/uspi_usbendpoint.o
LOAD build/uart.o
LOAD build/uspi_dwhcixferstagedata.o
LOAD build/uspi_usbmassdevice.o
LOAD build/log.o
LOAD build/uspi_library.o
LOAD build/vm.o
LOAD build/usb.o
LOAD build/sysproc.o
LOAD build/file.o
LOAD build/string.o
LOAD build/pipe.o
LOAD build/uspi_synchronize.o
LOAD build/kalloc.o
LOAD build/uspienv_memio.o
LOAD build/uspi_usbmouse.o
LOAD build/uspi_lan7800.o
LOAD build/uspi_usbdevice.o
LOAD build/uspi_util.o
LOAD build/uart_pl011.o
LOAD build/uspi_dwhcidevice.o
LOAD build/uspi_dwhciregister.o
LOAD build/proc.o
LOAD build/uspi_usbkeyboard.o
LOAD build/timer.o
LOAD build/uspi_usbgamepad.o
LOAD build/uspi_dwhcirootport.o
                0x00000000                PHYSTART = 0x0
                0x10000000                PHYSIZE = 0x10000000
                0x80000000                KERNBASE = 0x80000000
                0x3f000000                MMIO_PA = 0x3f000000
                0xd0000000                MMIO_VA = 0xd0000000
                0x01000000                MMIO_SIZE = 0x1000000
                0xdf000000                PERIPHBASE = 0xdf000000
                0x00004000                K_PDX_BASE = 0x4000
                0x00003000                K_PTX_BASE = 0x3000
                0x00008000                PHYSOFFSET = 0x8000
                0x80008000                KERNOFFSET = 0x80008000
                0x80008000                PHYSOFFSET = DEFINED (PHYSOFFSET)?PHYSOFFSET:0x80008000
                0xc0008000                KERNOFFSET = DEFINED (KERNOFFSET)?KERNOFFSET:0xc0008000
                0x80000000                SHIFT = (KERNOFFSET - PHYSOFFSET)

.init           0x00008000      0x1d4
 *(.init)
 .init          0x00008000      0x1d4 build/entry.o
                0x00008000                _start
                0x00008200                . = ALIGN (0x100)
                0x00008200                INIT_END = .
                0x80008200                . = (. + SHIFT)

.text           0x80008200     0xf534 load address 0x00008200
 *.c.o(.text)
 *(.text .stub .text.*)
 .text          0x80008200       0x94 build/entry.o
                0x80008200                _pagingstart
                0x80008208                acknowledge
                0x8000822c                dsb_barrier
                0x80008238                flush_dcache_all
                0x80008244                flush_idcache
                0x80008250                flush_tlb
                0x80008270                flush_dcache
                0x8000827c                set_pgtbase
                0x80008284                getsystemtime
 *fill*         0x80008294        0xc 
 .text          0x800082a0      0x290 build/exception.o
                0x800082a0                vectors
                0x80008338                trapret
                0x80008478                set_mode_sp
                0x8000849c                readcpsr
                0x800084a4                cli
                0x800084b4                sti
                0x800084c4                swtch
 .text          0x80008530       0x10 build/uspienv_delayloop.o
                0x80008530                DelayLoop
 .text          0x80008540       0xe0 build/uspi_dwhciframeschednsplit.o
                0x80008540                _DWHCIFrameSchedulerNoSplit
                0x80008544                DWHCIFrameSchedulerNoSplitStartSplit
                0x80008548                DWHCIFrameSchedulerNoSplitCompleteSplit
                0x80008550                DWHCIFrameSchedulerNoSplitTransactionComplete
                0x80008554                DWHCIFrameSchedulerNoSplitIsOddFrame
                0x80008560                DWHCIFrameSchedulerNoSplitWaitForFrame
                0x800085c4                DWHCIFrameSchedulerNoSplit
 .text          0x80008620      0x2ac build/exec.o
                0x80008620                exec
 .text          0x800088cc      0x274 build/syscall.o
                0x800088cc                fetchint
                0x80008908                fetchstr
                0x80008974                argint
                0x800089bc                argptr
                0x80008a1c                argstr
                0x80008ab4                syscall
 .text          0x80008b40       0xa8 build/uspi_usbrequest.o
                0x80008b40                USBRequest
                0x80008b70                _USBRequest
                0x80008b88                USBRequestGetEndpoint
                0x80008b90                USBRequestSetStatus
                0x80008b98                USBRequestSetResultLen
                0x80008ba0                USBRequestGetStatus
                0x80008ba8                USBRequestGetResultLength
                0x80008bb0                USBRequestGetSetupData
                0x80008bb8                USBRequestGetBuffer
                0x80008bc0                USBRequestGetBufLen
                0x80008bc8                USBRequestSetCompletionRoutine
                0x80008bd8                USBRequestCallCompletionRoutine
 .text          0x80008be8      0x3d4 build/uspi_usbstring.o
                0x80008be8                USBString
                0x80008c10                USBStringCopy
                0x80008c78                _USBString
                0x80008cb8                USBStringGetFromDescriptor
                0x80008e68                USBStringGet
                0x80008e70                USBStringGetLanguageID
 .text          0x80008fbc      0x62c build/trap.o
                0x80008fbc                led25_on
                0x80008fdc                led25_off
                0x80008ffc                enable_intrs
                0x80009020                disable_intrs
                0x80009044                tvinit
                0x80009130                trap_oops
                0x800091cc                handle_irq
                0x80009234                trap
                0x80009500                ConnectInterrupt
                0x80009574                ConnectTimerInterrupt
 .text          0x800095e8      0x858 build/uspi_string.o
                0x80009650                String
                0x80009660                String2
                0x80009690                _String
                0x800096b8                StringGet
                0x800096d0                StringSet
                0x80009714                StringGetLength
                0x80009724                StringAppend
                0x800097a0                StringCompare
                0x800097a8                StringFind
                0x800097f4                StringPutChar
                0x80009834                StringPutString
                0x80009878                StringReserveSpace
                0x80009884                ntoa
                0x8000990c                StringFormatV
                0x80009e14                StringFormat
 .text          0x80009e40      0x128 build/uspi_devicenameservice.o
                0x80009e40                DeviceNameService
                0x80009e58                _DeviceNameService
                0x80009eb0                DeviceNameServiceAddDevice
                0x80009f04                DeviceNameServiceGetDevice
                0x80009f58                DeviceNameServiceGet
 .text          0x80009f68      0xaa4 build/sysfile.o
                0x8000a138                sys_dup
                0x8000a1ac                sys_read
                0x8000a218                sys_write
                0x8000a284                sys_close
                0x8000a2d8                sys_fstat
                0x8000a324                sys_link
                0x8000a434                sys_unlink
                0x8000a5f0                sys_open
                0x8000a724                sys_mkdir
                0x8000a780                sys_mknod
                0x8000a808                sys_chdir
                0x8000a888                sys_exec
                0x8000a944                sys_pipe
 .text          0x8000aa0c      0x230 build/bio.o
                0x8000aa0c                binit
                0x8000aa94                bread
                0x8000ab88                bwrite
                0x8000abb4                brelse
 .text          0x8000ac3c      0x378 build/uspi_usbmidi.o
                0x8000ac9c                USBMIDIDeviceConfigure
                0x8000af30                USBMIDIDevice
                0x8000af60                _CUSBMIDIDevice
                0x8000afac                USBMIDIDeviceRegisterPacketHandler
 .text          0x8000afb4      0x230 build/uspi_usbdevicefactory.o
                0x8000afb4                GetDevice
                0x8000b184                USBDeviceFactoryGetDevice
 .text          0x8000b1e4      0xd24 build/fs.o
                0x8000b2c0                readsb
                0x8000b51c                iinit
                0x8000b54c                ialloc
                0x8000b5fc                iupdate
                0x8000b678                idup
                0x8000b6ac                ilock
                0x8000b7b0                iunlock
                0x8000b810                iput
                0x8000b958                iunlockput
                0x8000b970                stati
                0x8000b998                readi
                0x8000ba84                writei
                0x8000bb9c                namecmp
                0x8000bba4                dirlookup
                0x8000be08                dirlink
                0x8000bee0                namei
                0x8000befc                nameiparent
 .text          0x8000bf08      0xab8 build/console.o
                0x8000bf08                consoleread
                0x8000c010                setgpucolour
                0x8000c020                initframebuf
                0x8000c078                drawpixel
                0x8000c0b8                drawcursor
                0x8000c12c                drawcharacter
                0x8000c1cc                gpuputc
                0x8000c3c0                consolewrite
                0x8000c4cc                panic
                0x8000c540                cprintf
                0x8000c6bc                consputc
                0x8000c758                consoleintr
                0x8000c8c8                gpuinit
                0x8000c924                consoleinit
 .text          0x8000c9c0      0x198 build/spinlock.o
                0x8000c9c0                initlock
                0x8000c9d4                getcallerpcs
                0x8000c9d8                holding
                0x8000ca00                pushcli
                0x8000ca38                acquire
                0x8000cab4                popcli
                0x8000cb10                release
 .text          0x8000cb58      0x3a4 build/uspienv_timer.o
                0x8000cb94                TimerEnvInit
                0x8000cbdc                _Timer
                0x8000cbf0                TimerGetClockTicks
                0x8000cc0c                TimerGetTicks
                0x8000cc14                TimerGetTime
                0x8000cc1c                TimerStartKernelTimer
                0x8000cc88                TimerCancelKernelTimer
                0x8000cc9c                TimerMsDelay
                0x8000ccb0                TimerusDelay
                0x8000ccc4                TimerGet
                0x8000ccd4                TimerSimpleMsDelay
                0x8000ccf0                TimerSimpleusDelay
                0x8000ccfc                TimerPollKernelTimers
                0x8000cd74                TimerInterruptHandler
                0x8000ce30                TimerTuneMsDelay
                0x8000ce94                TimerInitialize
 .text          0x8000cefc      0x268 build/main.o
                0x8000cefc                OkLoop
                0x8000cf40                NotOkLoop
                0x8000cf84                getpmsize
                0x8000cff8                machinit
                0x8000d00c                cmain
 .text          0x8000d164      0x1f0 build/uspi_usbconfigparser.o
                0x8000d164                USBConfigurationParser
                0x8000d274                _USBConfigurationParser
                0x8000d280                USBConfigurationParserIsValid
                0x8000d288                USBConfigurationParserGetDescriptor
                0x8000d328                USBConfigurationParserError
 .text          0x8000d354      0x5ec build/uspi_smsc951x.o
                0x8000d354                SMSC951xDevice
                0x8000d38c                _SMSC951xDevice
                0x8000d3f8                SMSC951xDeviceGetMACAddress
                0x8000d400                SMSC951xDeviceSendFrame
                0x8000d460                SMSC951xDeviceReceiveFrame
                0x8000d548                SMSC951xDeviceWriteReg
                0x8000d5b0                SMSC951xDeviceConfigure
                0x8000d8d8                SMSC951xDeviceReadReg
 .text          0x8000d940      0x18c build/uspi_dwhciframeschednper.o
                0x8000d940                _DWHCIFrameSchedulerNonPeriodic
                0x8000d94c                DWHCIFrameSchedulerNonPeriodicStartSplit
                0x8000d958                DWHCIFrameSchedulerNonPeriodicWaitForFrame
                0x8000d95c                DWHCIFrameSchedulerNonPeriodicIsOddFrame
                0x8000d964                DWHCIFrameSchedulerNonPeriodicCompleteSplit
                0x8000d9b8                DWHCIFrameSchedulerNonPeriodicTransactionComplete
                0x8000da74                DWHCIFrameSchedulerNonPeriodic
 .text          0x8000dacc      0xa04 build/uspi_usbstandardhub.o
                0x8000dacc                USBStandardHub
                0x8000db14                _USBStandardHub
                0x8000dba0                USBStandardHubInitialize
                0x8000dba4                USBStandardHubGetDeviceNames
                0x8000dc64                USBStandardHubEnumeratePorts
                0x8000e21c                USBStandardHubConfigure
 .text          0x8000e4d0      0x2b8 build/uspi_keymap.o
                0x8000e4d0                KeyMap
                0x8000e4f4                _KeyMap
                0x8000e4f8                KeyMapClearTable
                0x8000e52c                KeyMapSetEntry
                0x8000e57c                KeyMapTranslate
                0x8000e69c                KeyMapGetString
                0x8000e754                KeyMapGetLEDStatus
 .text          0x8000e788       0xe4 build/memide.o
                0x8000e788                ideinit
                0x8000e7bc                ideintr
                0x8000e7c0                iderw
 .text          0x8000e86c      0x214 build/uspi_dwhciframeschedper.o
                0x8000e86c                _DWHCIFrameSchedulerPeriodic
                0x8000e878                DWHCIFrameSchedulerPeriodicStartSplit
                0x8000e88c                DWHCIFrameSchedulerPeriodicIsOddFrame
                0x8000e898                DWHCIFrameSchedulerPeriodicWaitForFrame
                0x8000e908                DWHCIFrameSchedulerPeriodicCompleteSplit
                0x8000e974                DWHCIFrameSchedulerPeriodicTransactionComplete
                0x8000ea20                DWHCIFrameSchedulerPeriodic
 .text          0x8000ea80      0x120 build/mailbox.o
                0x8000ea80                create_request
                0x8000eb14                mailboxinit
                0x8000eb2c                readmailbox
                0x8000eb64                writemailbox
 .text          0x8000eba0      0x134 build/uspi_macaddress.o
                0x8000eba0                MACAddress
                0x8000ebac                MACAddress2
                0x8000ebcc                _MACAddress
                0x8000ebd8                MACAddressIsEqual
                0x8000ebf8                MACAddressSet
                0x8000ec18                MACAddressSetBroadcast
                0x8000ec3c                MACAddressGet
                0x8000ec44                MACAddressCopyTo
                0x8000ec58                MACAddressIsBroadcast
                0x8000ec84                MACAddressGetSize
                0x8000ec8c                MACAddressFormat
 .text          0x8000ecd4      0x108 build/mmu.o
                0x8000ecd4                mmuinit0
                0x8000ed78                mmuinit1
 .text          0x8000eddc      0x204 build/uspi_usbendpoint.o
                0x8000eddc                USBEndpoint
                0x8000ee08                USBEndpoint2
                0x8000eef8                USBEndpointCopy
                0x8000ef34                _USBEndpoint
                0x8000ef40                USBEndpointGetDevice
                0x8000ef48                USBEndpointGetNumber
                0x8000ef50                USBEndpointGetType
                0x8000ef58                USBEndpointIsDirectionIn
                0x8000ef60                USBEndpointSetMaxPacketSize
                0x8000ef68                USBEndpointGetMaxPacketSize
                0x8000ef70                USBEndpointGetInterval
                0x8000ef78                USBEndpointGetNextPID
                0x8000ef88                USBEndpointSkipPID
                0x8000efd4                USBEndpointResetPID
 .text          0x8000efe0      0x3d8 build/uart.o
                0x8000f088                led18_on
                0x8000f0ac                led18_off
                0x8000f0d0                setgpioval
                0x8000f134                setgpiofunc
                0x8000f140                enableirqminiuart
                0x8000f158                disableirqminiuart
                0x8000f170                uartputc
                0x8000f204                miniuartintr
                0x8000f2e4                uartinit
 .text          0x8000f3b8      0x4c8 build/uspi_dwhcixferstagedata.o
                0x8000f3b8                DWHCITransferStageData
                0x8000f58c                _DWHCITransferStageData
                0x8000f5e8                DWHCITransferStageDataTransactionComplete
                0x8000f6dc                DWHCITransferStageDataSetSplitComplete
                0x8000f6e4                DWHCITransferStageDataSetState
                0x8000f6ec                DWHCITransferStageDataGetState
                0x8000f6f4                DWHCITransferStageDataSetSubState
                0x8000f6fc                DWHCITransferStageDataGetSubState
                0x8000f704                DWHCITransferStageDataBeginSplitCycle
                0x8000f70c                DWHCITransferStageDataGetChannelNumber
                0x8000f714                DWHCITransferStageDataIsPeriodic
                0x8000f734                DWHCITransferStageDataGetDeviceAddress
                0x8000f73c                DWHCITransferStageDataGetEndpointType
                0x8000f768                DWHCITransferStageDataGetEndpointNumber
                0x8000f770                DWHCITransferStageDataGetMaxPacketSize
                0x8000f778                DWHCITransferStageDataGetSpeed
                0x8000f780                DWHCITransferStageDataGetPID
                0x8000f7b4                DWHCITransferStageDataIsDirectionIn
                0x8000f7bc                DWHCITransferStageDataIsStatusStage
                0x8000f7c4                DWHCITransferStageDataGetDMAAddress
                0x8000f7cc                DWHCITransferStageDataGetBytesToTransfer
                0x8000f7d4                DWHCITransferStageDataGetPacketsToTransfer
                0x8000f7dc                DWHCITransferStageDataIsSplit
                0x8000f7e4                DWHCITransferStageDataIsSplitComplete
                0x8000f7ec                DWHCITransferStageDataGetHubAddress
                0x8000f7f4                DWHCITransferStageDataGetHubPortAddress
                0x8000f7fc                DWHCITransferStageDataGetSplitPosition
                0x8000f804                DWHCITransferStageDataGetStatusMask
                0x8000f840                DWHCITransferStageDataGetTransactionStatus
                0x8000f848                DWHCITransferStageDataIsStageComplete
                0x8000f858                DWHCITransferStageDataGetResultLen
                0x8000f870                DWHCITransferStageDataGetURB
                0x8000f878                DWHCITransferStageDataGetFrameScheduler
 .text          0x8000f880      0xabc build/uspi_usbmassdevice.o
                0x8000f880                USBBulkOnlyMassStorageDevice
                0x8000f8bc                _USBBulkOnlyMassStorageDevice
                0x8000f910                USBBulkOnlyMassStorageDeviceSeek
                0x8000f920                USBBulkOnlyMassStorageDeviceGetCapacity
                0x8000f928                USBBulkOnlyMassStorageDeviceCommand
                0x8000fb30                USBBulkOnlyMassStorageDeviceConfigure
                0x8000ff74                USBBulkOnlyMassStorageDeviceTryRead
                0x80010068                USBBulkOnlyMassStorageDeviceTryWrite
                0x80010158                USBBulkOnlyMassStorageDeviceReset
                0x8001028c                USBBulkOnlyMassStorageDeviceRead
                0x800102e4                USBBulkOnlyMassStorageDeviceWrite
 .text          0x8001033c      0x348 build/log.o
                0x80010424                initlog
                0x800104d0                begin_trans
                0x80010524                commit_trans
                0x80010580                log_write
 .text          0x80010684      0x744 build/uspi_library.o
                0x80010684                USPiInitialize
                0x80010898                USPiKeyboardAvailable
                0x800108b4                USPiKeyboardRegisterKeyPressedHandler
                0x800108cc                USPiKeyboardRegisterShutdownHandler
                0x800108e4                USPiKeyboardRegisterKeyStatusHandlerRaw
                0x800108fc                USPiMouseAvailable
                0x80010918                USPiMouseRegisterStatusHandler
                0x80010930                USPiMassStorageDeviceAvailable
                0x80010960                USPiMassStorageDeviceRead
                0x800109d4                USPiMassStorageDeviceWrite
                0x80010a48                USPiMassStorageDeviceGetCapacity
                0x80010a78                USPiEthernetAvailable
                0x80010aa8                USPiGetMACAddress
                0x80010aec                USPiSendFrame
                0x80010b3c                USPiReceiveFrame
                0x80010b8c                USPiGamePadAvailable
                0x80010bbc                USPiGamePadRegisterStatusHandler
                0x80010bfc                USPiGamePadGetStatus
                0x80010c40                USPiMIDIAvailable
                0x80010c5c                USPiMIDIRegisterPacketHandler
                0x80010c74                USPiDeviceGetInformation
 .text          0x80010dc8      0x7d0 build/vm.o
                0x80010fc8                setupkvm
                0x80010fec                setupkvm_new
                0x8001109c                kvmalloc
                0x800110b4                switchkvm
                0x800110b8                switchkvm_new
                0x800110e4                switchuvm
                0x8001112c                inituvm
                0x800111a4                loaduvm
                0x80011278                allocuvm
                0x80011354                deallocuvm
                0x80011368                freevm
                0x800113d4                clearpteu
                0x80011404                copyuvm
                0x800114e8                uva2ka
                0x8001151c                copyout
 .text          0x80011598      0x300 build/usb.o
                0x80011604                malloc
                0x80011620                free
                0x80011624                MsDelay
                0x80011658                usDelay
                0x80011688                StartKernelTimer
                0x800116c0                CancelKernelTimer
                0x800116d8                SetPowerStateOn
                0x8001176c                GetMACAddress
                0x80011774                LogWrite
                0x800117d0                usbinit
 .text          0x80011898      0x19c build/sysproc.o
                0x80011898                sys_fork
                0x8001189c                sys_exit
                0x800118ac                sys_wait
                0x800118b0                sys_kill
                0x800118e4                sys_getpid
                0x800118f8                sys_sbrk
                0x80011948                sys_sleep
                0x80011a04                sys_uptime
 .text          0x80011a34      0x348 build/file.o
                0x80011a34                fileinit
                0x80011a64                filealloc
                0x80011acc                filedup
                0x80011b14                fileclose
                0x80011bb4                filestat
                0x80011bf8                fileread
                0x80011c84                filewrite
 .text          0x80011d7c      0x2f0 build/string.o
                0x80011d7c                memsetw
                0x80011da0                memsetb
                0x80011dc8                memset
                0x80011e40                memcmp
                0x80011e98                memmove
                0x80011ef8                memcpy
                0x80011efc                strncmp
                0x80011f70                strncpy
                0x80011fbc                safestrcpy
                0x80012000                strlen
                0x80012030                div
 .text          0x8001206c      0x31c build/pipe.o
                0x8001206c                pipealloc
                0x80012158                pipeclose
                0x800121b8                pipewrite
                0x80012280                piperead
 .text          0x80012388       0xa8 build/uspi_synchronize.o
                0x80012388                uspi_EnterCritical
                0x800123c4                uspi_LeaveCritical
                0x80012400                uspi_CleanAndInvalidateDataCacheRange
 .text          0x80012430      0x1fc build/kalloc.o
                0x80012430                kfree
                0x800124cc                freerange
                0x80012508                kinit1
                0x8001257c                kinit2
                0x800125c8                kalloc
 .text          0x8001262c       0x10 build/uspienv_memio.o
                0x8001262c                read32
                0x80012634                write32
 .text          0x8001263c      0x3fc build/uspi_usbmouse.o
                0x8001269c                USBMouseDeviceConfigure
                0x800129a8                USBMouseDevice
                0x800129e4                _CUSBMouseDevice
                0x80012a30                USBMouseDeviceRegisterStatusHandler
 .text          0x80012a38      0xaf8 build/uspi_lan7800.o
                0x80012a38                LAN7800Device
                0x80012a70                _LAN7800Device
                0x80012adc                LAN7800DeviceGetMACAddress
                0x80012ae4                LAN7800DeviceSendFrame
                0x80012b48                LAN7800DeviceReceiveFrame
                0x80012c24                LAN7800DeviceWriteReg
                0x80012cb8                LAN7800DeviceInitMACAddress
                0x80012dc4                LAN7800DeviceReadReg
                0x80012e4c                LAN7800DeviceWaitReg
                0x80012eb8                LAN7800DevicePHYWrite
                0x80012f3c                LAN7800DevicePHYRead
                0x80012fd8                LAN7800DeviceIsLinkUp
                0x80013000                LAN7800DeviceInitPHY
                0x80013044                LAN7800DeviceReadWriteReg
                0x80013090                LAN7800DeviceConfigure
 .text          0x80013530      0x6c8 build/uspi_usbdevice.o
                0x80013530                USBDeviceConfigure
                0x80013594                USBDevice
                0x80013604                USBDeviceCopy
                0x800136f8                _USBDevice
                0x80013790                USBDeviceInitialize
                0x80013aac                USBDeviceGetName
                0x80013ba0                USBDeviceGetAddress
                0x80013ba8                USBDeviceGetSpeed
                0x80013bb0                USBDeviceGetHubAddress
                0x80013bb8                USBDeviceGetHubPortNumber
                0x80013bc0                USBDeviceGetEndpoint0
                0x80013bc8                USBDeviceGetHost
                0x80013bd0                USBDeviceGetDeviceDescriptor
                0x80013bd8                USBDeviceGetConfigurationDescriptor
                0x80013be0                USBDeviceGetDescriptor
                0x80013be8                USBDeviceConfigurationError
                0x80013bf0                USBDeviceSetAddress
 .text          0x80013bf8      0x228 build/uspi_util.o
                0x80013bf8                uspi_memset
                0x80013c1c                uspi_memcpy
                0x80013c40                uspi_memcmp
                0x80013c9c                uspi_strlen
                0x80013cc4                uspi_strcmp
                0x80013d3c                uspi_strcpy
                0x80013d68                uspi_strncpy
                0x80013db8                uspi_strcat
                0x80013dfc                uspi_char2int
                0x80013e0c                uspi_le2be16
                0x80013e18                uspi_le2be32
 .text          0x80013e20       0xac build/uart_pl011.o
                0x80013e20                uartinit_fvp
                0x80013e54                uartputc_fvp
                0x80013ea8                uartgetc_fvp
 .text          0x80013ecc     0x1a70 build/uspi_dwhcidevice.o
                0x80013ecc                DWHCIDeviceCompletionRoutine
                0x80013ed8                DWHCIDevice
                0x80013f18                _DWHCIDevice
                0x80013f20                DWHCIDeviceEnableGlobalInterrupts
                0x80013f64                DWHCIDeviceEnableCommonInterrupts
                0x80013f9c                DWHCIDeviceEnableHostInterrupts
                0x80013ff8                DWHCIDeviceEnableChannelInterrupt
                0x8001404c                DWHCIDeviceDisableChannelInterrupt
                0x800140a0                DWHCIDeviceStartChannel
                0x80014410                DWHCIDeviceStartTransaction
                0x800144e0                DWHCIDeviceTimerHandler
                0x80014544                DWHCIDeviceChannelInterruptHandler
                0x80014990                DWHCIDeviceInterruptHandler
                0x80014a88                DWHCIDeviceAllocateChannel
                0x80014afc                DWHCIDeviceTransferStageAsync
                0x80014c14                DWHCIDeviceSubmitAsyncRequest
                0x80014c58                DWHCIDeviceTransferStage
                0x80014cc8                DWHCIDeviceSubmitBlockingRequest
                0x80014e04                DWHCIDeviceControlMessage
                0x80014ea4                DWHCIDeviceGetDescriptor
                0x80014ee4                DWHCIDeviceSetAddress
                0x80014f2c                DWHCIDeviceSetConfiguration
                0x80014f74                DWHCIDeviceTransfer
                0x80014fcc                DWHCIDeviceFreeChannel
                0x80014ff4                DWHCIDeviceWaitForBit
                0x80015050                DWHCIDeviceEnableRootPort
                0x80015110                DWHCIDeviceReset
                0x800151bc                DWHCIDeviceInitCore
                0x80015390                DWHCIDeviceFlushTxFIFO
                0x8001541c                DWHCIDeviceFlushRxFIFO
                0x8001548c                DWHCIDeviceInitHost
                0x80015688                DWHCIDeviceInitialize
                0x8001585c                DWHCIDeviceGetPortSpeed
                0x800158ac                DWHCIDeviceOvercurrentDetected
                0x800158f8                DWHCIDeviceDisableRootPort
 .text          0x8001593c       0xf4 build/uspi_dwhciregister.o
                0x8001593c                DWHCIRegister
                0x8001594c                DWHCIRegister2
                0x8001595c                _DWHCIRegister
                0x80015968                DWHCIRegisterRead
                0x80015984                DWHCIRegisterWrite
                0x80015994                DWHCIRegisterGet
                0x8001599c                DWHCIRegisterSet
                0x800159ac                DWHCIRegisterIsSet
                0x800159c0                DWHCIRegisterAnd
                0x800159d0                DWHCIRegisterOr
                0x800159e0                DWHCIRegisterClearBit
                0x800159f4                DWHCIRegisterSetBit
                0x80015a08                DWHCIRegisterClearAll
                0x80015a1c                DWHCIRegisterSetAll
 .text          0x80015a30      0x898 build/proc.o
                0x80015b14                forkret
                0x80015b48                pinit
                0x80015b78                userinit
                0x80015c28                growproc
                0x80015c8c                fork
                0x80015d78                scheduler
                0x80015e3c                sched
                0x80015ed0                exit
                0x8001601c                yield
                0x80016054                sleep
                0x80016108                wait
                0x800161e0                wakeup
                0x80016248                kill
                0x800162c4                procdump
 .text          0x800162c8      0x53c build/uspi_usbkeyboard.o
                0x80016328                USBKeyboardDeviceConfigure
                0x80016738                USBKeyboardDevice
                0x80016790                _CUSBKeyboardDevice
                0x800167e4                USBKeyboardDeviceRegisterKeyPressedHandler
                0x800167ec                USBKeyboardDeviceRegisterSelectConsoleHandler
                0x800167f4                USBKeyboardDeviceRegisterShutdownHandler
                0x800167fc                USBKeyboardDeviceRegisterKeyStatusHandlerRaw
 .text          0x80016804      0x124 build/timer.o
                0x80016804                enabletimer3irq
                0x8001681c                timer3init
                0x80016864                timer3intr
                0x800168b8                delay
                0x800168e8                led_on
                0x80016908                led_off
 .text          0x80016928      0xc04 build/uspi_usbgamepad.o
                0x80016f14                USBGamePadDeviceConfigure
                0x80017398                USBGamePadDevice
                0x80017430                _CUSBGamePadDevice
                0x800174b4                USBGamePadDeviceRegisterStatusHandler
                0x800174bc                USBGamePadDeviceGetReport
 .text          0x8001752c      0x208 build/uspi_dwhcirootport.o
                0x8001752c                DWHCIRootPort
                0x80017538                _DWHCIRootPort
                0x8001756c                DWHCIRootPortInitialize

.glue_7         0x80017734        0x0 load address 0x00017734
 .glue_7        0x80017734        0x0 linker stubs

.glue_7t        0x80017734        0x0 load address 0x00017734
 .glue_7t       0x80017734        0x0 linker stubs

.vfp11_veneer   0x80017734        0x0 load address 0x00017734
 .vfp11_veneer  0x80017734        0x0 linker stubs

.v4_bx          0x80017734        0x0 load address 0x00017734
 .v4_bx         0x80017734        0x0 linker stubs

.iplt           0x80017734        0x0 load address 0x00017734
 .iplt          0x80017734        0x0 build/entry.o

.rodata         0x80017734     0x18f0 load address 0x00017734
 *(.rodata .rodata.*)
 .rodata        0x80017734       0x58 build/syscall.o
 .rodata.str1.4
                0x8001778c       0x1c build/syscall.o
 .rodata.str1.4
                0x800177a8      0x1aa build/trap.o
                                0x1ac (size before relaxing)
 .rodata.str1.4
                0x80017952      0x1aa build/uspi_string.o
                                  0x4 (size before relaxing)
 *fill*         0x80017952        0x2 
 .rodata.str1.4
                0x80017954       0x6b build/sysfile.o
                                 0x6c (size before relaxing)
 *fill*         0x800179bf        0x1 
 .rodata.str1.4
                0x800179c0       0x2b build/bio.o
                                 0x2c (size before relaxing)
 *fill*         0x800179eb        0x1 
 .rodata        0x800179ec       0x48 build/uspi_usbmidi.o
 .rodata.str1.4
                0x80017a34       0x24 build/uspi_usbmidi.o
 .rodata.str1.4
                0x80017a58       0x78 build/uspi_usbdevicefactory.o
 .rodata.str1.4
                0x80017ad0       0xb9 build/fs.o
                                 0xc4 (size before relaxing)
 *fill*         0x80017b89        0x3 
 .rodata        0x80017b8c       0x14 build/console.o
 .rodata.str1.4
                0x80017ba0       0x5e build/console.o
                                 0x64 (size before relaxing)
 *fill*         0x80017bfe        0x2 
 .rodata.str1.4
                0x80017c00       0x60 build/spinlock.o
 .rodata.str1.4
                0x80017c60       0xf9 build/main.o
                                 0xfc (size before relaxing)
 *fill*         0x80017d59        0x3 
 .rodata.str1.4
                0x80017d5c       0x2f build/uspi_usbconfigparser.o
                                 0x30 (size before relaxing)
 *fill*         0x80017d8b        0x1 
 .rodata        0x80017d8c        0xc build/uspi_smsc951x.o
 .rodata.str1.4
                0x80017d98       0x76 build/uspi_smsc951x.o
                                 0x94 (size before relaxing)
 *fill*         0x80017e0e        0x2 
 .rodata.str1.4
                0x80017e10       0x1c build/uspi_dwhciframeschednper.o
 .rodata        0x80017e2c        0x8 build/uspi_usbstandardhub.o
 .rodata.str1.4
                0x80017e34      0x1c8 build/uspi_usbstandardhub.o
                                0x1e4 (size before relaxing)
 .rodata        0x80017ffc      0x4cc build/uspi_keymap.o
 .rodata.str1.4
                0x800184c8       0xce build/uspi_keymap.o
                                 0xe0 (size before relaxing)
 *fill*         0x80018596        0x2 
 .rodata.str1.4
                0x80018598       0x67 build/memide.o
                                 0x68 (size before relaxing)
 .rodata.str1.4
                0x800185ff       0x1c build/uspi_dwhciframeschedper.o
 *fill*         0x800185ff        0x1 
 .rodata.str1.4
                0x80018600       0x1e build/uspi_macaddress.o
                                 0x20 (size before relaxing)
 *fill*         0x8001861e        0x2 
 .rodata        0x80018620        0x8 build/uspi_usbmassdevice.o
 .rodata.str1.4
                0x80018628      0x1cc build/uspi_usbmassdevice.o
                                0x1e8 (size before relaxing)
 .rodata.str1.4
                0x800187f4       0x33 build/log.o
                                 0x34 (size before relaxing)
 *fill*         0x80018827        0x1 
 .rodata        0x80018828        0x8 build/uspi_library.o
 .rodata.str1.4
                0x80018830       0x86 build/uspi_library.o
                                 0x90 (size before relaxing)
 *fill*         0x800188b6        0x2 
 .rodata.str1.4
                0x800188b8      0x16e build/vm.o
                                0x170 (size before relaxing)
 *fill*         0x80018a26        0x2 
 .rodata.str1.4
                0x80018a28      0x122 build/usb.o
                                0x124 (size before relaxing)
 *fill*         0x80018b4a        0x2 
 .rodata.str1.4
                0x80018b4c       0x42 build/file.o
                                 0x44 (size before relaxing)
 *fill*         0x80018b8e        0x2 
 .rodata.str1.4
                0x80018b90        0x5 build/pipe.o
                                  0x8 (size before relaxing)
 *fill*         0x80018b95        0x3 
 .rodata.str1.4
                0x80018b98        0x5 build/kalloc.o
                                 0x10 (size before relaxing)
 *fill*         0x80018b9d        0x3 
 .rodata        0x80018ba0        0x8 build/uspi_usbmouse.o
 .rodata.str1.4
                0x80018ba8       0x25 build/uspi_usbmouse.o
                                 0x5c (size before relaxing)
 *fill*         0x80018bcd        0x3 
 .rodata        0x80018bd0        0x8 build/uspi_lan7800.o
 .rodata.str1.4
                0x80018bd8       0x9c build/uspi_lan7800.o
                                 0xec (size before relaxing)
 .rodata        0x80018c74        0x8 build/uspi_usbdevice.o
 .rodata.str1.4
                0x80018c7c      0x148 build/uspi_usbdevice.o
                                0x150 (size before relaxing)
 .rodata        0x80018dc4       0x14 build/uspi_dwhcidevice.o
 .rodata.str1.4
                0x80018dd8       0xcc build/uspi_dwhcidevice.o
 .rodata.str1.4
                0x80018ea4       0xa9 build/proc.o
                                 0xb0 (size before relaxing)
 *fill*         0x80018f4d        0x3 
 .rodata        0x80018f50        0x8 build/uspi_usbkeyboard.o
 .rodata.str1.4
                0x80018f58        0x7 build/uspi_usbkeyboard.o
                                 0x58 (size before relaxing)
 *fill*         0x80018f5f        0x1 
 .rodata        0x80018f60       0x10 build/uspi_usbgamepad.o
 .rodata.str1.4
                0x80018f70       0x21 build/uspi_usbgamepad.o
                                 0x60 (size before relaxing)
 *fill*         0x80018f91        0x3 
 .rodata        0x80018f94        0x8 build/uspi_dwhcirootport.o
 .rodata.str1.4
                0x80018f9c       0x88 build/uspi_dwhcirootport.o

.rel.dyn        0x80019024        0x0 load address 0x00019024
 .rel.iplt      0x80019024        0x0 build/entry.o
                0x8001a000                . = ALIGN (0x1000)

.data           0x8001a000    0x8091c load address 0x0001a000
 *(.data)
 .data          0x8001a000    0x80850 build/entry.o
                0x8001a000                font
                0x8001a800                _binary_initcode_start
                0x8001a850                _binary_fs_img_start
                0x8001a850                _binary_initcode_end
                0x8009a850                _binary_fs_img_end
 .data          0x8009a850        0x0 build/exception.o
 .data          0x8009a850        0x0 build/uspienv_delayloop.o
 .data          0x8009a850        0x0 build/uspi_dwhciframeschednsplit.o
 .data          0x8009a850        0x0 build/exec.o
 .data          0x8009a850        0x0 build/syscall.o
 .data          0x8009a850        0x0 build/uspi_usbrequest.o
 .data          0x8009a850        0x0 build/uspi_usbstring.o
 .data          0x8009a850        0x0 build/trap.o
 .data          0x8009a850        0x0 build/uspi_string.o
 .data          0x8009a850        0x4 build/uspi_devicenameservice.o
 .data          0x8009a854        0x0 build/sysfile.o
 .data          0x8009a854        0x0 build/bio.o
 .data          0x8009a854        0x4 build/uspi_usbmidi.o
 .data          0x8009a858        0x0 build/uspi_usbdevicefactory.o
 .data          0x8009a858        0x0 build/fs.o
 .data          0x8009a858       0x24 build/console.o
                0x8009a85c                framewidth
                0x8009a860                frameheight
                0x8009a864                cursor_x
                0x8009a868                fontheight
                0x8009a86c                cursor_y
                0x8009a870                fontwidth
                0x8009a878                framedepth
 .data          0x8009a87c        0x0 build/spinlock.o
 .data          0x8009a87c        0x4 build/uspienv_timer.o
 .data          0x8009a880        0x0 build/main.o
 .data          0x8009a880        0x0 build/uspi_usbconfigparser.o
 .data          0x8009a880        0x4 build/uspi_smsc951x.o
 .data          0x8009a884        0x0 build/uspi_dwhciframeschednper.o
 .data          0x8009a884        0x0 build/uspi_usbstandardhub.o
 .data          0x8009a884        0x0 build/uspi_keymap.o
 .data          0x8009a884        0x0 build/memide.o
 .data          0x8009a884        0x0 build/uspi_dwhciframeschedper.o
 .data          0x8009a884        0x0 build/mailbox.o
 .data          0x8009a884        0x0 build/uspi_macaddress.o
 .data          0x8009a884        0x0 build/mmu.o
 .data          0x8009a884        0x0 build/uspi_usbendpoint.o
 .data          0x8009a884        0x0 build/uart.o
 .data          0x8009a884        0x0 build/uspi_dwhcixferstagedata.o
 .data          0x8009a884        0x4 build/uspi_usbmassdevice.o
 .data          0x8009a888        0x0 build/log.o
 .data          0x8009a888        0x4 build/uspi_library.o
 .data          0x8009a88c       0x3c build/vm.o
 .data          0x8009a8c8        0x0 build/usb.o
 .data          0x8009a8c8        0x0 build/sysproc.o
 .data          0x8009a8c8        0x0 build/file.o
 .data          0x8009a8c8        0x0 build/string.o
 .data          0x8009a8c8        0x0 build/pipe.o
 .data          0x8009a8c8        0x4 build/uspi_synchronize.o
 .data          0x8009a8cc        0x0 build/kalloc.o
 .data          0x8009a8cc        0x0 build/uspienv_memio.o
 .data          0x8009a8cc        0x4 build/uspi_usbmouse.o
 .data          0x8009a8d0        0x4 build/uspi_lan7800.o
 .data          0x8009a8d4        0x1 build/uspi_usbdevice.o
 .data          0x8009a8d5        0x0 build/uspi_util.o
 .data          0x8009a8d5        0x0 build/uart_pl011.o
 .data          0x8009a8d5        0x0 build/uspi_dwhcidevice.o
 .data          0x8009a8d5        0x0 build/uspi_dwhciregister.o
 *fill*         0x8009a8d5        0x3 
 .data          0x8009a8d8        0xc build/proc.o
                0x8009a8d8                nextpid
                0x8009a8e0                first_sched
 .data          0x8009a8e4        0x4 build/uspi_usbkeyboard.o
 .data          0x8009a8e8        0x0 build/timer.o
 .data          0x8009a8e8       0x34 build/uspi_usbgamepad.o
 .data          0x8009a91c        0x0 build/uspi_dwhcirootport.o
 *.c.o(*)

.igot.plt       0x8009a91c        0x0 load address 0x0009a91c
 .igot.plt      0x8009a91c        0x0 build/entry.o

.bss            0x8009a920     0x54d4 load address 0x0009a920
 *(.bss)
 .bss           0x8009a920        0x0 build/entry.o
 .bss           0x8009a920        0x0 build/exception.o
 .bss           0x8009a920        0x0 build/uspienv_delayloop.o
 .bss           0x8009a920        0x0 build/uspi_dwhciframeschednsplit.o
 .bss           0x8009a920        0x0 build/exec.o
 .bss           0x8009a920        0x0 build/syscall.o
 .bss           0x8009a920        0x0 build/uspi_usbrequest.o
 .bss           0x8009a920        0x0 build/uspi_usbstring.o
 .bss           0x8009a920        0x0 build/trap.o
 .bss           0x8009a920        0x0 build/uspi_string.o
 .bss           0x8009a920        0x0 build/uspi_devicenameservice.o
 .bss           0x8009a920        0x0 build/sysfile.o
 .bss           0x8009a920        0x0 build/bio.o
 .bss           0x8009a920        0x0 build/uspi_usbmidi.o
 .bss           0x8009a920        0x0 build/uspi_usbdevicefactory.o
 .bss           0x8009a920        0x0 build/fs.o
 .bss           0x8009a920       0x60 build/console.o
                0x8009a920                fbinfo
 .bss           0x8009a980        0x0 build/spinlock.o
 .bss           0x8009a980        0x0 build/uspienv_timer.o
 .bss           0x8009a980        0x0 build/main.o
 .bss           0x8009a980        0x0 build/uspi_usbconfigparser.o
 .bss           0x8009a980        0x0 build/uspi_smsc951x.o
 .bss           0x8009a980        0x0 build/uspi_dwhciframeschednper.o
 .bss           0x8009a980        0x0 build/uspi_usbstandardhub.o
 .bss           0x8009a980        0x0 build/uspi_keymap.o
 .bss           0x8009a980        0x8 build/memide.o
 .bss           0x8009a988        0x0 build/uspi_dwhciframeschedper.o
 .bss           0x8009a988        0x0 build/mailbox.o
 .bss           0x8009a988        0x0 build/uspi_macaddress.o
 .bss           0x8009a988        0x0 build/mmu.o
 .bss           0x8009a988        0x0 build/uspi_usbendpoint.o
 .bss           0x8009a988        0xc build/uart.o
 .bss           0x8009a994        0x0 build/uspi_dwhcixferstagedata.o
 .bss           0x8009a994        0x0 build/uspi_usbmassdevice.o
 .bss           0x8009a994        0x0 build/log.o
 .bss           0x8009a994        0x0 build/uspi_library.o
 .bss           0x8009a994        0x0 build/vm.o
 .bss           0x8009a994      0x158 build/usb.o
 .bss           0x8009aaec        0x0 build/sysproc.o
 .bss           0x8009aaec        0x0 build/file.o
 .bss           0x8009aaec        0x0 build/string.o
 .bss           0x8009aaec        0x0 build/pipe.o
 .bss           0x8009aaec        0x4 build/uspi_synchronize.o
 .bss           0x8009aaf0        0x0 build/kalloc.o
 .bss           0x8009aaf0        0x0 build/uspienv_memio.o
 .bss           0x8009aaf0        0x0 build/uspi_usbmouse.o
 .bss           0x8009aaf0        0x0 build/uspi_lan7800.o
 .bss           0x8009aaf0        0x0 build/uspi_usbdevice.o
 .bss           0x8009aaf0        0x0 build/uspi_util.o
 .bss           0x8009aaf0        0x0 build/uart_pl011.o
 .bss           0x8009aaf0        0x0 build/uspi_dwhcidevice.o
 .bss           0x8009aaf0        0x0 build/uspi_dwhciregister.o
 .bss           0x8009aaf0        0x4 build/proc.o
 .bss           0x8009aaf4        0x0 build/uspi_usbkeyboard.o
 .bss           0x8009aaf4        0x0 build/timer.o
 .bss           0x8009aaf4        0x0 build/uspi_usbgamepad.o
 .bss           0x8009aaf4        0x0 build/uspi_dwhcirootport.o
 COMMON         0x8009aaf4       0xe0 build/exec.o
                0x8009aaf4                cpus
 COMMON         0x8009abd4       0x50 build/trap.o
                0x8009abd4                pUSBParam
                0x8009abd8                pUSBTimerParam
                0x8009abdc                nUSBTimerIRQ
                0x8009abe0                tickslock
                0x8009ac14                pUSBTimerHandler
                0x8009ac18                ticks
                0x8009ac1c                pUSBHandler
                0x8009ac20                nUSBIRQ
 COMMON         0x8009ac24     0x173c build/bio.o
                0x8009ac24                bcache
 COMMON         0x8009c360      0xfd4 build/fs.o
                0x8009c360                icache
 COMMON         0x8009d334       0xc0 build/console.o
                0x8009d334                input
 COMMON         0x8009d3f4       0x28 build/main.o
                0x8009d3f4                mb_data
 COMMON         0x8009d41c        0x4 build/mailbox.o
                0x8009d41c                mailbuffer
 COMMON         0x8009d420        0x4 build/mmu.o
                0x8009d420                pm_size
 COMMON         0x8009d424        0x4 build/uart.o
                0x8009d424                uart_disabled
 COMMON         0x8009d428       0x70 build/log.o
                0x8009d428                log
 COMMON         0x8009d498        0x4 build/vm.o
                0x8009d498                kpgdir
 COMMON         0x8009d49c      0x9e4 build/file.o
                0x8009d49c                ftable
                0x8009de30                devsw
 COMMON         0x8009de80       0x3c build/kalloc.o
                0x8009de80                kmem
 COMMON         0x8009debc        0x4 build/uart_pl011.o
                0x8009debc                uart_lock
 COMMON         0x8009dec0     0x1f34 build/proc.o
                0x8009dec0                ptable
                0x8009fdf4                PROVIDE (end, .)

/DISCARD/
 *(.eh_frame .note.GNU-stack)
OUTPUT(build/kernel.elf elf32-littlearm)

.ARM.attributes
                0x00000000       0x3d
 .ARM.attributes
                0x00000000       0x2b build/entry.o
 .ARM.attributes
                0x0000002b       0x2b build/exception.o
 .ARM.attributes
                0x00000056       0x2b build/uspienv_delayloop.o
 .ARM.attributes
                0x00000081       0x41 build/uspi_dwhciframeschednsplit.o
 .ARM.attributes
                0x000000c2       0x41 build/exec.o
 .ARM.attributes
                0x00000103       0x41 build/syscall.o
 .ARM.attributes
                0x00000144       0x41 build/uspi_usbrequest.o
 .ARM.attributes
                0x00000185       0x41 build/uspi_usbstring.o
 .ARM.attributes
                0x000001c6       0x41 build/trap.o
 .ARM.attributes
                0x00000207       0x41 build/uspi_string.o
 .ARM.attributes
                0x00000248       0x41 build/uspi_devicenameservice.o
 .ARM.attributes
                0x00000289       0x41 build/sysfile.o
 .ARM.attributes
                0x000002ca       0x41 build/bio.o
 .ARM.attributes
                0x0000030b       0x41 build/uspi_usbmidi.o
 .ARM.attributes
                0x0000034c       0x41 build/uspi_usbdevicefactory.o
 .ARM.attributes
                0x0000038d       0x41 build/fs.o
 .ARM.attributes
                0x000003ce       0x41 build/console.o
 .ARM.attributes
                0x0000040f       0x41 build/spinlock.o
 .ARM.attributes
                0x00000450       0x41 build/uspienv_timer.o
 .ARM.attributes
                0x00000491       0x41 build/main.o
 .ARM.attributes
                0x000004d2       0x41 build/uspi_usbconfigparser.o
 .ARM.attributes
                0x00000513       0x41 build/uspi_smsc951x.o
 .ARM.attributes
                0x00000554       0x41 build/uspi_dwhciframeschednper.o
 .ARM.attributes
                0x00000595       0x41 build/uspi_usbstandardhub.o
 .ARM.attributes
                0x000005d6       0x41 build/uspi_keymap.o
 .ARM.attributes
                0x00000617       0x41 build/memide.o
 .ARM.attributes
                0x00000658       0x41 build/uspi_dwhciframeschedper.o
 .ARM.attributes
                0x00000699       0x41 build/mailbox.o
 .ARM.attributes
                0x000006da       0x41 build/uspi_macaddress.o
 .ARM.attributes
                0x0000071b       0x41 build/mmu.o
 .ARM.attributes
                0x0000075c       0x41 build/uspi_usbendpoint.o
 .ARM.attributes
                0x0000079d       0x41 build/uart.o
 .ARM.attributes
                0x000007de       0x41 build/uspi_dwhcixferstagedata.o
 .ARM.attributes
                0x0000081f       0x41 build/uspi_usbmassdevice.o
 .ARM.attributes
                0x00000860       0x41 build/log.o
 .ARM.attributes
                0x000008a1       0x41 build/uspi_library.o
 .ARM.attributes
                0x000008e2       0x41 build/vm.o
 .ARM.attributes
                0x00000923       0x41 build/usb.o
 .ARM.attributes
                0x00000964       0x41 build/sysproc.o
 .ARM.attributes
                0x000009a5       0x41 build/file.o
 .ARM.attributes
                0x000009e6       0x41 build/string.o
 .ARM.attributes
                0x00000a27       0x41 build/pipe.o
 .ARM.attributes
                0x00000a68       0x41 build/uspi_synchronize.o
 .ARM.attributes
                0x00000aa9       0x41 build/kalloc.o
 .ARM.attributes
                0x00000aea       0x41 build/uspienv_memio.o
 .ARM.attributes
                0x00000b2b       0x41 build/uspi_usbmouse.o
 .ARM.attributes
                0x00000b6c       0x41 build/uspi_lan7800.o
 .ARM.attributes
                0x00000bad       0x41 build/uspi_usbdevice.o
 .ARM.attributes
                0x00000bee       0x41 build/uspi_util.o
 .ARM.attributes
                0x00000c2f       0x41 build/uart_pl011.o
 .ARM.attributes
                0x00000c70       0x41 build/uspi_dwhcidevice.o
 .ARM.attributes
                0x00000cb1       0x41 build/uspi_dwhciregister.o
 .ARM.attributes
                0x00000cf2       0x41 build/proc.o
 .ARM.attributes
                0x00000d33       0x41 build/uspi_usbkeyboard.o
 .ARM.attributes
                0x00000d74       0x41 build/timer.o
 .ARM.attributes
                0x00000db5       0x41 build/uspi_usbgamepad.o
 .ARM.attributes
                0x00000df6       0x41 build/uspi_dwhcirootport.o

.comment        0x00000000       0x26
 .comment       0x00000000       0x26 build/uspi_dwhciframeschednsplit.o
                                 0x27 (size before relaxing)
 .comment       0x00000026       0x27 build/exec.o
 .comment       0x00000026       0x27 build/syscall.o
 .comment       0x00000026       0x27 build/uspi_usbrequest.o
 .comment       0x00000026       0x27 build/uspi_usbstring.o
 .comment       0x00000026       0x27 build/trap.o
 .comment       0x00000026       0x27 build/uspi_string.o
 .comment       0x00000026       0x27 build/uspi_devicenameservice.o
 .comment       0x00000026       0x27 build/sysfile.o
 .comment       0x00000026       0x27 build/bio.o
 .comment       0x00000026       0x27 build/uspi_usbmidi.o
 .comment       0x00000026       0x27 build/uspi_usbdevicefactory.o
 .comment       0x00000026       0x27 build/fs.o
 .comment       0x00000026       0x27 build/console.o
 .comment       0x00000026       0x27 build/spinlock.o
 .comment       0x00000026       0x27 build/uspienv_timer.o
 .comment       0x00000026       0x27 build/main.o
 .comment       0x00000026       0x27 build/uspi_usbconfigparser.o
 .comment       0x00000026       0x27 build/uspi_smsc951x.o
 .comment       0x00000026       0x27 build/uspi_dwhciframeschednper.o
 .comment       0x00000026       0x27 build/uspi_usbstandardhub.o
 .comment       0x00000026       0x27 build/uspi_keymap.o
 .comment       0x00000026       0x27 build/memide.o
 .comment       0x00000026       0x27 build/uspi_dwhciframeschedper.o
 .comment       0x00000026       0x27 build/mailbox.o
 .comment       0x00000026       0x27 build/uspi_macaddress.o
 .comment       0x00000026       0x27 build/mmu.o
 .comment       0x00000026       0x27 build/uspi_usbendpoint.o
 .comment       0x00000026       0x27 build/uart.o
 .comment       0x00000026       0x27 build/uspi_dwhcixferstagedata.o
 .comment       0x00000026       0x27 build/uspi_usbmassdevice.o
 .comment       0x00000026       0x27 build/log.o
 .comment       0x00000026       0x27 build/uspi_library.o
 .comment       0x00000026       0x27 build/vm.o
 .comment       0x00000026       0x27 build/usb.o
 .comment       0x00000026       0x27 build/sysproc.o
 .comment       0x00000026       0x27 build/file.o
 .comment       0x00000026       0x27 build/string.o
 .comment       0x00000026       0x27 build/pipe.o
 .comment       0x00000026       0x27 build/uspi_synchronize.o
 .comment       0x00000026       0x27 build/kalloc.o
 .comment       0x00000026       0x27 build/uspienv_memio.o
 .comment       0x00000026       0x27 build/uspi_usbmouse.o
 .comment       0x00000026       0x27 build/uspi_lan7800.o
 .comment       0x00000026       0x27 build/uspi_usbdevice.o
 .comment       0x00000026       0x27 build/uspi_util.o
 .comment       0x00000026       0x27 build/uart_pl011.o
 .comment       0x00000026       0x27 build/uspi_dwhcidevice.o
 .comment       0x00000026       0x27 build/uspi_dwhciregister.o
 .comment       0x00000026       0x27 build/proc.o
 .comment       0x00000026       0x27 build/uspi_usbkeyboard.o
 .comment       0x00000026       0x27 build/timer.o
 .comment       0x00000026       0x27 build/uspi_usbgamepad.o
 .comment       0x00000026       0x27 build/uspi_dwhcirootport.o

.debug_line     0x00000000     0x5ae2
 .debug_line    0x00000000       0xfb build/entry.o
 .debug_line    0x000000fb       0xdd build/exception.o
 .debug_line    0x000001d8       0x4c build/uspienv_delayloop.o
 .debug_line    0x00000224       0xeb build/uspi_dwhciframeschednsplit.o
 .debug_line    0x0000030f       0xf8 build/exec.o
 .debug_line    0x00000407       0xf1 build/syscall.o
 .debug_line    0x000004f8       0xef build/uspi_usbrequest.o
 .debug_line    0x000005e7      0x1ea build/uspi_usbstring.o
 .debug_line    0x000007d1      0x1c8 build/trap.o
 .debug_line    0x00000999      0x249 build/uspi_string.o
 .debug_line    0x00000be2       0xd5 build/uspi_devicenameservice.o
 .debug_line    0x00000cb7      0x278 build/sysfile.o
 .debug_line    0x00000f2f       0xfa build/bio.o
 .debug_line    0x00001029      0x1da build/uspi_usbmidi.o
 .debug_line    0x00001203      0x23a build/uspi_usbdevicefactory.o
 .debug_line    0x0000143d      0x3c2 build/fs.o
 .debug_line    0x000017ff      0x359 build/console.o
 .debug_line    0x00001b58       0xba build/spinlock.o
 .debug_line    0x00001c12      0x181 build/uspienv_timer.o
 .debug_line    0x00001d93      0x107 build/main.o
 .debug_line    0x00001e9a      0x110 build/uspi_usbconfigparser.o
 .debug_line    0x00001faa      0x258 build/uspi_smsc951x.o
 .debug_line    0x00002202      0x10b build/uspi_dwhciframeschednper.o
 .debug_line    0x0000230d      0x31b build/uspi_usbstandardhub.o
 .debug_line    0x00002628      0x100 build/uspi_keymap.o
 .debug_line    0x00002728       0x98 build/memide.o
 .debug_line    0x000027c0      0x13e build/uspi_dwhciframeschedper.o
 .debug_line    0x000028fe       0xed build/mailbox.o
 .debug_line    0x000029eb       0xb9 build/uspi_macaddress.o
 .debug_line    0x00002aa4       0xe6 build/mmu.o
 .debug_line    0x00002b8a      0x132 build/uspi_usbendpoint.o
 .debug_line    0x00002cbc      0x1d1 build/uart.o
 .debug_line    0x00002e8d      0x276 build/uspi_dwhcixferstagedata.o
 .debug_line    0x00003103      0x34b build/uspi_usbmassdevice.o
 .debug_line    0x0000344e      0x135 build/log.o
 .debug_line    0x00003583      0x329 build/uspi_library.o
 .debug_line    0x000038ac      0x236 build/vm.o
 .debug_line    0x00003ae2      0x13a build/usb.o
 .debug_line    0x00003c1c       0xa9 build/sysproc.o
 .debug_line    0x00003cc5      0x108 build/file.o
 .debug_line    0x00003dcd      0x107 build/string.o
 .debug_line    0x00003ed4      0x12a build/pipe.o
 .debug_line    0x00003ffe       0x73 build/uspi_synchronize.o
 .debug_line    0x00004071      0x10f build/kalloc.o
 .debug_line    0x00004180       0x62 build/uspienv_memio.o
 .debug_line    0x000041e2      0x1e9 build/uspi_usbmouse.o
 .debug_line    0x000043cb      0x2f9 build/uspi_lan7800.o
 .debug_line    0x000046c4      0x268 build/uspi_usbdevice.o
 .debug_line    0x0000492c       0xb9 build/uspi_util.o
 .debug_line    0x000049e5       0x7e build/uart_pl011.o
 .debug_line    0x00004a63      0x528 build/uspi_dwhcidevice.o
 .debug_line    0x00004f8b       0x9e build/uspi_dwhciregister.o
 .debug_line    0x00005029      0x23b build/proc.o
 .debug_line    0x00005264      0x233 build/uspi_usbkeyboard.o
 .debug_line    0x00005497       0xc5 build/timer.o
 .debug_line    0x0000555c      0x3cd build/uspi_usbgamepad.o
 .debug_line    0x00005929      0x1b9 build/uspi_dwhcirootport.o

.debug_info     0x00000000    0x2c62b
 .debug_info    0x00000000       0x54 build/entry.o
 .debug_info    0x00000054       0x5c build/exception.o
 .debug_info    0x000000b0       0x64 build/uspienv_delayloop.o
 .debug_info    0x00000114      0x383 build/uspi_dwhciframeschednsplit.o
 .debug_info    0x00000497      0x920 build/exec.o
 .debug_info    0x00000db7      0x6ca build/syscall.o
 .debug_info    0x00001481      0xa57 build/uspi_usbrequest.o
 .debug_info    0x00001ed8     0x1004 build/uspi_usbstring.o
 .debug_info    0x00002edc      0xbab build/trap.o
 .debug_info    0x00003a87      0xbcf build/uspi_string.o
 .debug_info    0x00004656      0x311 build/uspi_devicenameservice.o
 .debug_info    0x00004967     0x1671 build/sysfile.o
 .debug_info    0x00005fd8      0x47b build/bio.o
 .debug_info    0x00006453     0x12b6 build/uspi_usbmidi.o
 .debug_info    0x00007709     0x1755 build/uspi_usbdevicefactory.o
 .debug_info    0x00008e5e     0x1a8f build/fs.o
 .debug_info    0x0000a8ed     0x13be build/console.o
 .debug_info    0x0000bcab      0x69e build/spinlock.o
 .debug_info    0x0000c349      0x80f build/uspienv_timer.o
 .debug_info    0x0000cb58      0x99d build/main.o
 .debug_info    0x0000d4f5      0x581 build/uspi_usbconfigparser.o
 .debug_info    0x0000da76     0x1715 build/uspi_smsc951x.o
 .debug_info    0x0000f18b      0x3c9 build/uspi_dwhciframeschednper.o
 .debug_info    0x0000f554     0x1aa4 build/uspi_usbstandardhub.o
 .debug_info    0x00010ff8      0x587 build/uspi_keymap.o
 .debug_info    0x0001157f      0x5a1 build/memide.o
 .debug_info    0x00011b20      0x50f build/uspi_dwhciframeschedper.o
 .debug_info    0x0001202f      0x780 build/mailbox.o
 .debug_info    0x000127af      0x4b6 build/uspi_macaddress.o
 .debug_info    0x00012c65      0x16b build/mmu.o
 .debug_info    0x00012dd0      0xa00 build/uspi_usbendpoint.o
 .debug_info    0x000137d0      0xb7c build/uart.o
 .debug_info    0x0001434c     0x1483 build/uspi_dwhcixferstagedata.o
 .debug_info    0x000157cf     0x2120 build/uspi_usbmassdevice.o
 .debug_info    0x000178ef      0x6f9 build/log.o
 .debug_info    0x00017fe8     0x1eb2 build/uspi_library.o
 .debug_info    0x00019e9a     0x11ad build/vm.o
 .debug_info    0x0001b047      0x8e4 build/usb.o
 .debug_info    0x0001b92b      0x64e build/sysproc.o
 .debug_info    0x0001bf79      0x7df build/file.o
 .debug_info    0x0001c758      0x4de build/string.o
 .debug_info    0x0001cc36      0x7fb build/pipe.o
 .debug_info    0x0001d431      0x111 build/uspi_synchronize.o
 .debug_info    0x0001d542      0x3ed build/kalloc.o
 .debug_info    0x0001d92f       0xc5 build/uspienv_memio.o
 .debug_info    0x0001d9f4     0x1385 build/uspi_usbmouse.o
 .debug_info    0x0001ed79     0x1fb7 build/uspi_lan7800.o
 .debug_info    0x00020d30     0x1654 build/uspi_usbdevice.o
 .debug_info    0x00022384      0x391 build/uspi_util.o
 .debug_info    0x00022715       0xac build/uart_pl011.o
 .debug_info    0x000227c1     0x430b build/uspi_dwhcidevice.o
 .debug_info    0x00026acc      0x332 build/uspi_dwhciregister.o
 .debug_info    0x00026dfe      0xee7 build/proc.o
 .debug_info    0x00027ce5     0x1950 build/uspi_usbkeyboard.o
 .debug_info    0x00029635      0x715 build/timer.o
 .debug_info    0x00029d4a     0x1a88 build/uspi_usbgamepad.o
 .debug_info    0x0002b7d2      0xe59 build/uspi_dwhcirootport.o

.debug_abbrev   0x00000000     0x786a
 .debug_abbrev  0x00000000       0x12 build/entry.o
 .debug_abbrev  0x00000012       0x14 build/exception.o
 .debug_abbrev  0x00000026       0x14 build/uspienv_delayloop.o
 .debug_abbrev  0x0000003a      0x155 build/uspi_dwhciframeschednsplit.o
 .debug_abbrev  0x0000018f      0x1c9 build/exec.o
 .debug_abbrev  0x00000358      0x24c build/syscall.o
 .debug_abbrev  0x000005a4      0x16e build/uspi_usbrequest.o
 .debug_abbrev  0x00000712      0x211 build/uspi_usbstring.o
 .debug_abbrev  0x00000923      0x261 build/trap.o
 .debug_abbrev  0x00000b84      0x2bf build/uspi_string.o
 .debug_abbrev  0x00000e43      0x170 build/uspi_devicenameservice.o
 .debug_abbrev  0x00000fb3      0x2e4 build/sysfile.o
 .debug_abbrev  0x00001297      0x223 build/bio.o
 .debug_abbrev  0x000014ba      0x265 build/uspi_usbmidi.o
 .debug_abbrev  0x0000171f      0x1cd build/uspi_usbdevicefactory.o
 .debug_abbrev  0x000018ec      0x476 build/fs.o
 .debug_abbrev  0x00001d62      0x420 build/console.o
 .debug_abbrev  0x00002182      0x22b build/spinlock.o
 .debug_abbrev  0x000023ad      0x2f9 build/uspienv_timer.o
 .debug_abbrev  0x000026a6      0x21f build/main.o
 .debug_abbrev  0x000028c5      0x15e build/uspi_usbconfigparser.o
 .debug_abbrev  0x00002a23      0x23f build/uspi_smsc951x.o
 .debug_abbrev  0x00002c62      0x1be build/uspi_dwhciframeschednper.o
 .debug_abbrev  0x00002e20      0x23e build/uspi_usbstandardhub.o
 .debug_abbrev  0x0000305e      0x1ab build/uspi_keymap.o
 .debug_abbrev  0x00003209      0x1c6 build/memide.o
 .debug_abbrev  0x000033cf      0x21f build/uspi_dwhciframeschedper.o
 .debug_abbrev  0x000035ee      0x273 build/mailbox.o
 .debug_abbrev  0x00003861      0x1b2 build/uspi_macaddress.o
 .debug_abbrev  0x00003a13       0xd0 build/mmu.o
 .debug_abbrev  0x00003ae3      0x195 build/uspi_usbendpoint.o
 .debug_abbrev  0x00003c78      0x292 build/uart.o
 .debug_abbrev  0x00003f0a      0x2a4 build/uspi_dwhcixferstagedata.o
 .debug_abbrev  0x000041ae      0x310 build/uspi_usbmassdevice.o
 .debug_abbrev  0x000044be      0x213 build/log.o
 .debug_abbrev  0x000046d1      0x2e0 build/uspi_library.o
 .debug_abbrev  0x000049b1      0x3d7 build/vm.o
 .debug_abbrev  0x00004d88      0x2fe build/usb.o
 .debug_abbrev  0x00005086      0x1d8 build/sysproc.o
 .debug_abbrev  0x0000525e      0x219 build/file.o
 .debug_abbrev  0x00005477      0x17f build/string.o
 .debug_abbrev  0x000055f6      0x210 build/pipe.o
 .debug_abbrev  0x00005806       0xaa build/uspi_synchronize.o
 .debug_abbrev  0x000058b0      0x25e build/kalloc.o
 .debug_abbrev  0x00005b0e       0x89 build/uspienv_memio.o
 .debug_abbrev  0x00005b97      0x258 build/uspi_usbmouse.o
 .debug_abbrev  0x00005def      0x2bc build/uspi_lan7800.o
 .debug_abbrev  0x000060ab      0x2d8 build/uspi_usbdevice.o
 .debug_abbrev  0x00006383       0xe1 build/uspi_util.o
 .debug_abbrev  0x00006464       0x94 build/uart_pl011.o
 .debug_abbrev  0x000064f8      0x39d build/uspi_dwhcidevice.o
 .debug_abbrev  0x00006895       0xd7 build/uspi_dwhciregister.o
 .debug_abbrev  0x0000696c      0x397 build/proc.o
 .debug_abbrev  0x00006d03      0x346 build/uspi_usbkeyboard.o
 .debug_abbrev  0x00007049      0x28c build/timer.o
 .debug_abbrev  0x000072d5      0x3c5 build/uspi_usbgamepad.o
 .debug_abbrev  0x0000769a      0x1d0 build/uspi_dwhcirootport.o

.debug_aranges  0x00000000      0x728
 .debug_aranges
                0x00000000       0x28 build/entry.o
 .debug_aranges
                0x00000028       0x20 build/exception.o
 .debug_aranges
                0x00000048       0x20 build/uspienv_delayloop.o
 .debug_aranges
                0x00000068       0x20 build/uspi_dwhciframeschednsplit.o
 .debug_aranges
                0x00000088       0x20 build/exec.o
 .debug_aranges
                0x000000a8       0x20 build/syscall.o
 .debug_aranges
                0x000000c8       0x20 build/uspi_usbrequest.o
 .debug_aranges
                0x000000e8       0x20 build/uspi_usbstring.o
 .debug_aranges
                0x00000108       0x20 build/trap.o
 .debug_aranges
                0x00000128       0x20 build/uspi_string.o
 .debug_aranges
                0x00000148       0x20 build/uspi_devicenameservice.o
 .debug_aranges
                0x00000168       0x20 build/sysfile.o
 .debug_aranges
                0x00000188       0x20 build/bio.o
 .debug_aranges
                0x000001a8       0x20 build/uspi_usbmidi.o
 .debug_aranges
                0x000001c8       0x20 build/uspi_usbdevicefactory.o
 .debug_aranges
                0x000001e8       0x20 build/fs.o
 .debug_aranges
                0x00000208       0x20 build/console.o
 .debug_aranges
                0x00000228       0x20 build/spinlock.o
 .debug_aranges
                0x00000248       0x20 build/uspienv_timer.o
 .debug_aranges
                0x00000268       0x20 build/main.o
 .debug_aranges
                0x00000288       0x20 build/uspi_usbconfigparser.o
 .debug_aranges
                0x000002a8       0x20 build/uspi_smsc951x.o
 .debug_aranges
                0x000002c8       0x20 build/uspi_dwhciframeschednper.o
 .debug_aranges
                0x000002e8       0x20 build/uspi_usbstandardhub.o
 .debug_aranges
                0x00000308       0x20 build/uspi_keymap.o
 .debug_aranges
                0x00000328       0x20 build/memide.o
 .debug_aranges
                0x00000348       0x20 build/uspi_dwhciframeschedper.o
 .debug_aranges
                0x00000368       0x20 build/mailbox.o
 .debug_aranges
                0x00000388       0x20 build/uspi_macaddress.o
 .debug_aranges
                0x000003a8       0x20 build/mmu.o
 .debug_aranges
                0x000003c8       0x20 build/uspi_usbendpoint.o
 .debug_aranges
                0x000003e8       0x20 build/uart.o
 .debug_aranges
                0x00000408       0x20 build/uspi_dwhcixferstagedata.o
 .debug_aranges
                0x00000428       0x20 build/uspi_usbmassdevice.o
 .debug_aranges
                0x00000448       0x20 build/log.o
 .debug_aranges
                0x00000468       0x20 build/uspi_library.o
 .debug_aranges
                0x00000488       0x20 build/vm.o
 .debug_aranges
                0x000004a8       0x20 build/usb.o
 .debug_aranges
                0x000004c8       0x20 build/sysproc.o
 .debug_aranges
                0x000004e8       0x20 build/file.o
 .debug_aranges
                0x00000508       0x20 build/string.o
 .debug_aranges
                0x00000528       0x20 build/pipe.o
 .debug_aranges
                0x00000548       0x20 build/uspi_synchronize.o
 .debug_aranges
                0x00000568       0x20 build/kalloc.o
 .debug_aranges
                0x00000588       0x20 build/uspienv_memio.o
 .debug_aranges
                0x000005a8       0x20 build/uspi_usbmouse.o
 .debug_aranges
                0x000005c8       0x20 build/uspi_lan7800.o
 .debug_aranges
                0x000005e8       0x20 build/uspi_usbdevice.o
 .debug_aranges
                0x00000608       0x20 build/uspi_util.o
 .debug_aranges
                0x00000628       0x20 build/uart_pl011.o
 .debug_aranges
                0x00000648       0x20 build/uspi_dwhcidevice.o
 .debug_aranges
                0x00000668       0x20 build/uspi_dwhciregister.o
 .debug_aranges
                0x00000688       0x20 build/proc.o
 .debug_aranges
                0x000006a8       0x20 build/uspi_usbkeyboard.o
 .debug_aranges
                0x000006c8       0x20 build/timer.o
 .debug_aranges
                0x000006e8       0x20 build/uspi_usbgamepad.o
 .debug_aranges
                0x00000708       0x20 build/uspi_dwhcirootport.o

.debug_ranges   0x00000000      0xa78
 .debug_ranges  0x00000000       0x20 build/entry.o
 .debug_ranges  0x00000020       0x88 build/syscall.o
 .debug_ranges  0x000000a8       0x58 build/uspi_usbstring.o
 .debug_ranges  0x00000100       0x28 build/uspi_string.o
 .debug_ranges  0x00000128       0x18 build/uspi_devicenameservice.o
 .debug_ranges  0x00000140       0x90 build/sysfile.o
 .debug_ranges  0x000001d0       0x20 build/bio.o
 .debug_ranges  0x000001f0       0x40 build/uspi_usbmidi.o
 .debug_ranges  0x00000230       0x80 build/fs.o
 .debug_ranges  0x000002b0       0xa8 build/console.o
 .debug_ranges  0x00000358       0x60 build/uspienv_timer.o
 .debug_ranges  0x000003b8       0x48 build/uspi_usbconfigparser.o
 .debug_ranges  0x00000400      0x138 build/uspi_usbstandardhub.o
 .debug_ranges  0x00000538       0x18 build/uspi_keymap.o
 .debug_ranges  0x00000550       0x40 build/mailbox.o
 .debug_ranges  0x00000590       0x30 build/uspi_macaddress.o
 .debug_ranges  0x000005c0       0x18 build/uspi_usbendpoint.o
 .debug_ranges  0x000005d8       0x80 build/uart.o
 .debug_ranges  0x00000658       0x58 build/uspi_usbmassdevice.o
 .debug_ranges  0x000006b0       0x48 build/log.o
 .debug_ranges  0x000006f8       0x30 build/uspi_library.o
 .debug_ranges  0x00000728       0x38 build/vm.o
 .debug_ranges  0x00000760       0x30 build/usb.o
 .debug_ranges  0x00000790       0x40 build/file.o
 .debug_ranges  0x000007d0       0x28 build/string.o
 .debug_ranges  0x000007f8       0x60 build/kalloc.o
 .debug_ranges  0x00000858       0x18 build/uspi_lan7800.o
 .debug_ranges  0x00000870       0x30 build/uspi_usbdevice.o
 .debug_ranges  0x000008a0       0x80 build/uspi_dwhcidevice.o
 .debug_ranges  0x00000920       0x30 build/proc.o
 .debug_ranges  0x00000950       0x70 build/timer.o
 .debug_ranges  0x000009c0       0xb8 build/uspi_usbgamepad.o

.debug_loc      0x00000000     0xda7c
 .debug_loc     0x00000000       0x9d build/uspi_dwhciframeschednsplit.o
 .debug_loc     0x0000009d      0x2dc build/exec.o
 .debug_loc     0x00000379      0x3fc build/syscall.o
 .debug_loc     0x00000775      0x106 build/uspi_usbrequest.o
 .debug_loc     0x0000087b      0x2a6 build/uspi_usbstring.o
 .debug_loc     0x00000b21      0x2c8 build/trap.o
 .debug_loc     0x00000de9      0x9fa build/uspi_string.o
 .debug_loc     0x000017e3      0x127 build/uspi_devicenameservice.o
 .debug_loc     0x0000190a      0x418 build/sysfile.o
 .debug_loc     0x00001d22      0x146 build/bio.o
 .debug_loc     0x00001e68      0x305 build/uspi_usbmidi.o
 .debug_loc     0x0000216d      0x241 build/uspi_usbdevicefactory.o
 .debug_loc     0x000023ae     0x10e7 build/fs.o
 .debug_loc     0x00003495      0x8a8 build/console.o
 .debug_loc     0x00003d3d      0x106 build/spinlock.o
 .debug_loc     0x00003e43      0x5a5 build/uspienv_timer.o
 .debug_loc     0x000043e8      0x2d7 build/uspi_usbconfigparser.o
 .debug_loc     0x000046bf      0x395 build/uspi_smsc951x.o
 .debug_loc     0x00004a54      0x196 build/uspi_dwhciframeschednper.o
 .debug_loc     0x00004bea      0x4da build/uspi_usbstandardhub.o
 .debug_loc     0x000050c4      0x4b4 build/uspi_keymap.o
 .debug_loc     0x00005578       0x8a build/memide.o
 .debug_loc     0x00005602      0x245 build/uspi_dwhciframeschedper.o
 .debug_loc     0x00005847      0x267 build/mailbox.o
 .debug_loc     0x00005aae      0x291 build/uspi_macaddress.o
 .debug_loc     0x00005d3f      0x14e build/mmu.o
 .debug_loc     0x00005e8d      0x1c4 build/uspi_usbendpoint.o
 .debug_loc     0x00006051      0x5b9 build/uart.o
 .debug_loc     0x0000660a      0x77d build/uspi_dwhcixferstagedata.o
 .debug_loc     0x00006d87      0x74d build/uspi_usbmassdevice.o
 .debug_loc     0x000074d4      0x1d7 build/log.o
 .debug_loc     0x000076ab      0x69c build/uspi_library.o
 .debug_loc     0x00007d47      0xe13 build/vm.o
 .debug_loc     0x00008b5a      0x320 build/usb.o
 .debug_loc     0x00008e7a       0x31 build/sysproc.o
 .debug_loc     0x00008eab      0x4b2 build/file.o
 .debug_loc     0x0000935d      0xa2a build/string.o
 .debug_loc     0x00009d87      0x2a1 build/pipe.o
 .debug_loc     0x0000a028       0x77 build/uspi_synchronize.o
 .debug_loc     0x0000a09f      0x29b build/kalloc.o
 .debug_loc     0x0000a33a       0x21 build/uspienv_memio.o
 .debug_loc     0x0000a35b      0x222 build/uspi_usbmouse.o
 .debug_loc     0x0000a57d      0x65e build/uspi_lan7800.o
 .debug_loc     0x0000abdb      0x44b build/uspi_usbdevice.o
 .debug_loc     0x0000b026      0x4c4 build/uspi_util.o
 .debug_loc     0x0000b4ea      0xec8 build/uspi_dwhcidevice.o
 .debug_loc     0x0000c3b2       0xe4 build/uspi_dwhciregister.o
 .debug_loc     0x0000c496      0x454 build/proc.o
 .debug_loc     0x0000c8ea      0x27c build/uspi_usbkeyboard.o
 .debug_loc     0x0000cb66       0xe0 build/timer.o
 .debug_loc     0x0000cc46      0xd69 build/uspi_usbgamepad.o
 .debug_loc     0x0000d9af       0xcd build/uspi_dwhcirootport.o

.debug_str      0x00000000     0x4f79
 .debug_str     0x00000000      0x2da build/uspi_dwhciframeschednsplit.o
                                0x39b (size before relaxing)
 .debug_str     0x000002da      0x1d3 build/exec.o
                                0x322 (size before relaxing)
 .debug_str     0x000004ad       0x51 build/syscall.o
                                0x242 (size before relaxing)
 .debug_str     0x000004fe      0x736 build/uspi_usbrequest.o
                                0x905 (size before relaxing)
 .debug_str     0x00000c34      0x299 build/uspi_usbstring.o
                                0xae8 (size before relaxing)
 .debug_str     0x00000ecd      0x1e2 build/trap.o
                                0x403 (size before relaxing)
 .debug_str     0x000010af      0x1a1 build/uspi_string.o
                                0x359 (size before relaxing)
 .debug_str     0x00001250       0xcc build/uspi_devicenameservice.o
                                0x258 (size before relaxing)
 .debug_str     0x0000131c      0x1ab build/sysfile.o
                                0x40d (size before relaxing)
 .debug_str     0x000014c7       0x6a build/bio.o
                                0x1ce (size before relaxing)
 .debug_str     0x00001531      0x21c build/uspi_usbmidi.o
                                0xcfd (size before relaxing)
 .debug_str     0x0000174d      0x489 build/uspi_usbdevicefactory.o
                                0xf5c (size before relaxing)
 .debug_str     0x00001bd6       0xa2 build/fs.o
                                0x3ef (size before relaxing)
 .debug_str     0x00001c78      0x1a3 build/console.o
                                0x494 (size before relaxing)
 .debug_str     0x00001e1b       0x32 build/spinlock.o
                                0x262 (size before relaxing)
 .debug_str     0x00001e4d      0x23b build/uspienv_timer.o
                                0x3d6 (size before relaxing)
 .debug_str     0x00002088       0xdb build/main.o
                                0x342 (size before relaxing)
 .debug_str     0x00002163       0xf0 build/uspi_usbconfigparser.o
                                0x51d (size before relaxing)
 .debug_str     0x00002253      0x1a9 build/uspi_smsc951x.o
                                0xdd5 (size before relaxing)
 .debug_str     0x000023fc      0x1ad build/uspi_dwhciframeschednper.o
                                0x3e4 (size before relaxing)
 .debug_str     0x000025a9      0x132 build/uspi_usbstandardhub.o
                                0xdcf (size before relaxing)
 .debug_str     0x000026db      0x405 build/uspi_keymap.o
                                0x5be (size before relaxing)
 .debug_str     0x00002ae0       0x51 build/memide.o
                                0x276 (size before relaxing)
 .debug_str     0x00002b31      0x127 build/uspi_dwhciframeschedper.o
                                0x440 (size before relaxing)
 .debug_str     0x00002c58       0x5c build/mailbox.o
                                0x2fa (size before relaxing)
 .debug_str     0x00002cb4       0xaf build/uspi_macaddress.o
                                0x2ac (size before relaxing)
 .debug_str     0x00002d63       0x2a build/mmu.o
                                0x15b (size before relaxing)
 .debug_str     0x00002d8d      0x12f build/uspi_usbendpoint.o
                                0x866 (size before relaxing)
 .debug_str     0x00002ebc       0x7a build/uart.o
                                0x266 (size before relaxing)
 .debug_str     0x00002f36      0x537 build/uspi_dwhcixferstagedata.o
                               0x10a4 (size before relaxing)
 .debug_str     0x0000346d      0x57c build/uspi_usbmassdevice.o
                               0x1282 (size before relaxing)
 .debug_str     0x000039e9       0x67 build/log.o
                                0x26d (size before relaxing)
 .debug_str     0x00003a50      0x470 build/uspi_library.o
                               0x1647 (size before relaxing)
 .debug_str     0x00003ec0       0xc6 build/vm.o
                                0x37c (size before relaxing)
 .debug_str     0x00003f86       0x89 build/usb.o
                                0x458 (size before relaxing)
 .debug_str     0x0000400f       0x75 build/sysproc.o
                                0x2ab (size before relaxing)
 .debug_str     0x00004084       0x32 build/file.o
                                0x295 (size before relaxing)
 .debug_str     0x000040b6       0x20 build/string.o
                                0x175 (size before relaxing)
 .debug_str     0x000040d6       0x2e build/pipe.o
                                0x2fa (size before relaxing)
 .debug_str     0x00004104       0x67 build/uspi_synchronize.o
                                0x1d3 (size before relaxing)
 .debug_str     0x0000416b       0x3d build/kalloc.o
                                0x1b4 (size before relaxing)
 .debug_str     0x000041a8       0x17 build/uspienv_memio.o
                                0x163 (size before relaxing)
 .debug_str     0x000041bf       0x94 build/uspi_usbmouse.o
                                0xd30 (size before relaxing)
 .debug_str     0x00004253      0x16e build/uspi_lan7800.o
                                0xeb0 (size before relaxing)
 .debug_str     0x000043c1       0xcf build/uspi_usbdevice.o
                                0xdbf (size before relaxing)
 .debug_str     0x00004490       0x61 build/uspi_util.o
                                0x24e (size before relaxing)
 .debug_str     0x000044f1       0x45 build/uart_pl011.o
                                0x156 (size before relaxing)
 .debug_str     0x00004536      0x5be build/uspi_dwhcidevice.o
                               0x17fa (size before relaxing)
 .debug_str     0x00004af4       0x61 build/uspi_dwhciregister.o
                                0x29a (size before relaxing)
 .debug_str     0x00004b55       0xa9 build/proc.o
                                0x3bb (size before relaxing)
 .debug_str     0x00004bfe      0x152 build/uspi_usbkeyboard.o
                               0x12fd (size before relaxing)
 .debug_str     0x00004d50       0x3c build/timer.o
                                0x2c6 (size before relaxing)
 .debug_str     0x00004d8c      0x1c3 build/uspi_usbgamepad.o
                                0xf80 (size before relaxing)
 .debug_str     0x00004f4f       0x2a build/uspi_dwhcirootport.o
                                0xacf (size before relaxing)

.debug_frame    0x00000000     0x3a30
 .debug_frame   0x00000000       0x98 build/uspi_dwhciframeschednsplit.o
 .debug_frame   0x00000098       0x40 build/exec.o
 .debug_frame   0x000000d8       0x8c build/syscall.o
 .debug_frame   0x00000164       0xd0 build/uspi_usbrequest.o
 .debug_frame   0x00000234       0xd8 build/uspi_usbstring.o
 .debug_frame   0x0000030c      0x144 build/trap.o
 .debug_frame   0x00000450      0x1bc build/uspi_string.o
 .debug_frame   0x0000060c       0x88 build/uspi_devicenameservice.o
 .debug_frame   0x00000694      0x250 build/sysfile.o
 .debug_frame   0x000008e4       0x90 build/bio.o
 .debug_frame   0x00000974       0xdc build/uspi_usbmidi.o
 .debug_frame   0x00000a50       0x48 build/uspi_usbdevicefactory.o
 .debug_frame   0x00000a98      0x314 build/fs.o
 .debug_frame   0x00000dac      0x214 build/console.o
 .debug_frame   0x00000fc0       0xb8 build/spinlock.o
 .debug_frame   0x00001078      0x188 build/uspienv_timer.o
 .debug_frame   0x00001200       0x88 build/main.o
 .debug_frame   0x00001288       0x84 build/uspi_usbconfigparser.o
 .debug_frame   0x0000130c      0x11c build/uspi_smsc951x.o
 .debug_frame   0x00001428       0x98 build/uspi_dwhciframeschednper.o
 .debug_frame   0x000014c0       0xec build/uspi_usbstandardhub.o
 .debug_frame   0x000015ac       0x94 build/uspi_keymap.o
 .debug_frame   0x00001640       0x50 build/memide.o
 .debug_frame   0x00001690       0xa0 build/uspi_dwhciframeschedper.o
 .debug_frame   0x00001730       0x68 build/mailbox.o
 .debug_frame   0x00001798       0xf0 build/uspi_macaddress.o
 .debug_frame   0x00001888       0x3c build/mmu.o
 .debug_frame   0x000018c4      0x108 build/uspi_usbendpoint.o
 .debug_frame   0x000019cc       0xe8 build/uart.o
 .debug_frame   0x00001ab4      0x280 build/uspi_dwhcixferstagedata.o
 .debug_frame   0x00001d34      0x198 build/uspi_usbmassdevice.o
 .debug_frame   0x00001ecc       0xcc build/log.o
 .debug_frame   0x00001f98      0x214 build/uspi_library.o
 .debug_frame   0x000021ac      0x28c build/vm.o
 .debug_frame   0x00002438      0x12c build/usb.o
 .debug_frame   0x00002564       0xdc build/sysproc.o
 .debug_frame   0x00002640      0x118 build/file.o
 .debug_frame   0x00002758       0xd4 build/string.o
 .debug_frame   0x0000282c       0xa0 build/pipe.o
 .debug_frame   0x000028cc       0x40 build/uspi_synchronize.o
 .debug_frame   0x0000290c       0xa8 build/kalloc.o
 .debug_frame   0x000029b4       0x30 build/uspienv_memio.o
 .debug_frame   0x000029e4       0xdc build/uspi_usbmouse.o
 .debug_frame   0x00002ac0      0x20c build/uspi_lan7800.o
 .debug_frame   0x00002ccc      0x198 build/uspi_usbdevice.o
 .debug_frame   0x00002e64       0xc0 build/uspi_util.o
 .debug_frame   0x00002f24       0x40 build/uart_pl011.o
 .debug_frame   0x00002f64      0x4c4 build/uspi_dwhcidevice.o
 .debug_frame   0x00003428       0xf0 build/uspi_dwhciregister.o
 .debug_frame   0x00003518      0x1b4 build/proc.o
 .debug_frame   0x000036cc      0x104 build/uspi_usbkeyboard.o
 .debug_frame   0x000037d0       0x9c build/timer.o
 .debug_frame   0x0000386c      0x158 build/uspi_usbgamepad.o
 .debug_frame   0x000039c4       0x6c build/uspi_dwhcirootport.o
