
Allocating common symbols
Common symbol       size              file

uart_lock           0x4               build/uart_pl011.o
log                 0x70              build/log.o
kmem                0x3c              build/kalloc.o
pUSBParam           0x4               build/trap.o
bcache              0x173c            build/bio.o
pUSBTimerParam      0x4               build/trap.o
input               0xc0              build/console.o
uart_disabled       0x4               build/uart.o
nUSBTimerIRQ        0x4               build/trap.o
kpgdir              0x4               build/vm.o
mb_data             0x28              build/main.o
tickslock           0x34              build/trap.o
ftable              0x994             build/file.o
cpus                0xe0              build/exec.o
mailbuffer          0x4               build/mailbox.o
pUSBTimerHandler    0x4               build/trap.o
pm_size             0x4               build/mmu.o
ticks               0x4               build/trap.o
pUSBHandler         0x4               build/trap.o
ptable              0x1f34            build/proc.o
nUSBIRQ             0x4               build/trap.o
devsw               0x50              build/file.o
icache              0xfd4             build/fs.o

Discarded input sections

 .note.GNU-stack
                0x00000000        0x0 build/uspi_dwhciframeschednsplit.o
 .note.GNU-stack
                0x00000000        0x0 build/exec.o
 .note.GNU-stack
                0x00000000        0x0 build/trap.o
 .note.GNU-stack
                0x00000000        0x0 build/uspi_string.o
 .note.GNU-stack
                0x00000000        0x0 build/sysfile.o
 .note.GNU-stack
                0x00000000        0x0 build/uspi_usbendpoint.o
 .note.GNU-stack
                0x00000000        0x0 build/bio.o
 .note.GNU-stack
                0x00000000        0x0 build/uspi_usbmidi.o
 .note.GNU-stack
                0x00000000        0x0 build/uspi_usbdevicefactory.o
 .note.GNU-stack
                0x00000000        0x0 build/fs.o
 .note.GNU-stack
                0x00000000        0x0 build/console.o
 .note.GNU-stack
                0x00000000        0x0 build/spinlock.o
 .note.GNU-stack
                0x00000000        0x0 build/uspi_usbconfigparser.o
 .note.GNU-stack
                0x00000000        0x0 build/uspienv_timer.o
 .note.GNU-stack
                0x00000000        0x0 build/main.o
 .note.GNU-stack
                0x00000000        0x0 build/vm.o
 .note.GNU-stack
                0x00000000        0x0 build/uspi_dwhciframeschedper.o
 .note.GNU-stack
                0x00000000        0x0 build/uspi_usbstandardhub.o
 .note.GNU-stack
                0x00000000        0x0 build/uspi_smsc951x.o
 .note.GNU-stack
                0x00000000        0x0 build/uspi_dwhciframeschednper.o
 .note.GNU-stack
                0x00000000        0x0 build/uspi_dwhcixferstagedata.o
 .note.GNU-stack
                0x00000000        0x0 build/uspi_keymap.o
 .note.GNU-stack
                0x00000000        0x0 build/memide.o
 .note.GNU-stack
                0x00000000        0x0 build/uspi_library.o
 .note.GNU-stack
                0x00000000        0x0 build/mailbox.o
 .note.GNU-stack
                0x00000000        0x0 build/uart_pl011.o
 .note.GNU-stack
                0x00000000        0x0 build/uspi_usbdevice.o
 .note.GNU-stack
                0x00000000        0x0 build/mmu.o
 .note.GNU-stack
                0x00000000        0x0 build/log.o
 .note.GNU-stack
                0x00000000        0x0 build/uspi_macaddress.o
 .note.GNU-stack
                0x00000000        0x0 build/uart.o
 .note.GNU-stack
                0x00000000        0x0 build/syscall.o
 .note.GNU-stack
                0x00000000        0x0 build/uspi_usbmassdevice.o
 .note.GNU-stack
                0x00000000        0x0 build/file.o
 .note.GNU-stack
                0x00000000        0x0 build/uspi_usbstring.o
 .note.GNU-stack
                0x00000000        0x0 build/usb.o
 .note.GNU-stack
                0x00000000        0x0 build/sysproc.o
 .note.GNU-stack
                0x00000000        0x0 build/string.o
 .note.GNU-stack
                0x00000000        0x0 build/pipe.o
 .note.GNU-stack
                0x00000000        0x0 build/uspi_usbrequest.o
 .note.GNU-stack
                0x00000000        0x0 build/uspi_synchronize.o
 .note.GNU-stack
                0x00000000        0x0 build/uspienv_memio.o
 .note.GNU-stack
                0x00000000        0x0 build/uspi_usbmouse.o
 .note.GNU-stack
                0x00000000        0x0 build/uspi_lan7800.o
 .note.GNU-stack
                0x00000000        0x0 build/kalloc.o
 .note.GNU-stack
                0x00000000        0x0 build/uspi_util.o
 .note.GNU-stack
                0x00000000        0x0 build/uspi_dwhcidevice.o
 .note.GNU-stack
                0x00000000        0x0 build/uspi_dwhciregister.o
 .note.GNU-stack
                0x00000000        0x0 build/proc.o
 .note.GNU-stack
                0x00000000        0x0 build/uspi_usbkeyboard.o
 .note.GNU-stack
                0x00000000        0x0 build/timer.o
 .note.GNU-stack
                0x00000000        0x0 build/uspi_devicenameservice.o
 .note.GNU-stack
                0x00000000        0x0 build/uspi_usbgamepad.o
 .note.GNU-stack
                0x00000000        0x0 build/uspi_dwhcirootport.o

Memory Configuration

Name             Origin             Length             Attributes
*default*        0x00000000         0xffffffff

Linker script and memory map

LOAD build/entry.o
LOAD build/exception.o
LOAD build/uspienv_delayloop.o
LOAD build/uspi_dwhciframeschednsplit.o
LOAD build/exec.o
LOAD build/trap.o
LOAD build/uspi_string.o
LOAD build/sysfile.o
LOAD build/uspi_usbendpoint.o
LOAD build/bio.o
LOAD build/uspi_usbmidi.o
LOAD build/uspi_usbdevicefactory.o
LOAD build/fs.o
LOAD build/console.o
LOAD build/spinlock.o
LOAD build/uspi_usbconfigparser.o
LOAD build/uspienv_timer.o
LOAD build/main.o
LOAD build/vm.o
LOAD build/uspi_dwhciframeschedper.o
LOAD build/uspi_usbstandardhub.o
LOAD build/uspi_smsc951x.o
LOAD build/uspi_dwhciframeschednper.o
LOAD build/uspi_dwhcixferstagedata.o
LOAD build/uspi_keymap.o
LOAD build/memide.o
LOAD build/uspi_library.o
LOAD build/mailbox.o
LOAD build/uart_pl011.o
LOAD build/uspi_usbdevice.o
LOAD build/mmu.o
LOAD build/log.o
LOAD build/uspi_macaddress.o
LOAD build/uart.o
LOAD build/syscall.o
LOAD build/uspi_usbmassdevice.o
LOAD build/file.o
LOAD build/uspi_usbstring.o
LOAD build/usb.o
LOAD build/sysproc.o
LOAD build/string.o
LOAD build/pipe.o
LOAD build/uspi_usbrequest.o
LOAD build/uspi_synchronize.o
LOAD build/uspienv_memio.o
LOAD build/uspi_usbmouse.o
LOAD build/uspi_lan7800.o
LOAD build/kalloc.o
LOAD build/uspi_util.o
LOAD build/uspi_dwhcidevice.o
LOAD build/uspi_dwhciregister.o
LOAD build/proc.o
LOAD build/uspi_usbkeyboard.o
LOAD build/timer.o
LOAD build/uspi_devicenameservice.o
LOAD build/uspi_usbgamepad.o
LOAD build/uspi_dwhcirootport.o
                0x00000000                PHYSTART = 0x0
                0x10000000                PHYSIZE = 0x10000000
                0x80000000                KERNBASE = 0x80000000
                0x3f000000                MMIO_PA = 0x3f000000
                0xd0000000                MMIO_VA = 0xd0000000
                0x01000000                MMIO_SIZE = 0x1000000
                0xdf000000                PERIPHBASE = 0xdf000000
                0x00004000                K_PDX_BASE = 0x4000
                0x00003000                K_PTX_BASE = 0x3000
                0x00008000                PHYSOFFSET = 0x8000
                0x80008000                KERNOFFSET = 0x80008000
                0x80008000                PHYSOFFSET = DEFINED (PHYSOFFSET)?PHYSOFFSET:0x80008000
                0xc0008000                KERNOFFSET = DEFINED (KERNOFFSET)?KERNOFFSET:0xc0008000
                0x80000000                SHIFT = (KERNOFFSET - PHYSOFFSET)

.init           0x00008000      0x1d4
 *(.init)
 .init          0x00008000      0x1d4 build/entry.o
                0x00008000                _start
                0x00008200                . = ALIGN (0x100)
                0x00008200                INIT_END = .
                0x80008200                . = (. + SHIFT)

.text           0x80008200     0xf804 load address 0x00008200
 *.c.o(.text)
 *(.text .stub .text.*)
 .text          0x80008200       0x94 build/entry.o
                0x80008200                _pagingstart
                0x80008208                acknowledge
                0x8000822c                dsb_barrier
                0x80008238                flush_dcache_all
                0x80008244                flush_idcache
                0x80008250                flush_tlb
                0x80008270                flush_dcache
                0x8000827c                set_pgtbase
                0x80008284                getsystemtime
 *fill*         0x80008294        0xc 
 .text          0x800082a0      0x284 build/exception.o
                0x800082a0                vectors
                0x80008338                trapret
                0x80008478                set_mode_sp
                0x8000849c                readcpsr
                0x800084a4                cli
                0x800084b4                sti
                0x800084c4                swtch
 *fill*         0x80008524        0x4 
 .text          0x80008528        0xc build/uspienv_delayloop.o
                0x80008528                DelayLoop
 .text          0x80008534       0xdc build/uspi_dwhciframeschednsplit.o
                0x80008534                DWHCIFrameSchedulerNoSplitStartSplit
                0x80008538                DWHCIFrameSchedulerNoSplitCompleteSplit
                0x80008540                DWHCIFrameSchedulerNoSplitTransactionComplete
                0x80008544                DWHCIFrameSchedulerNoSplitIsOddFrame
                0x80008550                DWHCIFrameSchedulerNoSplitWaitForFrame
                0x800085b4                _DWHCIFrameSchedulerNoSplit
                0x800085b8                DWHCIFrameSchedulerNoSplit
 .text          0x80008610      0x2a8 build/exec.o
                0x80008610                exec
 .text          0x800088b8      0x604 build/trap.o
                0x800088b8                led25_on
                0x800088d8                led25_off
                0x800088f8                enable_intrs
                0x8000891c                disable_intrs
                0x80008940                tvinit
                0x80008a2c                trap_oops
                0x80008ac4                handle_irq
                0x80008b2c                trap
                0x80008dd4                ConnectInterrupt
                0x80008e48                ConnectTimerInterrupt
 .text          0x80008ebc      0x9a0 build/uspi_string.o
                0x80008f1c                String
                0x80008f2c                String2
                0x80008f5c                _String
                0x80008f84                StringGet
                0x80008f9c                StringSet
                0x80008fe0                StringGetLength
                0x80008ff0                StringAppend
                0x8000906c                StringCompare
                0x80009074                StringFind
                0x800090b8                StringPutChar
                0x800090f8                StringPutString
                0x8000913c                StringFormatV
                0x800097a0                StringFormat
                0x800097cc                StringReserveSpace
                0x800097d8                ntoa
 .text          0x8000985c      0xab8 build/sysfile.o
                0x80009a3c                sys_dup
                0x80009ab4                sys_read
                0x80009b20                sys_write
                0x80009b8c                sys_close
                0x80009be0                sys_fstat
                0x80009c2c                sys_link
                0x80009d3c                sys_unlink
                0x80009ef8                sys_open
                0x8000a02c                sys_mkdir
                0x8000a088                sys_mknod
                0x8000a110                sys_chdir
                0x8000a190                sys_exec
                0x8000a24c                sys_pipe
 .text          0x8000a314      0x20c build/uspi_usbendpoint.o
                0x8000a314                USBEndpoint
                0x8000a340                USBEndpoint2
                0x8000a430                USBEndpointCopy
                0x8000a46c                _USBEndpoint
                0x8000a478                USBEndpointGetDevice
                0x8000a480                USBEndpointGetNumber
                0x8000a488                USBEndpointGetType
                0x8000a490                USBEndpointIsDirectionIn
                0x8000a498                USBEndpointSetMaxPacketSize
                0x8000a4a0                USBEndpointGetMaxPacketSize
                0x8000a4a8                USBEndpointGetInterval
                0x8000a4b0                USBEndpointGetNextPID
                0x8000a4c0                USBEndpointSkipPID
                0x8000a514                USBEndpointResetPID
 .text          0x8000a520      0x238 build/bio.o
                0x8000a520                binit
                0x8000a5a8                bread
                0x8000a6a8                bwrite
                0x8000a6d0                brelse
 .text          0x8000a758      0x378 build/uspi_usbmidi.o
                0x8000a7b8                USBMIDIDeviceConfigure
                0x8000aa4c                USBMIDIDevice
                0x8000aa7c                _CUSBMIDIDevice
                0x8000aac8                USBMIDIDeviceRegisterPacketHandler
 .text          0x8000aad0      0x230 build/uspi_usbdevicefactory.o
                0x8000aad0                GetDevice
                0x8000aca0                USBDeviceFactoryGetDevice
 .text          0x8000ad00      0xd54 build/fs.o
                0x8000add8                readsb
                0x8000b03c                iinit
                0x8000b06c                ialloc
                0x8000b11c                iupdate
                0x8000b198                idup
                0x8000b1cc                ilock
                0x8000b2d4                iunlock
                0x8000b334                iput
                0x8000b484                iunlockput
                0x8000b49c                stati
                0x8000b4c4                readi
                0x8000b5b0                writei
                0x8000b6cc                namecmp
                0x8000b6d4                dirlookup
                0x8000b954                dirlink
                0x8000ba2c                namei
                0x8000ba48                nameiparent
 .text          0x8000ba54      0xaa8 build/console.o
                0x8000ba54                consoleread
                0x8000bb48                setgpucolour
                0x8000bb58                initframebuf
                0x8000bbb0                drawpixel
                0x8000bbf0                drawcursor
                0x8000bc64                drawcharacter
                0x8000bcfc                gpuputc
                0x8000bef4                consolewrite
                0x8000c004                panic
                0x8000c078                cprintf
                0x8000c1fc                consputc
                0x8000c298                consoleintr
                0x8000c404                gpuinit
                0x8000c460                consoleinit
 .text          0x8000c4fc      0x194 build/spinlock.o
                0x8000c4fc                initlock
                0x8000c510                getcallerpcs
                0x8000c514                holding
                0x8000c53c                pushcli
                0x8000c574                acquire
                0x8000c5f0                popcli
                0x8000c64c                release
 .text          0x8000c690      0x1e4 build/uspi_usbconfigparser.o
                0x8000c690                USBConfigurationParser
                0x8000c7a0                _USBConfigurationParser
                0x8000c7ac                USBConfigurationParserIsValid
                0x8000c7b4                USBConfigurationParserGetDescriptor
                0x8000c854                USBConfigurationParserError
 .text          0x8000c874      0x3ac build/uspienv_timer.o
                0x8000c8b4                TimerEnvInit
                0x8000c904                _Timer
                0x8000c918                TimerGetClockTicks
                0x8000c934                TimerGetTicks
                0x8000c93c                TimerGetTime
                0x8000c944                TimerStartKernelTimer
                0x8000c9b0                TimerCancelKernelTimer
                0x8000c9c4                TimerMsDelay
                0x8000c9d8                TimerusDelay
                0x8000c9ec                TimerGet
                0x8000c9fc                TimerSimpleMsDelay
                0x8000ca18                TimerSimpleusDelay
                0x8000ca24                TimerPollKernelTimers
                0x8000ca9c                TimerInterruptHandler
                0x8000cb54                TimerTuneMsDelay
                0x8000cbb8                TimerInitialize
 .text          0x8000cc20      0x478 build/main.o
                0x8000cc20                OkLoop
                0x8000cc64                NotOkLoop
                0x8000cca8                getpmsize
                0x8000cd1c                machinit
                0x8000cd30                readTest
                0x8000ce20                test
                0x8000cf30                cmain
 .text          0x8000d098      0x7f0 build/vm.o
                0x8000d294                setupkvm
                0x8000d2b8                setupkvm_new
                0x8000d35c                kvmalloc
                0x8000d374                switchkvm
                0x8000d378                switchkvm_new
                0x8000d3a4                switchuvm
                0x8000d3ec                inituvm
                0x8000d464                loaduvm
                0x8000d548                allocuvm
                0x8000d63c                deallocuvm
                0x8000d650                freevm
                0x8000d6c0                clearpteu
                0x8000d6f4                copyuvm
                0x8000d7d4                uva2ka
                0x8000d808                copyout
 .text          0x8000d888      0x21c build/uspi_dwhciframeschedper.o
                0x8000d888                _DWHCIFrameSchedulerPeriodic
                0x8000d894                DWHCIFrameSchedulerPeriodicStartSplit
                0x8000d8a8                DWHCIFrameSchedulerPeriodicIsOddFrame
                0x8000d8b4                DWHCIFrameSchedulerPeriodicWaitForFrame
                0x8000d924                DWHCIFrameSchedulerPeriodicCompleteSplit
                0x8000d98c                DWHCIFrameSchedulerPeriodicTransactionComplete
                0x8000da44                DWHCIFrameSchedulerPeriodic
 .text          0x8000daa4      0xa34 build/uspi_usbstandardhub.o
                0x8000daa4                USBStandardHub
                0x8000dae8                _USBStandardHub
                0x8000db74                USBStandardHubInitialize
                0x8000db78                USBStandardHubGetDeviceNames
                0x8000dc40                USBStandardHubEnumeratePorts
                0x8000e228                USBStandardHubConfigure
 .text          0x8000e4d8      0x5d0 build/uspi_smsc951x.o
                0x8000e4d8                SMSC951xDevice
                0x8000e510                _SMSC951xDevice
                0x8000e57c                SMSC951xDeviceGetMACAddress
                0x8000e584                SMSC951xDeviceSendFrame
                0x8000e5e4                SMSC951xDeviceReceiveFrame
                0x8000e6cc                SMSC951xDeviceWriteReg
                0x8000e734                SMSC951xDeviceConfigure
                0x8000ea40                SMSC951xDeviceReadReg
 .text          0x8000eaa8      0x18c build/uspi_dwhciframeschednper.o
                0x8000eaa8                _DWHCIFrameSchedulerNonPeriodic
                0x8000eab4                DWHCIFrameSchedulerNonPeriodicStartSplit
                0x8000eac0                DWHCIFrameSchedulerNonPeriodicWaitForFrame
                0x8000eac4                DWHCIFrameSchedulerNonPeriodicIsOddFrame
                0x8000eacc                DWHCIFrameSchedulerNonPeriodicCompleteSplit
                0x8000eb20                DWHCIFrameSchedulerNonPeriodicTransactionComplete
                0x8000ebe0                DWHCIFrameSchedulerNonPeriodic
 .text          0x8000ec34      0x4ac build/uspi_dwhcixferstagedata.o
                0x8000ec34                DWHCITransferStageData
                0x8000ee04                _DWHCITransferStageData
                0x8000ee60                DWHCITransferStageDataTransactionComplete
                0x8000ef4c                DWHCITransferStageDataSetSplitComplete
                0x8000ef54                DWHCITransferStageDataSetState
                0x8000ef5c                DWHCITransferStageDataGetState
                0x8000ef64                DWHCITransferStageDataSetSubState
                0x8000ef6c                DWHCITransferStageDataGetSubState
                0x8000ef74                DWHCITransferStageDataBeginSplitCycle
                0x8000ef7c                DWHCITransferStageDataGetChannelNumber
                0x8000ef84                DWHCITransferStageDataIsPeriodic
                0x8000efa4                DWHCITransferStageDataGetDeviceAddress
                0x8000efac                DWHCITransferStageDataGetEndpointType
                0x8000efd8                DWHCITransferStageDataGetEndpointNumber
                0x8000efe0                DWHCITransferStageDataGetMaxPacketSize
                0x8000efe8                DWHCITransferStageDataGetSpeed
                0x8000eff0                DWHCITransferStageDataGetPID
                0x8000f020                DWHCITransferStageDataIsDirectionIn
                0x8000f028                DWHCITransferStageDataIsStatusStage
                0x8000f030                DWHCITransferStageDataGetDMAAddress
                0x8000f038                DWHCITransferStageDataGetBytesToTransfer
                0x8000f040                DWHCITransferStageDataGetPacketsToTransfer
                0x8000f048                DWHCITransferStageDataIsSplit
                0x8000f050                DWHCITransferStageDataIsSplitComplete
                0x8000f058                DWHCITransferStageDataGetHubAddress
                0x8000f060                DWHCITransferStageDataGetHubPortAddress
                0x8000f068                DWHCITransferStageDataGetSplitPosition
                0x8000f070                DWHCITransferStageDataGetStatusMask
                0x8000f0a4                DWHCITransferStageDataGetTransactionStatus
                0x8000f0ac                DWHCITransferStageDataIsStageComplete
                0x8000f0bc                DWHCITransferStageDataGetResultLen
                0x8000f0d0                DWHCITransferStageDataGetURB
                0x8000f0d8                DWHCITransferStageDataGetFrameScheduler
 .text          0x8000f0e0      0x2b8 build/uspi_keymap.o
                0x8000f0e0                KeyMap
                0x8000f104                _KeyMap
                0x8000f108                KeyMapClearTable
                0x8000f140                KeyMapSetEntry
                0x8000f190                KeyMapTranslate
                0x8000f2b0                KeyMapGetString
                0x8000f368                KeyMapGetLEDStatus
 .text          0x8000f398       0xe8 build/memide.o
                0x8000f398                ideinit
                0x8000f3cc                ideintr
                0x8000f3d0                iderw
 .text          0x8000f480      0x74c build/uspi_library.o
                0x8000f480                USPiInitialize
                0x8000f690                USPiKeyboardAvailable
                0x8000f6ac                USPiKeyboardRegisterKeyPressedHandler
                0x8000f6c4                USPiKeyboardRegisterShutdownHandler
                0x8000f6dc                USPiKeyboardRegisterKeyStatusHandlerRaw
                0x8000f6f4                USPiMouseAvailable
                0x8000f710                USPiMouseRegisterStatusHandler
                0x8000f728                USPiMassStorageDeviceAvailable
                0x8000f758                USPiMassStorageDeviceRead
                0x8000f7cc                USPiMassStorageDeviceWrite
                0x8000f840                USPiMassStorageDeviceGetCapacity
                0x8000f870                USPiEthernetAvailable
                0x8000f8a0                USPiGetMACAddress
                0x8000f8e4                USPiSendFrame
                0x8000f938                USPiReceiveFrame
                0x8000f98c                USPiGamePadAvailable
                0x8000f9bc                USPiGamePadRegisterStatusHandler
                0x8000f9fc                USPiGamePadGetStatus
                0x8000fa40                USPiMIDIAvailable
                0x8000fa5c                USPiMIDIRegisterPacketHandler
                0x8000fa74                USPiDeviceGetInformation
 .text          0x8000fbcc      0x120 build/mailbox.o
                0x8000fbcc                create_request
                0x8000fc60                mailboxinit
                0x8000fc78                readmailbox
                0x8000fcb0                writemailbox
 .text          0x8000fcec       0x94 build/uart_pl011.o
                0x8000fcec                uartinit_fvp
                0x8000fd20                uartputc_fvp
                0x8000fd64                uartgetc_fvp
 .text          0x8000fd80      0x6b4 build/uspi_usbdevice.o
                0x8000fd80                USBDeviceConfigure
                0x8000fde4                USBDevice
                0x8000fe54                USBDeviceCopy
                0x8000ff48                _USBDevice
                0x8000ffe0                USBDeviceInitialize
                0x800102e8                USBDeviceGetName
                0x800103dc                USBDeviceGetAddress
                0x800103e4                USBDeviceGetSpeed
                0x800103ec                USBDeviceGetHubAddress
                0x800103f4                USBDeviceGetHubPortNumber
                0x800103fc                USBDeviceGetEndpoint0
                0x80010404                USBDeviceGetHost
                0x8001040c                USBDeviceGetDeviceDescriptor
                0x80010414                USBDeviceGetConfigurationDescriptor
                0x8001041c                USBDeviceGetDescriptor
                0x80010424                USBDeviceConfigurationError
                0x8001042c                USBDeviceSetAddress
 .text          0x80010434      0x108 build/mmu.o
                0x80010434                mmuinit0
                0x800104d8                mmuinit1
 .text          0x8001053c      0x344 build/log.o
                0x80010624                initlog
                0x800106d0                begin_trans
                0x80010728                commit_trans
                0x80010784                log_write
 .text          0x80010880      0x118 build/uspi_macaddress.o
                0x80010880                MACAddress
                0x8001088c                _MACAddress
                0x80010898                MACAddressIsEqual
                0x800108b8                MACAddressSet
                0x800108d8                MACAddress2
                0x800108dc                MACAddressSetBroadcast
                0x80010900                MACAddressGet
                0x80010908                MACAddressCopyTo
                0x8001091c                MACAddressIsBroadcast
                0x80010948                MACAddressGetSize
                0x80010950                MACAddressFormat
 .text          0x80010998      0x3d8 build/uart.o
                0x80010a40                led18_on
                0x80010a64                led18_off
                0x80010a88                setgpioval
                0x80010aec                setgpiofunc
                0x80010af8                enableirqminiuart
                0x80010b10                disableirqminiuart
                0x80010b28                uartputc
                0x80010bbc                miniuartintr
                0x80010c9c                uartinit
 .text          0x80010d70      0x264 build/syscall.o
                0x80010d70                fetchint
                0x80010dac                fetchstr
                0x80010e14                argint
                0x80010e5c                argptr
                0x80010ebc                argstr
                0x80010f48                syscall
 .text          0x80010fd4      0xae4 build/uspi_usbmassdevice.o
                0x80010fd4                USBBulkOnlyMassStorageDevice
                0x80011010                _USBBulkOnlyMassStorageDevice
                0x80011064                USBBulkOnlyMassStorageDeviceSeek
                0x80011074                USBBulkOnlyMassStorageDeviceGetCapacity
                0x8001107c                USBBulkOnlyMassStorageDeviceCommand
                0x80011284                USBBulkOnlyMassStorageDeviceConfigure
                0x800116d0                USBBulkOnlyMassStorageDeviceTryRead
                0x800117c4                USBBulkOnlyMassStorageDeviceTryWrite
                0x800118b4                USBBulkOnlyMassStorageDeviceReset
                0x800119e8                USBBulkOnlyMassStorageDeviceRead
                0x80011a50                USBBulkOnlyMassStorageDeviceWrite
 .text          0x80011ab8      0x350 build/file.o
                0x80011ab8                fileinit
                0x80011ae8                filealloc
                0x80011b54                filedup
                0x80011b9c                fileclose
                0x80011c3c                filestat
                0x80011c80                fileread
                0x80011d0c                filewrite
 .text          0x80011e08      0x3e4 build/uspi_usbstring.o
                0x80011e08                USBString
                0x80011e30                USBStringCopy
                0x80011e98                _USBString
                0x80011ed8                USBStringGetFromDescriptor
                0x80012080                USBStringGet
                0x80012088                USBStringGetLanguageID
 .text          0x800121ec      0x2f8 build/usb.o
                0x80012258                malloc
                0x80012274                free
                0x80012278                MsDelay
                0x800122ac                usDelay
                0x800122dc                StartKernelTimer
                0x80012314                CancelKernelTimer
                0x8001232c                SetPowerStateOn
                0x800123b8                GetMACAddress
                0x800123c0                LogWrite
                0x8001241c                usbinit
 .text          0x800124e4      0x1b0 build/sysproc.o
                0x800124e4                sys_fork
                0x800124e8                sys_exit
                0x800124f8                sys_wait
                0x800124fc                sys_kill
                0x80012530                sys_getpid
                0x80012544                sys_sbrk
                0x80012594                sys_sleep
                0x80012664                sys_uptime
 .text          0x80012694      0x2cc build/string.o
                0x80012694                memsetw
                0x800126b8                memsetb
                0x800126d8                memset
                0x80012744                memcmp
                0x80012790                memmove
                0x800127f0                memcpy
                0x800127f4                strncmp
                0x80012860                strncpy
                0x800128b8                safestrcpy
                0x800128f4                strlen
                0x80012924                div
 .text          0x80012960      0x314 build/pipe.o
                0x80012960                pipealloc
                0x80012a3c                pipeclose
                0x80012a9c                pipewrite
                0x80012b70                piperead
 .text          0x80012c74       0xb4 build/uspi_usbrequest.o
                0x80012c74                USBRequest
                0x80012ca4                _USBRequest
                0x80012cbc                USBRequestGetEndpoint
                0x80012cc4                USBRequestSetStatus
                0x80012ccc                USBRequestSetResultLen
                0x80012cd4                USBRequestGetStatus
                0x80012cdc                USBRequestGetResultLength
                0x80012ce4                USBRequestGetSetupData
                0x80012cec                USBRequestGetBuffer
                0x80012cf4                USBRequestGetBufLen
                0x80012cfc                USBRequestSetCompletionRoutine
                0x80012d0c                USBRequestCallCompletionRoutine
 .text          0x80012d28       0xa8 build/uspi_synchronize.o
                0x80012d28                uspi_EnterCritical
                0x80012d64                uspi_LeaveCritical
                0x80012da0                uspi_CleanAndInvalidateDataCacheRange
 .text          0x80012dd0       0x10 build/uspienv_memio.o
                0x80012dd0                read32
                0x80012dd8                write32
 .text          0x80012de0      0x3fc build/uspi_usbmouse.o
                0x80012e40                USBMouseDeviceConfigure
                0x8001314c                USBMouseDevice
                0x80013188                _CUSBMouseDevice
                0x800131d4                USBMouseDeviceRegisterStatusHandler
 .text          0x800131dc      0xad4 build/uspi_lan7800.o
                0x800131dc                LAN7800Device
                0x80013214                _LAN7800Device
                0x80013280                LAN7800DeviceGetMACAddress
                0x80013288                LAN7800DeviceSendFrame
                0x800132ec                LAN7800DeviceReceiveFrame
                0x800133c8                LAN7800DeviceWriteReg
                0x8001345c                LAN7800DeviceInitMACAddress
                0x80013544                LAN7800DeviceReadReg
                0x800135cc                LAN7800DeviceWaitReg
                0x80013638                LAN7800DevicePHYWrite
                0x800136bc                LAN7800DevicePHYRead
                0x80013758                LAN7800DeviceIsLinkUp
                0x80013780                LAN7800DeviceInitPHY
                0x800137c4                LAN7800DeviceReadWriteReg
                0x80013810                LAN7800DeviceConfigure
 .text          0x80013cb0      0x1f4 build/kalloc.o
                0x80013cb0                kfree
                0x80013d44                freerange
                0x80013d80                kinit1
                0x80013df4                kinit2
                0x80013e40                kalloc
 .text          0x80013ea4      0x224 build/uspi_util.o
                0x80013ea4                uspi_memset
                0x80013ec8                uspi_memcpy
                0x80013eec                uspi_memcmp
                0x80013f48                uspi_strlen
                0x80013f70                uspi_strcmp
                0x80013fe8                uspi_strcpy
                0x80014014                uspi_strncpy
                0x80014060                uspi_strcat
                0x800140a4                uspi_char2int
                0x800140b4                uspi_le2be16
                0x800140c0                uspi_le2be32
 .text          0x800140c8     0x1a54 build/uspi_dwhcidevice.o
                0x800140c8                DWHCIDeviceCompletionRoutine
                0x800140d4                DWHCIDevice
                0x80014114                _DWHCIDevice
                0x8001411c                DWHCIDeviceEnableGlobalInterrupts
                0x80014160                DWHCIDeviceEnableCommonInterrupts
                0x80014198                DWHCIDeviceEnableHostInterrupts
                0x800141f4                DWHCIDeviceEnableChannelInterrupt
                0x80014248                DWHCIDeviceDisableChannelInterrupt
                0x8001429c                DWHCIDeviceStartChannel
                0x80014614                DWHCIDeviceStartTransaction
                0x800146e4                DWHCIDeviceTimerHandler
                0x8001474c                DWHCIDeviceChannelInterruptHandler
                0x80014b78                DWHCIDeviceInterruptHandler
                0x80014c70                DWHCIDeviceAllocateChannel
                0x80014ce8                DWHCIDeviceTransferStageAsync
                0x80014e00                DWHCIDeviceSubmitAsyncRequest
                0x80014e44                DWHCIDeviceTransferStage
                0x80014eb4                DWHCIDeviceSubmitBlockingRequest
                0x80014ff0                DWHCIDeviceControlMessage
                0x80015090                DWHCIDeviceGetDescriptor
                0x800150d0                DWHCIDeviceSetAddress
                0x80015118                DWHCIDeviceSetConfiguration
                0x80015160                DWHCIDeviceTransfer
                0x800151b8                DWHCIDeviceFreeChannel
                0x800151e0                DWHCIDeviceWaitForBit
                0x8001523c                DWHCIDeviceEnableRootPort
                0x800152fc                DWHCIDeviceReset
                0x800153a8                DWHCIDeviceInitCore
                0x8001557c                DWHCIDeviceFlushTxFIFO
                0x80015608                DWHCIDeviceFlushRxFIFO
                0x80015678                DWHCIDeviceInitHost
                0x80015874                DWHCIDeviceInitialize
                0x80015a40                DWHCIDeviceGetPortSpeed
                0x80015a8c                DWHCIDeviceOvercurrentDetected
                0x80015ad8                DWHCIDeviceDisableRootPort
 .text          0x80015b1c       0xf4 build/uspi_dwhciregister.o
                0x80015b1c                DWHCIRegister
                0x80015b2c                DWHCIRegister2
                0x80015b3c                _DWHCIRegister
                0x80015b48                DWHCIRegisterRead
                0x80015b64                DWHCIRegisterWrite
                0x80015b74                DWHCIRegisterGet
                0x80015b7c                DWHCIRegisterSet
                0x80015b8c                DWHCIRegisterIsSet
                0x80015ba0                DWHCIRegisterAnd
                0x80015bb0                DWHCIRegisterOr
                0x80015bc0                DWHCIRegisterClearBit
                0x80015bd4                DWHCIRegisterSetBit
                0x80015be8                DWHCIRegisterClearAll
                0x80015bfc                DWHCIRegisterSetAll
 .text          0x80015c10      0x89c build/proc.o
                0x80015cf8                forkret
                0x80015d2c                pinit
                0x80015d5c                userinit
                0x80015e0c                growproc
                0x80015e70                fork
                0x80015f58                scheduler
                0x8001601c                sched
                0x800160b0                exit
                0x800161fc                yield
                0x80016234                sleep
                0x800162e8                wait
                0x800163c4                wakeup
                0x8001642c                kill
                0x800164a8                procdump
 .text          0x800164ac      0x540 build/uspi_usbkeyboard.o
                0x8001650c                USBKeyboardDeviceConfigure
                0x80016920                USBKeyboardDevice
                0x80016978                _CUSBKeyboardDevice
                0x800169cc                USBKeyboardDeviceRegisterKeyPressedHandler
                0x800169d4                USBKeyboardDeviceRegisterSelectConsoleHandler
                0x800169dc                USBKeyboardDeviceRegisterShutdownHandler
                0x800169e4                USBKeyboardDeviceRegisterKeyStatusHandlerRaw
 .text          0x800169ec      0x120 build/timer.o
                0x800169ec                enabletimer3irq
                0x80016a04                timer3init
                0x80016a4c                timer3intr
                0x80016aa0                delay
                0x80016acc                led_on
                0x80016aec                led_off
 .text          0x80016b0c      0x128 build/uspi_devicenameservice.o
                0x80016b0c                DeviceNameService
                0x80016b24                _DeviceNameService
                0x80016b7c                DeviceNameServiceAddDevice
                0x80016bd0                DeviceNameServiceGetDevice
                0x80016c24                DeviceNameServiceGet
 .text          0x80016c34      0xbc4 build/uspi_usbgamepad.o
                0x800171e8                USBGamePadDeviceConfigure
                0x8001766c                USBGamePadDevice
                0x80017700                _CUSBGamePadDevice
                0x80017784                USBGamePadDeviceRegisterStatusHandler
                0x8001778c                USBGamePadDeviceGetReport
 .text          0x800177f8      0x20c build/uspi_dwhcirootport.o
                0x800177f8                DWHCIRootPort
                0x80017804                _DWHCIRootPort
                0x80017838                DWHCIRootPortInitialize

.glue_7         0x80017a04        0x0 load address 0x00017a04
 .glue_7        0x80017a04        0x0 linker stubs

.glue_7t        0x80017a04        0x0 load address 0x00017a04
 .glue_7t       0x80017a04        0x0 linker stubs

.vfp11_veneer   0x80017a04        0x0 load address 0x00017a04
 .vfp11_veneer  0x80017a04        0x0 linker stubs

.v4_bx          0x80017a04        0x0 load address 0x00017a04
 .v4_bx         0x80017a04        0x0 linker stubs

.iplt           0x80017a04        0x0 load address 0x00017a04
 .iplt          0x80017a04        0x0 build/entry.o

.rodata         0x80017a04     0x198c load address 0x00017a04
 *(.rodata .rodata.*)
 .rodata.str1.4
                0x80017a04      0x1aa build/trap.o
 .rodata.str1.4
                0x80017bae      0x1aa build/uspi_string.o
                                  0x1 (size before relaxing)
 *fill*         0x80017bae        0x2 
 .rodata.str1.4
                0x80017bb0       0x6b build/sysfile.o
 *fill*         0x80017c1b        0x1 
 .rodata.str1.4
                0x80017c1c       0x2b build/bio.o
 *fill*         0x80017c47        0x1 
 .rodata        0x80017c48       0x48 build/uspi_usbmidi.o
 .rodata.str1.4
                0x80017c90       0x24 build/uspi_usbmidi.o
 .rodata.str1.4
                0x80017cb4       0x77 build/uspi_usbdevicefactory.o
 *fill*         0x80017d2b        0x1 
 .rodata.str1.4
                0x80017d2c       0xb9 build/fs.o
                                 0xc4 (size before relaxing)
 *fill*         0x80017de5        0x3 
 .rodata        0x80017de8       0x11 build/console.o
 *fill*         0x80017df9        0x3 
 .rodata.str1.4
                0x80017dfc       0x5e build/console.o
                                 0x62 (size before relaxing)
 *fill*         0x80017e5a        0x2 
 .rodata.str1.4
                0x80017e5c       0x60 build/spinlock.o
 .rodata.str1.4
                0x80017ebc       0x2f build/uspi_usbconfigparser.o
 *fill*         0x80017eeb        0x1 
 .rodata.str1.4
                0x80017eec      0x195 build/main.o
 *fill*         0x80018081        0x3 
 .rodata.str1.4
                0x80018084      0x16e build/vm.o
 *fill*         0x800181f2        0x2 
 .rodata.str1.4
                0x800181f4       0x1c build/uspi_dwhciframeschedper.o
 .rodata        0x80018210        0x7 build/uspi_usbstandardhub.o
 *fill*         0x80018217        0x1 
 .rodata.str1.4
                0x80018218      0x1c8 build/uspi_usbstandardhub.o
                                0x1e4 (size before relaxing)
 .rodata        0x800183e0        0x9 build/uspi_smsc951x.o
 *fill*         0x800183e9        0x3 
 .rodata.str1.4
                0x800183ec       0x76 build/uspi_smsc951x.o
                                 0x92 (size before relaxing)
 .rodata.str1.4
                0x80018462       0x1c build/uspi_dwhciframeschednper.o
 *fill*         0x80018462        0x2 
 .rodata        0x80018464      0x4cc build/uspi_keymap.o
 .rodata.str1.4
                0x80018930       0xce build/uspi_keymap.o
                                 0xde (size before relaxing)
 *fill*         0x800189fe        0x2 
 .rodata.str1.4
                0x80018a00       0x67 build/memide.o
 *fill*         0x80018a67        0x1 
 .rodata        0x80018a68        0x5 build/uspi_library.o
 *fill*         0x80018a6d        0x3 
 .rodata.str1.4
                0x80018a70       0x8e build/uspi_library.o
 *fill*         0x80018afe        0x2 
 .rodata        0x80018b00        0x7 build/uspi_usbdevice.o
 *fill*         0x80018b07        0x1 
 .rodata.str1.4
                0x80018b08      0x148 build/uspi_usbdevice.o
                                0x150 (size before relaxing)
 .rodata.str1.4
                0x80018c50       0x33 build/log.o
 *fill*         0x80018c83        0x1 
 .rodata.str1.4
                0x80018c84       0x1e build/uspi_macaddress.o
 *fill*         0x80018ca2        0x2 
 .rodata        0x80018ca4       0x58 build/syscall.o
 .rodata.str1.4
                0x80018cfc       0x1c build/syscall.o
 .rodata        0x80018d18        0x5 build/uspi_usbmassdevice.o
 *fill*         0x80018d1d        0x3 
 .rodata.str1.4
                0x80018d20      0x1c4 build/uspi_usbmassdevice.o
                                0x1e8 (size before relaxing)
 .rodata.str1.4
                0x80018ee4       0x42 build/file.o
 *fill*         0x80018f26        0x2 
 .rodata.str1.4
                0x80018f28      0x122 build/usb.o
 *fill*         0x8001904a        0x2 
 .rodata.str1.4
                0x8001904c        0x5 build/pipe.o
 *fill*         0x80019051        0x3 
 .rodata        0x80019054        0x7 build/uspi_usbmouse.o
 *fill*         0x8001905b        0x1 
 .rodata.str1.4
                0x8001905c       0x25 build/uspi_usbmouse.o
                                 0x59 (size before relaxing)
 *fill*         0x80019081        0x3 
 .rodata        0x80019084        0x8 build/uspi_lan7800.o
 .rodata.str1.4
                0x8001908c       0x9c build/uspi_lan7800.o
                                 0xea (size before relaxing)
 .rodata.str1.4
                0x80019128        0x5 build/kalloc.o
                                  0xd (size before relaxing)
 *fill*         0x8001912d        0x3 
 .rodata        0x80019130       0x14 build/uspi_dwhcidevice.o
 .rodata.str1.4
                0x80019144       0xcc build/uspi_dwhcidevice.o
 .rodata.str1.4
                0x80019210       0xa9 build/proc.o
                                 0xad (size before relaxing)
 *fill*         0x800192b9        0x3 
 .rodata        0x800192bc        0x7 build/uspi_usbkeyboard.o
 *fill*         0x800192c3        0x1 
 .rodata.str1.4
                0x800192c4        0x7 build/uspi_usbkeyboard.o
                                 0x57 (size before relaxing)
 *fill*         0x800192cb        0x1 
 .rodata        0x800192cc        0xd build/uspi_usbgamepad.o
 *fill*         0x800192d9        0x3 
 .rodata.str1.4
                0x800192dc       0x21 build/uspi_usbgamepad.o
                                 0x5f (size before relaxing)
 *fill*         0x800192fd        0x3 
 .rodata        0x80019300        0x7 build/uspi_dwhcirootport.o
 *fill*         0x80019307        0x1 
 .rodata.str1.4
                0x80019308       0x88 build/uspi_dwhcirootport.o
                                 0x87 (size before relaxing)

.rel.dyn        0x80019390        0x0 load address 0x00019390
 .rel.iplt      0x80019390        0x0 build/entry.o
                0x8001a000                . = ALIGN (0x1000)

.data           0x8001a000    0x8091c load address 0x0001a000
 *(.data)
 .data          0x8001a000    0x80850 build/entry.o
                0x8001a000                font
                0x8001a800                _binary_initcode_start
                0x8001a850                _binary_fs_img_start
                0x8001a850                _binary_initcode_end
                0x8009a850                _binary_fs_img_end
 .data          0x8009a850        0x0 build/exception.o
 .data          0x8009a850        0x0 build/uspienv_delayloop.o
 .data          0x8009a850        0x0 build/uspi_dwhciframeschednsplit.o
 .data          0x8009a850        0x0 build/exec.o
 .data          0x8009a850        0x0 build/trap.o
 .data          0x8009a850        0x0 build/uspi_string.o
 .data          0x8009a850        0x0 build/sysfile.o
 .data          0x8009a850        0x0 build/uspi_usbendpoint.o
 .data          0x8009a850        0x0 build/bio.o
 .data          0x8009a850        0x4 build/uspi_usbmidi.o
 .data          0x8009a854        0x0 build/uspi_usbdevicefactory.o
 .data          0x8009a854        0x0 build/fs.o
 .data          0x8009a854       0x24 build/console.o
                0x8009a858                framewidth
                0x8009a85c                frameheight
                0x8009a860                cursor_x
                0x8009a864                fontheight
                0x8009a868                cursor_y
                0x8009a86c                fontwidth
                0x8009a874                framedepth
 .data          0x8009a878        0x0 build/spinlock.o
 .data          0x8009a878        0x0 build/uspi_usbconfigparser.o
 .data          0x8009a878        0x4 build/uspienv_timer.o
 .data          0x8009a87c        0x0 build/main.o
 .data          0x8009a87c       0x3c build/vm.o
 .data          0x8009a8b8        0x0 build/uspi_dwhciframeschedper.o
 .data          0x8009a8b8        0x0 build/uspi_usbstandardhub.o
 .data          0x8009a8b8        0x4 build/uspi_smsc951x.o
 .data          0x8009a8bc        0x0 build/uspi_dwhciframeschednper.o
 .data          0x8009a8bc        0x0 build/uspi_dwhcixferstagedata.o
 .data          0x8009a8bc        0x0 build/uspi_keymap.o
 .data          0x8009a8bc        0x0 build/memide.o
 .data          0x8009a8bc        0x4 build/uspi_library.o
 .data          0x8009a8c0        0x0 build/mailbox.o
 .data          0x8009a8c0        0x0 build/uart_pl011.o
 .data          0x8009a8c0        0x1 build/uspi_usbdevice.o
 .data          0x8009a8c1        0x0 build/mmu.o
 .data          0x8009a8c1        0x0 build/log.o
 .data          0x8009a8c1        0x0 build/uspi_macaddress.o
 .data          0x8009a8c1        0x0 build/uart.o
 .data          0x8009a8c1        0x0 build/syscall.o
 *fill*         0x8009a8c1        0x3 
 .data          0x8009a8c4        0x4 build/uspi_usbmassdevice.o
 .data          0x8009a8c8        0x0 build/file.o
 .data          0x8009a8c8        0x0 build/uspi_usbstring.o
 .data          0x8009a8c8        0x0 build/usb.o
 .data          0x8009a8c8        0x0 build/sysproc.o
 .data          0x8009a8c8        0x0 build/string.o
 .data          0x8009a8c8        0x0 build/pipe.o
 .data          0x8009a8c8        0x0 build/uspi_usbrequest.o
 .data          0x8009a8c8        0x4 build/uspi_synchronize.o
 .data          0x8009a8cc        0x0 build/uspienv_memio.o
 .data          0x8009a8cc        0x4 build/uspi_usbmouse.o
 .data          0x8009a8d0        0x4 build/uspi_lan7800.o
 .data          0x8009a8d4        0x0 build/kalloc.o
 .data          0x8009a8d4        0x0 build/uspi_util.o
 .data          0x8009a8d4        0x0 build/uspi_dwhcidevice.o
 .data          0x8009a8d4        0x0 build/uspi_dwhciregister.o
 .data          0x8009a8d4        0xc build/proc.o
                0x8009a8d4                nextpid
                0x8009a8dc                first_sched
 .data          0x8009a8e0        0x4 build/uspi_usbkeyboard.o
 .data          0x8009a8e4        0x0 build/timer.o
 .data          0x8009a8e4        0x4 build/uspi_devicenameservice.o
 .data          0x8009a8e8       0x34 build/uspi_usbgamepad.o
 .data          0x8009a91c        0x0 build/uspi_dwhcirootport.o
 *.c.o(*)

.igot.plt       0x8009a91c        0x0 load address 0x0009a91c
 .igot.plt      0x8009a91c        0x0 build/entry.o

.bss            0x8009a920     0x54d4 load address 0x0009a920
 *(.bss)
 .bss           0x8009a920        0x0 build/entry.o
 .bss           0x8009a920        0x0 build/exception.o
 .bss           0x8009a920        0x0 build/uspienv_delayloop.o
 .bss           0x8009a920        0x0 build/uspi_dwhciframeschednsplit.o
 .bss           0x8009a920        0x0 build/exec.o
 .bss           0x8009a920        0x0 build/trap.o
 .bss           0x8009a920        0x0 build/uspi_string.o
 .bss           0x8009a920        0x0 build/sysfile.o
 .bss           0x8009a920        0x0 build/uspi_usbendpoint.o
 .bss           0x8009a920        0x0 build/bio.o
 .bss           0x8009a920        0x0 build/uspi_usbmidi.o
 .bss           0x8009a920        0x0 build/uspi_usbdevicefactory.o
 .bss           0x8009a920        0x0 build/fs.o
 .bss           0x8009a920       0x60 build/console.o
                0x8009a920                fbinfo
 .bss           0x8009a980        0x0 build/spinlock.o
 .bss           0x8009a980        0x0 build/uspi_usbconfigparser.o
 .bss           0x8009a980        0x0 build/uspienv_timer.o
 .bss           0x8009a980        0x0 build/main.o
 .bss           0x8009a980        0x0 build/vm.o
 .bss           0x8009a980        0x0 build/uspi_dwhciframeschedper.o
 .bss           0x8009a980        0x0 build/uspi_usbstandardhub.o
 .bss           0x8009a980        0x0 build/uspi_smsc951x.o
 .bss           0x8009a980        0x0 build/uspi_dwhciframeschednper.o
 .bss           0x8009a980        0x0 build/uspi_dwhcixferstagedata.o
 .bss           0x8009a980        0x0 build/uspi_keymap.o
 .bss           0x8009a980        0x8 build/memide.o
 .bss           0x8009a988        0x0 build/uspi_library.o
 .bss           0x8009a988        0x0 build/mailbox.o
 .bss           0x8009a988        0x0 build/uart_pl011.o
 .bss           0x8009a988        0x0 build/uspi_usbdevice.o
 .bss           0x8009a988        0x0 build/mmu.o
 .bss           0x8009a988        0x0 build/log.o
 .bss           0x8009a988        0x0 build/uspi_macaddress.o
 .bss           0x8009a988        0xc build/uart.o
 .bss           0x8009a994        0x0 build/syscall.o
 .bss           0x8009a994        0x0 build/uspi_usbmassdevice.o
 .bss           0x8009a994        0x0 build/file.o
 .bss           0x8009a994        0x0 build/uspi_usbstring.o
 .bss           0x8009a994      0x158 build/usb.o
 .bss           0x8009aaec        0x0 build/sysproc.o
 .bss           0x8009aaec        0x0 build/string.o
 .bss           0x8009aaec        0x0 build/pipe.o
 .bss           0x8009aaec        0x0 build/uspi_usbrequest.o
 .bss           0x8009aaec        0x4 build/uspi_synchronize.o
 .bss           0x8009aaf0        0x0 build/uspienv_memio.o
 .bss           0x8009aaf0        0x0 build/uspi_usbmouse.o
 .bss           0x8009aaf0        0x0 build/uspi_lan7800.o
 .bss           0x8009aaf0        0x0 build/kalloc.o
 .bss           0x8009aaf0        0x0 build/uspi_util.o
 .bss           0x8009aaf0        0x0 build/uspi_dwhcidevice.o
 .bss           0x8009aaf0        0x0 build/uspi_dwhciregister.o
 .bss           0x8009aaf0        0x4 build/proc.o
 .bss           0x8009aaf4        0x0 build/uspi_usbkeyboard.o
 .bss           0x8009aaf4        0x0 build/timer.o
 .bss           0x8009aaf4        0x0 build/uspi_devicenameservice.o
 .bss           0x8009aaf4        0x0 build/uspi_usbgamepad.o
 .bss           0x8009aaf4        0x0 build/uspi_dwhcirootport.o
 COMMON         0x8009aaf4       0xe0 build/exec.o
                0x8009aaf4                cpus
 COMMON         0x8009abd4       0x50 build/trap.o
                0x8009abd4                pUSBParam
                0x8009abd8                pUSBTimerParam
                0x8009abdc                nUSBTimerIRQ
                0x8009abe0                tickslock
                0x8009ac14                pUSBTimerHandler
                0x8009ac18                ticks
                0x8009ac1c                pUSBHandler
                0x8009ac20                nUSBIRQ
 COMMON         0x8009ac24     0x173c build/bio.o
                0x8009ac24                bcache
 COMMON         0x8009c360      0xfd4 build/fs.o
                0x8009c360                icache
 COMMON         0x8009d334       0xc0 build/console.o
                0x8009d334                input
 COMMON         0x8009d3f4       0x28 build/main.o
                0x8009d3f4                mb_data
 COMMON         0x8009d41c        0x4 build/vm.o
                0x8009d41c                kpgdir
 COMMON         0x8009d420        0x4 build/mailbox.o
                0x8009d420                mailbuffer
 COMMON         0x8009d424        0x4 build/uart_pl011.o
                0x8009d424                uart_lock
 COMMON         0x8009d428        0x4 build/mmu.o
                0x8009d428                pm_size
 COMMON         0x8009d42c       0x70 build/log.o
                0x8009d42c                log
 COMMON         0x8009d49c        0x4 build/uart.o
                0x8009d49c                uart_disabled
 COMMON         0x8009d4a0      0x9e4 build/file.o
                0x8009d4a0                ftable
                0x8009de34                devsw
 COMMON         0x8009de84       0x3c build/kalloc.o
                0x8009de84                kmem
 COMMON         0x8009dec0     0x1f34 build/proc.o
                0x8009dec0                ptable
                0x8009fdf4                PROVIDE (end, .)

/DISCARD/
 *(.eh_frame .note.GNU-stack)
OUTPUT(build/kernel.elf elf32-littlearm)

.ARM.attributes
                0x00000000       0x3b
 .ARM.attributes
                0x00000000       0x2b build/entry.o
 .ARM.attributes
                0x0000002b       0x2b build/exception.o
 .ARM.attributes
                0x00000056       0x2b build/uspienv_delayloop.o
 .ARM.attributes
                0x00000081       0x3f build/uspi_dwhciframeschednsplit.o
 .ARM.attributes
                0x000000c0       0x3f build/exec.o
 .ARM.attributes
                0x000000ff       0x3f build/trap.o
 .ARM.attributes
                0x0000013e       0x3f build/uspi_string.o
 .ARM.attributes
                0x0000017d       0x3f build/sysfile.o
 .ARM.attributes
                0x000001bc       0x3f build/uspi_usbendpoint.o
 .ARM.attributes
                0x000001fb       0x3f build/bio.o
 .ARM.attributes
                0x0000023a       0x3f build/uspi_usbmidi.o
 .ARM.attributes
                0x00000279       0x3f build/uspi_usbdevicefactory.o
 .ARM.attributes
                0x000002b8       0x3f build/fs.o
 .ARM.attributes
                0x000002f7       0x3f build/console.o
 .ARM.attributes
                0x00000336       0x3f build/spinlock.o
 .ARM.attributes
                0x00000375       0x3f build/uspi_usbconfigparser.o
 .ARM.attributes
                0x000003b4       0x3f build/uspienv_timer.o
 .ARM.attributes
                0x000003f3       0x3f build/main.o
 .ARM.attributes
                0x00000432       0x3f build/vm.o
 .ARM.attributes
                0x00000471       0x3f build/uspi_dwhciframeschedper.o
 .ARM.attributes
                0x000004b0       0x3f build/uspi_usbstandardhub.o
 .ARM.attributes
                0x000004ef       0x3f build/uspi_smsc951x.o
 .ARM.attributes
                0x0000052e       0x3f build/uspi_dwhciframeschednper.o
 .ARM.attributes
                0x0000056d       0x3f build/uspi_dwhcixferstagedata.o
 .ARM.attributes
                0x000005ac       0x3f build/uspi_keymap.o
 .ARM.attributes
                0x000005eb       0x3f build/memide.o
 .ARM.attributes
                0x0000062a       0x3f build/uspi_library.o
 .ARM.attributes
                0x00000669       0x3f build/mailbox.o
 .ARM.attributes
                0x000006a8       0x3f build/uart_pl011.o
 .ARM.attributes
                0x000006e7       0x3f build/uspi_usbdevice.o
 .ARM.attributes
                0x00000726       0x3f build/mmu.o
 .ARM.attributes
                0x00000765       0x3f build/log.o
 .ARM.attributes
                0x000007a4       0x3f build/uspi_macaddress.o
 .ARM.attributes
                0x000007e3       0x3f build/uart.o
 .ARM.attributes
                0x00000822       0x3f build/syscall.o
 .ARM.attributes
                0x00000861       0x3f build/uspi_usbmassdevice.o
 .ARM.attributes
                0x000008a0       0x3f build/file.o
 .ARM.attributes
                0x000008df       0x3f build/uspi_usbstring.o
 .ARM.attributes
                0x0000091e       0x3f build/usb.o
 .ARM.attributes
                0x0000095d       0x3f build/sysproc.o
 .ARM.attributes
                0x0000099c       0x3f build/string.o
 .ARM.attributes
                0x000009db       0x3f build/pipe.o
 .ARM.attributes
                0x00000a1a       0x3f build/uspi_usbrequest.o
 .ARM.attributes
                0x00000a59       0x3f build/uspi_synchronize.o
 .ARM.attributes
                0x00000a98       0x3f build/uspienv_memio.o
 .ARM.attributes
                0x00000ad7       0x3f build/uspi_usbmouse.o
 .ARM.attributes
                0x00000b16       0x3f build/uspi_lan7800.o
 .ARM.attributes
                0x00000b55       0x3f build/kalloc.o
 .ARM.attributes
                0x00000b94       0x3f build/uspi_util.o
 .ARM.attributes
                0x00000bd3       0x3f build/uspi_dwhcidevice.o
 .ARM.attributes
                0x00000c12       0x3f build/uspi_dwhciregister.o
 .ARM.attributes
                0x00000c51       0x3f build/proc.o
 .ARM.attributes
                0x00000c90       0x3f build/uspi_usbkeyboard.o
 .ARM.attributes
                0x00000ccf       0x3f build/timer.o
 .ARM.attributes
                0x00000d0e       0x3f build/uspi_devicenameservice.o
 .ARM.attributes
                0x00000d4d       0x3f build/uspi_usbgamepad.o
 .ARM.attributes
                0x00000d8c       0x3f build/uspi_dwhcirootport.o

.comment        0x00000000       0x34
 .comment       0x00000000       0x34 build/uspi_dwhciframeschednsplit.o
                                 0x35 (size before relaxing)
 .comment       0x00000034       0x35 build/exec.o
 .comment       0x00000034       0x35 build/trap.o
 .comment       0x00000034       0x35 build/uspi_string.o
 .comment       0x00000034       0x35 build/sysfile.o
 .comment       0x00000034       0x35 build/uspi_usbendpoint.o
 .comment       0x00000034       0x35 build/bio.o
 .comment       0x00000034       0x35 build/uspi_usbmidi.o
 .comment       0x00000034       0x35 build/uspi_usbdevicefactory.o
 .comment       0x00000034       0x35 build/fs.o
 .comment       0x00000034       0x35 build/console.o
 .comment       0x00000034       0x35 build/spinlock.o
 .comment       0x00000034       0x35 build/uspi_usbconfigparser.o
 .comment       0x00000034       0x35 build/uspienv_timer.o
 .comment       0x00000034       0x35 build/main.o
 .comment       0x00000034       0x35 build/vm.o
 .comment       0x00000034       0x35 build/uspi_dwhciframeschedper.o
 .comment       0x00000034       0x35 build/uspi_usbstandardhub.o
 .comment       0x00000034       0x35 build/uspi_smsc951x.o
 .comment       0x00000034       0x35 build/uspi_dwhciframeschednper.o
 .comment       0x00000034       0x35 build/uspi_dwhcixferstagedata.o
 .comment       0x00000034       0x35 build/uspi_keymap.o
 .comment       0x00000034       0x35 build/memide.o
 .comment       0x00000034       0x35 build/uspi_library.o
 .comment       0x00000034       0x35 build/mailbox.o
 .comment       0x00000034       0x35 build/uart_pl011.o
 .comment       0x00000034       0x35 build/uspi_usbdevice.o
 .comment       0x00000034       0x35 build/mmu.o
 .comment       0x00000034       0x35 build/log.o
 .comment       0x00000034       0x35 build/uspi_macaddress.o
 .comment       0x00000034       0x35 build/uart.o
 .comment       0x00000034       0x35 build/syscall.o
 .comment       0x00000034       0x35 build/uspi_usbmassdevice.o
 .comment       0x00000034       0x35 build/file.o
 .comment       0x00000034       0x35 build/uspi_usbstring.o
 .comment       0x00000034       0x35 build/usb.o
 .comment       0x00000034       0x35 build/sysproc.o
 .comment       0x00000034       0x35 build/string.o
 .comment       0x00000034       0x35 build/pipe.o
 .comment       0x00000034       0x35 build/uspi_usbrequest.o
 .comment       0x00000034       0x35 build/uspi_synchronize.o
 .comment       0x00000034       0x35 build/uspienv_memio.o
 .comment       0x00000034       0x35 build/uspi_usbmouse.o
 .comment       0x00000034       0x35 build/uspi_lan7800.o
 .comment       0x00000034       0x35 build/kalloc.o
 .comment       0x00000034       0x35 build/uspi_util.o
 .comment       0x00000034       0x35 build/uspi_dwhcidevice.o
 .comment       0x00000034       0x35 build/uspi_dwhciregister.o
 .comment       0x00000034       0x35 build/proc.o
 .comment       0x00000034       0x35 build/uspi_usbkeyboard.o
 .comment       0x00000034       0x35 build/timer.o
 .comment       0x00000034       0x35 build/uspi_devicenameservice.o
 .comment       0x00000034       0x35 build/uspi_usbgamepad.o
 .comment       0x00000034       0x35 build/uspi_dwhcirootport.o

.debug_line     0x00000000     0x5c04
 .debug_line    0x00000000       0xfb build/entry.o
 .debug_line    0x000000fb       0xdd build/exception.o
 .debug_line    0x000001d8       0x4c build/uspienv_delayloop.o
 .debug_line    0x00000224       0xe0 build/uspi_dwhciframeschednsplit.o
 .debug_line    0x00000304       0xf3 build/exec.o
 .debug_line    0x000003f7      0x1c3 build/trap.o
 .debug_line    0x000005ba      0x2b8 build/uspi_string.o
 .debug_line    0x00000872      0x274 build/sysfile.o
 .debug_line    0x00000ae6      0x12c build/uspi_usbendpoint.o
 .debug_line    0x00000c12      0x103 build/bio.o
 .debug_line    0x00000d15      0x1da build/uspi_usbmidi.o
 .debug_line    0x00000eef      0x23a build/uspi_usbdevicefactory.o
 .debug_line    0x00001129      0x3e6 build/fs.o
 .debug_line    0x0000150f      0x354 build/console.o
 .debug_line    0x00001863       0xbb build/spinlock.o
 .debug_line    0x0000191e      0x102 build/uspi_usbconfigparser.o
 .debug_line    0x00001a20      0x184 build/uspienv_timer.o
 .debug_line    0x00001ba4      0x17d build/main.o
 .debug_line    0x00001d21      0x22e build/vm.o
 .debug_line    0x00001f4f      0x140 build/uspi_dwhciframeschedper.o
 .debug_line    0x0000208f      0x340 build/uspi_usbstandardhub.o
 .debug_line    0x000023cf      0x253 build/uspi_smsc951x.o
 .debug_line    0x00002622      0x109 build/uspi_dwhciframeschednper.o
 .debug_line    0x0000272b      0x282 build/uspi_dwhcixferstagedata.o
 .debug_line    0x000029ad       0xfd build/uspi_keymap.o
 .debug_line    0x00002aaa       0xa4 build/memide.o
 .debug_line    0x00002b4e      0x315 build/uspi_library.o
 .debug_line    0x00002e63       0xfc build/mailbox.o
 .debug_line    0x00002f5f       0x88 build/uart_pl011.o
 .debug_line    0x00002fe7      0x26d build/uspi_usbdevice.o
 .debug_line    0x00003254       0xea build/mmu.o
 .debug_line    0x0000333e      0x134 build/log.o
 .debug_line    0x00003472       0xaa build/uspi_macaddress.o
 .debug_line    0x0000351c      0x1cf build/uart.o
 .debug_line    0x000036eb       0xf1 build/syscall.o
 .debug_line    0x000037dc      0x378 build/uspi_usbmassdevice.o
 .debug_line    0x00003b54      0x10a build/file.o
 .debug_line    0x00003c5e      0x1e8 build/uspi_usbstring.o
 .debug_line    0x00003e46      0x148 build/usb.o
 .debug_line    0x00003f8e       0xaa build/sysproc.o
 .debug_line    0x00004038       0xfa build/string.o
 .debug_line    0x00004132      0x12d build/pipe.o
 .debug_line    0x0000425f       0xf1 build/uspi_usbrequest.o
 .debug_line    0x00004350       0x73 build/uspi_synchronize.o
 .debug_line    0x000043c3       0x62 build/uspienv_memio.o
 .debug_line    0x00004425      0x1eb build/uspi_usbmouse.o
 .debug_line    0x00004610      0x2e6 build/uspi_lan7800.o
 .debug_line    0x000048f6       0xff build/kalloc.o
 .debug_line    0x000049f5       0xb9 build/uspi_util.o
 .debug_line    0x00004aae      0x515 build/uspi_dwhcidevice.o
 .debug_line    0x00004fc3       0x9e build/uspi_dwhciregister.o
 .debug_line    0x00005061      0x241 build/proc.o
 .debug_line    0x000052a2      0x231 build/uspi_usbkeyboard.o
 .debug_line    0x000054d3       0xee build/timer.o
 .debug_line    0x000055c1       0xd6 build/uspi_devicenameservice.o
 .debug_line    0x00005697      0x3b8 build/uspi_usbgamepad.o
 .debug_line    0x00005a4f      0x1b5 build/uspi_dwhcirootport.o

.debug_info     0x00000000    0x2b21b
 .debug_info    0x00000000       0x52 build/entry.o
 .debug_info    0x00000052       0x5a build/exception.o
 .debug_info    0x000000ac       0x62 build/uspienv_delayloop.o
 .debug_info    0x0000010e      0x368 build/uspi_dwhciframeschednsplit.o
 .debug_info    0x00000476      0x889 build/exec.o
 .debug_info    0x00000cff      0xb6f build/trap.o
 .debug_info    0x0000186e     0x11d6 build/uspi_string.o
 .debug_info    0x00002a44     0x1559 build/sysfile.o
 .debug_info    0x00003f9d      0xa01 build/uspi_usbendpoint.o
 .debug_info    0x0000499e      0x45f build/bio.o
 .debug_info    0x00004dfd     0x1129 build/uspi_usbmidi.o
 .debug_info    0x00005f26     0x16b7 build/uspi_usbdevicefactory.o
 .debug_info    0x000075dd     0x1a2f build/fs.o
 .debug_info    0x0000900c     0x134e build/console.o
 .debug_info    0x0000a35a      0x6b0 build/spinlock.o
 .debug_info    0x0000aa0a      0x576 build/uspi_usbconfigparser.o
 .debug_info    0x0000af80      0x7d4 build/uspienv_timer.o
 .debug_info    0x0000b754      0xc3d build/main.o
 .debug_info    0x0000c391     0x118f build/vm.o
 .debug_info    0x0000d520      0x4cb build/uspi_dwhciframeschedper.o
 .debug_info    0x0000d9eb     0x1974 build/uspi_usbstandardhub.o
 .debug_info    0x0000f35f     0x14f9 build/uspi_smsc951x.o
 .debug_info    0x00010858      0x3ab build/uspi_dwhciframeschednper.o
 .debug_info    0x00010c03     0x13b5 build/uspi_dwhcixferstagedata.o
 .debug_info    0x00011fb8      0x57d build/uspi_keymap.o
 .debug_info    0x00012535      0x5d0 build/memide.o
 .debug_info    0x00012b05     0x1d30 build/uspi_library.o
 .debug_info    0x00014835      0x839 build/mailbox.o
 .debug_info    0x0001506e       0xc7 build/uart_pl011.o
 .debug_info    0x00015135     0x1521 build/uspi_usbdevice.o
 .debug_info    0x00016656      0x17f build/mmu.o
 .debug_info    0x000167d5      0x67f build/log.o
 .debug_info    0x00016e54      0x403 build/uspi_macaddress.o
 .debug_info    0x00017257      0xb9c build/uart.o
 .debug_info    0x00017df3      0x6dd build/syscall.o
 .debug_info    0x000184d0     0x1f64 build/uspi_usbmassdevice.o
 .debug_info    0x0001a434      0x742 build/file.o
 .debug_info    0x0001ab76      0xf41 build/uspi_usbstring.o
 .debug_info    0x0001bab7      0x868 build/usb.o
 .debug_info    0x0001c31f      0x625 build/sysproc.o
 .debug_info    0x0001c944      0x4cb build/string.o
 .debug_info    0x0001ce0f      0x829 build/pipe.o
 .debug_info    0x0001d638      0xa63 build/uspi_usbrequest.o
 .debug_info    0x0001e09b      0x10d build/uspi_synchronize.o
 .debug_info    0x0001e1a8       0xc5 build/uspienv_memio.o
 .debug_info    0x0001e26d     0x11a4 build/uspi_usbmouse.o
 .debug_info    0x0001f411     0x1db2 build/uspi_lan7800.o
 .debug_info    0x000211c3      0x3d8 build/kalloc.o
 .debug_info    0x0002159b      0x391 build/uspi_util.o
 .debug_info    0x0002192c     0x3fd4 build/uspi_dwhcidevice.o
 .debug_info    0x00025900      0x332 build/uspi_dwhciregister.o
 .debug_info    0x00025c32      0xdec build/proc.o
 .debug_info    0x00026a1e     0x174f build/uspi_usbkeyboard.o
 .debug_info    0x0002816d      0x74a build/timer.o
 .debug_info    0x000288b7      0x2d2 build/uspi_devicenameservice.o
 .debug_info    0x00028b89     0x18c9 build/uspi_usbgamepad.o
 .debug_info    0x0002a452      0xdc9 build/uspi_dwhcirootport.o

.debug_abbrev   0x00000000     0x7146
 .debug_abbrev  0x00000000       0x12 build/entry.o
 .debug_abbrev  0x00000012       0x14 build/exception.o
 .debug_abbrev  0x00000026       0x14 build/uspienv_delayloop.o
 .debug_abbrev  0x0000003a      0x179 build/uspi_dwhciframeschednsplit.o
 .debug_abbrev  0x000001b3      0x193 build/exec.o
 .debug_abbrev  0x00000346      0x21a build/trap.o
 .debug_abbrev  0x00000560      0x2c6 build/uspi_string.o
 .debug_abbrev  0x00000826      0x2af build/sysfile.o
 .debug_abbrev  0x00000ad5      0x186 build/uspi_usbendpoint.o
 .debug_abbrev  0x00000c5b      0x1fe build/bio.o
 .debug_abbrev  0x00000e59      0x22a build/uspi_usbmidi.o
 .debug_abbrev  0x00001083      0x1a0 build/uspi_usbdevicefactory.o
 .debug_abbrev  0x00001223      0x44b build/fs.o
 .debug_abbrev  0x0000166e      0x3e3 build/console.o
 .debug_abbrev  0x00001a51      0x21b build/spinlock.o
 .debug_abbrev  0x00001c6c      0x143 build/uspi_usbconfigparser.o
 .debug_abbrev  0x00001daf      0x2c9 build/uspienv_timer.o
 .debug_abbrev  0x00002078      0x212 build/main.o
 .debug_abbrev  0x0000228a      0x393 build/vm.o
 .debug_abbrev  0x0000261d      0x1d9 build/uspi_dwhciframeschedper.o
 .debug_abbrev  0x000027f6      0x211 build/uspi_usbstandardhub.o
 .debug_abbrev  0x00002a07      0x201 build/uspi_smsc951x.o
 .debug_abbrev  0x00002c08      0x1b2 build/uspi_dwhciframeschednper.o
 .debug_abbrev  0x00002dba      0x292 build/uspi_dwhcixferstagedata.o
 .debug_abbrev  0x0000304c      0x19f build/uspi_keymap.o
 .debug_abbrev  0x000031eb      0x1ae build/memide.o
 .debug_abbrev  0x00003399      0x2ba build/uspi_library.o
 .debug_abbrev  0x00003653      0x278 build/mailbox.o
 .debug_abbrev  0x000038cb       0xae build/uart_pl011.o
 .debug_abbrev  0x00003979      0x2ad build/uspi_usbdevice.o
 .debug_abbrev  0x00003c26       0xd0 build/mmu.o
 .debug_abbrev  0x00003cf6      0x1e9 build/log.o
 .debug_abbrev  0x00003edf      0x17f build/uspi_macaddress.o
 .debug_abbrev  0x0000405e      0x275 build/uart.o
 .debug_abbrev  0x000042d3      0x244 build/syscall.o
 .debug_abbrev  0x00004517      0x2c9 build/uspi_usbmassdevice.o
 .debug_abbrev  0x000047e0      0x1e8 build/file.o
 .debug_abbrev  0x000049c8      0x1d9 build/uspi_usbstring.o
 .debug_abbrev  0x00004ba1      0x2d4 build/usb.o
 .debug_abbrev  0x00004e75      0x187 build/sysproc.o
 .debug_abbrev  0x00004ffc      0x1a1 build/string.o
 .debug_abbrev  0x0000519d      0x1fa build/pipe.o
 .debug_abbrev  0x00005397      0x170 build/uspi_usbrequest.o
 .debug_abbrev  0x00005507       0xc2 build/uspi_synchronize.o
 .debug_abbrev  0x000055c9       0x89 build/uspienv_memio.o
 .debug_abbrev  0x00005652      0x21a build/uspi_usbmouse.o
 .debug_abbrev  0x0000586c      0x275 build/uspi_lan7800.o
 .debug_abbrev  0x00005ae1      0x24b build/kalloc.o
 .debug_abbrev  0x00005d2c       0xe1 build/uspi_util.o
 .debug_abbrev  0x00005e0d      0x35d build/uspi_dwhcidevice.o
 .debug_abbrev  0x0000616a       0xd7 build/uspi_dwhciregister.o
 .debug_abbrev  0x00006241      0x342 build/proc.o
 .debug_abbrev  0x00006583      0x311 build/uspi_usbkeyboard.o
 .debug_abbrev  0x00006894      0x24d build/timer.o
 .debug_abbrev  0x00006ae1      0x13f build/uspi_devicenameservice.o
 .debug_abbrev  0x00006c20      0x381 build/uspi_usbgamepad.o
 .debug_abbrev  0x00006fa1      0x1a5 build/uspi_dwhcirootport.o

.debug_aranges  0x00000000      0x728
 .debug_aranges
                0x00000000       0x28 build/entry.o
 .debug_aranges
                0x00000028       0x20 build/exception.o
 .debug_aranges
                0x00000048       0x20 build/uspienv_delayloop.o
 .debug_aranges
                0x00000068       0x20 build/uspi_dwhciframeschednsplit.o
 .debug_aranges
                0x00000088       0x20 build/exec.o
 .debug_aranges
                0x000000a8       0x20 build/trap.o
 .debug_aranges
                0x000000c8       0x20 build/uspi_string.o
 .debug_aranges
                0x000000e8       0x20 build/sysfile.o
 .debug_aranges
                0x00000108       0x20 build/uspi_usbendpoint.o
 .debug_aranges
                0x00000128       0x20 build/bio.o
 .debug_aranges
                0x00000148       0x20 build/uspi_usbmidi.o
 .debug_aranges
                0x00000168       0x20 build/uspi_usbdevicefactory.o
 .debug_aranges
                0x00000188       0x20 build/fs.o
 .debug_aranges
                0x000001a8       0x20 build/console.o
 .debug_aranges
                0x000001c8       0x20 build/spinlock.o
 .debug_aranges
                0x000001e8       0x20 build/uspi_usbconfigparser.o
 .debug_aranges
                0x00000208       0x20 build/uspienv_timer.o
 .debug_aranges
                0x00000228       0x20 build/main.o
 .debug_aranges
                0x00000248       0x20 build/vm.o
 .debug_aranges
                0x00000268       0x20 build/uspi_dwhciframeschedper.o
 .debug_aranges
                0x00000288       0x20 build/uspi_usbstandardhub.o
 .debug_aranges
                0x000002a8       0x20 build/uspi_smsc951x.o
 .debug_aranges
                0x000002c8       0x20 build/uspi_dwhciframeschednper.o
 .debug_aranges
                0x000002e8       0x20 build/uspi_dwhcixferstagedata.o
 .debug_aranges
                0x00000308       0x20 build/uspi_keymap.o
 .debug_aranges
                0x00000328       0x20 build/memide.o
 .debug_aranges
                0x00000348       0x20 build/uspi_library.o
 .debug_aranges
                0x00000368       0x20 build/mailbox.o
 .debug_aranges
                0x00000388       0x20 build/uart_pl011.o
 .debug_aranges
                0x000003a8       0x20 build/uspi_usbdevice.o
 .debug_aranges
                0x000003c8       0x20 build/mmu.o
 .debug_aranges
                0x000003e8       0x20 build/log.o
 .debug_aranges
                0x00000408       0x20 build/uspi_macaddress.o
 .debug_aranges
                0x00000428       0x20 build/uart.o
 .debug_aranges
                0x00000448       0x20 build/syscall.o
 .debug_aranges
                0x00000468       0x20 build/uspi_usbmassdevice.o
 .debug_aranges
                0x00000488       0x20 build/file.o
 .debug_aranges
                0x000004a8       0x20 build/uspi_usbstring.o
 .debug_aranges
                0x000004c8       0x20 build/usb.o
 .debug_aranges
                0x000004e8       0x20 build/sysproc.o
 .debug_aranges
                0x00000508       0x20 build/string.o
 .debug_aranges
                0x00000528       0x20 build/pipe.o
 .debug_aranges
                0x00000548       0x20 build/uspi_usbrequest.o
 .debug_aranges
                0x00000568       0x20 build/uspi_synchronize.o
 .debug_aranges
                0x00000588       0x20 build/uspienv_memio.o
 .debug_aranges
                0x000005a8       0x20 build/uspi_usbmouse.o
 .debug_aranges
                0x000005c8       0x20 build/uspi_lan7800.o
 .debug_aranges
                0x000005e8       0x20 build/kalloc.o
 .debug_aranges
                0x00000608       0x20 build/uspi_util.o
 .debug_aranges
                0x00000628       0x20 build/uspi_dwhcidevice.o
 .debug_aranges
                0x00000648       0x20 build/uspi_dwhciregister.o
 .debug_aranges
                0x00000668       0x20 build/proc.o
 .debug_aranges
                0x00000688       0x20 build/uspi_usbkeyboard.o
 .debug_aranges
                0x000006a8       0x20 build/timer.o
 .debug_aranges
                0x000006c8       0x20 build/uspi_devicenameservice.o
 .debug_aranges
                0x000006e8       0x20 build/uspi_usbgamepad.o
 .debug_aranges
                0x00000708       0x20 build/uspi_dwhcirootport.o

.debug_ranges   0x00000000      0xcf8
 .debug_ranges  0x00000000       0x20 build/entry.o
 .debug_ranges  0x00000020      0x1e0 build/uspi_string.o
 .debug_ranges  0x00000200       0x90 build/sysfile.o
 .debug_ranges  0x00000290       0x20 build/uspi_usbendpoint.o
 .debug_ranges  0x000002b0       0x20 build/bio.o
 .debug_ranges  0x000002d0       0x38 build/uspi_usbmidi.o
 .debug_ranges  0x00000308       0xb8 build/fs.o
 .debug_ranges  0x000003c0       0xa8 build/console.o
 .debug_ranges  0x00000468       0x40 build/uspi_usbconfigparser.o
 .debug_ranges  0x000004a8       0x68 build/uspienv_timer.o
 .debug_ranges  0x00000510       0x18 build/main.o
 .debug_ranges  0x00000528       0x50 build/vm.o
 .debug_ranges  0x00000578       0x18 build/uspi_dwhciframeschedper.o
 .debug_ranges  0x00000590      0x140 build/uspi_usbstandardhub.o
 .debug_ranges  0x000006d0       0x18 build/uspi_keymap.o
 .debug_ranges  0x000006e8       0x70 build/uspi_library.o
 .debug_ranges  0x00000758       0x40 build/mailbox.o
 .debug_ranges  0x00000798       0x30 build/uspi_usbdevice.o
 .debug_ranges  0x000007c8       0x48 build/log.o
 .debug_ranges  0x00000810       0x18 build/uspi_macaddress.o
 .debug_ranges  0x00000828       0x80 build/uart.o
 .debug_ranges  0x000008a8       0x98 build/syscall.o
 .debug_ranges  0x00000940       0x70 build/uspi_usbmassdevice.o
 .debug_ranges  0x000009b0       0x40 build/file.o
 .debug_ranges  0x000009f0       0x60 build/uspi_usbstring.o
 .debug_ranges  0x00000a50       0x30 build/usb.o
 .debug_ranges  0x00000a80       0x20 build/string.o
 .debug_ranges  0x00000aa0       0x18 build/uspi_lan7800.o
 .debug_ranges  0x00000ab8       0x50 build/kalloc.o
 .debug_ranges  0x00000b08       0x70 build/uspi_dwhcidevice.o
 .debug_ranges  0x00000b78       0x30 build/proc.o
 .debug_ranges  0x00000ba8       0x98 build/timer.o
 .debug_ranges  0x00000c40       0x18 build/uspi_devicenameservice.o
 .debug_ranges  0x00000c58       0xa0 build/uspi_usbgamepad.o

.debug_loc      0x00000000     0xe728
 .debug_loc     0x00000000       0x9f build/uspi_dwhciframeschednsplit.o
 .debug_loc     0x0000009f      0x2a3 build/exec.o
 .debug_loc     0x00000342      0x2bd build/trap.o
 .debug_loc     0x000005ff     0x1253 build/uspi_string.o
 .debug_loc     0x00001852      0x472 build/sysfile.o
 .debug_loc     0x00001cc4      0x230 build/uspi_usbendpoint.o
 .debug_loc     0x00001ef4      0x149 build/bio.o
 .debug_loc     0x0000203d      0x305 build/uspi_usbmidi.o
 .debug_loc     0x00002342      0x241 build/uspi_usbdevicefactory.o
 .debug_loc     0x00002583     0x1059 build/fs.o
 .debug_loc     0x000035dc      0x89b build/console.o
 .debug_loc     0x00003e77       0xcb build/spinlock.o
 .debug_loc     0x00003f42      0x309 build/uspi_usbconfigparser.o
 .debug_loc     0x0000424b      0x590 build/uspienv_timer.o
 .debug_loc     0x000047db      0x285 build/main.o
 .debug_loc     0x00004a60      0xdff build/vm.o
 .debug_loc     0x0000585f      0x2e5 build/uspi_dwhciframeschedper.o
 .debug_loc     0x00005b44      0x555 build/uspi_usbstandardhub.o
 .debug_loc     0x00006099      0x38f build/uspi_smsc951x.o
 .debug_loc     0x00006428      0x1ff build/uspi_dwhciframeschednper.o
 .debug_loc     0x00006627      0x6ac build/uspi_dwhcixferstagedata.o
 .debug_loc     0x00006cd3      0x4b7 build/uspi_keymap.o
 .debug_loc     0x0000718a       0x9b build/memide.o
 .debug_loc     0x00007225      0x691 build/uspi_library.o
 .debug_loc     0x000078b6      0x2a1 build/mailbox.o
 .debug_loc     0x00007b57      0x45b build/uspi_usbdevice.o
 .debug_loc     0x00007fb2      0x164 build/mmu.o
 .debug_loc     0x00008116      0x1e4 build/log.o
 .debug_loc     0x000082fa      0x213 build/uspi_macaddress.o
 .debug_loc     0x0000850d      0x7b2 build/uart.o
 .debug_loc     0x00008cbf      0x3a3 build/syscall.o
 .debug_loc     0x00009062      0x84c build/uspi_usbmassdevice.o
 .debug_loc     0x000098ae      0x4e1 build/file.o
 .debug_loc     0x00009d8f      0x2b3 build/uspi_usbstring.o
 .debug_loc     0x0000a042      0x307 build/usb.o
 .debug_loc     0x0000a349       0x31 build/sysproc.o
 .debug_loc     0x0000a37a      0x903 build/string.o
 .debug_loc     0x0000ac7d      0x279 build/pipe.o
 .debug_loc     0x0000aef6      0x106 build/uspi_usbrequest.o
 .debug_loc     0x0000affc       0x77 build/uspi_synchronize.o
 .debug_loc     0x0000b073       0x21 build/uspienv_memio.o
 .debug_loc     0x0000b094      0x222 build/uspi_usbmouse.o
 .debug_loc     0x0000b2b6      0x6c1 build/uspi_lan7800.o
 .debug_loc     0x0000b977      0x27b build/kalloc.o
 .debug_loc     0x0000bbf2      0x4ce build/uspi_util.o
 .debug_loc     0x0000c0c0      0xe79 build/uspi_dwhcidevice.o
 .debug_loc     0x0000cf39       0xe4 build/uspi_dwhciregister.o
 .debug_loc     0x0000d01d      0x46f build/proc.o
 .debug_loc     0x0000d48c      0x25b build/uspi_usbkeyboard.o
 .debug_loc     0x0000d6e7      0x16a build/timer.o
 .debug_loc     0x0000d851      0x12d build/uspi_devicenameservice.o
 .debug_loc     0x0000d97e      0xce8 build/uspi_usbgamepad.o
 .debug_loc     0x0000e666       0xc2 build/uspi_dwhcirootport.o

.debug_str      0x00000000     0x4fb0
 .debug_str     0x00000000      0x2e3 build/uspi_dwhciframeschednsplit.o
                                0x3a4 (size before relaxing)
 .debug_str     0x000002e3      0x1de build/exec.o
                                0x344 (size before relaxing)
 .debug_str     0x000004c1      0x1df build/trap.o
                                0x40c (size before relaxing)
 .debug_str     0x000006a0      0x1d3 build/uspi_string.o
                                0x362 (size before relaxing)
 .debug_str     0x00000873      0x1d8 build/sysfile.o
                                0x440 (size before relaxing)
 .debug_str     0x00000a4b      0x67a build/uspi_usbendpoint.o
                                0x86f (size before relaxing)
 .debug_str     0x000010c5       0x6a build/bio.o
                                0x1e7 (size before relaxing)
 .debug_str     0x0000112f      0x4d7 build/uspi_usbmidi.o
                                0xcc6 (size before relaxing)
 .debug_str     0x00001606      0x483 build/uspi_usbdevicefactory.o
                                0xf51 (size before relaxing)
 .debug_str     0x00001a89       0x9c build/fs.o
                                0x408 (size before relaxing)
 .debug_str     0x00001b25      0x1ae build/console.o
                                0x4b8 (size before relaxing)
 .debug_str     0x00001cd3       0x32 build/spinlock.o
                                0x27b (size before relaxing)
 .debug_str     0x00001d05       0xf0 build/uspi_usbconfigparser.o
                                0x526 (size before relaxing)
 .debug_str     0x00001df5      0x243 build/uspienv_timer.o
                                0x3cd (size before relaxing)
 .debug_str     0x00002038      0x168 build/main.o
                                0x410 (size before relaxing)
 .debug_str     0x000021a0       0xcf build/vm.o
                                0x3a3 (size before relaxing)
 .debug_str     0x0000226f      0x197 build/uspi_dwhciframeschedper.o
                                0x449 (size before relaxing)
 .debug_str     0x00002406      0x18f build/uspi_usbstandardhub.o
                                0xdd1 (size before relaxing)
 .debug_str     0x00002595      0x1b5 build/uspi_smsc951x.o
                                0xd97 (size before relaxing)
 .debug_str     0x0000274a      0x13d build/uspi_dwhciframeschednper.o
                                0x3ed (size before relaxing)
 .debug_str     0x00002887      0x58c build/uspi_dwhcixferstagedata.o
                               0x10ad (size before relaxing)
 .debug_str     0x00002e13      0x405 build/uspi_keymap.o
                                0x5c0 (size before relaxing)
 .debug_str     0x00003218       0x51 build/memide.o
                                0x29f (size before relaxing)
 .debug_str     0x00003269      0x523 build/uspi_library.o
                               0x1650 (size before relaxing)
 .debug_str     0x0000378c       0x5c build/mailbox.o
                                0x334 (size before relaxing)
 .debug_str     0x000037e8       0x45 build/uart_pl011.o
                                0x178 (size before relaxing)
 .debug_str     0x0000382d      0x127 build/uspi_usbdevice.o
                                0xdc1 (size before relaxing)
 .debug_str     0x00003954       0x1a build/mmu.o
                                0x17d (size before relaxing)
 .debug_str     0x0000396e       0x67 build/log.o
                                0x286 (size before relaxing)
 .debug_str     0x000039d5       0xaf build/uspi_macaddress.o
                                0x2ae (size before relaxing)
 .debug_str     0x00003a84       0x7a build/uart.o
                                0x288 (size before relaxing)
 .debug_str     0x00003afe       0x1a build/syscall.o
                                0x26d (size before relaxing)
 .debug_str     0x00003b18      0x4f0 build/uspi_usbmassdevice.o
                               0x1244 (size before relaxing)
 .debug_str     0x00004008       0x32 build/file.o
                                0x2ae (size before relaxing)
 .debug_str     0x0000403a       0x43 build/uspi_usbstring.o
                                0xaf1 (size before relaxing)
 .debug_str     0x0000407d       0x82 build/usb.o
                                0x474 (size before relaxing)
 .debug_str     0x000040ff       0x75 build/sysproc.o
                                0x2b4 (size before relaxing)
 .debug_str     0x00004174       0x20 build/string.o
                                0x17e (size before relaxing)
 .debug_str     0x00004194       0x2e build/pipe.o
                                0x324 (size before relaxing)
 .debug_str     0x000041c2       0x6d build/uspi_usbrequest.o
                                0x90e (size before relaxing)
 .debug_str     0x0000422f       0x67 build/uspi_synchronize.o
                                0x1dc (size before relaxing)
 .debug_str     0x00004296       0x17 build/uspienv_memio.o
                                0x16c (size before relaxing)
 .debug_str     0x000042ad       0x94 build/uspi_usbmouse.o
                                0xcf9 (size before relaxing)
 .debug_str     0x00004341      0x16e build/uspi_lan7800.o
                                0xe72 (size before relaxing)
 .debug_str     0x000044af       0x3d build/kalloc.o
                                0x1cd (size before relaxing)
 .debug_str     0x000044ec       0x61 build/uspi_util.o
                                0x257 (size before relaxing)
 .debug_str     0x0000454d      0x5be build/uspi_dwhcidevice.o
                               0x17dd (size before relaxing)
 .debug_str     0x00004b0b       0x61 build/uspi_dwhciregister.o
                                0x2a3 (size before relaxing)
 .debug_str     0x00004b6c       0xa9 build/proc.o
                                0x3d4 (size before relaxing)
 .debug_str     0x00004c15      0x152 build/uspi_usbkeyboard.o
                               0x12c6 (size before relaxing)
 .debug_str     0x00004d67       0x3c build/timer.o
                                0x2e9 (size before relaxing)
 .debug_str     0x00004da3       0x20 build/uspi_devicenameservice.o
                                0x25a (size before relaxing)
 .debug_str     0x00004dc3      0x1c3 build/uspi_usbgamepad.o
                                0xf49 (size before relaxing)
 .debug_str     0x00004f86       0x2a build/uspi_dwhcirootport.o
                                0xad8 (size before relaxing)

.debug_frame    0x00000000     0x3acc
 .debug_frame   0x00000000       0x9c build/uspi_dwhciframeschednsplit.o
 .debug_frame   0x0000009c       0x40 build/exec.o
 .debug_frame   0x000000dc      0x13c build/trap.o
 .debug_frame   0x00000218      0x1b8 build/uspi_string.o
 .debug_frame   0x000003d0      0x248 build/sysfile.o
 .debug_frame   0x00000618      0x104 build/uspi_usbendpoint.o
 .debug_frame   0x0000071c       0x8c build/bio.o
 .debug_frame   0x000007a8       0xdc build/uspi_usbmidi.o
 .debug_frame   0x00000884       0x48 build/uspi_usbdevicefactory.o
 .debug_frame   0x000008cc      0x30c build/fs.o
 .debug_frame   0x00000bd8      0x20c build/console.o
 .debug_frame   0x00000de4       0xb8 build/spinlock.o
 .debug_frame   0x00000e9c       0x78 build/uspi_usbconfigparser.o
 .debug_frame   0x00000f14      0x194 build/uspienv_timer.o
 .debug_frame   0x000010a8       0xf0 build/main.o
 .debug_frame   0x00001198      0x294 build/vm.o
 .debug_frame   0x0000142c       0xb0 build/uspi_dwhciframeschedper.o
 .debug_frame   0x000014dc       0xf0 build/uspi_usbstandardhub.o
 .debug_frame   0x000015cc      0x118 build/uspi_smsc951x.o
 .debug_frame   0x000016e4       0xa0 build/uspi_dwhciframeschednper.o
 .debug_frame   0x00001784      0x280 build/uspi_dwhcixferstagedata.o
 .debug_frame   0x00001a04       0x94 build/uspi_keymap.o
 .debug_frame   0x00001a98       0x50 build/memide.o
 .debug_frame   0x00001ae8      0x218 build/uspi_library.o
 .debug_frame   0x00001d00       0x68 build/mailbox.o
 .debug_frame   0x00001d68       0x40 build/uart_pl011.o
 .debug_frame   0x00001da8      0x190 build/uspi_usbdevice.o
 .debug_frame   0x00001f38       0x3c build/mmu.o
 .debug_frame   0x00001f74       0xd4 build/log.o
 .debug_frame   0x00002048       0xe8 build/uspi_macaddress.o
 .debug_frame   0x00002130       0xe8 build/uart.o
 .debug_frame   0x00002218       0x9c build/syscall.o
 .debug_frame   0x000022b4      0x194 build/uspi_usbmassdevice.o
 .debug_frame   0x00002448      0x130 build/file.o
 .debug_frame   0x00002578       0xd8 build/uspi_usbstring.o
 .debug_frame   0x00002650      0x12c build/usb.o
 .debug_frame   0x0000277c       0xe0 build/sysproc.o
 .debug_frame   0x0000285c       0xdc build/string.o
 .debug_frame   0x00002938       0xa0 build/pipe.o
 .debug_frame   0x000029d8       0xdc build/uspi_usbrequest.o
 .debug_frame   0x00002ab4       0x40 build/uspi_synchronize.o
 .debug_frame   0x00002af4       0x30 build/uspienv_memio.o
 .debug_frame   0x00002b24       0xdc build/uspi_usbmouse.o
 .debug_frame   0x00002c00      0x20c build/uspi_lan7800.o
 .debug_frame   0x00002e0c       0xa8 build/kalloc.o
 .debug_frame   0x00002eb4       0xc0 build/uspi_util.o
 .debug_frame   0x00002f74      0x4c4 build/uspi_dwhcidevice.o
 .debug_frame   0x00003438       0xf0 build/uspi_dwhciregister.o
 .debug_frame   0x00003528      0x1b8 build/proc.o
 .debug_frame   0x000036e0      0x104 build/uspi_usbkeyboard.o
 .debug_frame   0x000037e4       0x9c build/timer.o
 .debug_frame   0x00003880       0x88 build/uspi_devicenameservice.o
 .debug_frame   0x00003908      0x158 build/uspi_usbgamepad.o
 .debug_frame   0x00003a60       0x6c build/uspi_dwhcirootport.o
