
Allocating common symbols
Common symbol       size              file

uart_lock           0x4               build/uart_pl011.o
log                 0x70              build/log.o
kmem                0x3c              build/kalloc.o
pUSBParam           0x4               build/trap.o
bcache              0x173c            build/bio.o
pUSBTimerParam      0x4               build/trap.o
input               0xc0              build/console.o
uart_disabled       0x4               build/uart.o
device_handler      0xa0              build/usb_filestorage.o
nUSBTimerIRQ        0x4               build/trap.o
kpgdir              0x4               build/vm.o
mb_data             0x28              build/main.o
tickslock           0x34              build/trap.o
ftable              0x994             build/file.o
cpus                0xe0              build/exec.o
mailbuffer          0x4               build/mailbox.o
pUSBTimerHandler    0x4               build/trap.o
pm_size             0x4               build/mmu.o
ticks               0x4               build/trap.o
pUSBHandler         0x4               build/trap.o
ptable              0x1f34            build/proc.o
nUSBIRQ             0x4               build/trap.o
devsw               0x50              build/file.o
icache              0xfd4             build/fs.o

Discarded input sections

 .note.GNU-stack
                0x00000000        0x0 build/uspi_dwhciframeschednsplit.o
 .note.GNU-stack
                0x00000000        0x0 build/exec.o
 .note.GNU-stack
                0x00000000        0x0 build/syscall.o
 .note.GNU-stack
                0x00000000        0x0 build/string.o
 .note.GNU-stack
                0x00000000        0x0 build/uspi_usbrequest.o
 .note.GNU-stack
                0x00000000        0x0 build/trap.o
 .note.GNU-stack
                0x00000000        0x0 build/uspi_string.o
 .note.GNU-stack
                0x00000000        0x0 build/uspi_devicenameservice.o
 .note.GNU-stack
                0x00000000        0x0 build/usb_filestorage.o
 .note.GNU-stack
                0x00000000        0x0 build/sysfile.o
 .note.GNU-stack
                0x00000000        0x0 build/bio.o
 .note.GNU-stack
                0x00000000        0x0 build/uspi_usbdevicefactory.o
 .note.GNU-stack
                0x00000000        0x0 build/fs.o
 .note.GNU-stack
                0x00000000        0x0 build/console.o
 .note.GNU-stack
                0x00000000        0x0 build/memide.o
 .note.GNU-stack
                0x00000000        0x0 build/mmu.o
 .note.GNU-stack
                0x00000000        0x0 build/spinlock.o
 .note.GNU-stack
                0x00000000        0x0 build/uspienv_timer.o
 .note.GNU-stack
                0x00000000        0x0 build/main.o
 .note.GNU-stack
                0x00000000        0x0 build/uspi_usbendpoint.o
 .note.GNU-stack
                0x00000000        0x0 build/uspi_usbconfigparser.o
 .note.GNU-stack
                0x00000000        0x0 build/mailbox.o
 .note.GNU-stack
                0x00000000        0x0 build/uspi_usbstandardhub.o
 .note.GNU-stack
                0x00000000        0x0 build/uspi_dwhciframeschednper.o
 .note.GNU-stack
                0x00000000        0x0 build/uspi_dwhcixferstagedata.o
 .note.GNU-stack
                0x00000000        0x0 build/uspi_keymap.o
 .note.GNU-stack
                0x00000000        0x0 build/uspi_dwhciframeschedper.o
 .note.GNU-stack
                0x00000000        0x0 build/uspi_usbmidi.o
 .note.GNU-stack
                0x00000000        0x0 build/uspi_usbdevice.o
 .note.GNU-stack
                0x00000000        0x0 build/uspi_macaddress.o
 .note.GNU-stack
                0x00000000        0x0 build/uspi_smsc951x.o
 .note.GNU-stack
                0x00000000        0x0 build/uart.o
 .note.GNU-stack
                0x00000000        0x0 build/uspi_usbmassdevice.o
 .note.GNU-stack
                0x00000000        0x0 build/log.o
 .note.GNU-stack
                0x00000000        0x0 build/uspi_usbstring.o
 .note.GNU-stack
                0x00000000        0x0 build/uspi_library.o
 .note.GNU-stack
                0x00000000        0x0 build/vm.o
 .note.GNU-stack
                0x00000000        0x0 build/usb.o
 .note.GNU-stack
                0x00000000        0x0 build/sysproc.o
 .note.GNU-stack
                0x00000000        0x0 build/file.o
 .note.GNU-stack
                0x00000000        0x0 build/pipe.o
 .note.GNU-stack
                0x00000000        0x0 build/uspi_synchronize.o
 .note.GNU-stack
                0x00000000        0x0 build/uspienv_memio.o
 .note.GNU-stack
                0x00000000        0x0 build/uspi_usbmouse.o
 .note.GNU-stack
                0x00000000        0x0 build/uspi_lan7800.o
 .note.GNU-stack
                0x00000000        0x0 build/kalloc.o
 .note.GNU-stack
                0x00000000        0x0 build/uspi_util.o
 .note.GNU-stack
                0x00000000        0x0 build/uart_pl011.o
 .note.GNU-stack
                0x00000000        0x0 build/uspi_dwhcidevice.o
 .note.GNU-stack
                0x00000000        0x0 build/uspi_usbgamepad.o
 .note.GNU-stack
                0x00000000        0x0 build/uspi_dwhciregister.o
 .note.GNU-stack
                0x00000000        0x0 build/proc.o
 .note.GNU-stack
                0x00000000        0x0 build/uspi_usbkeyboard.o
 .note.GNU-stack
                0x00000000        0x0 build/timer.o
 .note.GNU-stack
                0x00000000        0x0 build/uspi_dwhcirootport.o

Memory Configuration

Name             Origin             Length             Attributes
*default*        0x00000000         0xffffffff

Linker script and memory map

LOAD build/entry.o
LOAD build/exception.o
LOAD build/uspienv_delayloop.o
LOAD build/uspi_dwhciframeschednsplit.o
LOAD build/exec.o
LOAD build/syscall.o
LOAD build/string.o
LOAD build/uspi_usbrequest.o
LOAD build/trap.o
LOAD build/uspi_string.o
LOAD build/uspi_devicenameservice.o
LOAD build/usb_filestorage.o
LOAD build/sysfile.o
LOAD build/bio.o
LOAD build/uspi_usbdevicefactory.o
LOAD build/fs.o
LOAD build/console.o
LOAD build/memide.o
LOAD build/mmu.o
LOAD build/spinlock.o
LOAD build/uspienv_timer.o
LOAD build/main.o
LOAD build/uspi_usbendpoint.o
LOAD build/uspi_usbconfigparser.o
LOAD build/mailbox.o
LOAD build/uspi_usbstandardhub.o
LOAD build/uspi_dwhciframeschednper.o
LOAD build/uspi_dwhcixferstagedata.o
LOAD build/uspi_keymap.o
LOAD build/uspi_dwhciframeschedper.o
LOAD build/uspi_usbmidi.o
LOAD build/uspi_usbdevice.o
LOAD build/uspi_macaddress.o
LOAD build/uspi_smsc951x.o
LOAD build/uart.o
LOAD build/uspi_usbmassdevice.o
LOAD build/log.o
LOAD build/uspi_usbstring.o
LOAD build/uspi_library.o
LOAD build/vm.o
LOAD build/usb.o
LOAD build/sysproc.o
LOAD build/file.o
LOAD build/pipe.o
LOAD build/uspi_synchronize.o
LOAD build/uspienv_memio.o
LOAD build/uspi_usbmouse.o
LOAD build/uspi_lan7800.o
LOAD build/kalloc.o
LOAD build/uspi_util.o
LOAD build/uart_pl011.o
LOAD build/uspi_dwhcidevice.o
LOAD build/uspi_usbgamepad.o
LOAD build/uspi_dwhciregister.o
LOAD build/proc.o
LOAD build/uspi_usbkeyboard.o
LOAD build/timer.o
LOAD build/uspi_dwhcirootport.o
                0x00000000                PHYSTART = 0x0
                0x10000000                PHYSIZE = 0x10000000
                0x80000000                KERNBASE = 0x80000000
                0x3f000000                MMIO_PA = 0x3f000000
                0xd0000000                MMIO_VA = 0xd0000000
                0x01000000                MMIO_SIZE = 0x1000000
                0xdf000000                PERIPHBASE = 0xdf000000
                0x00004000                K_PDX_BASE = 0x4000
                0x00003000                K_PTX_BASE = 0x3000
                0x00008000                PHYSOFFSET = 0x8000
                0x80008000                KERNOFFSET = 0x80008000
                0x80008000                PHYSOFFSET = DEFINED (PHYSOFFSET)?PHYSOFFSET:0x80008000
                0xc0008000                KERNOFFSET = DEFINED (KERNOFFSET)?KERNOFFSET:0xc0008000
                0x80000000                SHIFT = (KERNOFFSET - PHYSOFFSET)

.init           0x00008000      0x1d4
 *(.init)
 .init          0x00008000      0x1d4 build/entry.o
                0x00008000                _start
                0x00008200                . = ALIGN (0x100)
                0x00008200                INIT_END = .
                0x80008200                . = (. + SHIFT)

.text           0x80008200     0xf798 load address 0x00008200
 *.c.o(.text)
 *(.text .stub .text.*)
 .text          0x80008200       0x94 build/entry.o
                0x80008200                _pagingstart
                0x80008208                acknowledge
                0x8000822c                dsb_barrier
                0x80008238                flush_dcache_all
                0x80008244                flush_idcache
                0x80008250                flush_tlb
                0x80008270                flush_dcache
                0x8000827c                set_pgtbase
                0x80008284                getsystemtime
 *fill*         0x80008294        0xc 
 .text          0x800082a0      0x284 build/exception.o
                0x800082a0                vectors
                0x80008338                trapret
                0x80008478                set_mode_sp
                0x8000849c                readcpsr
                0x800084a4                cli
                0x800084b4                sti
                0x800084c4                swtch
 *fill*         0x80008524        0x4 
 .text          0x80008528        0xc build/uspienv_delayloop.o
                0x80008528                DelayLoop
 .text          0x80008534       0xdc build/uspi_dwhciframeschednsplit.o
                0x80008534                DWHCIFrameSchedulerNoSplitStartSplit
                0x80008538                DWHCIFrameSchedulerNoSplitCompleteSplit
                0x80008540                DWHCIFrameSchedulerNoSplitTransactionComplete
                0x80008544                DWHCIFrameSchedulerNoSplitIsOddFrame
                0x80008550                DWHCIFrameSchedulerNoSplitWaitForFrame
                0x800085b4                _DWHCIFrameSchedulerNoSplit
                0x800085b8                DWHCIFrameSchedulerNoSplit
 .text          0x80008610      0x2a8 build/exec.o
                0x80008610                exec
 .text          0x800088b8      0x264 build/syscall.o
                0x800088b8                fetchint
                0x800088f4                fetchstr
                0x8000895c                argint
                0x800089a4                argptr
                0x80008a04                argstr
                0x80008a90                syscall
 .text          0x80008b1c      0x2cc build/string.o
                0x80008b1c                memsetw
                0x80008b40                memsetb
                0x80008b60                memset
                0x80008bcc                memcmp
                0x80008c18                memmove
                0x80008c78                memcpy
                0x80008c7c                strncmp
                0x80008ce8                strncpy
                0x80008d40                safestrcpy
                0x80008d7c                strlen
                0x80008dac                div
 .text          0x80008de8       0xb4 build/uspi_usbrequest.o
                0x80008de8                USBRequest
                0x80008e18                _USBRequest
                0x80008e30                USBRequestGetEndpoint
                0x80008e38                USBRequestSetStatus
                0x80008e40                USBRequestSetResultLen
                0x80008e48                USBRequestGetStatus
                0x80008e50                USBRequestGetResultLength
                0x80008e58                USBRequestGetSetupData
                0x80008e60                USBRequestGetBuffer
                0x80008e68                USBRequestGetBufLen
                0x80008e70                USBRequestSetCompletionRoutine
                0x80008e80                USBRequestCallCompletionRoutine
 .text          0x80008e9c      0x604 build/trap.o
                0x80008e9c                led25_on
                0x80008ebc                led25_off
                0x80008edc                enable_intrs
                0x80008f00                disable_intrs
                0x80008f24                tvinit
                0x80009010                trap_oops
                0x800090a8                handle_irq
                0x80009110                trap
                0x800093b8                ConnectInterrupt
                0x8000942c                ConnectTimerInterrupt
 .text          0x800094a0      0x9a0 build/uspi_string.o
                0x80009500                String
                0x80009510                String2
                0x80009540                _String
                0x80009568                StringGet
                0x80009580                StringSet
                0x800095c4                StringGetLength
                0x800095d4                StringAppend
                0x80009650                StringCompare
                0x80009658                StringFind
                0x8000969c                StringPutChar
                0x800096dc                StringPutString
                0x80009720                StringFormatV
                0x80009d84                StringFormat
                0x80009db0                StringReserveSpace
                0x80009dbc                ntoa
 .text          0x80009e40      0x128 build/uspi_devicenameservice.o
                0x80009e40                DeviceNameService
                0x80009e58                _DeviceNameService
                0x80009eb0                DeviceNameServiceAddDevice
                0x80009f04                DeviceNameServiceGetDevice
                0x80009f58                DeviceNameServiceGet
 .text          0x80009f68       0xfc build/usb_filestorage.o
                0x80009f68                storageinit
                0x80009f7c                dhandlerinit
                0x80009f80                readTest
                0x80009ff4                usb_fileread
 .text          0x8000a064      0xaf4 build/sysfile.o
                0x8000a244                sys_dup
                0x8000a2bc                sys_read
                0x8000a340                sys_write
                0x8000a3ac                sys_close
                0x8000a400                sys_fstat
                0x8000a44c                sys_link
                0x8000a55c                sys_unlink
                0x8000a718                sys_open
                0x8000a84c                sys_mkdir
                0x8000a8a8                sys_mknod
                0x8000a954                sys_chdir
                0x8000a9d4                sys_exec
                0x8000aa90                sys_pipe
 .text          0x8000ab58      0x238 build/bio.o
                0x8000ab58                binit
                0x8000abe0                bread
                0x8000ace0                bwrite
                0x8000ad08                brelse
 .text          0x8000ad90      0x230 build/uspi_usbdevicefactory.o
                0x8000ad90                GetDevice
                0x8000af60                USBDeviceFactoryGetDevice
 .text          0x8000afc0      0xd54 build/fs.o
                0x8000b098                readsb
                0x8000b2fc                iinit
                0x8000b32c                ialloc
                0x8000b3dc                iupdate
                0x8000b458                idup
                0x8000b48c                ilock
                0x8000b594                iunlock
                0x8000b5f4                iput
                0x8000b744                iunlockput
                0x8000b75c                stati
                0x8000b784                readi
                0x8000b870                writei
                0x8000b98c                namecmp
                0x8000b994                dirlookup
                0x8000bc14                dirlink
                0x8000bcec                namei
                0x8000bd08                nameiparent
 .text          0x8000bd14      0xaa8 build/console.o
                0x8000bd14                consoleread
                0x8000be08                setgpucolour
                0x8000be18                initframebuf
                0x8000be70                drawpixel
                0x8000beb0                drawcursor
                0x8000bf24                drawcharacter
                0x8000bfbc                gpuputc
                0x8000c1b4                consolewrite
                0x8000c2c4                panic
                0x8000c338                cprintf
                0x8000c4bc                consputc
                0x8000c558                consoleintr
                0x8000c6c4                gpuinit
                0x8000c720                consoleinit
 .text          0x8000c7bc      0x104 build/memide.o
                0x8000c7bc                ideinit
                0x8000c7f0                ideintr
                0x8000c7f4                iderw
                0x8000c8a4                usbrw
 .text          0x8000c8c0      0x108 build/mmu.o
                0x8000c8c0                mmuinit0
                0x8000c964                mmuinit1
 .text          0x8000c9c8      0x194 build/spinlock.o
                0x8000c9c8                initlock
                0x8000c9dc                getcallerpcs
                0x8000c9e0                holding
                0x8000ca08                pushcli
                0x8000ca40                acquire
                0x8000cabc                popcli
                0x8000cb18                release
 .text          0x8000cb5c      0x3ac build/uspienv_timer.o
                0x8000cb9c                TimerEnvInit
                0x8000cbec                _Timer
                0x8000cc00                TimerGetClockTicks
                0x8000cc1c                TimerGetTicks
                0x8000cc24                TimerGetTime
                0x8000cc2c                TimerStartKernelTimer
                0x8000cc98                TimerCancelKernelTimer
                0x8000ccac                TimerMsDelay
                0x8000ccc0                TimerusDelay
                0x8000ccd4                TimerGet
                0x8000cce4                TimerSimpleMsDelay
                0x8000cd00                TimerSimpleusDelay
                0x8000cd0c                TimerPollKernelTimers
                0x8000cd84                TimerInterruptHandler
                0x8000ce3c                TimerTuneMsDelay
                0x8000cea0                TimerInitialize
 .text          0x8000cf08      0x270 build/main.o
                0x8000cf08                OkLoop
                0x8000cf4c                NotOkLoop
                0x8000cf90                getpmsize
                0x8000d004                machinit
                0x8000d018                cmain
 .text          0x8000d178      0x20c build/uspi_usbendpoint.o
                0x8000d178                USBEndpoint
                0x8000d1a4                USBEndpoint2
                0x8000d294                USBEndpointCopy
                0x8000d2d0                _USBEndpoint
                0x8000d2dc                USBEndpointGetDevice
                0x8000d2e4                USBEndpointGetNumber
                0x8000d2ec                USBEndpointGetType
                0x8000d2f4                USBEndpointIsDirectionIn
                0x8000d2fc                USBEndpointSetMaxPacketSize
                0x8000d304                USBEndpointGetMaxPacketSize
                0x8000d30c                USBEndpointGetInterval
                0x8000d314                USBEndpointGetNextPID
                0x8000d324                USBEndpointSkipPID
                0x8000d378                USBEndpointResetPID
 .text          0x8000d384      0x1e4 build/uspi_usbconfigparser.o
                0x8000d384                USBConfigurationParser
                0x8000d494                _USBConfigurationParser
                0x8000d4a0                USBConfigurationParserIsValid
                0x8000d4a8                USBConfigurationParserGetDescriptor
                0x8000d548                USBConfigurationParserError
 .text          0x8000d568      0x120 build/mailbox.o
                0x8000d568                create_request
                0x8000d5fc                mailboxinit
                0x8000d614                readmailbox
                0x8000d64c                writemailbox
 .text          0x8000d688      0xa34 build/uspi_usbstandardhub.o
                0x8000d688                USBStandardHub
                0x8000d6cc                _USBStandardHub
                0x8000d758                USBStandardHubInitialize
                0x8000d75c                USBStandardHubGetDeviceNames
                0x8000d824                USBStandardHubEnumeratePorts
                0x8000de0c                USBStandardHubConfigure
 .text          0x8000e0bc      0x18c build/uspi_dwhciframeschednper.o
                0x8000e0bc                _DWHCIFrameSchedulerNonPeriodic
                0x8000e0c8                DWHCIFrameSchedulerNonPeriodicStartSplit
                0x8000e0d4                DWHCIFrameSchedulerNonPeriodicWaitForFrame
                0x8000e0d8                DWHCIFrameSchedulerNonPeriodicIsOddFrame
                0x8000e0e0                DWHCIFrameSchedulerNonPeriodicCompleteSplit
                0x8000e134                DWHCIFrameSchedulerNonPeriodicTransactionComplete
                0x8000e1f4                DWHCIFrameSchedulerNonPeriodic
 .text          0x8000e248      0x4ac build/uspi_dwhcixferstagedata.o
                0x8000e248                DWHCITransferStageData
                0x8000e418                _DWHCITransferStageData
                0x8000e474                DWHCITransferStageDataTransactionComplete
                0x8000e560                DWHCITransferStageDataSetSplitComplete
                0x8000e568                DWHCITransferStageDataSetState
                0x8000e570                DWHCITransferStageDataGetState
                0x8000e578                DWHCITransferStageDataSetSubState
                0x8000e580                DWHCITransferStageDataGetSubState
                0x8000e588                DWHCITransferStageDataBeginSplitCycle
                0x8000e590                DWHCITransferStageDataGetChannelNumber
                0x8000e598                DWHCITransferStageDataIsPeriodic
                0x8000e5b8                DWHCITransferStageDataGetDeviceAddress
                0x8000e5c0                DWHCITransferStageDataGetEndpointType
                0x8000e5ec                DWHCITransferStageDataGetEndpointNumber
                0x8000e5f4                DWHCITransferStageDataGetMaxPacketSize
                0x8000e5fc                DWHCITransferStageDataGetSpeed
                0x8000e604                DWHCITransferStageDataGetPID
                0x8000e634                DWHCITransferStageDataIsDirectionIn
                0x8000e63c                DWHCITransferStageDataIsStatusStage
                0x8000e644                DWHCITransferStageDataGetDMAAddress
                0x8000e64c                DWHCITransferStageDataGetBytesToTransfer
                0x8000e654                DWHCITransferStageDataGetPacketsToTransfer
                0x8000e65c                DWHCITransferStageDataIsSplit
                0x8000e664                DWHCITransferStageDataIsSplitComplete
                0x8000e66c                DWHCITransferStageDataGetHubAddress
                0x8000e674                DWHCITransferStageDataGetHubPortAddress
                0x8000e67c                DWHCITransferStageDataGetSplitPosition
                0x8000e684                DWHCITransferStageDataGetStatusMask
                0x8000e6b8                DWHCITransferStageDataGetTransactionStatus
                0x8000e6c0                DWHCITransferStageDataIsStageComplete
                0x8000e6d0                DWHCITransferStageDataGetResultLen
                0x8000e6e4                DWHCITransferStageDataGetURB
                0x8000e6ec                DWHCITransferStageDataGetFrameScheduler
 .text          0x8000e6f4      0x2b8 build/uspi_keymap.o
                0x8000e6f4                KeyMap
                0x8000e718                _KeyMap
                0x8000e71c                KeyMapClearTable
                0x8000e754                KeyMapSetEntry
                0x8000e7a4                KeyMapTranslate
                0x8000e8c4                KeyMapGetString
                0x8000e97c                KeyMapGetLEDStatus
 .text          0x8000e9ac      0x21c build/uspi_dwhciframeschedper.o
                0x8000e9ac                _DWHCIFrameSchedulerPeriodic
                0x8000e9b8                DWHCIFrameSchedulerPeriodicStartSplit
                0x8000e9cc                DWHCIFrameSchedulerPeriodicIsOddFrame
                0x8000e9d8                DWHCIFrameSchedulerPeriodicWaitForFrame
                0x8000ea48                DWHCIFrameSchedulerPeriodicCompleteSplit
                0x8000eab0                DWHCIFrameSchedulerPeriodicTransactionComplete
                0x8000eb68                DWHCIFrameSchedulerPeriodic
 .text          0x8000ebc8      0x378 build/uspi_usbmidi.o
                0x8000ec28                USBMIDIDeviceConfigure
                0x8000eebc                USBMIDIDevice
                0x8000eeec                _CUSBMIDIDevice
                0x8000ef38                USBMIDIDeviceRegisterPacketHandler
 .text          0x8000ef40      0x6b4 build/uspi_usbdevice.o
                0x8000ef40                USBDeviceConfigure
                0x8000efa4                USBDevice
                0x8000f014                USBDeviceCopy
                0x8000f108                _USBDevice
                0x8000f1a0                USBDeviceInitialize
                0x8000f4a8                USBDeviceGetName
                0x8000f59c                USBDeviceGetAddress
                0x8000f5a4                USBDeviceGetSpeed
                0x8000f5ac                USBDeviceGetHubAddress
                0x8000f5b4                USBDeviceGetHubPortNumber
                0x8000f5bc                USBDeviceGetEndpoint0
                0x8000f5c4                USBDeviceGetHost
                0x8000f5cc                USBDeviceGetDeviceDescriptor
                0x8000f5d4                USBDeviceGetConfigurationDescriptor
                0x8000f5dc                USBDeviceGetDescriptor
                0x8000f5e4                USBDeviceConfigurationError
                0x8000f5ec                USBDeviceSetAddress
 .text          0x8000f5f4      0x118 build/uspi_macaddress.o
                0x8000f5f4                MACAddress
                0x8000f600                _MACAddress
                0x8000f60c                MACAddressIsEqual
                0x8000f62c                MACAddressSet
                0x8000f64c                MACAddress2
                0x8000f650                MACAddressSetBroadcast
                0x8000f674                MACAddressGet
                0x8000f67c                MACAddressCopyTo
                0x8000f690                MACAddressIsBroadcast
                0x8000f6bc                MACAddressGetSize
                0x8000f6c4                MACAddressFormat
 .text          0x8000f70c      0x5d0 build/uspi_smsc951x.o
                0x8000f70c                SMSC951xDevice
                0x8000f744                _SMSC951xDevice
                0x8000f7b0                SMSC951xDeviceGetMACAddress
                0x8000f7b8                SMSC951xDeviceSendFrame
                0x8000f818                SMSC951xDeviceReceiveFrame
                0x8000f900                SMSC951xDeviceWriteReg
                0x8000f968                SMSC951xDeviceConfigure
                0x8000fc74                SMSC951xDeviceReadReg
 .text          0x8000fcdc      0x3d8 build/uart.o
                0x8000fd84                led18_on
                0x8000fda8                led18_off
                0x8000fdcc                setgpioval
                0x8000fe30                setgpiofunc
                0x8000fe3c                enableirqminiuart
                0x8000fe54                disableirqminiuart
                0x8000fe6c                uartputc
                0x8000ff00                miniuartintr
                0x8000ffe0                uartinit
 .text          0x800100b4      0xae4 build/uspi_usbmassdevice.o
                0x800100b4                USBBulkOnlyMassStorageDevice
                0x800100f0                _USBBulkOnlyMassStorageDevice
                0x80010144                USBBulkOnlyMassStorageDeviceSeek
                0x80010154                USBBulkOnlyMassStorageDeviceGetCapacity
                0x8001015c                USBBulkOnlyMassStorageDeviceCommand
                0x80010364                USBBulkOnlyMassStorageDeviceConfigure
                0x800107b0                USBBulkOnlyMassStorageDeviceTryRead
                0x800108a4                USBBulkOnlyMassStorageDeviceTryWrite
                0x80010994                USBBulkOnlyMassStorageDeviceReset
                0x80010ac8                USBBulkOnlyMassStorageDeviceRead
                0x80010b30                USBBulkOnlyMassStorageDeviceWrite
 .text          0x80010b98      0x344 build/log.o
                0x80010c80                initlog
                0x80010d2c                begin_trans
                0x80010d84                commit_trans
                0x80010de0                log_write
 .text          0x80010edc      0x3e4 build/uspi_usbstring.o
                0x80010edc                USBString
                0x80010f04                USBStringCopy
                0x80010f6c                _USBString
                0x80010fac                USBStringGetFromDescriptor
                0x80011154                USBStringGet
                0x8001115c                USBStringGetLanguageID
 .text          0x800112c0      0x74c build/uspi_library.o
                0x800112c0                USPiInitialize
                0x800114d0                USPiKeyboardAvailable
                0x800114ec                USPiKeyboardRegisterKeyPressedHandler
                0x80011504                USPiKeyboardRegisterShutdownHandler
                0x8001151c                USPiKeyboardRegisterKeyStatusHandlerRaw
                0x80011534                USPiMouseAvailable
                0x80011550                USPiMouseRegisterStatusHandler
                0x80011568                USPiMassStorageDeviceAvailable
                0x80011598                USPiMassStorageDeviceRead
                0x8001160c                USPiMassStorageDeviceWrite
                0x80011680                USPiMassStorageDeviceGetCapacity
                0x800116b0                USPiEthernetAvailable
                0x800116e0                USPiGetMACAddress
                0x80011724                USPiSendFrame
                0x80011778                USPiReceiveFrame
                0x800117cc                USPiGamePadAvailable
                0x800117fc                USPiGamePadRegisterStatusHandler
                0x8001183c                USPiGamePadGetStatus
                0x80011880                USPiMIDIAvailable
                0x8001189c                USPiMIDIRegisterPacketHandler
                0x800118b4                USPiDeviceGetInformation
 .text          0x80011a0c      0x7f0 build/vm.o
                0x80011c08                setupkvm
                0x80011c2c                setupkvm_new
                0x80011cd0                kvmalloc
                0x80011ce8                switchkvm
                0x80011cec                switchkvm_new
                0x80011d18                switchuvm
                0x80011d60                inituvm
                0x80011dd8                loaduvm
                0x80011ebc                allocuvm
                0x80011fb0                deallocuvm
                0x80011fc4                freevm
                0x80012034                clearpteu
                0x80012068                copyuvm
                0x80012148                uva2ka
                0x8001217c                copyout
 .text          0x800121fc      0x2f8 build/usb.o
                0x80012268                malloc
                0x80012284                free
                0x80012288                MsDelay
                0x800122bc                usDelay
                0x800122ec                StartKernelTimer
                0x80012324                CancelKernelTimer
                0x8001233c                SetPowerStateOn
                0x800123c8                GetMACAddress
                0x800123d0                LogWrite
                0x8001242c                usbinit
 .text          0x800124f4      0x1b0 build/sysproc.o
                0x800124f4                sys_fork
                0x800124f8                sys_exit
                0x80012508                sys_wait
                0x8001250c                sys_kill
                0x80012540                sys_getpid
                0x80012554                sys_sbrk
                0x800125a4                sys_sleep
                0x80012674                sys_uptime
 .text          0x800126a4      0x350 build/file.o
                0x800126a4                fileinit
                0x800126d4                filealloc
                0x80012740                filedup
                0x80012788                fileclose
                0x80012828                filestat
                0x8001286c                fileread
                0x800128f8                filewrite
 .text          0x800129f4      0x314 build/pipe.o
                0x800129f4                pipealloc
                0x80012ad0                pipeclose
                0x80012b30                pipewrite
                0x80012c04                piperead
 .text          0x80012d08       0xa8 build/uspi_synchronize.o
                0x80012d08                uspi_EnterCritical
                0x80012d44                uspi_LeaveCritical
                0x80012d80                uspi_CleanAndInvalidateDataCacheRange
 .text          0x80012db0       0x10 build/uspienv_memio.o
                0x80012db0                read32
                0x80012db8                write32
 .text          0x80012dc0      0x3fc build/uspi_usbmouse.o
                0x80012e20                USBMouseDeviceConfigure
                0x8001312c                USBMouseDevice
                0x80013168                _CUSBMouseDevice
                0x800131b4                USBMouseDeviceRegisterStatusHandler
 .text          0x800131bc      0xad4 build/uspi_lan7800.o
                0x800131bc                LAN7800Device
                0x800131f4                _LAN7800Device
                0x80013260                LAN7800DeviceGetMACAddress
                0x80013268                LAN7800DeviceSendFrame
                0x800132cc                LAN7800DeviceReceiveFrame
                0x800133a8                LAN7800DeviceWriteReg
                0x8001343c                LAN7800DeviceInitMACAddress
                0x80013524                LAN7800DeviceReadReg
                0x800135ac                LAN7800DeviceWaitReg
                0x80013618                LAN7800DevicePHYWrite
                0x8001369c                LAN7800DevicePHYRead
                0x80013738                LAN7800DeviceIsLinkUp
                0x80013760                LAN7800DeviceInitPHY
                0x800137a4                LAN7800DeviceReadWriteReg
                0x800137f0                LAN7800DeviceConfigure
 .text          0x80013c90      0x1f4 build/kalloc.o
                0x80013c90                kfree
                0x80013d24                freerange
                0x80013d60                kinit1
                0x80013dd4                kinit2
                0x80013e20                kalloc
 .text          0x80013e84      0x224 build/uspi_util.o
                0x80013e84                uspi_memset
                0x80013ea8                uspi_memcpy
                0x80013ecc                uspi_memcmp
                0x80013f28                uspi_strlen
                0x80013f50                uspi_strcmp
                0x80013fc8                uspi_strcpy
                0x80013ff4                uspi_strncpy
                0x80014040                uspi_strcat
                0x80014084                uspi_char2int
                0x80014094                uspi_le2be16
                0x800140a0                uspi_le2be32
 .text          0x800140a8       0x94 build/uart_pl011.o
                0x800140a8                uartinit_fvp
                0x800140dc                uartputc_fvp
                0x80014120                uartgetc_fvp
 .text          0x8001413c     0x1a9c build/uspi_dwhcidevice.o
                0x8001413c                DWHCIDeviceCompletionRoutine
                0x80014148                DWHCIDevice
                0x80014188                _DWHCIDevice
                0x80014190                DWHCIDeviceEnableGlobalInterrupts
                0x800141d4                DWHCIDeviceEnableCommonInterrupts
                0x8001420c                DWHCIDeviceEnableHostInterrupts
                0x80014268                DWHCIDeviceEnableChannelInterrupt
                0x800142bc                DWHCIDeviceDisableChannelInterrupt
                0x80014310                DWHCIDeviceStartChannel
                0x80014688                DWHCIDeviceStartTransaction
                0x80014758                DWHCIDeviceTimerHandler
                0x800147c0                DWHCIDeviceChannelInterruptHandler
                0x80014c14                DWHCIDeviceInterruptHandler
                0x80014d0c                DWHCIDeviceAllocateChannel
                0x80014d84                DWHCIDeviceTransferStageAsync
                0x80014e9c                DWHCIDeviceSubmitAsyncRequest
                0x80014ee0                DWHCIDeviceTransferStage
                0x80014f70                DWHCIDeviceSubmitBlockingRequest
                0x800150ac                DWHCIDeviceControlMessage
                0x8001514c                DWHCIDeviceGetDescriptor
                0x8001518c                DWHCIDeviceSetAddress
                0x800151d4                DWHCIDeviceSetConfiguration
                0x8001521c                DWHCIDeviceTransfer
                0x80015274                DWHCIDeviceFreeChannel
                0x8001529c                DWHCIDeviceWaitForBit
                0x800152f8                DWHCIDeviceEnableRootPort
                0x800153b8                DWHCIDeviceReset
                0x80015464                DWHCIDeviceInitCore
                0x80015638                DWHCIDeviceFlushTxFIFO
                0x800156c4                DWHCIDeviceFlushRxFIFO
                0x80015734                DWHCIDeviceInitHost
                0x80015930                DWHCIDeviceInitialize
                0x80015afc                DWHCIDeviceGetPortSpeed
                0x80015b48                DWHCIDeviceOvercurrentDetected
                0x80015b94                DWHCIDeviceDisableRootPort
 .text          0x80015bd8      0xbc4 build/uspi_usbgamepad.o
                0x8001618c                USBGamePadDeviceConfigure
                0x80016610                USBGamePadDevice
                0x800166a4                _CUSBGamePadDevice
                0x80016728                USBGamePadDeviceRegisterStatusHandler
                0x80016730                USBGamePadDeviceGetReport
 .text          0x8001679c       0xf4 build/uspi_dwhciregister.o
                0x8001679c                DWHCIRegister
                0x800167ac                DWHCIRegister2
                0x800167bc                _DWHCIRegister
                0x800167c8                DWHCIRegisterRead
                0x800167e4                DWHCIRegisterWrite
                0x800167f4                DWHCIRegisterGet
                0x800167fc                DWHCIRegisterSet
                0x8001680c                DWHCIRegisterIsSet
                0x80016820                DWHCIRegisterAnd
                0x80016830                DWHCIRegisterOr
                0x80016840                DWHCIRegisterClearBit
                0x80016854                DWHCIRegisterSetBit
                0x80016868                DWHCIRegisterClearAll
                0x8001687c                DWHCIRegisterSetAll
 .text          0x80016890      0x89c build/proc.o
                0x80016978                forkret
                0x800169ac                pinit
                0x800169dc                userinit
                0x80016a8c                growproc
                0x80016af0                fork
                0x80016bd8                scheduler
                0x80016c9c                sched
                0x80016d30                exit
                0x80016e7c                yield
                0x80016eb4                sleep
                0x80016f68                wait
                0x80017044                wakeup
                0x800170ac                kill
                0x80017128                procdump
 .text          0x8001712c      0x540 build/uspi_usbkeyboard.o
                0x8001718c                USBKeyboardDeviceConfigure
                0x800175a0                USBKeyboardDevice
                0x800175f8                _CUSBKeyboardDevice
                0x8001764c                USBKeyboardDeviceRegisterKeyPressedHandler
                0x80017654                USBKeyboardDeviceRegisterSelectConsoleHandler
                0x8001765c                USBKeyboardDeviceRegisterShutdownHandler
                0x80017664                USBKeyboardDeviceRegisterKeyStatusHandlerRaw
 .text          0x8001766c      0x120 build/timer.o
                0x8001766c                enabletimer3irq
                0x80017684                timer3init
                0x800176cc                timer3intr
                0x80017720                delay
                0x8001774c                led_on
                0x8001776c                led_off
 .text          0x8001778c      0x20c build/uspi_dwhcirootport.o
                0x8001778c                DWHCIRootPort
                0x80017798                _DWHCIRootPort
                0x800177cc                DWHCIRootPortInitialize

.glue_7         0x80017998        0x0 load address 0x00017998
 .glue_7        0x80017998        0x0 linker stubs

.glue_7t        0x80017998        0x0 load address 0x00017998
 .glue_7t       0x80017998        0x0 linker stubs

.vfp11_veneer   0x80017998        0x0 load address 0x00017998
 .vfp11_veneer  0x80017998        0x0 linker stubs

.v4_bx          0x80017998        0x0 load address 0x00017998
 .v4_bx         0x80017998        0x0 linker stubs

.iplt           0x80017998        0x0 load address 0x00017998
 .iplt          0x80017998        0x0 build/entry.o

.rodata         0x80017998     0x1970 load address 0x00017998
 *(.rodata .rodata.*)
 .rodata        0x80017998       0x58 build/syscall.o
 .rodata.str1.4
                0x800179f0       0x1c build/syscall.o
 .rodata.str1.4
                0x80017a0c      0x1aa build/trap.o
 .rodata.str1.4
                0x80017bb6      0x1aa build/uspi_string.o
                                  0x1 (size before relaxing)
 *fill*         0x80017bb6        0x2 
 .rodata.str1.4
                0x80017bb8       0x60 build/usb_filestorage.o
 .rodata.str1.4
                0x80017c18       0x6b build/sysfile.o
 *fill*         0x80017c83        0x1 
 .rodata.str1.4
                0x80017c84       0x2b build/bio.o
 *fill*         0x80017caf        0x1 
 .rodata.str1.4
                0x80017cb0       0x77 build/uspi_usbdevicefactory.o
 *fill*         0x80017d27        0x1 
 .rodata.str1.4
                0x80017d28       0xb9 build/fs.o
                                 0xc4 (size before relaxing)
 *fill*         0x80017de1        0x3 
 .rodata        0x80017de4       0x11 build/console.o
 *fill*         0x80017df5        0x3 
 .rodata.str1.4
                0x80017df8       0x5e build/console.o
                                 0x62 (size before relaxing)
 *fill*         0x80017e56        0x2 
 .rodata.str1.4
                0x80017e58       0x6e build/memide.o
 *fill*         0x80017ec6        0x2 
 .rodata.str1.4
                0x80017ec8       0x60 build/spinlock.o
 .rodata.str1.4
                0x80017f28       0xf9 build/main.o
 *fill*         0x80018021        0x3 
 .rodata.str1.4
                0x80018024       0x2f build/uspi_usbconfigparser.o
 *fill*         0x80018053        0x1 
 .rodata        0x80018054        0x7 build/uspi_usbstandardhub.o
 *fill*         0x8001805b        0x1 
 .rodata.str1.4
                0x8001805c      0x1e4 build/uspi_usbstandardhub.o
 .rodata.str1.4
                0x80018240       0x1c build/uspi_dwhciframeschednper.o
 .rodata        0x8001825c      0x4cc build/uspi_keymap.o
 .rodata.str1.4
                0x80018728       0xce build/uspi_keymap.o
                                 0xde (size before relaxing)
 .rodata.str1.4
                0x800187f6       0x1c build/uspi_dwhciframeschedper.o
 *fill*         0x800187f6        0x2 
 .rodata        0x800187f8       0x48 build/uspi_usbmidi.o
 .rodata.str1.4
                0x80018840        0x8 build/uspi_usbmidi.o
                                 0x24 (size before relaxing)
 .rodata        0x80018848        0x7 build/uspi_usbdevice.o
 *fill*         0x8001884f        0x1 
 .rodata.str1.4
                0x80018850      0x148 build/uspi_usbdevice.o
                                0x150 (size before relaxing)
 .rodata.str1.4
                0x80018998       0x1e build/uspi_macaddress.o
 *fill*         0x800189b6        0x2 
 .rodata        0x800189b8        0x9 build/uspi_smsc951x.o
 *fill*         0x800189c1        0x3 
 .rodata.str1.4
                0x800189c4       0x76 build/uspi_smsc951x.o
                                 0x92 (size before relaxing)
 *fill*         0x80018a3a        0x2 
 .rodata        0x80018a3c        0x5 build/uspi_usbmassdevice.o
 *fill*         0x80018a41        0x3 
 .rodata.str1.4
                0x80018a44      0x1cc build/uspi_usbmassdevice.o
                                0x1e8 (size before relaxing)
 .rodata.str1.4
                0x80018c10       0x33 build/log.o
 *fill*         0x80018c43        0x1 
 .rodata        0x80018c44        0x5 build/uspi_library.o
 *fill*         0x80018c49        0x3 
 .rodata.str1.4
                0x80018c4c       0x86 build/uspi_library.o
                                 0x8e (size before relaxing)
 *fill*         0x80018cd2        0x2 
 .rodata.str1.4
                0x80018cd4      0x16e build/vm.o
 *fill*         0x80018e42        0x2 
 .rodata.str1.4
                0x80018e44      0x122 build/usb.o
 *fill*         0x80018f66        0x2 
 .rodata.str1.4
                0x80018f68       0x42 build/file.o
 *fill*         0x80018faa        0x2 
 .rodata.str1.4
                0x80018fac        0x5 build/pipe.o
 *fill*         0x80018fb1        0x3 
 .rodata        0x80018fb4        0x7 build/uspi_usbmouse.o
 *fill*         0x80018fbb        0x1 
 .rodata.str1.4
                0x80018fbc       0x25 build/uspi_usbmouse.o
                                 0x59 (size before relaxing)
 *fill*         0x80018fe1        0x3 
 .rodata        0x80018fe4        0x8 build/uspi_lan7800.o
 .rodata.str1.4
                0x80018fec       0x9c build/uspi_lan7800.o
                                 0xea (size before relaxing)
 .rodata.str1.4
                0x80019088        0x5 build/kalloc.o
                                  0xd (size before relaxing)
 *fill*         0x8001908d        0x3 
 .rodata        0x80019090       0x14 build/uspi_dwhcidevice.o
 .rodata.str1.4
                0x800190a4       0xe4 build/uspi_dwhcidevice.o
 .rodata        0x80019188        0xd build/uspi_usbgamepad.o
 *fill*         0x80019195        0x3 
 .rodata.str1.4
                0x80019198       0x21 build/uspi_usbgamepad.o
                                 0x5f (size before relaxing)
 *fill*         0x800191b9        0x3 
 .rodata.str1.4
                0x800191bc       0xa9 build/proc.o
                                 0xad (size before relaxing)
 *fill*         0x80019265        0x3 
 .rodata        0x80019268        0x7 build/uspi_usbkeyboard.o
 *fill*         0x8001926f        0x1 
 .rodata.str1.4
                0x80019270        0x7 build/uspi_usbkeyboard.o
                                 0x57 (size before relaxing)
 *fill*         0x80019277        0x1 
 .rodata        0x80019278        0x7 build/uspi_dwhcirootport.o
 *fill*         0x8001927f        0x1 
 .rodata.str1.4
                0x80019280       0x88 build/uspi_dwhcirootport.o
                                 0x87 (size before relaxing)

.rel.dyn        0x80019308        0x0 load address 0x00019308
 .rel.iplt      0x80019308        0x0 build/entry.o
                0x8001a000                . = ALIGN (0x1000)

.data           0x8001a000    0x80928 load address 0x0001a000
 *(.data)
 .data          0x8001a000    0x80850 build/entry.o
                0x8001a000                font
                0x8001a800                _binary_initcode_start
                0x8001a850                _binary_fs_img_start
                0x8001a850                _binary_initcode_end
                0x8009a850                _binary_fs_img_end
 .data          0x8009a850        0x0 build/exception.o
 .data          0x8009a850        0x0 build/uspienv_delayloop.o
 .data          0x8009a850        0x0 build/uspi_dwhciframeschednsplit.o
 .data          0x8009a850        0x0 build/exec.o
 .data          0x8009a850        0x0 build/syscall.o
 .data          0x8009a850        0x0 build/string.o
 .data          0x8009a850        0x0 build/uspi_usbrequest.o
 .data          0x8009a850        0x4 build/trap.o
                0x8009a850                first_time
 .data          0x8009a854        0x0 build/uspi_string.o
 .data          0x8009a854        0x4 build/uspi_devicenameservice.o
 .data          0x8009a858        0x0 build/usb_filestorage.o
 .data          0x8009a858        0x0 build/sysfile.o
 .data          0x8009a858        0x0 build/bio.o
 .data          0x8009a858        0x0 build/uspi_usbdevicefactory.o
 .data          0x8009a858        0x0 build/fs.o
 .data          0x8009a858       0x24 build/console.o
                0x8009a85c                framewidth
                0x8009a860                frameheight
                0x8009a864                cursor_x
                0x8009a868                fontheight
                0x8009a86c                cursor_y
                0x8009a870                fontwidth
                0x8009a878                framedepth
 .data          0x8009a87c        0x0 build/memide.o
 .data          0x8009a87c        0x0 build/mmu.o
 .data          0x8009a87c        0x0 build/spinlock.o
 .data          0x8009a87c        0x4 build/uspienv_timer.o
 .data          0x8009a880        0x0 build/main.o
 .data          0x8009a880        0x0 build/uspi_usbendpoint.o
 .data          0x8009a880        0x0 build/uspi_usbconfigparser.o
 .data          0x8009a880        0x0 build/mailbox.o
 .data          0x8009a880        0x0 build/uspi_usbstandardhub.o
 .data          0x8009a880        0x0 build/uspi_dwhciframeschednper.o
 .data          0x8009a880        0x0 build/uspi_dwhcixferstagedata.o
 .data          0x8009a880        0x0 build/uspi_keymap.o
 .data          0x8009a880        0x0 build/uspi_dwhciframeschedper.o
 .data          0x8009a880        0x4 build/uspi_usbmidi.o
 .data          0x8009a884        0x1 build/uspi_usbdevice.o
 .data          0x8009a885        0x0 build/uspi_macaddress.o
 *fill*         0x8009a885        0x3 
 .data          0x8009a888        0x4 build/uspi_smsc951x.o
 .data          0x8009a88c        0x0 build/uart.o
 .data          0x8009a88c        0x4 build/uspi_usbmassdevice.o
 .data          0x8009a890        0x0 build/log.o
 .data          0x8009a890        0x0 build/uspi_usbstring.o
 .data          0x8009a890        0x4 build/uspi_library.o
 .data          0x8009a894       0x3c build/vm.o
 .data          0x8009a8d0        0x8 build/usb.o
                0x8009a8d0                usb_active
                0x8009a8d4                device_index
 .data          0x8009a8d8        0x0 build/sysproc.o
 .data          0x8009a8d8        0x0 build/file.o
 .data          0x8009a8d8        0x0 build/pipe.o
 .data          0x8009a8d8        0x4 build/uspi_synchronize.o
 .data          0x8009a8dc        0x0 build/uspienv_memio.o
 .data          0x8009a8dc        0x4 build/uspi_usbmouse.o
 .data          0x8009a8e0        0x4 build/uspi_lan7800.o
 .data          0x8009a8e4        0x0 build/kalloc.o
 .data          0x8009a8e4        0x0 build/uspi_util.o
 .data          0x8009a8e4        0x0 build/uart_pl011.o
 .data          0x8009a8e4        0x0 build/uspi_dwhcidevice.o
 .data          0x8009a8e4       0x34 build/uspi_usbgamepad.o
 .data          0x8009a918        0x0 build/uspi_dwhciregister.o
 .data          0x8009a918        0xc build/proc.o
                0x8009a918                nextpid
                0x8009a920                first_sched
 .data          0x8009a924        0x4 build/uspi_usbkeyboard.o
 .data          0x8009a928        0x0 build/timer.o
 .data          0x8009a928        0x0 build/uspi_dwhcirootport.o
 *.c.o(*)

.igot.plt       0x8009a928        0x0 load address 0x0009a928
 .igot.plt      0x8009a928        0x0 build/entry.o

.bss            0x8009a930     0x5574 load address 0x0009a930
 *(.bss)
 .bss           0x8009a930        0x0 build/entry.o
 .bss           0x8009a930        0x0 build/exception.o
 .bss           0x8009a930        0x0 build/uspienv_delayloop.o
 .bss           0x8009a930        0x0 build/uspi_dwhciframeschednsplit.o
 .bss           0x8009a930        0x0 build/exec.o
 .bss           0x8009a930        0x0 build/syscall.o
 .bss           0x8009a930        0x0 build/string.o
 .bss           0x8009a930        0x0 build/uspi_usbrequest.o
 .bss           0x8009a930        0x0 build/trap.o
 .bss           0x8009a930        0x0 build/uspi_string.o
 .bss           0x8009a930        0x0 build/uspi_devicenameservice.o
 .bss           0x8009a930        0x0 build/usb_filestorage.o
 .bss           0x8009a930        0x0 build/sysfile.o
 .bss           0x8009a930        0x0 build/bio.o
 .bss           0x8009a930        0x0 build/uspi_usbdevicefactory.o
 .bss           0x8009a930        0x0 build/fs.o
 .bss           0x8009a930       0x60 build/console.o
                0x8009a930                fbinfo
 .bss           0x8009a990        0x8 build/memide.o
 .bss           0x8009a998        0x0 build/mmu.o
 .bss           0x8009a998        0x0 build/spinlock.o
 .bss           0x8009a998        0x0 build/uspienv_timer.o
 .bss           0x8009a998        0x0 build/main.o
 .bss           0x8009a998        0x0 build/uspi_usbendpoint.o
 .bss           0x8009a998        0x0 build/uspi_usbconfigparser.o
 .bss           0x8009a998        0x0 build/mailbox.o
 .bss           0x8009a998        0x0 build/uspi_usbstandardhub.o
 .bss           0x8009a998        0x0 build/uspi_dwhciframeschednper.o
 .bss           0x8009a998        0x0 build/uspi_dwhcixferstagedata.o
 .bss           0x8009a998        0x0 build/uspi_keymap.o
 .bss           0x8009a998        0x0 build/uspi_dwhciframeschedper.o
 .bss           0x8009a998        0x0 build/uspi_usbmidi.o
 .bss           0x8009a998        0x0 build/uspi_usbdevice.o
 .bss           0x8009a998        0x0 build/uspi_macaddress.o
 .bss           0x8009a998        0x0 build/uspi_smsc951x.o
 .bss           0x8009a998        0xc build/uart.o
 .bss           0x8009a9a4        0x0 build/uspi_usbmassdevice.o
 .bss           0x8009a9a4        0x0 build/log.o
 .bss           0x8009a9a4        0x0 build/uspi_usbstring.o
 .bss           0x8009a9a4        0x0 build/uspi_library.o
 .bss           0x8009a9a4        0x0 build/vm.o
 .bss           0x8009a9a4      0x158 build/usb.o
 .bss           0x8009aafc        0x0 build/sysproc.o
 .bss           0x8009aafc        0x0 build/file.o
 .bss           0x8009aafc        0x0 build/pipe.o
 .bss           0x8009aafc        0x4 build/uspi_synchronize.o
 .bss           0x8009ab00        0x0 build/uspienv_memio.o
 .bss           0x8009ab00        0x0 build/uspi_usbmouse.o
 .bss           0x8009ab00        0x0 build/uspi_lan7800.o
 .bss           0x8009ab00        0x0 build/kalloc.o
 .bss           0x8009ab00        0x0 build/uspi_util.o
 .bss           0x8009ab00        0x0 build/uart_pl011.o
 .bss           0x8009ab00        0x0 build/uspi_dwhcidevice.o
 .bss           0x8009ab00        0x0 build/uspi_usbgamepad.o
 .bss           0x8009ab00        0x0 build/uspi_dwhciregister.o
 .bss           0x8009ab00        0x4 build/proc.o
 .bss           0x8009ab04        0x0 build/uspi_usbkeyboard.o
 .bss           0x8009ab04        0x0 build/timer.o
 .bss           0x8009ab04        0x0 build/uspi_dwhcirootport.o
 COMMON         0x8009ab04       0xe0 build/exec.o
                0x8009ab04                cpus
 COMMON         0x8009abe4       0x50 build/trap.o
                0x8009abe4                pUSBParam
                0x8009abe8                pUSBTimerParam
                0x8009abec                nUSBTimerIRQ
                0x8009abf0                tickslock
                0x8009ac24                pUSBTimerHandler
                0x8009ac28                ticks
                0x8009ac2c                pUSBHandler
                0x8009ac30                nUSBIRQ
 COMMON         0x8009ac34       0xa0 build/usb_filestorage.o
                0x8009ac34                device_handler
 COMMON         0x8009acd4     0x173c build/bio.o
                0x8009acd4                bcache
 COMMON         0x8009c410      0xfd4 build/fs.o
                0x8009c410                icache
 COMMON         0x8009d3e4       0xc0 build/console.o
                0x8009d3e4                input
 COMMON         0x8009d4a4        0x4 build/mmu.o
                0x8009d4a4                pm_size
 COMMON         0x8009d4a8       0x28 build/main.o
                0x8009d4a8                mb_data
 COMMON         0x8009d4d0        0x4 build/mailbox.o
                0x8009d4d0                mailbuffer
 COMMON         0x8009d4d4        0x4 build/uart.o
                0x8009d4d4                uart_disabled
 COMMON         0x8009d4d8       0x70 build/log.o
                0x8009d4d8                log
 COMMON         0x8009d548        0x4 build/vm.o
                0x8009d548                kpgdir
 COMMON         0x8009d54c      0x9e4 build/file.o
                0x8009d54c                ftable
                0x8009dee0                devsw
 COMMON         0x8009df30       0x3c build/kalloc.o
                0x8009df30                kmem
 COMMON         0x8009df6c        0x4 build/uart_pl011.o
                0x8009df6c                uart_lock
 COMMON         0x8009df70     0x1f34 build/proc.o
                0x8009df70                ptable
                0x8009fea4                PROVIDE (end, .)

/DISCARD/
 *(.eh_frame .note.GNU-stack)
OUTPUT(build/kernel.elf elf32-littlearm)

.ARM.attributes
                0x00000000       0x3b
 .ARM.attributes
                0x00000000       0x2b build/entry.o
 .ARM.attributes
                0x0000002b       0x2b build/exception.o
 .ARM.attributes
                0x00000056       0x2b build/uspienv_delayloop.o
 .ARM.attributes
                0x00000081       0x3f build/uspi_dwhciframeschednsplit.o
 .ARM.attributes
                0x000000c0       0x3f build/exec.o
 .ARM.attributes
                0x000000ff       0x3f build/syscall.o
 .ARM.attributes
                0x0000013e       0x3f build/string.o
 .ARM.attributes
                0x0000017d       0x3f build/uspi_usbrequest.o
 .ARM.attributes
                0x000001bc       0x3f build/trap.o
 .ARM.attributes
                0x000001fb       0x3f build/uspi_string.o
 .ARM.attributes
                0x0000023a       0x3f build/uspi_devicenameservice.o
 .ARM.attributes
                0x00000279       0x3f build/usb_filestorage.o
 .ARM.attributes
                0x000002b8       0x3f build/sysfile.o
 .ARM.attributes
                0x000002f7       0x3f build/bio.o
 .ARM.attributes
                0x00000336       0x3f build/uspi_usbdevicefactory.o
 .ARM.attributes
                0x00000375       0x3f build/fs.o
 .ARM.attributes
                0x000003b4       0x3f build/console.o
 .ARM.attributes
                0x000003f3       0x3f build/memide.o
 .ARM.attributes
                0x00000432       0x3f build/mmu.o
 .ARM.attributes
                0x00000471       0x3f build/spinlock.o
 .ARM.attributes
                0x000004b0       0x3f build/uspienv_timer.o
 .ARM.attributes
                0x000004ef       0x3f build/main.o
 .ARM.attributes
                0x0000052e       0x3f build/uspi_usbendpoint.o
 .ARM.attributes
                0x0000056d       0x3f build/uspi_usbconfigparser.o
 .ARM.attributes
                0x000005ac       0x3f build/mailbox.o
 .ARM.attributes
                0x000005eb       0x3f build/uspi_usbstandardhub.o
 .ARM.attributes
                0x0000062a       0x3f build/uspi_dwhciframeschednper.o
 .ARM.attributes
                0x00000669       0x3f build/uspi_dwhcixferstagedata.o
 .ARM.attributes
                0x000006a8       0x3f build/uspi_keymap.o
 .ARM.attributes
                0x000006e7       0x3f build/uspi_dwhciframeschedper.o
 .ARM.attributes
                0x00000726       0x3f build/uspi_usbmidi.o
 .ARM.attributes
                0x00000765       0x3f build/uspi_usbdevice.o
 .ARM.attributes
                0x000007a4       0x3f build/uspi_macaddress.o
 .ARM.attributes
                0x000007e3       0x3f build/uspi_smsc951x.o
 .ARM.attributes
                0x00000822       0x3f build/uart.o
 .ARM.attributes
                0x00000861       0x3f build/uspi_usbmassdevice.o
 .ARM.attributes
                0x000008a0       0x3f build/log.o
 .ARM.attributes
                0x000008df       0x3f build/uspi_usbstring.o
 .ARM.attributes
                0x0000091e       0x3f build/uspi_library.o
 .ARM.attributes
                0x0000095d       0x3f build/vm.o
 .ARM.attributes
                0x0000099c       0x3f build/usb.o
 .ARM.attributes
                0x000009db       0x3f build/sysproc.o
 .ARM.attributes
                0x00000a1a       0x3f build/file.o
 .ARM.attributes
                0x00000a59       0x3f build/pipe.o
 .ARM.attributes
                0x00000a98       0x3f build/uspi_synchronize.o
 .ARM.attributes
                0x00000ad7       0x3f build/uspienv_memio.o
 .ARM.attributes
                0x00000b16       0x3f build/uspi_usbmouse.o
 .ARM.attributes
                0x00000b55       0x3f build/uspi_lan7800.o
 .ARM.attributes
                0x00000b94       0x3f build/kalloc.o
 .ARM.attributes
                0x00000bd3       0x3f build/uspi_util.o
 .ARM.attributes
                0x00000c12       0x3f build/uart_pl011.o
 .ARM.attributes
                0x00000c51       0x3f build/uspi_dwhcidevice.o
 .ARM.attributes
                0x00000c90       0x3f build/uspi_usbgamepad.o
 .ARM.attributes
                0x00000ccf       0x3f build/uspi_dwhciregister.o
 .ARM.attributes
                0x00000d0e       0x3f build/proc.o
 .ARM.attributes
                0x00000d4d       0x3f build/uspi_usbkeyboard.o
 .ARM.attributes
                0x00000d8c       0x3f build/timer.o
 .ARM.attributes
                0x00000dcb       0x3f build/uspi_dwhcirootport.o

.comment        0x00000000       0x34
 .comment       0x00000000       0x34 build/uspi_dwhciframeschednsplit.o
                                 0x35 (size before relaxing)
 .comment       0x00000034       0x35 build/exec.o
 .comment       0x00000034       0x35 build/syscall.o
 .comment       0x00000034       0x35 build/string.o
 .comment       0x00000034       0x35 build/uspi_usbrequest.o
 .comment       0x00000034       0x35 build/trap.o
 .comment       0x00000034       0x35 build/uspi_string.o
 .comment       0x00000034       0x35 build/uspi_devicenameservice.o
 .comment       0x00000034       0x35 build/usb_filestorage.o
 .comment       0x00000034       0x35 build/sysfile.o
 .comment       0x00000034       0x35 build/bio.o
 .comment       0x00000034       0x35 build/uspi_usbdevicefactory.o
 .comment       0x00000034       0x35 build/fs.o
 .comment       0x00000034       0x35 build/console.o
 .comment       0x00000034       0x35 build/memide.o
 .comment       0x00000034       0x35 build/mmu.o
 .comment       0x00000034       0x35 build/spinlock.o
 .comment       0x00000034       0x35 build/uspienv_timer.o
 .comment       0x00000034       0x35 build/main.o
 .comment       0x00000034       0x35 build/uspi_usbendpoint.o
 .comment       0x00000034       0x35 build/uspi_usbconfigparser.o
 .comment       0x00000034       0x35 build/mailbox.o
 .comment       0x00000034       0x35 build/uspi_usbstandardhub.o
 .comment       0x00000034       0x35 build/uspi_dwhciframeschednper.o
 .comment       0x00000034       0x35 build/uspi_dwhcixferstagedata.o
 .comment       0x00000034       0x35 build/uspi_keymap.o
 .comment       0x00000034       0x35 build/uspi_dwhciframeschedper.o
 .comment       0x00000034       0x35 build/uspi_usbmidi.o
 .comment       0x00000034       0x35 build/uspi_usbdevice.o
 .comment       0x00000034       0x35 build/uspi_macaddress.o
 .comment       0x00000034       0x35 build/uspi_smsc951x.o
 .comment       0x00000034       0x35 build/uart.o
 .comment       0x00000034       0x35 build/uspi_usbmassdevice.o
 .comment       0x00000034       0x35 build/log.o
 .comment       0x00000034       0x35 build/uspi_usbstring.o
 .comment       0x00000034       0x35 build/uspi_library.o
 .comment       0x00000034       0x35 build/vm.o
 .comment       0x00000034       0x35 build/usb.o
 .comment       0x00000034       0x35 build/sysproc.o
 .comment       0x00000034       0x35 build/file.o
 .comment       0x00000034       0x35 build/pipe.o
 .comment       0x00000034       0x35 build/uspi_synchronize.o
 .comment       0x00000034       0x35 build/uspienv_memio.o
 .comment       0x00000034       0x35 build/uspi_usbmouse.o
 .comment       0x00000034       0x35 build/uspi_lan7800.o
 .comment       0x00000034       0x35 build/kalloc.o
 .comment       0x00000034       0x35 build/uspi_util.o
 .comment       0x00000034       0x35 build/uart_pl011.o
 .comment       0x00000034       0x35 build/uspi_dwhcidevice.o
 .comment       0x00000034       0x35 build/uspi_usbgamepad.o
 .comment       0x00000034       0x35 build/uspi_dwhciregister.o
 .comment       0x00000034       0x35 build/proc.o
 .comment       0x00000034       0x35 build/uspi_usbkeyboard.o
 .comment       0x00000034       0x35 build/timer.o
 .comment       0x00000034       0x35 build/uspi_dwhcirootport.o

.debug_line     0x00000000     0x5d66
 .debug_line    0x00000000       0xfb build/entry.o
 .debug_line    0x000000fb       0xdd build/exception.o
 .debug_line    0x000001d8       0x4c build/uspienv_delayloop.o
 .debug_line    0x00000224       0xf4 build/uspi_dwhciframeschednsplit.o
 .debug_line    0x00000318       0xf3 build/exec.o
 .debug_line    0x0000040b       0xf1 build/syscall.o
 .debug_line    0x000004fc       0xfa build/string.o
 .debug_line    0x000005f6       0xf1 build/uspi_usbrequest.o
 .debug_line    0x000006e7      0x1c1 build/trap.o
 .debug_line    0x000008a8      0x2b8 build/uspi_string.o
 .debug_line    0x00000b60       0xd6 build/uspi_devicenameservice.o
 .debug_line    0x00000c36       0xb3 build/usb_filestorage.o
 .debug_line    0x00000ce9      0x29f build/sysfile.o
 .debug_line    0x00000f88      0x103 build/bio.o
 .debug_line    0x0000108b      0x23a build/uspi_usbdevicefactory.o
 .debug_line    0x000012c5      0x3e6 build/fs.o
 .debug_line    0x000016ab      0x354 build/console.o
 .debug_line    0x000019ff       0xaa build/memide.o
 .debug_line    0x00001aa9       0xea build/mmu.o
 .debug_line    0x00001b93       0xbb build/spinlock.o
 .debug_line    0x00001c4e      0x184 build/uspienv_timer.o
 .debug_line    0x00001dd2      0x119 build/main.o
 .debug_line    0x00001eeb      0x12c build/uspi_usbendpoint.o
 .debug_line    0x00002017      0x102 build/uspi_usbconfigparser.o
 .debug_line    0x00002119       0xfc build/mailbox.o
 .debug_line    0x00002215      0x340 build/uspi_usbstandardhub.o
 .debug_line    0x00002555      0x109 build/uspi_dwhciframeschednper.o
 .debug_line    0x0000265e      0x282 build/uspi_dwhcixferstagedata.o
 .debug_line    0x000028e0      0x111 build/uspi_keymap.o
 .debug_line    0x000029f1      0x140 build/uspi_dwhciframeschedper.o
 .debug_line    0x00002b31      0x1da build/uspi_usbmidi.o
 .debug_line    0x00002d0b      0x26d build/uspi_usbdevice.o
 .debug_line    0x00002f78       0xbe build/uspi_macaddress.o
 .debug_line    0x00003036      0x253 build/uspi_smsc951x.o
 .debug_line    0x00003289      0x1cf build/uart.o
 .debug_line    0x00003458      0x393 build/uspi_usbmassdevice.o
 .debug_line    0x000037eb      0x134 build/log.o
 .debug_line    0x0000391f      0x1e8 build/uspi_usbstring.o
 .debug_line    0x00003b07      0x315 build/uspi_library.o
 .debug_line    0x00003e1c      0x22e build/vm.o
 .debug_line    0x0000404a      0x160 build/usb.o
 .debug_line    0x000041aa       0xaa build/sysproc.o
 .debug_line    0x00004254      0x10a build/file.o
 .debug_line    0x0000435e      0x12d build/pipe.o
 .debug_line    0x0000448b       0x73 build/uspi_synchronize.o
 .debug_line    0x000044fe       0x62 build/uspienv_memio.o
 .debug_line    0x00004560      0x1eb build/uspi_usbmouse.o
 .debug_line    0x0000474b      0x2e6 build/uspi_lan7800.o
 .debug_line    0x00004a31       0xff build/kalloc.o
 .debug_line    0x00004b30       0xcd build/uspi_util.o
 .debug_line    0x00004bfd       0x88 build/uart_pl011.o
 .debug_line    0x00004c85      0x556 build/uspi_dwhcidevice.o
 .debug_line    0x000051db      0x3b8 build/uspi_usbgamepad.o
 .debug_line    0x00005593       0xb2 build/uspi_dwhciregister.o
 .debug_line    0x00005645      0x24d build/proc.o
 .debug_line    0x00005892      0x231 build/uspi_usbkeyboard.o
 .debug_line    0x00005ac3       0xee build/timer.o
 .debug_line    0x00005bb1      0x1b5 build/uspi_dwhcirootport.o

.debug_info     0x00000000    0x2bc27
 .debug_info    0x00000000       0x3e build/entry.o
 .debug_info    0x0000003e       0x46 build/exception.o
 .debug_info    0x00000084       0x4e build/uspienv_delayloop.o
 .debug_info    0x000000d2      0x373 build/uspi_dwhciframeschednsplit.o
 .debug_info    0x00000445      0x889 build/exec.o
 .debug_info    0x00000cce      0x6dd build/syscall.o
 .debug_info    0x000013ab      0x4cb build/string.o
 .debug_info    0x00001876      0xa63 build/uspi_usbrequest.o
 .debug_info    0x000022d9      0xb8f build/trap.o
 .debug_info    0x00002e68     0x11e1 build/uspi_string.o
 .debug_info    0x00004049      0x2dd build/uspi_devicenameservice.o
 .debug_info    0x00004326      0x442 build/usb_filestorage.o
 .debug_info    0x00004768     0x15ef build/sysfile.o
 .debug_info    0x00005d57      0x45f build/bio.o
 .debug_info    0x000061b6     0x16c2 build/uspi_usbdevicefactory.o
 .debug_info    0x00007878     0x1a2f build/fs.o
 .debug_info    0x000092a7     0x134e build/console.o
 .debug_info    0x0000a5f5      0x61e build/memide.o
 .debug_info    0x0000ac13      0x17f build/mmu.o
 .debug_info    0x0000ad92      0x6b0 build/spinlock.o
 .debug_info    0x0000b442      0x7df build/uspienv_timer.o
 .debug_info    0x0000bc21      0xb2e build/main.o
 .debug_info    0x0000c74f      0xa01 build/uspi_usbendpoint.o
 .debug_info    0x0000d150      0x581 build/uspi_usbconfigparser.o
 .debug_info    0x0000d6d1      0x839 build/mailbox.o
 .debug_info    0x0000df0a     0x197f build/uspi_usbstandardhub.o
 .debug_info    0x0000f889      0x3b6 build/uspi_dwhciframeschednper.o
 .debug_info    0x0000fc3f     0x13c0 build/uspi_dwhcixferstagedata.o
 .debug_info    0x00010fff      0x588 build/uspi_keymap.o
 .debug_info    0x00011587      0x4d6 build/uspi_dwhciframeschedper.o
 .debug_info    0x00011a5d     0x1134 build/uspi_usbmidi.o
 .debug_info    0x00012b91     0x152c build/uspi_usbdevice.o
 .debug_info    0x000140bd      0x40e build/uspi_macaddress.o
 .debug_info    0x000144cb     0x1504 build/uspi_smsc951x.o
 .debug_info    0x000159cf      0xb9c build/uart.o
 .debug_info    0x0001656b     0x206f build/uspi_usbmassdevice.o
 .debug_info    0x000185da      0x67f build/log.o
 .debug_info    0x00018c59      0xf4c build/uspi_usbstring.o
 .debug_info    0x00019ba5     0x1d3c build/uspi_library.o
 .debug_info    0x0001b8e1     0x118f build/vm.o
 .debug_info    0x0001ca70      0x9d9 build/usb.o
 .debug_info    0x0001d449      0x625 build/sysproc.o
 .debug_info    0x0001da6e      0x742 build/file.o
 .debug_info    0x0001e1b0      0x829 build/pipe.o
 .debug_info    0x0001e9d9      0x10d build/uspi_synchronize.o
 .debug_info    0x0001eae6       0xc5 build/uspienv_memio.o
 .debug_info    0x0001ebab     0x11af build/uspi_usbmouse.o
 .debug_info    0x0001fd5a     0x1dbd build/uspi_lan7800.o
 .debug_info    0x00021b17      0x3d8 build/kalloc.o
 .debug_info    0x00021eef      0x39c build/uspi_util.o
 .debug_info    0x0002228b       0xc7 build/uart_pl011.o
 .debug_info    0x00022352     0x4255 build/uspi_dwhcidevice.o
 .debug_info    0x000265a7     0x18d4 build/uspi_usbgamepad.o
 .debug_info    0x00027e7b      0x33d build/uspi_dwhciregister.o
 .debug_info    0x000281b8      0xdf7 build/proc.o
 .debug_info    0x00028faf     0x175a build/uspi_usbkeyboard.o
 .debug_info    0x0002a709      0x74a build/timer.o
 .debug_info    0x0002ae53      0xdd4 build/uspi_dwhcirootport.o

.debug_abbrev   0x00000000     0x7543
 .debug_abbrev  0x00000000       0x12 build/entry.o
 .debug_abbrev  0x00000012       0x14 build/exception.o
 .debug_abbrev  0x00000026       0x14 build/uspienv_delayloop.o
 .debug_abbrev  0x0000003a      0x18a build/uspi_dwhciframeschednsplit.o
 .debug_abbrev  0x000001c4      0x193 build/exec.o
 .debug_abbrev  0x00000357      0x244 build/syscall.o
 .debug_abbrev  0x0000059b      0x1a1 build/string.o
 .debug_abbrev  0x0000073c      0x170 build/uspi_usbrequest.o
 .debug_abbrev  0x000008ac      0x243 build/trap.o
 .debug_abbrev  0x00000aef      0x2d7 build/uspi_string.o
 .debug_abbrev  0x00000dc6      0x150 build/uspi_devicenameservice.o
 .debug_abbrev  0x00000f16      0x1a2 build/usb_filestorage.o
 .debug_abbrev  0x000010b8      0x2af build/sysfile.o
 .debug_abbrev  0x00001367      0x1fe build/bio.o
 .debug_abbrev  0x00001565      0x1b1 build/uspi_usbdevicefactory.o
 .debug_abbrev  0x00001716      0x44b build/fs.o
 .debug_abbrev  0x00001b61      0x3e3 build/console.o
 .debug_abbrev  0x00001f44      0x1cc build/memide.o
 .debug_abbrev  0x00002110       0xd0 build/mmu.o
 .debug_abbrev  0x000021e0      0x21b build/spinlock.o
 .debug_abbrev  0x000023fb      0x2da build/uspienv_timer.o
 .debug_abbrev  0x000026d5      0x1ee build/main.o
 .debug_abbrev  0x000028c3      0x186 build/uspi_usbendpoint.o
 .debug_abbrev  0x00002a49      0x154 build/uspi_usbconfigparser.o
 .debug_abbrev  0x00002b9d      0x278 build/mailbox.o
 .debug_abbrev  0x00002e15      0x222 build/uspi_usbstandardhub.o
 .debug_abbrev  0x00003037      0x1c3 build/uspi_dwhciframeschednper.o
 .debug_abbrev  0x000031fa      0x2a3 build/uspi_dwhcixferstagedata.o
 .debug_abbrev  0x0000349d      0x1b0 build/uspi_keymap.o
 .debug_abbrev  0x0000364d      0x1ea build/uspi_dwhciframeschedper.o
 .debug_abbrev  0x00003837      0x23b build/uspi_usbmidi.o
 .debug_abbrev  0x00003a72      0x2be build/uspi_usbdevice.o
 .debug_abbrev  0x00003d30      0x190 build/uspi_macaddress.o
 .debug_abbrev  0x00003ec0      0x212 build/uspi_smsc951x.o
 .debug_abbrev  0x000040d2      0x275 build/uart.o
 .debug_abbrev  0x00004347      0x2ee build/uspi_usbmassdevice.o
 .debug_abbrev  0x00004635      0x1e9 build/log.o
 .debug_abbrev  0x0000481e      0x1ea build/uspi_usbstring.o
 .debug_abbrev  0x00004a08      0x2cb build/uspi_library.o
 .debug_abbrev  0x00004cd3      0x393 build/vm.o
 .debug_abbrev  0x00005066      0x311 build/usb.o
 .debug_abbrev  0x00005377      0x187 build/sysproc.o
 .debug_abbrev  0x000054fe      0x1e8 build/file.o
 .debug_abbrev  0x000056e6      0x1fa build/pipe.o
 .debug_abbrev  0x000058e0       0xc2 build/uspi_synchronize.o
 .debug_abbrev  0x000059a2       0x89 build/uspienv_memio.o
 .debug_abbrev  0x00005a2b      0x22b build/uspi_usbmouse.o
 .debug_abbrev  0x00005c56      0x286 build/uspi_lan7800.o
 .debug_abbrev  0x00005edc      0x24b build/kalloc.o
 .debug_abbrev  0x00006127       0xf2 build/uspi_util.o
 .debug_abbrev  0x00006219       0xae build/uart_pl011.o
 .debug_abbrev  0x000062c7      0x39b build/uspi_dwhcidevice.o
 .debug_abbrev  0x00006662      0x392 build/uspi_usbgamepad.o
 .debug_abbrev  0x000069f4       0xe8 build/uspi_dwhciregister.o
 .debug_abbrev  0x00006adc      0x342 build/proc.o
 .debug_abbrev  0x00006e1e      0x322 build/uspi_usbkeyboard.o
 .debug_abbrev  0x00007140      0x24d build/timer.o
 .debug_abbrev  0x0000738d      0x1b6 build/uspi_dwhcirootport.o

.debug_aranges  0x00000000      0x748
 .debug_aranges
                0x00000000       0x28 build/entry.o
 .debug_aranges
                0x00000028       0x20 build/exception.o
 .debug_aranges
                0x00000048       0x20 build/uspienv_delayloop.o
 .debug_aranges
                0x00000068       0x20 build/uspi_dwhciframeschednsplit.o
 .debug_aranges
                0x00000088       0x20 build/exec.o
 .debug_aranges
                0x000000a8       0x20 build/syscall.o
 .debug_aranges
                0x000000c8       0x20 build/string.o
 .debug_aranges
                0x000000e8       0x20 build/uspi_usbrequest.o
 .debug_aranges
                0x00000108       0x20 build/trap.o
 .debug_aranges
                0x00000128       0x20 build/uspi_string.o
 .debug_aranges
                0x00000148       0x20 build/uspi_devicenameservice.o
 .debug_aranges
                0x00000168       0x20 build/usb_filestorage.o
 .debug_aranges
                0x00000188       0x20 build/sysfile.o
 .debug_aranges
                0x000001a8       0x20 build/bio.o
 .debug_aranges
                0x000001c8       0x20 build/uspi_usbdevicefactory.o
 .debug_aranges
                0x000001e8       0x20 build/fs.o
 .debug_aranges
                0x00000208       0x20 build/console.o
 .debug_aranges
                0x00000228       0x20 build/memide.o
 .debug_aranges
                0x00000248       0x20 build/mmu.o
 .debug_aranges
                0x00000268       0x20 build/spinlock.o
 .debug_aranges
                0x00000288       0x20 build/uspienv_timer.o
 .debug_aranges
                0x000002a8       0x20 build/main.o
 .debug_aranges
                0x000002c8       0x20 build/uspi_usbendpoint.o
 .debug_aranges
                0x000002e8       0x20 build/uspi_usbconfigparser.o
 .debug_aranges
                0x00000308       0x20 build/mailbox.o
 .debug_aranges
                0x00000328       0x20 build/uspi_usbstandardhub.o
 .debug_aranges
                0x00000348       0x20 build/uspi_dwhciframeschednper.o
 .debug_aranges
                0x00000368       0x20 build/uspi_dwhcixferstagedata.o
 .debug_aranges
                0x00000388       0x20 build/uspi_keymap.o
 .debug_aranges
                0x000003a8       0x20 build/uspi_dwhciframeschedper.o
 .debug_aranges
                0x000003c8       0x20 build/uspi_usbmidi.o
 .debug_aranges
                0x000003e8       0x20 build/uspi_usbdevice.o
 .debug_aranges
                0x00000408       0x20 build/uspi_macaddress.o
 .debug_aranges
                0x00000428       0x20 build/uspi_smsc951x.o
 .debug_aranges
                0x00000448       0x20 build/uart.o
 .debug_aranges
                0x00000468       0x20 build/uspi_usbmassdevice.o
 .debug_aranges
                0x00000488       0x20 build/log.o
 .debug_aranges
                0x000004a8       0x20 build/uspi_usbstring.o
 .debug_aranges
                0x000004c8       0x20 build/uspi_library.o
 .debug_aranges
                0x000004e8       0x20 build/vm.o
 .debug_aranges
                0x00000508       0x20 build/usb.o
 .debug_aranges
                0x00000528       0x20 build/sysproc.o
 .debug_aranges
                0x00000548       0x20 build/file.o
 .debug_aranges
                0x00000568       0x20 build/pipe.o
 .debug_aranges
                0x00000588       0x20 build/uspi_synchronize.o
 .debug_aranges
                0x000005a8       0x20 build/uspienv_memio.o
 .debug_aranges
                0x000005c8       0x20 build/uspi_usbmouse.o
 .debug_aranges
                0x000005e8       0x20 build/uspi_lan7800.o
 .debug_aranges
                0x00000608       0x20 build/kalloc.o
 .debug_aranges
                0x00000628       0x20 build/uspi_util.o
 .debug_aranges
                0x00000648       0x20 build/uart_pl011.o
 .debug_aranges
                0x00000668       0x20 build/uspi_dwhcidevice.o
 .debug_aranges
                0x00000688       0x20 build/uspi_usbgamepad.o
 .debug_aranges
                0x000006a8       0x20 build/uspi_dwhciregister.o
 .debug_aranges
                0x000006c8       0x20 build/proc.o
 .debug_aranges
                0x000006e8       0x20 build/uspi_usbkeyboard.o
 .debug_aranges
                0x00000708       0x20 build/timer.o
 .debug_aranges
                0x00000728       0x20 build/uspi_dwhcirootport.o

.debug_ranges   0x00000000      0xd10
 .debug_ranges  0x00000000       0x20 build/entry.o
 .debug_ranges  0x00000020       0x98 build/syscall.o
 .debug_ranges  0x000000b8       0x20 build/string.o
 .debug_ranges  0x000000d8      0x1e0 build/uspi_string.o
 .debug_ranges  0x000002b8       0x18 build/uspi_devicenameservice.o
 .debug_ranges  0x000002d0       0x90 build/sysfile.o
 .debug_ranges  0x00000360       0x20 build/bio.o
 .debug_ranges  0x00000380       0xb8 build/fs.o
 .debug_ranges  0x00000438       0xa8 build/console.o
 .debug_ranges  0x000004e0       0x68 build/uspienv_timer.o
 .debug_ranges  0x00000548       0x18 build/main.o
 .debug_ranges  0x00000560       0x20 build/uspi_usbendpoint.o
 .debug_ranges  0x00000580       0x40 build/uspi_usbconfigparser.o
 .debug_ranges  0x000005c0       0x40 build/mailbox.o
 .debug_ranges  0x00000600      0x140 build/uspi_usbstandardhub.o
 .debug_ranges  0x00000740       0x18 build/uspi_keymap.o
 .debug_ranges  0x00000758       0x18 build/uspi_dwhciframeschedper.o
 .debug_ranges  0x00000770       0x38 build/uspi_usbmidi.o
 .debug_ranges  0x000007a8       0x30 build/uspi_usbdevice.o
 .debug_ranges  0x000007d8       0x18 build/uspi_macaddress.o
 .debug_ranges  0x000007f0       0x80 build/uart.o
 .debug_ranges  0x00000870       0x70 build/uspi_usbmassdevice.o
 .debug_ranges  0x000008e0       0x48 build/log.o
 .debug_ranges  0x00000928       0x60 build/uspi_usbstring.o
 .debug_ranges  0x00000988       0x70 build/uspi_library.o
 .debug_ranges  0x000009f8       0x50 build/vm.o
 .debug_ranges  0x00000a48       0x30 build/usb.o
 .debug_ranges  0x00000a78       0x40 build/file.o
 .debug_ranges  0x00000ab8       0x18 build/uspi_lan7800.o
 .debug_ranges  0x00000ad0       0x50 build/kalloc.o
 .debug_ranges  0x00000b20       0x88 build/uspi_dwhcidevice.o
 .debug_ranges  0x00000ba8       0xa0 build/uspi_usbgamepad.o
 .debug_ranges  0x00000c48       0x30 build/proc.o
 .debug_ranges  0x00000c78       0x98 build/timer.o

.debug_loc      0x00000000     0xe5af
 .debug_loc     0x00000000       0x9f build/uspi_dwhciframeschednsplit.o
 .debug_loc     0x0000009f      0x2a3 build/exec.o
 .debug_loc     0x00000342      0x3a3 build/syscall.o
 .debug_loc     0x000006e5      0x903 build/string.o
 .debug_loc     0x00000fe8      0x106 build/uspi_usbrequest.o
 .debug_loc     0x000010ee      0x2bd build/trap.o
 .debug_loc     0x000013ab     0x1245 build/uspi_string.o
 .debug_loc     0x000025f0      0x12d build/uspi_devicenameservice.o
 .debug_loc     0x0000271d       0xe0 build/usb_filestorage.o
 .debug_loc     0x000027fd      0x47d build/sysfile.o
 .debug_loc     0x00002c7a      0x149 build/bio.o
 .debug_loc     0x00002dc3      0x241 build/uspi_usbdevicefactory.o
 .debug_loc     0x00003004     0x1059 build/fs.o
 .debug_loc     0x0000405d      0x89b build/console.o
 .debug_loc     0x000048f8       0xd5 build/memide.o
 .debug_loc     0x000049cd      0x164 build/mmu.o
 .debug_loc     0x00004b31       0xcb build/spinlock.o
 .debug_loc     0x00004bfc      0x590 build/uspienv_timer.o
 .debug_loc     0x0000518c      0x230 build/uspi_usbendpoint.o
 .debug_loc     0x000053bc      0x309 build/uspi_usbconfigparser.o
 .debug_loc     0x000056c5      0x2a1 build/mailbox.o
 .debug_loc     0x00005966      0x555 build/uspi_usbstandardhub.o
 .debug_loc     0x00005ebb      0x1ff build/uspi_dwhciframeschednper.o
 .debug_loc     0x000060ba      0x6ac build/uspi_dwhcixferstagedata.o
 .debug_loc     0x00006766      0x4b7 build/uspi_keymap.o
 .debug_loc     0x00006c1d      0x2e5 build/uspi_dwhciframeschedper.o
 .debug_loc     0x00006f02      0x305 build/uspi_usbmidi.o
 .debug_loc     0x00007207      0x45b build/uspi_usbdevice.o
 .debug_loc     0x00007662      0x213 build/uspi_macaddress.o
 .debug_loc     0x00007875      0x38f build/uspi_smsc951x.o
 .debug_loc     0x00007c04      0x7b2 build/uart.o
 .debug_loc     0x000083b6      0x84c build/uspi_usbmassdevice.o
 .debug_loc     0x00008c02      0x1e4 build/log.o
 .debug_loc     0x00008de6      0x2b3 build/uspi_usbstring.o
 .debug_loc     0x00009099      0x691 build/uspi_library.o
 .debug_loc     0x0000972a      0xdff build/vm.o
 .debug_loc     0x0000a529      0x307 build/usb.o
 .debug_loc     0x0000a830       0x31 build/sysproc.o
 .debug_loc     0x0000a861      0x4e1 build/file.o
 .debug_loc     0x0000ad42      0x279 build/pipe.o
 .debug_loc     0x0000afbb       0x77 build/uspi_synchronize.o
 .debug_loc     0x0000b032       0x21 build/uspienv_memio.o
 .debug_loc     0x0000b053      0x222 build/uspi_usbmouse.o
 .debug_loc     0x0000b275      0x6c1 build/uspi_lan7800.o
 .debug_loc     0x0000b936      0x27b build/kalloc.o
 .debug_loc     0x0000bbb1      0x4ce build/uspi_util.o
 .debug_loc     0x0000c07f      0xe6e build/uspi_dwhcidevice.o
 .debug_loc     0x0000ceed      0xce8 build/uspi_usbgamepad.o
 .debug_loc     0x0000dbd5       0xe4 build/uspi_dwhciregister.o
 .debug_loc     0x0000dcb9      0x46f build/proc.o
 .debug_loc     0x0000e128      0x25b build/uspi_usbkeyboard.o
 .debug_loc     0x0000e383      0x16a build/timer.o
 .debug_loc     0x0000e4ed       0xc2 build/uspi_dwhcirootport.o

.debug_str      0x00000000     0x4ff0
 .debug_str     0x00000000      0x2dc build/uspi_dwhciframeschednsplit.o
                                0x39d (size before relaxing)
 .debug_str     0x000002dc      0x1e6 build/exec.o
                                0x330 (size before relaxing)
 .debug_str     0x000004c2       0x5a build/syscall.o
                                0x259 (size before relaxing)
 .debug_str     0x0000051c       0x30 build/string.o
                                0x16a (size before relaxing)
 .debug_str     0x0000054c      0x736 build/uspi_usbrequest.o
                                0x8fa (size before relaxing)
 .debug_str     0x00000c82      0x1d2 build/trap.o
                                0x410 (size before relaxing)
 .debug_str     0x00000e54      0x1b0 build/uspi_string.o
                                0x35b (size before relaxing)
 .debug_str     0x00001004       0xcc build/uspi_devicenameservice.o
                                0x253 (size before relaxing)
 .debug_str     0x000010d0       0xd6 build/usb_filestorage.o
                                0x244 (size before relaxing)
 .debug_str     0x000011a6      0x157 build/sysfile.o
                                0x453 (size before relaxing)
 .debug_str     0x000012fd       0x6a build/bio.o
                                0x1d3 (size before relaxing)
 .debug_str     0x00001367      0x666 build/uspi_usbdevicefactory.o
                                0xf4a (size before relaxing)
 .debug_str     0x000019cd       0x94 build/fs.o
                                0x3f4 (size before relaxing)
 .debug_str     0x00001a61      0x1ae build/console.o
                                0x4a4 (size before relaxing)
 .debug_str     0x00001c0f       0x5f build/memide.o
                                0x299 (size before relaxing)
 .debug_str     0x00001c6e       0x44 build/mmu.o
                                0x169 (size before relaxing)
 .debug_str     0x00001cb2       0x32 build/spinlock.o
                                0x267 (size before relaxing)
 .debug_str     0x00001ce4      0x23b build/uspienv_timer.o
                                0x3c6 (size before relaxing)
 .debug_str     0x00001f1f       0xae build/main.o
                                0x3e1 (size before relaxing)
 .debug_str     0x00001fcd      0x149 build/uspi_usbendpoint.o
                                0x85b (size before relaxing)
 .debug_str     0x00002116       0xf0 build/uspi_usbconfigparser.o
                                0x51f (size before relaxing)
 .debug_str     0x00002206       0x5c build/mailbox.o
                                0x320 (size before relaxing)
 .debug_str     0x00002262      0x224 build/uspi_usbstandardhub.o
                                0xdca (size before relaxing)
 .debug_str     0x00002486      0x1a5 build/uspi_dwhciframeschednper.o
                                0x3e6 (size before relaxing)
 .debug_str     0x0000262b      0x554 build/uspi_dwhcixferstagedata.o
                               0x10a6 (size before relaxing)
 .debug_str     0x00002b7f      0x411 build/uspi_keymap.o
                                0x5b9 (size before relaxing)
 .debug_str     0x00002f90      0x10a build/uspi_dwhciframeschedper.o
                                0x442 (size before relaxing)
 .debug_str     0x0000309a      0x111 build/uspi_usbmidi.o
                                0xcbf (size before relaxing)
 .debug_str     0x000031ab      0x127 build/uspi_usbdevice.o
                                0xdba (size before relaxing)
 .debug_str     0x000032d2       0xdf build/uspi_macaddress.o
                                0x2a7 (size before relaxing)
 .debug_str     0x000033b1      0x179 build/uspi_smsc951x.o
                                0xd90 (size before relaxing)
 .debug_str     0x0000352a       0x7a build/uart.o
                                0x274 (size before relaxing)
 .debug_str     0x000035a4      0x57c build/uspi_usbmassdevice.o
                               0x1286 (size before relaxing)
 .debug_str     0x00003b20       0x67 build/log.o
                                0x272 (size before relaxing)
 .debug_str     0x00003b87       0x50 build/uspi_usbstring.o
                                0xaea (size before relaxing)
 .debug_str     0x00003bd7      0x456 build/uspi_library.o
                               0x1649 (size before relaxing)
 .debug_str     0x0000402d       0xc6 build/vm.o
                                0x38f (size before relaxing)
 .debug_str     0x000040f3       0x82 build/usb.o
                                0x4c8 (size before relaxing)
 .debug_str     0x00004175       0x75 build/sysproc.o
                                0x2a0 (size before relaxing)
 .debug_str     0x000041ea       0x32 build/file.o
                                0x29a (size before relaxing)
 .debug_str     0x0000421c       0x2e build/pipe.o
                                0x310 (size before relaxing)
 .debug_str     0x0000424a       0x67 build/uspi_synchronize.o
                                0x1c8 (size before relaxing)
 .debug_str     0x000042b1       0x17 build/uspienv_memio.o
                                0x158 (size before relaxing)
 .debug_str     0x000042c8       0x94 build/uspi_usbmouse.o
                                0xcf2 (size before relaxing)
 .debug_str     0x0000435c      0x16e build/uspi_lan7800.o
                                0xe6b (size before relaxing)
 .debug_str     0x000044ca       0x3d build/kalloc.o
                                0x1b9 (size before relaxing)
 .debug_str     0x00004507       0x61 build/uspi_util.o
                                0x250 (size before relaxing)
 .debug_str     0x00004568       0x45 build/uart_pl011.o
                                0x164 (size before relaxing)
 .debug_str     0x000045ad      0x5be build/uspi_dwhcidevice.o
                               0x188d (size before relaxing)
 .debug_str     0x00004b6b      0x1c3 build/uspi_usbgamepad.o
                                0xf42 (size before relaxing)
 .debug_str     0x00004d2e       0x61 build/uspi_dwhciregister.o
                                0x29c (size before relaxing)
 .debug_str     0x00004d8f       0xa9 build/proc.o
                                0x3cd (size before relaxing)
 .debug_str     0x00004e38      0x152 build/uspi_usbkeyboard.o
                               0x12bf (size before relaxing)
 .debug_str     0x00004f8a       0x3c build/timer.o
                                0x2d5 (size before relaxing)
 .debug_str     0x00004fc6       0x2a build/uspi_dwhcirootport.o
                                0xad1 (size before relaxing)

.debug_frame    0x00000000     0x3ae8
 .debug_frame   0x00000000       0x9c build/uspi_dwhciframeschednsplit.o
 .debug_frame   0x0000009c       0x40 build/exec.o
 .debug_frame   0x000000dc       0x9c build/syscall.o
 .debug_frame   0x00000178       0xdc build/string.o
 .debug_frame   0x00000254       0xdc build/uspi_usbrequest.o
 .debug_frame   0x00000330      0x13c build/trap.o
 .debug_frame   0x0000046c      0x1b8 build/uspi_string.o
 .debug_frame   0x00000624       0x88 build/uspi_devicenameservice.o
 .debug_frame   0x000006ac       0x74 build/usb_filestorage.o
 .debug_frame   0x00000720      0x248 build/sysfile.o
 .debug_frame   0x00000968       0x8c build/bio.o
 .debug_frame   0x000009f4       0x48 build/uspi_usbdevicefactory.o
 .debug_frame   0x00000a3c      0x30c build/fs.o
 .debug_frame   0x00000d48      0x20c build/console.o
 .debug_frame   0x00000f54       0x60 build/memide.o
 .debug_frame   0x00000fb4       0x3c build/mmu.o
 .debug_frame   0x00000ff0       0xb8 build/spinlock.o
 .debug_frame   0x000010a8      0x194 build/uspienv_timer.o
 .debug_frame   0x0000123c       0x88 build/main.o
 .debug_frame   0x000012c4      0x104 build/uspi_usbendpoint.o
 .debug_frame   0x000013c8       0x78 build/uspi_usbconfigparser.o
 .debug_frame   0x00001440       0x68 build/mailbox.o
 .debug_frame   0x000014a8       0xf0 build/uspi_usbstandardhub.o
 .debug_frame   0x00001598       0xa0 build/uspi_dwhciframeschednper.o
 .debug_frame   0x00001638      0x280 build/uspi_dwhcixferstagedata.o
 .debug_frame   0x000018b8       0x94 build/uspi_keymap.o
 .debug_frame   0x0000194c       0xb0 build/uspi_dwhciframeschedper.o
 .debug_frame   0x000019fc       0xdc build/uspi_usbmidi.o
 .debug_frame   0x00001ad8      0x190 build/uspi_usbdevice.o
 .debug_frame   0x00001c68       0xe8 build/uspi_macaddress.o
 .debug_frame   0x00001d50      0x118 build/uspi_smsc951x.o
 .debug_frame   0x00001e68       0xe8 build/uart.o
 .debug_frame   0x00001f50      0x194 build/uspi_usbmassdevice.o
 .debug_frame   0x000020e4       0xd4 build/log.o
 .debug_frame   0x000021b8       0xd8 build/uspi_usbstring.o
 .debug_frame   0x00002290      0x218 build/uspi_library.o
 .debug_frame   0x000024a8      0x294 build/vm.o
 .debug_frame   0x0000273c      0x12c build/usb.o
 .debug_frame   0x00002868       0xe0 build/sysproc.o
 .debug_frame   0x00002948      0x130 build/file.o
 .debug_frame   0x00002a78       0xa0 build/pipe.o
 .debug_frame   0x00002b18       0x40 build/uspi_synchronize.o
 .debug_frame   0x00002b58       0x30 build/uspienv_memio.o
 .debug_frame   0x00002b88       0xdc build/uspi_usbmouse.o
 .debug_frame   0x00002c64      0x20c build/uspi_lan7800.o
 .debug_frame   0x00002e70       0xa8 build/kalloc.o
 .debug_frame   0x00002f18       0xc0 build/uspi_util.o
 .debug_frame   0x00002fd8       0x40 build/uart_pl011.o
 .debug_frame   0x00003018      0x4c4 build/uspi_dwhcidevice.o
 .debug_frame   0x000034dc      0x158 build/uspi_usbgamepad.o
 .debug_frame   0x00003634       0xf0 build/uspi_dwhciregister.o
 .debug_frame   0x00003724      0x1b8 build/proc.o
 .debug_frame   0x000038dc      0x104 build/uspi_usbkeyboard.o
 .debug_frame   0x000039e0       0x9c build/timer.o
 .debug_frame   0x00003a7c       0x6c build/uspi_dwhcirootport.o
