
Allocating common symbols
Common symbol       size              file

uart_lock           0x4               build/uart_pl011.o
log                 0x70              build/log.o
kmem                0x3c              build/kalloc.o
pUSBParam           0x4               build/trap.o
bcache              0x173c            build/bio.o
pUSBTimerParam      0x4               build/trap.o
input               0xc0              build/console.o
uart_disabled       0x4               build/uart.o
device_handler      0xa0              build/usb_storagedriver.o
nUSBTimerIRQ        0x4               build/trap.o
kpgdir              0x4               build/vm.o
mb_data             0x28              build/main.o
tickslock           0x34              build/trap.o
ftable              0x994             build/file.o
cpus                0xe0              build/exec.o
mailbuffer          0x4               build/mailbox.o
pUSBTimerHandler    0x4               build/trap.o
pm_size             0x4               build/mmu.o
ticks               0x4               build/trap.o
pUSBHandler         0x4               build/trap.o
ptable              0x1f34            build/proc.o
nUSBIRQ             0x4               build/trap.o
devsw               0x50              build/file.o
icache              0xfd4             build/fs.o

Discarded input sections

 .note.GNU-stack
                0x00000000        0x0 build/uspi_dwhciframeschednsplit.o
 .note.GNU-stack
                0x00000000        0x0 build/exec.o
 .note.GNU-stack
                0x00000000        0x0 build/uart_pl011.o
 .note.GNU-stack
                0x00000000        0x0 build/uspi_string.o
 .note.GNU-stack
                0x00000000        0x0 build/usb_storagedriver.o
 .note.GNU-stack
                0x00000000        0x0 build/sysfile.o
 .note.GNU-stack
                0x00000000        0x0 build/string.o
 .note.GNU-stack
                0x00000000        0x0 build/uspi_usbmidi.o
 .note.GNU-stack
                0x00000000        0x0 build/uspi_usbdevice.o
 .note.GNU-stack
                0x00000000        0x0 build/uspi_usbdevicefactory.o
 .note.GNU-stack
                0x00000000        0x0 build/console.o
 .note.GNU-stack
                0x00000000        0x0 build/spinlock.o
 .note.GNU-stack
                0x00000000        0x0 build/trap.o
 .note.GNU-stack
                0x00000000        0x0 build/uspi_dwhciframeschednper.o
 .note.GNU-stack
                0x00000000        0x0 build/uspienv_timer.o
 .note.GNU-stack
                0x00000000        0x0 build/main.o
 .note.GNU-stack
                0x00000000        0x0 build/bio.o
 .note.GNU-stack
                0x00000000        0x0 build/syscall.o
 .note.GNU-stack
                0x00000000        0x0 build/uspi_usbendpoint.o
 .note.GNU-stack
                0x00000000        0x0 build/uspi_usbconfigparser.o
 .note.GNU-stack
                0x00000000        0x0 build/mailbox.o
 .note.GNU-stack
                0x00000000        0x0 build/uspi_usbstandardhub.o
 .note.GNU-stack
                0x00000000        0x0 build/memide.o
 .note.GNU-stack
                0x00000000        0x0 build/uspi_dwhciframeschedper.o
 .note.GNU-stack
                0x00000000        0x0 build/uspi_usbmassdevice.o
 .note.GNU-stack
                0x00000000        0x0 build/mmu.o
 .note.GNU-stack
                0x00000000        0x0 build/uspi_smsc951x.o
 .note.GNU-stack
                0x00000000        0x0 build/log.o
 .note.GNU-stack
                0x00000000        0x0 build/uart.o
 .note.GNU-stack
                0x00000000        0x0 build/uspi_dwhcixferstagedata.o
 .note.GNU-stack
                0x00000000        0x0 build/uspi_keymap.o
 .note.GNU-stack
                0x00000000        0x0 build/file.o
 .note.GNU-stack
                0x00000000        0x0 build/uspi_usbstring.o
 .note.GNU-stack
                0x00000000        0x0 build/uspi_library.o
 .note.GNU-stack
                0x00000000        0x0 build/vm.o
 .note.GNU-stack
                0x00000000        0x0 build/usb.o
 .note.GNU-stack
                0x00000000        0x0 build/sysproc.o
 .note.GNU-stack
                0x00000000        0x0 build/uspi_macaddress.o
 .note.GNU-stack
                0x00000000        0x0 build/pipe.o
 .note.GNU-stack
                0x00000000        0x0 build/uspi_usbrequest.o
 .note.GNU-stack
                0x00000000        0x0 build/uspi_synchronize.o
 .note.GNU-stack
                0x00000000        0x0 build/uspi_usbmouse.o
 .note.GNU-stack
                0x00000000        0x0 build/kalloc.o
 .note.GNU-stack
                0x00000000        0x0 build/uspi_util.o
 .note.GNU-stack
                0x00000000        0x0 build/uspi_lan7800.o
 .note.GNU-stack
                0x00000000        0x0 build/uspienv_memio.o
 .note.GNU-stack
                0x00000000        0x0 build/uspi_dwhcidevice.o
 .note.GNU-stack
                0x00000000        0x0 build/uspi_dwhciregister.o
 .note.GNU-stack
                0x00000000        0x0 build/proc.o
 .note.GNU-stack
                0x00000000        0x0 build/uspi_usbkeyboard.o
 .note.GNU-stack
                0x00000000        0x0 build/timer.o
 .note.GNU-stack
                0x00000000        0x0 build/uspi_devicenameservice.o
 .note.GNU-stack
                0x00000000        0x0 build/uspi_usbgamepad.o
 .note.GNU-stack
                0x00000000        0x0 build/fs.o
 .note.GNU-stack
                0x00000000        0x0 build/uspi_dwhcirootport.o

Memory Configuration

Name             Origin             Length             Attributes
*default*        0x00000000         0xffffffff

Linker script and memory map

LOAD build/entry.o
LOAD build/exception.o
LOAD build/uspienv_delayloop.o
LOAD build/uspi_dwhciframeschednsplit.o
LOAD build/exec.o
LOAD build/uart_pl011.o
LOAD build/uspi_string.o
LOAD build/usb_storagedriver.o
LOAD build/sysfile.o
LOAD build/string.o
LOAD build/uspi_usbmidi.o
LOAD build/uspi_usbdevice.o
LOAD build/uspi_usbdevicefactory.o
LOAD build/console.o
LOAD build/spinlock.o
LOAD build/trap.o
LOAD build/uspi_dwhciframeschednper.o
LOAD build/uspienv_timer.o
LOAD build/main.o
LOAD build/bio.o
LOAD build/syscall.o
LOAD build/uspi_usbendpoint.o
LOAD build/uspi_usbconfigparser.o
LOAD build/mailbox.o
LOAD build/uspi_usbstandardhub.o
LOAD build/memide.o
LOAD build/uspi_dwhciframeschedper.o
LOAD build/uspi_usbmassdevice.o
LOAD build/mmu.o
LOAD build/uspi_smsc951x.o
LOAD build/log.o
LOAD build/uart.o
LOAD build/uspi_dwhcixferstagedata.o
LOAD build/uspi_keymap.o
LOAD build/file.o
LOAD build/uspi_usbstring.o
LOAD build/uspi_library.o
LOAD build/vm.o
LOAD build/usb.o
LOAD build/sysproc.o
LOAD build/uspi_macaddress.o
LOAD build/pipe.o
LOAD build/uspi_usbrequest.o
LOAD build/uspi_synchronize.o
LOAD build/uspi_usbmouse.o
LOAD build/kalloc.o
LOAD build/uspi_util.o
LOAD build/uspi_lan7800.o
LOAD build/uspienv_memio.o
LOAD build/uspi_dwhcidevice.o
LOAD build/uspi_dwhciregister.o
LOAD build/proc.o
LOAD build/uspi_usbkeyboard.o
LOAD build/timer.o
LOAD build/uspi_devicenameservice.o
LOAD build/uspi_usbgamepad.o
LOAD build/fs.o
LOAD build/uspi_dwhcirootport.o
                0x00000000                PHYSTART = 0x0
                0x10000000                PHYSIZE = 0x10000000
                0x80000000                KERNBASE = 0x80000000
                0x3f000000                MMIO_PA = 0x3f000000
                0xd0000000                MMIO_VA = 0xd0000000
                0x01000000                MMIO_SIZE = 0x1000000
                0xdf000000                PERIPHBASE = 0xdf000000
                0x00004000                K_PDX_BASE = 0x4000
                0x00003000                K_PTX_BASE = 0x3000
                0x00008000                PHYSOFFSET = 0x8000
                0x80008000                KERNOFFSET = 0x80008000
                0x80008000                PHYSOFFSET = DEFINED (PHYSOFFSET)?PHYSOFFSET:0x80008000
                0xc0008000                KERNOFFSET = DEFINED (KERNOFFSET)?KERNOFFSET:0xc0008000
                0x80000000                SHIFT = (KERNOFFSET - PHYSOFFSET)

.init           0x00008000      0x1d4
 *(.init)
 .init          0x00008000      0x1d4 build/entry.o
                0x00008000                _start
                0x00008200                . = ALIGN (0x100)
                0x00008200                INIT_END = .
                0x80008200                . = (. + SHIFT)

.text           0x80008200     0xf83c load address 0x00008200
 *.c.o(.text)
 *(.text .stub .text.*)
 .text          0x80008200       0x94 build/entry.o
                0x80008200                _pagingstart
                0x80008208                acknowledge
                0x8000822c                dsb_barrier
                0x80008238                flush_dcache_all
                0x80008244                flush_idcache
                0x80008250                flush_tlb
                0x80008270                flush_dcache
                0x8000827c                set_pgtbase
                0x80008284                getsystemtime
 *fill*         0x80008294        0xc 
 .text          0x800082a0      0x284 build/exception.o
                0x800082a0                vectors
                0x80008338                trapret
                0x80008478                set_mode_sp
                0x8000849c                readcpsr
                0x800084a4                cli
                0x800084b4                sti
                0x800084c4                swtch
 *fill*         0x80008524        0x4 
 .text          0x80008528        0xc build/uspienv_delayloop.o
                0x80008528                DelayLoop
 .text          0x80008534       0xdc build/uspi_dwhciframeschednsplit.o
                0x80008534                _DWHCIFrameSchedulerNoSplit
                0x80008538                DWHCIFrameSchedulerNoSplitCompleteSplit
                0x80008540                DWHCIFrameSchedulerNoSplitTransactionComplete
                0x80008544                DWHCIFrameSchedulerNoSplitIsOddFrame
                0x80008550                DWHCIFrameSchedulerNoSplitWaitForFrame
                0x800085b8                DWHCIFrameSchedulerNoSplitStartSplit
                0x800085bc                DWHCIFrameSchedulerNoSplit
 .text          0x80008610      0x2c4 build/exec.o
                0x80008610                exec
 .text          0x800088d4       0x94 build/uart_pl011.o
                0x800088d4                uartinit_fvp
                0x80008908                uartputc_fvp
                0x8000894c                uartgetc_fvp
 .text          0x80008968      0xa04 build/uspi_string.o
                0x800089c8                String
                0x800089d8                String2
                0x80008a08                _String
                0x80008a30                StringGet
                0x80008a48                StringSet
                0x80008a8c                StringGetLength
                0x80008a9c                StringAppend
                0x80008b18                StringCompare
                0x80008b20                StringFind
                0x80008b68                StringPutChar
                0x80008ba8                StringPutString
                0x80008bec                StringFormatV
                0x800092ac                StringFormat
                0x800092d8                StringReserveSpace
                0x800092e4                ntoa
 .text          0x8000936c      0x114 build/usb_storagedriver.o
                0x8000936c                storageinit
                0x80009380                dhandlerinit
                0x80009384                storage_free
                0x80009388                usb_storage_write
                0x800093fc                usb_storage_read
 .text          0x80009480      0xb7c build/sysfile.o
                0x80009658                sys_dup
                0x800096d0                sys_read
                0x80009754                sys_write
                0x800097d8                sys_close
                0x8000982c                sys_fstat
                0x80009878                sys_link
                0x80009984                sys_unlink
                0x80009b3c                sys_open
                0x80009c70                sys_mkdir
                0x80009ccc                sys_mknod
                0x80009d68                sys_chdir
                0x80009de4                sys_exec
                0x80009ea0                sys_pipe
                0x80009f68                sys_lseek
 .text          0x80009ffc      0x2d4 build/string.o
                0x80009ffc                memsetw
                0x8000a020                memsetb
                0x8000a044                memset
                0x8000a0ac                memcmp
                0x8000a0f8                memmove
                0x8000a154                memcpy
                0x8000a158                strncmp
                0x8000a1b8                strncpy
                0x8000a21c                safestrcpy
                0x8000a264                strlen
                0x8000a294                div
 .text          0x8000a2d0      0x390 build/uspi_usbmidi.o
                0x8000a330                USBMIDIDeviceConfigure
                0x8000a5dc                USBMIDIDevice
                0x8000a60c                _CUSBMIDIDevice
                0x8000a658                USBMIDIDeviceRegisterPacketHandler
 .text          0x8000a660      0x6a4 build/uspi_usbdevice.o
                0x8000a660                USBDeviceConfigure
                0x8000a6c4                USBDevice
                0x8000a734                USBDeviceCopy
                0x8000a828                _USBDevice
                0x8000a8c0                USBDeviceInitialize
                0x8000abac                USBDeviceGetName
                0x8000acac                USBDeviceGetAddress
                0x8000acb4                USBDeviceGetSpeed
                0x8000acbc                USBDeviceGetHubAddress
                0x8000acc4                USBDeviceGetHubPortNumber
                0x8000accc                USBDeviceGetEndpoint0
                0x8000acd4                USBDeviceGetHost
                0x8000acdc                USBDeviceGetDeviceDescriptor
                0x8000ace4                USBDeviceGetConfigurationDescriptor
                0x8000acec                USBDeviceGetDescriptor
                0x8000acf4                USBDeviceConfigurationError
                0x8000acfc                USBDeviceSetAddress
 .text          0x8000ad04      0x230 build/uspi_usbdevicefactory.o
                0x8000ad04                GetDevice
                0x8000aed4                USBDeviceFactoryGetDevice
 .text          0x8000af34      0xab4 build/console.o
                0x8000af34                consoleread
                0x8000b044                setgpucolour
                0x8000b054                initframebuf
                0x8000b0ac                drawpixel
                0x8000b0ec                drawcursor
                0x8000b158                drawcharacter
                0x8000b1ec                gpuputc
                0x8000b3e0                consolewrite
                0x8000b4e4                panic
                0x8000b558                cprintf
                0x8000b6f8                consputc
                0x8000b794                consoleintr
                0x8000b8f0                gpuinit
                0x8000b94c                consoleinit
 .text          0x8000b9e8      0x194 build/spinlock.o
                0x8000b9e8                initlock
                0x8000b9fc                getcallerpcs
                0x8000ba00                holding
                0x8000ba28                pushcli
                0x8000ba60                acquire
                0x8000badc                popcli
                0x8000bb38                release
 .text          0x8000bb7c      0x620 build/trap.o
                0x8000bb7c                led25_on
                0x8000bb9c                led25_off
                0x8000bbbc                enable_intrs
                0x8000bbe0                disable_intrs
                0x8000bc04                tvinit
                0x8000bcf0                trap_oops
                0x8000bd94                handle_irq
                0x8000bdf8                trap
                0x8000c0ac                ConnectInterrupt
                0x8000c124                ConnectTimerInterrupt
 .text          0x8000c19c      0x190 build/uspi_dwhciframeschednper.o
                0x8000c19c                _DWHCIFrameSchedulerNonPeriodic
                0x8000c1a8                DWHCIFrameSchedulerNonPeriodicStartSplit
                0x8000c1b4                DWHCIFrameSchedulerNonPeriodicWaitForFrame
                0x8000c1b8                DWHCIFrameSchedulerNonPeriodicIsOddFrame
                0x8000c1c0                DWHCIFrameSchedulerNonPeriodicCompleteSplit
                0x8000c218                DWHCIFrameSchedulerNonPeriodicTransactionComplete
                0x8000c2d8                DWHCIFrameSchedulerNonPeriodic
 .text          0x8000c32c      0x3a0 build/uspienv_timer.o
                0x8000c36c                TimerEnvInit
                0x8000c3bc                _Timer
                0x8000c3d0                TimerGetClockTicks
                0x8000c3ec                TimerGetTicks
                0x8000c3f4                TimerGetTime
                0x8000c3fc                TimerStartKernelTimer
                0x8000c474                TimerCancelKernelTimer
                0x8000c488                TimerMsDelay
                0x8000c49c                TimerusDelay
                0x8000c4b0                TimerGet
                0x8000c4c0                TimerSimpleMsDelay
                0x8000c4dc                TimerSimpleusDelay
                0x8000c4e8                TimerPollKernelTimers
                0x8000c548                TimerInterruptHandler
                0x8000c600                TimerTuneMsDelay
                0x8000c664                TimerInitialize
 .text          0x8000c6cc      0x270 build/main.o
                0x8000c6cc                OkLoop
                0x8000c710                NotOkLoop
                0x8000c754                getpmsize
                0x8000c7c8                machinit
                0x8000c7dc                cmain
 .text          0x8000c93c      0x238 build/bio.o
                0x8000c93c                binit
                0x8000c9c4                bread
                0x8000cacc                bwrite
                0x8000caf4                brelse
 .text          0x8000cb74      0x254 build/syscall.o
                0x8000cb74                fetchint
                0x8000cbb0                fetchstr
                0x8000cc18                argint
                0x8000cc60                argptr
                0x8000ccc0                argstr
                0x8000cd3c                syscall
 .text          0x8000cdc8      0x200 build/uspi_usbendpoint.o
                0x8000cdc8                USBEndpoint
                0x8000cdf4                USBEndpoint2
                0x8000cee0                USBEndpointCopy
                0x8000cf14                _USBEndpoint
                0x8000cf20                USBEndpointGetDevice
                0x8000cf28                USBEndpointGetNumber
                0x8000cf30                USBEndpointGetType
                0x8000cf38                USBEndpointIsDirectionIn
                0x8000cf40                USBEndpointSetMaxPacketSize
                0x8000cf48                USBEndpointGetMaxPacketSize
                0x8000cf50                USBEndpointGetInterval
                0x8000cf58                USBEndpointGetNextPID
                0x8000cf68                USBEndpointSkipPID
                0x8000cfbc                USBEndpointResetPID
 .text          0x8000cfc8      0x1e8 build/uspi_usbconfigparser.o
                0x8000cfc8                USBConfigurationParser
                0x8000d0d8                _USBConfigurationParser
                0x8000d0e4                USBConfigurationParserIsValid
                0x8000d0ec                USBConfigurationParserGetDescriptor
                0x8000d190                USBConfigurationParserError
 .text          0x8000d1b0      0x120 build/mailbox.o
                0x8000d1b0                create_request
                0x8000d244                mailboxinit
                0x8000d25c                readmailbox
                0x8000d294                writemailbox
 .text          0x8000d2d0      0xa24 build/uspi_usbstandardhub.o
                0x8000d2d0                USBStandardHub
                0x8000d314                _USBStandardHub
                0x8000d39c                USBStandardHubInitialize
                0x8000d3a0                USBStandardHubGetDeviceNames
                0x8000d470                USBStandardHubEnumeratePorts
                0x8000da44                USBStandardHubConfigure
 .text          0x8000dcf4      0x104 build/memide.o
                0x8000dcf4                ideinit
                0x8000dd28                ideintr
                0x8000dd2c                iderw
                0x8000dddc                usbrw
 .text          0x8000ddf8      0x214 build/uspi_dwhciframeschedper.o
                0x8000ddf8                _DWHCIFrameSchedulerPeriodic
                0x8000de04                DWHCIFrameSchedulerPeriodicStartSplit
                0x8000de18                DWHCIFrameSchedulerPeriodicIsOddFrame
                0x8000de24                DWHCIFrameSchedulerPeriodicWaitForFrame
                0x8000de98                DWHCIFrameSchedulerPeriodicCompleteSplit
                0x8000def8                DWHCIFrameSchedulerPeriodicTransactionComplete
                0x8000dfb0                DWHCIFrameSchedulerPeriodic
 .text          0x8000e00c      0xa5c build/uspi_usbmassdevice.o
                0x8000e00c                USBBulkOnlyMassStorageDevice
                0x8000e048                _USBBulkOnlyMassStorageDevice
                0x8000e09c                USBBulkOnlyMassStorageDeviceSeek
                0x8000e0ac                USBBulkOnlyMassStorageDeviceGetCapacity
                0x8000e0b4                USBBulkOnlyMassStorageDeviceCommand
                0x8000e2bc                USBBulkOnlyMassStorageDeviceConfigure
                0x8000e6b0                USBBulkOnlyMassStorageDeviceTryRead
                0x8000e78c                USBBulkOnlyMassStorageDeviceTryWrite
                0x8000e864                USBBulkOnlyMassStorageDeviceReset
                0x8000e998                USBBulkOnlyMassStorageDeviceRead
                0x8000ea00                USBBulkOnlyMassStorageDeviceWrite
 .text          0x8000ea68      0x108 build/mmu.o
                0x8000ea68                mmuinit0
                0x8000eb0c                mmuinit1
 .text          0x8000eb70      0x5d0 build/uspi_smsc951x.o
                0x8000eb70                SMSC951xDevice
                0x8000eba8                _SMSC951xDevice
                0x8000ec14                SMSC951xDeviceGetMACAddress
                0x8000ec1c                SMSC951xDeviceSendFrame
                0x8000ec7c                SMSC951xDeviceReceiveFrame
                0x8000ed64                SMSC951xDeviceWriteReg
                0x8000edcc                SMSC951xDeviceConfigure
                0x8000f0d8                SMSC951xDeviceReadReg
 .text          0x8000f140      0x33c build/log.o
                0x8000f224                initlog
                0x8000f2cc                begin_trans
                0x8000f324                commit_trans
                0x8000f380                log_write
 .text          0x8000f47c      0x3b4 build/uart.o
                0x8000f520                led18_on
                0x8000f544                led18_off
                0x8000f568                setgpioval
                0x8000f5b4                setgpiofunc
                0x8000f5c0                enableirqminiuart
                0x8000f5d8                disableirqminiuart
                0x8000f5f0                uartputc
                0x8000f67c                miniuartintr
                0x8000f75c                uartinit
 .text          0x8000f830      0x49c build/uspi_dwhcixferstagedata.o
                0x8000f830                DWHCITransferStageData
                0x8000fa00                _DWHCITransferStageData
                0x8000fa5c                DWHCITransferStageDataTransactionComplete
                0x8000fb38                DWHCITransferStageDataSetSplitComplete
                0x8000fb40                DWHCITransferStageDataSetState
                0x8000fb48                DWHCITransferStageDataGetState
                0x8000fb50                DWHCITransferStageDataSetSubState
                0x8000fb58                DWHCITransferStageDataGetSubState
                0x8000fb60                DWHCITransferStageDataBeginSplitCycle
                0x8000fb68                DWHCITransferStageDataGetChannelNumber
                0x8000fb70                DWHCITransferStageDataIsPeriodic
                0x8000fb90                DWHCITransferStageDataGetDeviceAddress
                0x8000fb98                DWHCITransferStageDataGetEndpointType
                0x8000fbc4                DWHCITransferStageDataGetEndpointNumber
                0x8000fbcc                DWHCITransferStageDataGetMaxPacketSize
                0x8000fbd4                DWHCITransferStageDataGetSpeed
                0x8000fbdc                DWHCITransferStageDataGetPID
                0x8000fc0c                DWHCITransferStageDataIsDirectionIn
                0x8000fc14                DWHCITransferStageDataIsStatusStage
                0x8000fc1c                DWHCITransferStageDataGetDMAAddress
                0x8000fc24                DWHCITransferStageDataGetBytesToTransfer
                0x8000fc2c                DWHCITransferStageDataGetPacketsToTransfer
                0x8000fc34                DWHCITransferStageDataIsSplit
                0x8000fc3c                DWHCITransferStageDataIsSplitComplete
                0x8000fc44                DWHCITransferStageDataGetHubAddress
                0x8000fc4c                DWHCITransferStageDataGetHubPortAddress
                0x8000fc54                DWHCITransferStageDataGetSplitPosition
                0x8000fc5c                DWHCITransferStageDataGetStatusMask
                0x8000fc90                DWHCITransferStageDataGetTransactionStatus
                0x8000fc98                DWHCITransferStageDataIsStageComplete
                0x8000fca8                DWHCITransferStageDataGetResultLen
                0x8000fcbc                DWHCITransferStageDataGetURB
                0x8000fcc4                DWHCITransferStageDataGetFrameScheduler
 .text          0x8000fccc      0x2b4 build/uspi_keymap.o
                0x8000fccc                KeyMap
                0x8000fcf0                _KeyMap
                0x8000fcf4                KeyMapClearTable
                0x8000fd2c                KeyMapSetEntry
                0x8000fd7c                KeyMapTranslate
                0x8000fe98                KeyMapGetString
                0x8000ff50                KeyMapGetLEDStatus
 .text          0x8000ff80      0x348 build/file.o
                0x8000ff80                fileinit
                0x8000ffb0                filealloc
                0x8001001c                filedup
                0x80010064                fileclose
                0x80010104                filestat
                0x80010148                fileread
                0x800101d4                filewrite
 .text          0x800102c8      0x404 build/uspi_usbstring.o
                0x800102c8                USBString
                0x800102f0                USBStringCopy
                0x80010358                _USBString
                0x80010398                USBStringGetFromDescriptor
                0x80010564                USBStringGet
                0x8001056c                USBStringGetLanguageID
 .text          0x800106cc      0x748 build/uspi_library.o
                0x800106cc                USPiInitialize
                0x800108dc                USPiKeyboardAvailable
                0x800108f8                USPiKeyboardRegisterKeyPressedHandler
                0x80010910                USPiKeyboardRegisterShutdownHandler
                0x80010928                USPiKeyboardRegisterKeyStatusHandlerRaw
                0x80010940                USPiMouseAvailable
                0x8001095c                USPiMouseRegisterStatusHandler
                0x80010974                USPiMassStorageDeviceAvailable
                0x800109a4                USPiMassStorageDeviceRead
                0x80010a18                USPiMassStorageDeviceWrite
                0x80010a8c                USPiMassStorageDeviceGetCapacity
                0x80010abc                USPiEthernetAvailable
                0x80010aec                USPiGetMACAddress
                0x80010b30                USPiSendFrame
                0x80010b84                USPiReceiveFrame
                0x80010bd8                USPiGamePadAvailable
                0x80010c08                USPiGamePadRegisterStatusHandler
                0x80010c48                USPiGamePadGetStatus
                0x80010c8c                USPiMIDIAvailable
                0x80010ca8                USPiMIDIRegisterPacketHandler
                0x80010cc0                USPiDeviceGetInformation
 .text          0x80010e14      0x7e0 build/vm.o
                0x80011010                setupkvm
                0x80011034                setupkvm_new
                0x800110d8                kvmalloc
                0x800110f0                switchkvm
                0x800110f4                switchkvm_new
                0x80011120                switchuvm
                0x80011168                inituvm
                0x800111e0                loaduvm
                0x800112b8                allocuvm
                0x800113a8                deallocuvm
                0x800113bc                freevm
                0x8001142c                clearpteu
                0x80011460                copyuvm
                0x80011540                uva2ka
                0x80011574                copyout
 .text          0x800115f4      0x304 build/usb.o
                0x8001166c                malloc
                0x80011688                free
                0x8001168c                MsDelay
                0x800116c0                usDelay
                0x800116f0                StartKernelTimer
                0x80011728                CancelKernelTimer
                0x80011740                SetPowerStateOn
                0x800117cc                GetMACAddress
                0x800117d4                LogWrite
                0x80011830                usbinit
 .text          0x800118f8      0x1b0 build/sysproc.o
                0x800118f8                sys_fork
                0x800118fc                sys_exit
                0x8001190c                sys_wait
                0x80011910                sys_kill
                0x80011944                sys_getpid
                0x80011958                sys_sbrk
                0x800119a8                sys_sleep
                0x80011a78                sys_uptime
 .text          0x80011aa8      0x114 build/uspi_macaddress.o
                0x80011aa8                MACAddress
                0x80011ab4                MACAddress2
                0x80011ad4                _MACAddress
                0x80011ae0                MACAddressIsEqual
                0x80011b00                MACAddressSet
                0x80011b04                MACAddressSetBroadcast
                0x80011b28                MACAddressGet
                0x80011b30                MACAddressCopyTo
                0x80011b44                MACAddressIsBroadcast
                0x80011b70                MACAddressGetSize
                0x80011b78                MACAddressFormat
 .text          0x80011bbc      0x320 build/pipe.o
                0x80011bbc                pipealloc
                0x80011c94                pipeclose
                0x80011cf4                pipewrite
                0x80011dcc                piperead
 .text          0x80011edc       0xac build/uspi_usbrequest.o
                0x80011edc                USBRequest
                0x80011f08                _USBRequest
                0x80011f20                USBRequestGetEndpoint
                0x80011f28                USBRequestSetStatus
                0x80011f30                USBRequestSetResultLen
                0x80011f38                USBRequestGetStatus
                0x80011f40                USBRequestGetResultLength
                0x80011f48                USBRequestGetSetupData
                0x80011f50                USBRequestGetBuffer
                0x80011f58                USBRequestGetBufLen
                0x80011f60                USBRequestSetCompletionRoutine
                0x80011f6c                USBRequestCallCompletionRoutine
 .text          0x80011f88       0xa8 build/uspi_synchronize.o
                0x80011f88                uspi_EnterCritical
                0x80011fc4                uspi_LeaveCritical
                0x80012000                uspi_CleanAndInvalidateDataCacheRange
 .text          0x80012030      0x3fc build/uspi_usbmouse.o
                0x80012090                USBMouseDeviceConfigure
                0x8001239c                USBMouseDevice
                0x800123d8                _CUSBMouseDevice
                0x80012424                USBMouseDeviceRegisterStatusHandler
 .text          0x8001242c      0x1fc build/kalloc.o
                0x8001242c                kfree
                0x800124c0                freerange
                0x800124fc                kinit1
                0x80012570                kinit2
                0x800125bc                kalloc
 .text          0x80012628      0x200 build/uspi_util.o
                0x80012628                uspi_memset
                0x8001264c                uspi_memcpy
                0x80012670                uspi_memcmp
                0x800126cc                uspi_strlen
                0x800126f4                uspi_strcmp
                0x8001274c                uspi_strcpy
                0x80012778                uspi_strncpy
                0x800127c0                uspi_strcat
                0x80012804                uspi_char2int
                0x80012814                uspi_le2be16
                0x80012820                uspi_le2be32
 .text          0x80012828      0xae8 build/uspi_lan7800.o
                0x80012828                LAN7800Device
                0x80012860                _LAN7800Device
                0x800128cc                LAN7800DeviceGetMACAddress
                0x800128d4                LAN7800DeviceSendFrame
                0x80012938                LAN7800DeviceReceiveFrame
                0x80012a14                LAN7800DeviceWriteReg
                0x80012aa8                LAN7800DeviceInitMACAddress
                0x80012b90                LAN7800DeviceReadReg
                0x80012c20                LAN7800DeviceWaitReg
                0x80012c8c                LAN7800DevicePHYWrite
                0x80012d10                LAN7800DevicePHYRead
                0x80012db8                LAN7800DeviceIsLinkUp
                0x80012de0                LAN7800DeviceInitPHY
                0x80012e24                LAN7800DeviceReadWriteReg
                0x80012e70                LAN7800DeviceConfigure
 .text          0x80013310       0x10 build/uspienv_memio.o
                0x80013310                read32
                0x80013318                write32
 .text          0x80013320     0x1ae4 build/uspi_dwhcidevice.o
                0x80013320                DWHCIDeviceCompletionRoutine
                0x8001332c                DWHCIDevice
                0x8001336c                _DWHCIDevice
                0x80013374                DWHCIDeviceEnableGlobalInterrupts
                0x800133b8                DWHCIDeviceEnableCommonInterrupts
                0x800133f0                DWHCIDeviceEnableHostInterrupts
                0x8001344c                DWHCIDeviceEnableChannelInterrupt
                0x800134a0                DWHCIDeviceDisableChannelInterrupt
                0x800134f4                DWHCIDeviceStartChannel
                0x80013878                DWHCIDeviceStartTransaction
                0x80013948                DWHCIDeviceTimerHandler
                0x800139b0                DWHCIDeviceChannelInterruptHandler
                0x80013e08                DWHCIDeviceInterruptHandler
                0x80013f08                DWHCIDeviceAllocateChannel
                0x80013f80                DWHCIDeviceTransferStageAsync
                0x80014098                DWHCIDeviceSubmitAsyncRequest
                0x800140dc                DWHCIDeviceTransferStage
                0x80014188                DWHCIDeviceSubmitBlockingRequest
                0x800142c4                DWHCIDeviceControlMessage
                0x80014364                DWHCIDeviceGetDescriptor
                0x800143a0                DWHCIDeviceSetAddress
                0x800143e8                DWHCIDeviceSetConfiguration
                0x80014430                DWHCIDeviceTransfer
                0x80014488                DWHCIDeviceFreeChannel
                0x800144b0                DWHCIDeviceWaitForBit
                0x80014504                DWHCIDeviceEnableRootPort
                0x800145c4                DWHCIDeviceReset
                0x80014670                DWHCIDeviceInitCore
                0x80014844                DWHCIDeviceFlushTxFIFO
                0x800148e0                DWHCIDeviceFlushRxFIFO
                0x80014960                DWHCIDeviceInitHost
                0x80014b60                DWHCIDeviceInitialize
                0x80014d28                DWHCIDeviceGetPortSpeed
                0x80014d74                DWHCIDeviceOvercurrentDetected
                0x80014dc0                DWHCIDeviceDisableRootPort
 .text          0x80014e04       0xf4 build/uspi_dwhciregister.o
                0x80014e04                DWHCIRegister
                0x80014e14                DWHCIRegister2
                0x80014e24                _DWHCIRegister
                0x80014e30                DWHCIRegisterRead
                0x80014e4c                DWHCIRegisterWrite
                0x80014e5c                DWHCIRegisterGet
                0x80014e64                DWHCIRegisterSet
                0x80014e74                DWHCIRegisterIsSet
                0x80014e88                DWHCIRegisterAnd
                0x80014e98                DWHCIRegisterOr
                0x80014ea8                DWHCIRegisterClearBit
                0x80014ebc                DWHCIRegisterSetBit
                0x80014ed0                DWHCIRegisterClearAll
                0x80014ee4                DWHCIRegisterSetAll
 .text          0x80014ef8      0x874 build/proc.o
                0x80014fe8                forkret
                0x8001501c                pinit
                0x8001504c                userinit
                0x800150fc                growproc
                0x80015164                fork
                0x80015248                scheduler
                0x800152fc                sched
                0x80015390                exit
                0x800154d0                yield
                0x80015508                sleep
                0x800155bc                wait
                0x80015694                wakeup
                0x800156ec                kill
                0x80015768                procdump
 .text          0x8001576c      0x53c build/uspi_usbkeyboard.o
                0x800157cc                USBKeyboardDeviceConfigure
                0x80015bdc                USBKeyboardDevice
                0x80015c34                _CUSBKeyboardDevice
                0x80015c88                USBKeyboardDeviceRegisterKeyPressedHandler
                0x80015c90                USBKeyboardDeviceRegisterSelectConsoleHandler
                0x80015c98                USBKeyboardDeviceRegisterShutdownHandler
                0x80015ca0                USBKeyboardDeviceRegisterKeyStatusHandlerRaw
 .text          0x80015ca8      0x120 build/timer.o
                0x80015ca8                enabletimer3irq
                0x80015cc0                timer3init
                0x80015d08                timer3intr
                0x80015d5c                delay
                0x80015d88                led_on
                0x80015da8                led_off
 .text          0x80015dc8      0x128 build/uspi_devicenameservice.o
                0x80015dc8                DeviceNameService
                0x80015de0                _DeviceNameService
                0x80015e38                DeviceNameServiceAddDevice
                0x80015e8c                DeviceNameServiceGetDevice
                0x80015ee0                DeviceNameServiceGet
 .text          0x80015ef0      0xbb8 build/uspi_usbgamepad.o
                0x80016494                USBGamePadDeviceConfigure
                0x80016918                USBGamePadDevice
                0x800169ac                _CUSBGamePadDevice
                0x80016a30                USBGamePadDeviceRegisterStatusHandler
                0x80016a38                USBGamePadDeviceGetReport
 .text          0x80016aa8      0xd84 build/fs.o
                0x80016ba4                readsb
                0x80016e04                iinit
                0x80016e34                ialloc
                0x80016ee4                iupdate
                0x80016f60                idup
                0x80016f94                ilock
                0x8001709c                iunlock
                0x800170fc                iput
                0x80017244                iunlockput
                0x8001725c                stati
                0x80017284                readi
                0x80017374                writei
                0x80017494                namecmp
                0x8001749c                dirlookup
                0x8001772c                dirlink
                0x80017804                namei
                0x80017820                nameiparent
 .text          0x8001782c      0x210 build/uspi_dwhcirootport.o
                0x8001782c                DWHCIRootPort
                0x80017838                _DWHCIRootPort
                0x8001786c                DWHCIRootPortInitialize

.glue_7         0x80017a3c        0x0 load address 0x00017a3c
 .glue_7        0x80017a3c        0x0 linker stubs

.glue_7t        0x80017a3c        0x0 load address 0x00017a3c
 .glue_7t       0x80017a3c        0x0 linker stubs

.vfp11_veneer   0x80017a3c        0x0 load address 0x00017a3c
 .vfp11_veneer  0x80017a3c        0x0 linker stubs

.v4_bx          0x80017a3c        0x0 load address 0x00017a3c
 .v4_bx         0x80017a3c        0x0 linker stubs

.iplt           0x80017a3c        0x0 load address 0x00017a3c
 .iplt          0x80017a3c        0x0 build/entry.o

.rodata         0x80017a3c     0x1930 load address 0x00017a3c
 *(.rodata .rodata.*)
 .rodata.str1.4
                0x80017a3c        0x0 build/uspi_string.o
                                  0x1 (size before relaxing)
 .rodata.str1.4
                0x80017a3c       0x6b build/sysfile.o
 *fill*         0x80017aa7        0x1 
 .rodata        0x80017aa8       0x48 build/uspi_usbmidi.o
 .rodata.str1.4
                0x80017af0       0x24 build/uspi_usbmidi.o
 .rodata        0x80017b14        0x7 build/uspi_usbdevice.o
 *fill*         0x80017b1b        0x1 
 .rodata.str1.4
                0x80017b1c      0x150 build/uspi_usbdevice.o
 .rodata.str1.4
                0x80017c6c       0x77 build/uspi_usbdevicefactory.o
 *fill*         0x80017ce3        0x1 
 .rodata        0x80017ce4       0x11 build/console.o
 *fill*         0x80017cf5        0x3 
 .rodata.str1.4
                0x80017cf8       0x5e build/console.o
                                 0x62 (size before relaxing)
 *fill*         0x80017d56        0x2 
 .rodata.str1.4
                0x80017d58       0x60 build/spinlock.o
 .rodata.str1.4
                0x80017db8      0x1aa build/trap.o
 *fill*         0x80017f62        0x2 
 .rodata.str1.4
                0x80017f64       0x1c build/uspi_dwhciframeschednper.o
 .rodata.str1.4
                0x80017f80       0xf9 build/main.o
 *fill*         0x80018079        0x3 
 .rodata.str1.4
                0x8001807c       0x2b build/bio.o
 *fill*         0x800180a7        0x1 
 .rodata        0x800180a8       0x5c build/syscall.o
 .rodata.str1.4
                0x80018104       0x1c build/syscall.o
 .rodata.str1.4
                0x80018120       0x2f build/uspi_usbconfigparser.o
 *fill*         0x8001814f        0x1 
 .rodata        0x80018150        0x7 build/uspi_usbstandardhub.o
 *fill*         0x80018157        0x1 
 .rodata.str1.4
                0x80018158      0x1c0 build/uspi_usbstandardhub.o
                                0x1e4 (size before relaxing)
 .rodata.str1.4
                0x80018318       0x6e build/memide.o
 .rodata.str1.4
                0x80018386       0x1c build/uspi_dwhciframeschedper.o
 *fill*         0x80018386        0x2 
 .rodata        0x80018388        0x5 build/uspi_usbmassdevice.o
 *fill*         0x8001838d        0x3 
 .rodata.str1.4
                0x80018390      0x1cc build/uspi_usbmassdevice.o
                                0x1e8 (size before relaxing)
 .rodata        0x8001855c        0x9 build/uspi_smsc951x.o
 *fill*         0x80018565        0x3 
 .rodata.str1.4
                0x80018568       0x76 build/uspi_smsc951x.o
                                 0x92 (size before relaxing)
 *fill*         0x800185de        0x2 
 .rodata.str1.4
                0x800185e0       0x33 build/log.o
 *fill*         0x80018613        0x1 
 .rodata        0x80018614      0x4cc build/uspi_keymap.o
 .rodata.str1.4
                0x80018ae0       0xce build/uspi_keymap.o
                                 0xde (size before relaxing)
 *fill*         0x80018bae        0x2 
 .rodata.str1.4
                0x80018bb0       0x42 build/file.o
 *fill*         0x80018bf2        0x2 
 .rodata        0x80018bf4        0x5 build/uspi_library.o
 *fill*         0x80018bf9        0x3 
 .rodata.str1.4
                0x80018bfc       0x86 build/uspi_library.o
                                 0x8e (size before relaxing)
 *fill*         0x80018c82        0x2 
 .rodata.str1.4
                0x80018c84      0x16e build/vm.o
 *fill*         0x80018df2        0x2 
 .rodata.str1.4
                0x80018df4      0x122 build/usb.o
 *fill*         0x80018f16        0x2 
 .rodata.str1.4
                0x80018f18       0x1e build/uspi_macaddress.o
 *fill*         0x80018f36        0x2 
 .rodata.str1.4
                0x80018f38        0x5 build/pipe.o
 *fill*         0x80018f3d        0x3 
 .rodata        0x80018f40        0x7 build/uspi_usbmouse.o
 *fill*         0x80018f47        0x1 
 .rodata.str1.4
                0x80018f48       0x25 build/uspi_usbmouse.o
                                 0x59 (size before relaxing)
 *fill*         0x80018f6d        0x3 
 .rodata.str1.4
                0x80018f70        0x5 build/kalloc.o
                                  0xd (size before relaxing)
 *fill*         0x80018f75        0x3 
 .rodata        0x80018f78        0x8 build/uspi_lan7800.o
 .rodata.str1.4
                0x80018f80       0x9c build/uspi_lan7800.o
                                 0xea (size before relaxing)
 .rodata        0x8001901c       0x14 build/uspi_dwhcidevice.o
 .rodata.str1.4
                0x80019030      0x100 build/uspi_dwhcidevice.o
 .rodata.str1.4
                0x80019130       0xa9 build/proc.o
                                 0xad (size before relaxing)
 *fill*         0x800191d9        0x3 
 .rodata        0x800191dc        0x7 build/uspi_usbkeyboard.o
 *fill*         0x800191e3        0x1 
 .rodata.str1.4
                0x800191e4        0x7 build/uspi_usbkeyboard.o
                                 0x57 (size before relaxing)
 *fill*         0x800191eb        0x1 
 .rodata        0x800191ec        0xd build/uspi_usbgamepad.o
 *fill*         0x800191f9        0x3 
 .rodata.str1.4
                0x800191fc       0x21 build/uspi_usbgamepad.o
                                 0x5f (size before relaxing)
 *fill*         0x8001921d        0x3 
 .rodata.str1.4
                0x80019220       0xb9 build/fs.o
                                 0xc4 (size before relaxing)
 *fill*         0x800192d9        0x3 
 .rodata        0x800192dc        0x7 build/uspi_dwhcirootport.o
 *fill*         0x800192e3        0x1 
 .rodata.str1.4
                0x800192e4       0x88 build/uspi_dwhcirootport.o
                                 0x87 (size before relaxing)

.rel.dyn        0x8001936c        0x0 load address 0x0001936c
 .rel.iplt      0x8001936c        0x0 build/entry.o
                0x8001a000                . = ALIGN (0x1000)

.data           0x8001a000    0x80928 load address 0x0001a000
 *(.data)
 .data          0x8001a000    0x80850 build/entry.o
                0x8001a000                font
                0x8001a800                _binary_initcode_start
                0x8001a850                _binary_fs_img_start
                0x8001a850                _binary_initcode_end
                0x8009a850                _binary_fs_img_end
 .data          0x8009a850        0x0 build/exception.o
 .data          0x8009a850        0x0 build/uspienv_delayloop.o
 .data          0x8009a850        0x0 build/uspi_dwhciframeschednsplit.o
 .data          0x8009a850        0x0 build/exec.o
 .data          0x8009a850        0x0 build/uart_pl011.o
 .data          0x8009a850        0x0 build/uspi_string.o
 .data          0x8009a850        0x0 build/usb_storagedriver.o
 .data          0x8009a850        0x0 build/sysfile.o
 .data          0x8009a850        0x0 build/string.o
 .data          0x8009a850        0x4 build/uspi_usbmidi.o
 .data          0x8009a854        0x1 build/uspi_usbdevice.o
 .data          0x8009a855        0x0 build/uspi_usbdevicefactory.o
 *fill*         0x8009a855        0x3 
 .data          0x8009a858       0x24 build/console.o
                0x8009a85c                framewidth
                0x8009a860                frameheight
                0x8009a864                cursor_x
                0x8009a868                fontheight
                0x8009a86c                cursor_y
                0x8009a870                fontwidth
                0x8009a878                framedepth
 .data          0x8009a87c        0x0 build/spinlock.o
 .data          0x8009a87c        0x4 build/trap.o
                0x8009a87c                first_time
 .data          0x8009a880        0x0 build/uspi_dwhciframeschednper.o
 .data          0x8009a880        0x4 build/uspienv_timer.o
 .data          0x8009a884        0x0 build/main.o
 .data          0x8009a884        0x0 build/bio.o
 .data          0x8009a884        0x0 build/syscall.o
 .data          0x8009a884        0x0 build/uspi_usbendpoint.o
 .data          0x8009a884        0x0 build/uspi_usbconfigparser.o
 .data          0x8009a884        0x0 build/mailbox.o
 .data          0x8009a884        0x0 build/uspi_usbstandardhub.o
 .data          0x8009a884        0x0 build/memide.o
 .data          0x8009a884        0x0 build/uspi_dwhciframeschedper.o
 .data          0x8009a884        0x4 build/uspi_usbmassdevice.o
 .data          0x8009a888        0x0 build/mmu.o
 .data          0x8009a888        0x4 build/uspi_smsc951x.o
 .data          0x8009a88c        0x0 build/log.o
 .data          0x8009a88c        0x0 build/uart.o
 .data          0x8009a88c        0x0 build/uspi_dwhcixferstagedata.o
 .data          0x8009a88c        0x0 build/uspi_keymap.o
 .data          0x8009a88c        0x0 build/file.o
 .data          0x8009a88c        0x0 build/uspi_usbstring.o
 .data          0x8009a88c        0x4 build/uspi_library.o
 .data          0x8009a890       0x3c build/vm.o
 .data          0x8009a8cc        0x8 build/usb.o
                0x8009a8cc                usb_active
                0x8009a8d0                device_index
 .data          0x8009a8d4        0x0 build/sysproc.o
 .data          0x8009a8d4        0x0 build/uspi_macaddress.o
 .data          0x8009a8d4        0x0 build/pipe.o
 .data          0x8009a8d4        0x0 build/uspi_usbrequest.o
 .data          0x8009a8d4        0x4 build/uspi_synchronize.o
 .data          0x8009a8d8        0x4 build/uspi_usbmouse.o
 .data          0x8009a8dc        0x0 build/kalloc.o
 .data          0x8009a8dc        0x0 build/uspi_util.o
 .data          0x8009a8dc        0x4 build/uspi_lan7800.o
 .data          0x8009a8e0        0x0 build/uspienv_memio.o
 .data          0x8009a8e0        0x0 build/uspi_dwhcidevice.o
 .data          0x8009a8e0        0x0 build/uspi_dwhciregister.o
 .data          0x8009a8e0        0xc build/proc.o
                0x8009a8e0                nextpid
                0x8009a8e8                first_sched
 .data          0x8009a8ec        0x4 build/uspi_usbkeyboard.o
 .data          0x8009a8f0        0x0 build/timer.o
 .data          0x8009a8f0        0x4 build/uspi_devicenameservice.o
 .data          0x8009a8f4       0x34 build/uspi_usbgamepad.o
 .data          0x8009a928        0x0 build/fs.o
 .data          0x8009a928        0x0 build/uspi_dwhcirootport.o
 *.c.o(*)

.igot.plt       0x8009a928        0x0 load address 0x0009a928
 .igot.plt      0x8009a928        0x0 build/entry.o

.bss            0x8009a930     0x5574 load address 0x0009a930
 *(.bss)
 .bss           0x8009a930        0x0 build/entry.o
 .bss           0x8009a930        0x0 build/exception.o
 .bss           0x8009a930        0x0 build/uspienv_delayloop.o
 .bss           0x8009a930        0x0 build/uspi_dwhciframeschednsplit.o
 .bss           0x8009a930        0x0 build/exec.o
 .bss           0x8009a930        0x0 build/uart_pl011.o
 .bss           0x8009a930        0x0 build/uspi_string.o
 .bss           0x8009a930        0x0 build/usb_storagedriver.o
 .bss           0x8009a930        0x0 build/sysfile.o
 .bss           0x8009a930        0x0 build/string.o
 .bss           0x8009a930        0x0 build/uspi_usbmidi.o
 .bss           0x8009a930        0x0 build/uspi_usbdevice.o
 .bss           0x8009a930        0x0 build/uspi_usbdevicefactory.o
 .bss           0x8009a930       0x60 build/console.o
                0x8009a930                fbinfo
 .bss           0x8009a990        0x0 build/spinlock.o
 .bss           0x8009a990        0x0 build/trap.o
 .bss           0x8009a990        0x0 build/uspi_dwhciframeschednper.o
 .bss           0x8009a990        0x0 build/uspienv_timer.o
 .bss           0x8009a990        0x0 build/main.o
 .bss           0x8009a990        0x0 build/bio.o
 .bss           0x8009a990        0x0 build/syscall.o
 .bss           0x8009a990        0x0 build/uspi_usbendpoint.o
 .bss           0x8009a990        0x0 build/uspi_usbconfigparser.o
 .bss           0x8009a990        0x0 build/mailbox.o
 .bss           0x8009a990        0x0 build/uspi_usbstandardhub.o
 .bss           0x8009a990        0x8 build/memide.o
 .bss           0x8009a998        0x0 build/uspi_dwhciframeschedper.o
 .bss           0x8009a998        0x0 build/uspi_usbmassdevice.o
 .bss           0x8009a998        0x0 build/mmu.o
 .bss           0x8009a998        0x0 build/uspi_smsc951x.o
 .bss           0x8009a998        0x0 build/log.o
 .bss           0x8009a998        0xc build/uart.o
 .bss           0x8009a9a4        0x0 build/uspi_dwhcixferstagedata.o
 .bss           0x8009a9a4        0x0 build/uspi_keymap.o
 .bss           0x8009a9a4        0x0 build/file.o
 .bss           0x8009a9a4        0x0 build/uspi_usbstring.o
 .bss           0x8009a9a4        0x0 build/uspi_library.o
 .bss           0x8009a9a4        0x0 build/vm.o
 .bss           0x8009a9a4      0x158 build/usb.o
 .bss           0x8009aafc        0x0 build/sysproc.o
 .bss           0x8009aafc        0x0 build/uspi_macaddress.o
 .bss           0x8009aafc        0x0 build/pipe.o
 .bss           0x8009aafc        0x0 build/uspi_usbrequest.o
 .bss           0x8009aafc        0x4 build/uspi_synchronize.o
 .bss           0x8009ab00        0x0 build/uspi_usbmouse.o
 .bss           0x8009ab00        0x0 build/kalloc.o
 .bss           0x8009ab00        0x0 build/uspi_util.o
 .bss           0x8009ab00        0x0 build/uspi_lan7800.o
 .bss           0x8009ab00        0x0 build/uspienv_memio.o
 .bss           0x8009ab00        0x0 build/uspi_dwhcidevice.o
 .bss           0x8009ab00        0x0 build/uspi_dwhciregister.o
 .bss           0x8009ab00        0x4 build/proc.o
 .bss           0x8009ab04        0x0 build/uspi_usbkeyboard.o
 .bss           0x8009ab04        0x0 build/timer.o
 .bss           0x8009ab04        0x0 build/uspi_devicenameservice.o
 .bss           0x8009ab04        0x0 build/uspi_usbgamepad.o
 .bss           0x8009ab04        0x0 build/fs.o
 .bss           0x8009ab04        0x0 build/uspi_dwhcirootport.o
 COMMON         0x8009ab04       0xe0 build/exec.o
                0x8009ab04                cpus
 COMMON         0x8009abe4        0x4 build/uart_pl011.o
                0x8009abe4                uart_lock
 COMMON         0x8009abe8       0xa0 build/usb_storagedriver.o
                0x8009abe8                device_handler
 COMMON         0x8009ac88       0xc0 build/console.o
                0x8009ac88                input
 COMMON         0x8009ad48       0x50 build/trap.o
                0x8009ad48                pUSBParam
                0x8009ad4c                pUSBTimerParam
                0x8009ad50                nUSBTimerIRQ
                0x8009ad54                tickslock
                0x8009ad88                pUSBTimerHandler
                0x8009ad8c                ticks
                0x8009ad90                pUSBHandler
                0x8009ad94                nUSBIRQ
 COMMON         0x8009ad98       0x28 build/main.o
                0x8009ad98                mb_data
 COMMON         0x8009adc0     0x173c build/bio.o
                0x8009adc0                bcache
 COMMON         0x8009c4fc        0x4 build/mailbox.o
                0x8009c4fc                mailbuffer
 COMMON         0x8009c500        0x4 build/mmu.o
                0x8009c500                pm_size
 COMMON         0x8009c504       0x70 build/log.o
                0x8009c504                log
 COMMON         0x8009c574        0x4 build/uart.o
                0x8009c574                uart_disabled
 COMMON         0x8009c578      0x9e4 build/file.o
                0x8009c578                ftable
                0x8009cf0c                devsw
 COMMON         0x8009cf5c        0x4 build/vm.o
                0x8009cf5c                kpgdir
 COMMON         0x8009cf60       0x3c build/kalloc.o
                0x8009cf60                kmem
 COMMON         0x8009cf9c     0x1f34 build/proc.o
                0x8009cf9c                ptable
 COMMON         0x8009eed0      0xfd4 build/fs.o
                0x8009eed0                icache
                0x8009fea4                PROVIDE (end = .)

/DISCARD/
 *(.eh_frame .note.GNU-stack)
OUTPUT(build/kernel.elf elf32-littlearm)

.ARM.attributes
                0x00000000       0x35
 .ARM.attributes
                0x00000000       0x25 build/entry.o
 .ARM.attributes
                0x00000025       0x25 build/exception.o
 .ARM.attributes
                0x0000004a       0x25 build/uspienv_delayloop.o
 .ARM.attributes
                0x0000006f       0x39 build/uspi_dwhciframeschednsplit.o
 .ARM.attributes
                0x000000a8       0x39 build/exec.o
 .ARM.attributes
                0x000000e1       0x39 build/uart_pl011.o
 .ARM.attributes
                0x0000011a       0x39 build/uspi_string.o
 .ARM.attributes
                0x00000153       0x39 build/usb_storagedriver.o
 .ARM.attributes
                0x0000018c       0x39 build/sysfile.o
 .ARM.attributes
                0x000001c5       0x39 build/string.o
 .ARM.attributes
                0x000001fe       0x39 build/uspi_usbmidi.o
 .ARM.attributes
                0x00000237       0x39 build/uspi_usbdevice.o
 .ARM.attributes
                0x00000270       0x39 build/uspi_usbdevicefactory.o
 .ARM.attributes
                0x000002a9       0x39 build/console.o
 .ARM.attributes
                0x000002e2       0x39 build/spinlock.o
 .ARM.attributes
                0x0000031b       0x39 build/trap.o
 .ARM.attributes
                0x00000354       0x39 build/uspi_dwhciframeschednper.o
 .ARM.attributes
                0x0000038d       0x39 build/uspienv_timer.o
 .ARM.attributes
                0x000003c6       0x39 build/main.o
 .ARM.attributes
                0x000003ff       0x39 build/bio.o
 .ARM.attributes
                0x00000438       0x39 build/syscall.o
 .ARM.attributes
                0x00000471       0x39 build/uspi_usbendpoint.o
 .ARM.attributes
                0x000004aa       0x39 build/uspi_usbconfigparser.o
 .ARM.attributes
                0x000004e3       0x39 build/mailbox.o
 .ARM.attributes
                0x0000051c       0x39 build/uspi_usbstandardhub.o
 .ARM.attributes
                0x00000555       0x39 build/memide.o
 .ARM.attributes
                0x0000058e       0x39 build/uspi_dwhciframeschedper.o
 .ARM.attributes
                0x000005c7       0x39 build/uspi_usbmassdevice.o
 .ARM.attributes
                0x00000600       0x39 build/mmu.o
 .ARM.attributes
                0x00000639       0x39 build/uspi_smsc951x.o
 .ARM.attributes
                0x00000672       0x39 build/log.o
 .ARM.attributes
                0x000006ab       0x39 build/uart.o
 .ARM.attributes
                0x000006e4       0x39 build/uspi_dwhcixferstagedata.o
 .ARM.attributes
                0x0000071d       0x39 build/uspi_keymap.o
 .ARM.attributes
                0x00000756       0x39 build/file.o
 .ARM.attributes
                0x0000078f       0x39 build/uspi_usbstring.o
 .ARM.attributes
                0x000007c8       0x39 build/uspi_library.o
 .ARM.attributes
                0x00000801       0x39 build/vm.o
 .ARM.attributes
                0x0000083a       0x39 build/usb.o
 .ARM.attributes
                0x00000873       0x39 build/sysproc.o
 .ARM.attributes
                0x000008ac       0x39 build/uspi_macaddress.o
 .ARM.attributes
                0x000008e5       0x39 build/pipe.o
 .ARM.attributes
                0x0000091e       0x39 build/uspi_usbrequest.o
 .ARM.attributes
                0x00000957       0x39 build/uspi_synchronize.o
 .ARM.attributes
                0x00000990       0x39 build/uspi_usbmouse.o
 .ARM.attributes
                0x000009c9       0x39 build/kalloc.o
 .ARM.attributes
                0x00000a02       0x39 build/uspi_util.o
 .ARM.attributes
                0x00000a3b       0x39 build/uspi_lan7800.o
 .ARM.attributes
                0x00000a74       0x39 build/uspienv_memio.o
 .ARM.attributes
                0x00000aad       0x39 build/uspi_dwhcidevice.o
 .ARM.attributes
                0x00000ae6       0x39 build/uspi_dwhciregister.o
 .ARM.attributes
                0x00000b1f       0x39 build/proc.o
 .ARM.attributes
                0x00000b58       0x39 build/uspi_usbkeyboard.o
 .ARM.attributes
                0x00000b91       0x39 build/timer.o
 .ARM.attributes
                0x00000bca       0x39 build/uspi_devicenameservice.o
 .ARM.attributes
                0x00000c03       0x39 build/uspi_usbgamepad.o
 .ARM.attributes
                0x00000c3c       0x39 build/fs.o
 .ARM.attributes
                0x00000c75       0x39 build/uspi_dwhcirootport.o

.comment        0x00000000       0x23
 .comment       0x00000000       0x23 build/uspi_dwhciframeschednsplit.o
                                 0x24 (size before relaxing)
 .comment       0x00000023       0x24 build/exec.o
 .comment       0x00000023       0x24 build/uart_pl011.o
 .comment       0x00000023       0x24 build/uspi_string.o
 .comment       0x00000023       0x24 build/usb_storagedriver.o
 .comment       0x00000023       0x24 build/sysfile.o
 .comment       0x00000023       0x24 build/string.o
 .comment       0x00000023       0x24 build/uspi_usbmidi.o
 .comment       0x00000023       0x24 build/uspi_usbdevice.o
 .comment       0x00000023       0x24 build/uspi_usbdevicefactory.o
 .comment       0x00000023       0x24 build/console.o
 .comment       0x00000023       0x24 build/spinlock.o
 .comment       0x00000023       0x24 build/trap.o
 .comment       0x00000023       0x24 build/uspi_dwhciframeschednper.o
 .comment       0x00000023       0x24 build/uspienv_timer.o
 .comment       0x00000023       0x24 build/main.o
 .comment       0x00000023       0x24 build/bio.o
 .comment       0x00000023       0x24 build/syscall.o
 .comment       0x00000023       0x24 build/uspi_usbendpoint.o
 .comment       0x00000023       0x24 build/uspi_usbconfigparser.o
 .comment       0x00000023       0x24 build/mailbox.o
 .comment       0x00000023       0x24 build/uspi_usbstandardhub.o
 .comment       0x00000023       0x24 build/memide.o
 .comment       0x00000023       0x24 build/uspi_dwhciframeschedper.o
 .comment       0x00000023       0x24 build/uspi_usbmassdevice.o
 .comment       0x00000023       0x24 build/mmu.o
 .comment       0x00000023       0x24 build/uspi_smsc951x.o
 .comment       0x00000023       0x24 build/log.o
 .comment       0x00000023       0x24 build/uart.o
 .comment       0x00000023       0x24 build/uspi_dwhcixferstagedata.o
 .comment       0x00000023       0x24 build/uspi_keymap.o
 .comment       0x00000023       0x24 build/file.o
 .comment       0x00000023       0x24 build/uspi_usbstring.o
 .comment       0x00000023       0x24 build/uspi_library.o
 .comment       0x00000023       0x24 build/vm.o
 .comment       0x00000023       0x24 build/usb.o
 .comment       0x00000023       0x24 build/sysproc.o
 .comment       0x00000023       0x24 build/uspi_macaddress.o
 .comment       0x00000023       0x24 build/pipe.o
 .comment       0x00000023       0x24 build/uspi_usbrequest.o
 .comment       0x00000023       0x24 build/uspi_synchronize.o
 .comment       0x00000023       0x24 build/uspi_usbmouse.o
 .comment       0x00000023       0x24 build/kalloc.o
 .comment       0x00000023       0x24 build/uspi_util.o
 .comment       0x00000023       0x24 build/uspi_lan7800.o
 .comment       0x00000023       0x24 build/uspienv_memio.o
 .comment       0x00000023       0x24 build/uspi_dwhcidevice.o
 .comment       0x00000023       0x24 build/uspi_dwhciregister.o
 .comment       0x00000023       0x24 build/proc.o
 .comment       0x00000023       0x24 build/uspi_usbkeyboard.o
 .comment       0x00000023       0x24 build/timer.o
 .comment       0x00000023       0x24 build/uspi_devicenameservice.o
 .comment       0x00000023       0x24 build/uspi_usbgamepad.o
 .comment       0x00000023       0x24 build/fs.o
 .comment       0x00000023       0x24 build/uspi_dwhcirootport.o

.debug_line     0x00000000     0xea6d
 .debug_line    0x00000000       0xfb build/entry.o
 .debug_line    0x000000fb       0xdd build/exception.o
 .debug_line    0x000001d8       0x4c build/uspienv_delayloop.o
 .debug_line    0x00000224      0x19a build/uspi_dwhciframeschednsplit.o
 .debug_line    0x000003be      0x274 build/exec.o
 .debug_line    0x00000632      0x10f build/uart_pl011.o
 .debug_line    0x00000741      0xaf0 build/uspi_string.o
 .debug_line    0x00001231      0x182 build/usb_storagedriver.o
 .debug_line    0x000013b3      0x896 build/sysfile.o
 .debug_line    0x00001c49      0x31d build/string.o
 .debug_line    0x00001f66      0x3b0 build/uspi_usbmidi.o
 .debug_line    0x00002316      0x66f build/uspi_usbdevice.o
 .debug_line    0x00002985      0x35e build/uspi_usbdevicefactory.o
 .debug_line    0x00002ce3      0x9fb build/console.o
 .debug_line    0x000036de      0x1b7 build/spinlock.o
 .debug_line    0x00003895      0x480 build/trap.o
 .debug_line    0x00003d15      0x22f build/uspi_dwhciframeschednper.o
 .debug_line    0x00003f44      0x43f build/uspienv_timer.o
 .debug_line    0x00004383      0x1c0 build/main.o
 .debug_line    0x00004543      0x279 build/bio.o
 .debug_line    0x000047bc      0x297 build/syscall.o
 .debug_line    0x00004a53      0x324 build/uspi_usbendpoint.o
 .debug_line    0x00004d77      0x278 build/uspi_usbconfigparser.o
 .debug_line    0x00004fef      0x235 build/mailbox.o
 .debug_line    0x00005224      0x788 build/uspi_usbstandardhub.o
 .debug_line    0x000059ac      0x132 build/memide.o
 .debug_line    0x00005ade      0x2f5 build/uspi_dwhciframeschedper.o
 .debug_line    0x00005dd3      0x87f build/uspi_usbmassdevice.o
 .debug_line    0x00006652      0x1ea build/mmu.o
 .debug_line    0x0000683c      0x4de build/uspi_smsc951x.o
 .debug_line    0x00006d1a      0x2f4 build/log.o
 .debug_line    0x0000700e      0x59f build/uart.o
 .debug_line    0x000075ad      0x686 build/uspi_dwhcixferstagedata.o
 .debug_line    0x00007c33      0x2e0 build/uspi_keymap.o
 .debug_line    0x00007f13      0x2be build/file.o
 .debug_line    0x000081d1      0x436 build/uspi_usbstring.o
 .debug_line    0x00008607      0x774 build/uspi_library.o
 .debug_line    0x00008d7b      0x772 build/vm.o
 .debug_line    0x000094ed      0x34e build/usb.o
 .debug_line    0x0000983b      0x1a2 build/sysproc.o
 .debug_line    0x000099dd      0x181 build/uspi_macaddress.o
 .debug_line    0x00009b5e      0x2e7 build/pipe.o
 .debug_line    0x00009e45      0x1ca build/uspi_usbrequest.o
 .debug_line    0x0000a00f       0xd3 build/uspi_synchronize.o
 .debug_line    0x0000a0e2      0x3b8 build/uspi_usbmouse.o
 .debug_line    0x0000a49a      0x25c build/kalloc.o
 .debug_line    0x0000a6f6      0x250 build/uspi_util.o
 .debug_line    0x0000a946      0x808 build/uspi_lan7800.o
 .debug_line    0x0000b14e       0x76 build/uspienv_memio.o
 .debug_line    0x0000b1c4      0xeb7 build/uspi_dwhcidevice.o
 .debug_line    0x0000c07b      0x19f build/uspi_dwhciregister.o
 .debug_line    0x0000c21a      0x784 build/proc.o
 .debug_line    0x0000c99e      0x4fb build/uspi_usbkeyboard.o
 .debug_line    0x0000ce99      0x1e2 build/timer.o
 .debug_line    0x0000d07b      0x1b0 build/uspi_devicenameservice.o
 .debug_line    0x0000d22b      0xa02 build/uspi_usbgamepad.o
 .debug_line    0x0000dc2d      0xb9d build/fs.o
 .debug_line    0x0000e7ca      0x2a3 build/uspi_dwhcirootport.o

.debug_info     0x00000000    0x2ffad
 .debug_info    0x00000000       0x22 build/entry.o
 .debug_info    0x00000022       0x26 build/exception.o
 .debug_info    0x00000048       0x26 build/uspienv_delayloop.o
 .debug_info    0x0000006e      0x3bf build/uspi_dwhciframeschednsplit.o
 .debug_info    0x0000042d      0x93c build/exec.o
 .debug_info    0x00000d69       0xc8 build/uart_pl011.o
 .debug_info    0x00000e31     0x1574 build/uspi_string.o
 .debug_info    0x000023a5      0x49b build/usb_storagedriver.o
 .debug_info    0x00002840     0x1801 build/sysfile.o
 .debug_info    0x00004041      0x5c8 build/string.o
 .debug_info    0x00004609     0x1272 build/uspi_usbmidi.o
 .debug_info    0x0000587b     0x16c6 build/uspi_usbdevice.o
 .debug_info    0x00006f41     0x1847 build/uspi_usbdevicefactory.o
 .debug_info    0x00008788     0x15a7 build/console.o
 .debug_info    0x00009d2f      0x73e build/spinlock.o
 .debug_info    0x0000a46d      0xc3c build/trap.o
 .debug_info    0x0000b0a9      0x421 build/uspi_dwhciframeschednper.o
 .debug_info    0x0000b4ca      0x8de build/uspienv_timer.o
 .debug_info    0x0000bda8      0xc29 build/main.o
 .debug_info    0x0000c9d1      0x4af build/bio.o
 .debug_info    0x0000ce80      0x7b7 build/syscall.o
 .debug_info    0x0000d637      0xad5 build/uspi_usbendpoint.o
 .debug_info    0x0000e10c      0x61c build/uspi_usbconfigparser.o
 .debug_info    0x0000e728      0x9a9 build/mailbox.o
 .debug_info    0x0000f0d1     0x1b0e build/uspi_usbstandardhub.o
 .debug_info    0x00010bdf      0x68b build/memide.o
 .debug_info    0x0001126a      0x571 build/uspi_dwhciframeschedper.o
 .debug_info    0x000117db     0x23d4 build/uspi_usbmassdevice.o
 .debug_info    0x00013baf      0x1a1 build/mmu.o
 .debug_info    0x00013d50     0x1677 build/uspi_smsc951x.o
 .debug_info    0x000153c7      0x6ee build/log.o
 .debug_info    0x00015ab5      0xe29 build/uart.o
 .debug_info    0x000168de     0x15a7 build/uspi_dwhcixferstagedata.o
 .debug_info    0x00017e85      0x5f7 build/uspi_keymap.o
 .debug_info    0x0001847c      0x84a build/file.o
 .debug_info    0x00018cc6     0x108d build/uspi_usbstring.o
 .debug_info    0x00019d53     0x1f4c build/uspi_library.o
 .debug_info    0x0001bc9f     0x1513 build/vm.o
 .debug_info    0x0001d1b2      0xbb9 build/usb.o
 .debug_info    0x0001dd6b      0x683 build/sysproc.o
 .debug_info    0x0001e3ee      0x498 build/uspi_macaddress.o
 .debug_info    0x0001e886      0x93a build/pipe.o
 .debug_info    0x0001f1c0      0xb33 build/uspi_usbrequest.o
 .debug_info    0x0001fcf3      0x123 build/uspi_synchronize.o
 .debug_info    0x0001fe16     0x12d4 build/uspi_usbmouse.o
 .debug_info    0x000210ea      0x44b build/kalloc.o
 .debug_info    0x00021535      0x43d build/uspi_util.o
 .debug_info    0x00021972     0x1ffd build/uspi_lan7800.o
 .debug_info    0x0002396f       0xcf build/uspienv_memio.o
 .debug_info    0x00023a3e     0x46ad build/uspi_dwhcidevice.o
 .debug_info    0x000280eb      0x386 build/uspi_dwhciregister.o
 .debug_info    0x00028471      0xf32 build/proc.o
 .debug_info    0x000293a3     0x1918 build/uspi_usbkeyboard.o
 .debug_info    0x0002acbb      0x7f8 build/timer.o
 .debug_info    0x0002b4b3      0x331 build/uspi_devicenameservice.o
 .debug_info    0x0002b7e4     0x1ad2 build/uspi_usbgamepad.o
 .debug_info    0x0002d2b6     0x1e3e build/fs.o
 .debug_info    0x0002f0f4      0xeb9 build/uspi_dwhcirootport.o

.debug_abbrev   0x00000000     0x82fb
 .debug_abbrev  0x00000000       0x12 build/entry.o
 .debug_abbrev  0x00000012       0x14 build/exception.o
 .debug_abbrev  0x00000026       0x14 build/uspienv_delayloop.o
 .debug_abbrev  0x0000003a      0x1ae build/uspi_dwhciframeschednsplit.o
 .debug_abbrev  0x000001e8      0x1be build/exec.o
 .debug_abbrev  0x000003a6       0xbc build/uart_pl011.o
 .debug_abbrev  0x00000462      0x34d build/uspi_string.o
 .debug_abbrev  0x000007af      0x1f0 build/usb_storagedriver.o
 .debug_abbrev  0x0000099f      0x325 build/sysfile.o
 .debug_abbrev  0x00000cc4      0x1a9 build/string.o
 .debug_abbrev  0x00000e6d      0x267 build/uspi_usbmidi.o
 .debug_abbrev  0x000010d4      0x2fa build/uspi_usbdevice.o
 .debug_abbrev  0x000013ce      0x1d7 build/uspi_usbdevicefactory.o
 .debug_abbrev  0x000015a5      0x487 build/console.o
 .debug_abbrev  0x00001a2c      0x24b build/spinlock.o
 .debug_abbrev  0x00001c77      0x282 build/trap.o
 .debug_abbrev  0x00001ef9      0x1ed build/uspi_dwhciframeschednper.o
 .debug_abbrev  0x000020e6      0x313 build/uspienv_timer.o
 .debug_abbrev  0x000023f9      0x217 build/main.o
 .debug_abbrev  0x00002610      0x23a build/bio.o
 .debug_abbrev  0x0000284a      0x2a1 build/syscall.o
 .debug_abbrev  0x00002aeb      0x1a8 build/uspi_usbendpoint.o
 .debug_abbrev  0x00002c93      0x176 build/uspi_usbconfigparser.o
 .debug_abbrev  0x00002e09      0x2aa build/mailbox.o
 .debug_abbrev  0x000030b3      0x256 build/uspi_usbstandardhub.o
 .debug_abbrev  0x00003309      0x1e9 build/memide.o
 .debug_abbrev  0x000034f2      0x23d build/uspi_dwhciframeschedper.o
 .debug_abbrev  0x0000372f      0x350 build/uspi_usbmassdevice.o
 .debug_abbrev  0x00003a7f       0xe1 build/mmu.o
 .debug_abbrev  0x00003b60      0x248 build/uspi_smsc951x.o
 .debug_abbrev  0x00003da8      0x21e build/log.o
 .debug_abbrev  0x00003fc6      0x2d8 build/uart.o
 .debug_abbrev  0x0000429e      0x301 build/uspi_dwhcixferstagedata.o
 .debug_abbrev  0x0000459f      0x1e2 build/uspi_keymap.o
 .debug_abbrev  0x00004781      0x215 build/file.o
 .debug_abbrev  0x00004996      0x216 build/uspi_usbstring.o
 .debug_abbrev  0x00004bac      0x313 build/uspi_library.o
 .debug_abbrev  0x00004ebf      0x425 build/vm.o
 .debug_abbrev  0x000052e4      0x38d build/usb.o
 .debug_abbrev  0x00005671      0x197 build/sysproc.o
 .debug_abbrev  0x00005808      0x1e1 build/uspi_macaddress.o
 .debug_abbrev  0x000059e9      0x229 build/pipe.o
 .debug_abbrev  0x00005c12      0x18f build/uspi_usbrequest.o
 .debug_abbrev  0x00005da1       0xd8 build/uspi_synchronize.o
 .debug_abbrev  0x00005e79      0x255 build/uspi_usbmouse.o
 .debug_abbrev  0x000060ce      0x26b build/kalloc.o
 .debug_abbrev  0x00006339       0xfe build/uspi_util.o
 .debug_abbrev  0x00006437      0x2dd build/uspi_lan7800.o
 .debug_abbrev  0x00006714       0x96 build/uspienv_memio.o
 .debug_abbrev  0x000067aa      0x422 build/uspi_dwhcidevice.o
 .debug_abbrev  0x00006bcc       0xff build/uspi_dwhciregister.o
 .debug_abbrev  0x00006ccb      0x3fa build/proc.o
 .debug_abbrev  0x000070c5      0x3a7 build/uspi_usbkeyboard.o
 .debug_abbrev  0x0000746c      0x285 build/timer.o
 .debug_abbrev  0x000076f1      0x170 build/uspi_devicenameservice.o
 .debug_abbrev  0x00007861      0x3e2 build/uspi_usbgamepad.o
 .debug_abbrev  0x00007c43      0x4da build/fs.o
 .debug_abbrev  0x0000811d      0x1de build/uspi_dwhcirootport.o

.debug_aranges  0x00000000      0x748
 .debug_aranges
                0x00000000       0x28 build/entry.o
 .debug_aranges
                0x00000028       0x20 build/exception.o
 .debug_aranges
                0x00000048       0x20 build/uspienv_delayloop.o
 .debug_aranges
                0x00000068       0x20 build/uspi_dwhciframeschednsplit.o
 .debug_aranges
                0x00000088       0x20 build/exec.o
 .debug_aranges
                0x000000a8       0x20 build/uart_pl011.o
 .debug_aranges
                0x000000c8       0x20 build/uspi_string.o
 .debug_aranges
                0x000000e8       0x20 build/usb_storagedriver.o
 .debug_aranges
                0x00000108       0x20 build/sysfile.o
 .debug_aranges
                0x00000128       0x20 build/string.o
 .debug_aranges
                0x00000148       0x20 build/uspi_usbmidi.o
 .debug_aranges
                0x00000168       0x20 build/uspi_usbdevice.o
 .debug_aranges
                0x00000188       0x20 build/uspi_usbdevicefactory.o
 .debug_aranges
                0x000001a8       0x20 build/console.o
 .debug_aranges
                0x000001c8       0x20 build/spinlock.o
 .debug_aranges
                0x000001e8       0x20 build/trap.o
 .debug_aranges
                0x00000208       0x20 build/uspi_dwhciframeschednper.o
 .debug_aranges
                0x00000228       0x20 build/uspienv_timer.o
 .debug_aranges
                0x00000248       0x20 build/main.o
 .debug_aranges
                0x00000268       0x20 build/bio.o
 .debug_aranges
                0x00000288       0x20 build/syscall.o
 .debug_aranges
                0x000002a8       0x20 build/uspi_usbendpoint.o
 .debug_aranges
                0x000002c8       0x20 build/uspi_usbconfigparser.o
 .debug_aranges
                0x000002e8       0x20 build/mailbox.o
 .debug_aranges
                0x00000308       0x20 build/uspi_usbstandardhub.o
 .debug_aranges
                0x00000328       0x20 build/memide.o
 .debug_aranges
                0x00000348       0x20 build/uspi_dwhciframeschedper.o
 .debug_aranges
                0x00000368       0x20 build/uspi_usbmassdevice.o
 .debug_aranges
                0x00000388       0x20 build/mmu.o
 .debug_aranges
                0x000003a8       0x20 build/uspi_smsc951x.o
 .debug_aranges
                0x000003c8       0x20 build/log.o
 .debug_aranges
                0x000003e8       0x20 build/uart.o
 .debug_aranges
                0x00000408       0x20 build/uspi_dwhcixferstagedata.o
 .debug_aranges
                0x00000428       0x20 build/uspi_keymap.o
 .debug_aranges
                0x00000448       0x20 build/file.o
 .debug_aranges
                0x00000468       0x20 build/uspi_usbstring.o
 .debug_aranges
                0x00000488       0x20 build/uspi_library.o
 .debug_aranges
                0x000004a8       0x20 build/vm.o
 .debug_aranges
                0x000004c8       0x20 build/usb.o
 .debug_aranges
                0x000004e8       0x20 build/sysproc.o
 .debug_aranges
                0x00000508       0x20 build/uspi_macaddress.o
 .debug_aranges
                0x00000528       0x20 build/pipe.o
 .debug_aranges
                0x00000548       0x20 build/uspi_usbrequest.o
 .debug_aranges
                0x00000568       0x20 build/uspi_synchronize.o
 .debug_aranges
                0x00000588       0x20 build/uspi_usbmouse.o
 .debug_aranges
                0x000005a8       0x20 build/kalloc.o
 .debug_aranges
                0x000005c8       0x20 build/uspi_util.o
 .debug_aranges
                0x000005e8       0x20 build/uspi_lan7800.o
 .debug_aranges
                0x00000608       0x20 build/uspienv_memio.o
 .debug_aranges
                0x00000628       0x20 build/uspi_dwhcidevice.o
 .debug_aranges
                0x00000648       0x20 build/uspi_dwhciregister.o
 .debug_aranges
                0x00000668       0x20 build/proc.o
 .debug_aranges
                0x00000688       0x20 build/uspi_usbkeyboard.o
 .debug_aranges
                0x000006a8       0x20 build/timer.o
 .debug_aranges
                0x000006c8       0x20 build/uspi_devicenameservice.o
 .debug_aranges
                0x000006e8       0x20 build/uspi_usbgamepad.o
 .debug_aranges
                0x00000708       0x20 build/fs.o
 .debug_aranges
                0x00000728       0x20 build/uspi_dwhcirootport.o

.debug_str      0x00000000     0x5087
 .debug_str     0x00000000       0x2a build/entry.o
 .debug_str     0x0000002a       0x13 build/exception.o
                                 0x2e (size before relaxing)
 .debug_str     0x0000003d       0x1b build/uspienv_delayloop.o
                                 0x36 (size before relaxing)
 .debug_str     0x00000058      0x2e5 build/uspi_dwhciframeschednsplit.o
                                0x3b3 (size before relaxing)
 .debug_str     0x0000033d      0x1e2 build/exec.o
                                0x33d (size before relaxing)
 .debug_str     0x0000051f       0x45 build/uart_pl011.o
                                0x171 (size before relaxing)
 .debug_str     0x00000564      0x1d3 build/uspi_string.o
                                0x368 (size before relaxing)
 .debug_str     0x00000737      0x102 build/usb_storagedriver.o
                                0x289 (size before relaxing)
 .debug_str     0x00000839      0x1a5 build/sysfile.o
                                0x485 (size before relaxing)
 .debug_str     0x000009de       0x30 build/string.o
                                0x177 (size before relaxing)
 .debug_str     0x00000a0e      0xa22 build/uspi_usbmidi.o
                                0xccc (size before relaxing)
 .debug_str     0x00001430      0x308 build/uspi_usbdevice.o
                                0xdc7 (size before relaxing)
 .debug_str     0x00001738      0x42a build/uspi_usbdevicefactory.o
                                0xf57 (size before relaxing)
 .debug_str     0x00001b62      0x1dd build/console.o
                                0x4cb (size before relaxing)
 .debug_str     0x00001d3f       0x32 build/spinlock.o
                                0x274 (size before relaxing)
 .debug_str     0x00001d71      0x1cd build/trap.o
                                0x41d (size before relaxing)
 .debug_str     0x00001f3e      0x1ad build/uspi_dwhciframeschednper.o
                                0x3fc (size before relaxing)
 .debug_str     0x000020eb      0x243 build/uspienv_timer.o
                                0x3d3 (size before relaxing)
 .debug_str     0x0000232e       0xd6 build/main.o
                                0x408 (size before relaxing)
 .debug_str     0x00002404       0x4a build/bio.o
                                0x1e0 (size before relaxing)
 .debug_str     0x0000244e       0x1a build/syscall.o
                                0x266 (size before relaxing)
 .debug_str     0x00002468       0xf1 build/uspi_usbendpoint.o
                                0x868 (size before relaxing)
 .debug_str     0x00002559       0x6b build/uspi_usbconfigparser.o
                                0x52c (size before relaxing)
 .debug_str     0x000025c4       0x5c build/mailbox.o
                                0x347 (size before relaxing)
 .debug_str     0x00002620      0x107 build/uspi_usbstandardhub.o
                                0xdd7 (size before relaxing)
 .debug_str     0x00002727       0x57 build/memide.o
                                0x2a6 (size before relaxing)
 .debug_str     0x0000277e      0x127 build/uspi_dwhciframeschedper.o
                                0x458 (size before relaxing)
 .debug_str     0x000028a5      0x59c build/uspi_usbmassdevice.o
                               0x12e2 (size before relaxing)
 .debug_str     0x00002e41       0x2a build/mmu.o
                                0x176 (size before relaxing)
 .debug_str     0x00002e6b      0x195 build/uspi_smsc951x.o
                                0xd9d (size before relaxing)
 .debug_str     0x00003000       0x98 build/log.o
                                0x27f (size before relaxing)
 .debug_str     0x00003098       0x7a build/uart.o
                                0x281 (size before relaxing)
 .debug_str     0x00003112      0x55b build/uspi_dwhcixferstagedata.o
                               0x10b3 (size before relaxing)
 .debug_str     0x0000366d      0x405 build/uspi_keymap.o
                                0x5c6 (size before relaxing)
 .debug_str     0x00003a72       0x38 build/file.o
                                0x2c1 (size before relaxing)
 .debug_str     0x00003aaa       0x50 build/uspi_usbstring.o
                                0xaf7 (size before relaxing)
 .debug_str     0x00003afa      0x4a9 build/uspi_library.o
                               0x1656 (size before relaxing)
 .debug_str     0x00003fa3       0xc6 build/vm.o
                                0x39c (size before relaxing)
 .debug_str     0x00004069       0x82 build/usb.o
                                0x519 (size before relaxing)
 .debug_str     0x000040eb       0x75 build/sysproc.o
                                0x2ad (size before relaxing)
 .debug_str     0x00004160       0xa3 build/uspi_macaddress.o
                                0x2b4 (size before relaxing)
 .debug_str     0x00004203       0x2e build/pipe.o
                                0x337 (size before relaxing)
 .debug_str     0x00004231       0x6d build/uspi_usbrequest.o
                                0x907 (size before relaxing)
 .debug_str     0x0000429e       0x67 build/uspi_synchronize.o
                                0x1de (size before relaxing)
 .debug_str     0x00004305       0x94 build/uspi_usbmouse.o
                                0xcff (size before relaxing)
 .debug_str     0x00004399       0x3d build/kalloc.o
                                0x1c6 (size before relaxing)
 .debug_str     0x000043d6       0x69 build/uspi_util.o
                                0x266 (size before relaxing)
 .debug_str     0x0000443f      0x166 build/uspi_lan7800.o
                                0xe78 (size before relaxing)
 .debug_str     0x000045a5       0x17 build/uspienv_memio.o
                                0x16e (size before relaxing)
 .debug_str     0x000045bc      0x5be build/uspi_dwhcidevice.o
                               0x189a (size before relaxing)
 .debug_str     0x00004b7a       0x61 build/uspi_dwhciregister.o
                                0x2b2 (size before relaxing)
 .debug_str     0x00004bdb       0xbf build/proc.o
                                0x3eb (size before relaxing)
 .debug_str     0x00004c9a      0x152 build/uspi_usbkeyboard.o
                               0x12cc (size before relaxing)
 .debug_str     0x00004dec       0x3c build/timer.o
                                0x2e2 (size before relaxing)
 .debug_str     0x00004e28       0x20 build/uspi_devicenameservice.o
                                0x269 (size before relaxing)
 .debug_str     0x00004e48      0x1c3 build/uspi_usbgamepad.o
                                0xf4f (size before relaxing)
 .debug_str     0x0000500b       0x52 build/fs.o
                                0x41b (size before relaxing)
 .debug_str     0x0000505d       0x2a build/uspi_dwhcirootport.o
                                0xade (size before relaxing)

.debug_ranges   0x00000000     0x1098
 .debug_ranges  0x00000000       0x20 build/entry.o
 .debug_ranges  0x00000020      0x1b8 build/uspi_string.o
 .debug_ranges  0x000001d8       0x98 build/sysfile.o
 .debug_ranges  0x00000270       0x20 build/string.o
 .debug_ranges  0x00000290       0x58 build/uspi_usbmidi.o
 .debug_ranges  0x000002e8       0x48 build/uspi_usbdevice.o
 .debug_ranges  0x00000330      0x100 build/console.o
 .debug_ranges  0x00000430       0x48 build/spinlock.o
 .debug_ranges  0x00000478       0xb8 build/uspienv_timer.o
 .debug_ranges  0x00000530       0x18 build/main.o
 .debug_ranges  0x00000548       0x20 build/bio.o
 .debug_ranges  0x00000568       0x60 build/syscall.o
 .debug_ranges  0x000005c8       0x40 build/uspi_usbendpoint.o
 .debug_ranges  0x00000608       0x40 build/uspi_usbconfigparser.o
 .debug_ranges  0x00000648       0x58 build/mailbox.o
 .debug_ranges  0x000006a0      0x150 build/uspi_usbstandardhub.o
 .debug_ranges  0x000007f0       0x18 build/uspi_dwhciframeschedper.o
 .debug_ranges  0x00000808       0x80 build/uspi_usbmassdevice.o
 .debug_ranges  0x00000888       0x48 build/log.o
 .debug_ranges  0x000008d0       0xf8 build/uart.o
 .debug_ranges  0x000009c8       0x30 build/uspi_dwhcixferstagedata.o
 .debug_ranges  0x000009f8       0x18 build/uspi_keymap.o
 .debug_ranges  0x00000a10       0x18 build/file.o
 .debug_ranges  0x00000a28       0x48 build/uspi_usbstring.o
 .debug_ranges  0x00000a70       0x80 build/uspi_library.o
 .debug_ranges  0x00000af0       0xe8 build/vm.o
 .debug_ranges  0x00000bd8       0x38 build/usb.o
 .debug_ranges  0x00000c10       0x30 build/uspi_macaddress.o
 .debug_ranges  0x00000c40       0x10 build/pipe.o
 .debug_ranges  0x00000c50       0x18 build/uspi_usbmouse.o
 .debug_ranges  0x00000c68       0x88 build/kalloc.o
 .debug_ranges  0x00000cf0       0x30 build/uspi_lan7800.o
 .debug_ranges  0x00000d20       0xb0 build/uspi_dwhcidevice.o
 .debug_ranges  0x00000dd0       0x50 build/proc.o
 .debug_ranges  0x00000e20       0x30 build/uspi_usbkeyboard.o
 .debug_ranges  0x00000e50       0x98 build/timer.o
 .debug_ranges  0x00000ee8       0xd0 build/uspi_usbgamepad.o
 .debug_ranges  0x00000fb8       0xe0 build/fs.o

.debug_loc      0x00000000    0x117f4
 .debug_loc     0x00000000       0xeb build/uspi_dwhciframeschednsplit.o
 .debug_loc     0x000000eb      0x35c build/exec.o
 .debug_loc     0x00000447     0x185b build/uspi_string.o
 .debug_loc     0x00001ca2      0x1e9 build/usb_storagedriver.o
 .debug_loc     0x00001e8b      0x645 build/sysfile.o
 .debug_loc     0x000024d0      0xa46 build/string.o
 .debug_loc     0x00002f16      0x382 build/uspi_usbmidi.o
 .debug_loc     0x00003298      0x50b build/uspi_usbdevice.o
 .debug_loc     0x000037a3      0x295 build/uspi_usbdevicefactory.o
 .debug_loc     0x00003a38      0xb0c build/console.o
 .debug_loc     0x00004544      0x15e build/spinlock.o
 .debug_loc     0x000046a2      0x316 build/trap.o
 .debug_loc     0x000049b8      0x294 build/uspi_dwhciframeschednper.o
 .debug_loc     0x00004c4c      0x604 build/uspienv_timer.o
 .debug_loc     0x00005250      0x18c build/bio.o
 .debug_loc     0x000053dc      0x43f build/syscall.o
 .debug_loc     0x0000581b      0x29e build/uspi_usbendpoint.o
 .debug_loc     0x00005ab9      0x3b0 build/uspi_usbconfigparser.o
 .debug_loc     0x00005e69      0x38f build/mailbox.o
 .debug_loc     0x000061f8      0x5db build/uspi_usbstandardhub.o
 .debug_loc     0x000067d3       0xf3 build/memide.o
 .debug_loc     0x000068c6      0x36a build/uspi_dwhciframeschedper.o
 .debug_loc     0x00006c30      0x97c build/uspi_usbmassdevice.o
 .debug_loc     0x000075ac      0x286 build/mmu.o
 .debug_loc     0x00007832      0x40e build/uspi_smsc951x.o
 .debug_loc     0x00007c40      0x217 build/log.o
 .debug_loc     0x00007e57      0x921 build/uart.o
 .debug_loc     0x00008778      0x805 build/uspi_dwhcixferstagedata.o
 .debug_loc     0x00008f7d      0x4c5 build/uspi_keymap.o
 .debug_loc     0x00009442      0x520 build/file.o
 .debug_loc     0x00009962      0x33e build/uspi_usbstring.o
 .debug_loc     0x00009ca0      0x7a9 build/uspi_library.o
 .debug_loc     0x0000a449     0x1255 build/vm.o
 .debug_loc     0x0000b69e      0x3b7 build/usb.o
 .debug_loc     0x0000ba55       0x4c build/sysproc.o
 .debug_loc     0x0000baa1      0x2b3 build/uspi_macaddress.o
 .debug_loc     0x0000bd54      0x34e build/pipe.o
 .debug_loc     0x0000c0a2      0x126 build/uspi_usbrequest.o
 .debug_loc     0x0000c1c8       0x87 build/uspi_synchronize.o
 .debug_loc     0x0000c24f      0x26e build/uspi_usbmouse.o
 .debug_loc     0x0000c4bd      0x3a8 build/kalloc.o
 .debug_loc     0x0000c865      0x56a build/uspi_util.o
 .debug_loc     0x0000cdcf      0x83a build/uspi_lan7800.o
 .debug_loc     0x0000d609       0x25 build/uspienv_memio.o
 .debug_loc     0x0000d62e     0x1137 build/uspi_dwhcidevice.o
 .debug_loc     0x0000e765      0x100 build/uspi_dwhciregister.o
 .debug_loc     0x0000e865      0x524 build/proc.o
 .debug_loc     0x0000ed89      0x33c build/uspi_usbkeyboard.o
 .debug_loc     0x0000f0c5      0x1f0 build/timer.o
 .debug_loc     0x0000f2b5      0x1a9 build/uspi_devicenameservice.o
 .debug_loc     0x0000f45e      0xf11 build/uspi_usbgamepad.o
 .debug_loc     0x0001036f     0x13a7 build/fs.o
 .debug_loc     0x00011716       0xde build/uspi_dwhcirootport.o

.debug_frame    0x00000000     0x3af8
 .debug_frame   0x00000000       0x9c build/uspi_dwhciframeschednsplit.o
 .debug_frame   0x0000009c       0x40 build/exec.o
 .debug_frame   0x000000dc       0x40 build/uart_pl011.o
 .debug_frame   0x0000011c      0x1b8 build/uspi_string.o
 .debug_frame   0x000002d4       0x84 build/usb_storagedriver.o
 .debug_frame   0x00000358      0x268 build/sysfile.o
 .debug_frame   0x000005c0       0xd0 build/string.o
 .debug_frame   0x00000690       0xdc build/uspi_usbmidi.o
 .debug_frame   0x0000076c      0x194 build/uspi_usbdevice.o
 .debug_frame   0x00000900       0x48 build/uspi_usbdevicefactory.o
 .debug_frame   0x00000948      0x224 build/console.o
 .debug_frame   0x00000b6c       0xb8 build/spinlock.o
 .debug_frame   0x00000c24      0x138 build/trap.o
 .debug_frame   0x00000d5c       0xa4 build/uspi_dwhciframeschednper.o
 .debug_frame   0x00000e00      0x198 build/uspienv_timer.o
 .debug_frame   0x00000f98       0x88 build/main.o
 .debug_frame   0x00001020       0x8c build/bio.o
 .debug_frame   0x000010ac       0x80 build/syscall.o
 .debug_frame   0x0000112c      0x104 build/uspi_usbendpoint.o
 .debug_frame   0x00001230       0x78 build/uspi_usbconfigparser.o
 .debug_frame   0x000012a8       0x68 build/mailbox.o
 .debug_frame   0x00001310       0xec build/uspi_usbstandardhub.o
 .debug_frame   0x000013fc       0x60 build/memide.o
 .debug_frame   0x0000145c       0xb0 build/uspi_dwhciframeschedper.o
 .debug_frame   0x0000150c      0x180 build/uspi_usbmassdevice.o
 .debug_frame   0x0000168c       0x3c build/mmu.o
 .debug_frame   0x000016c8      0x118 build/uspi_smsc951x.o
 .debug_frame   0x000017e0       0xd4 build/log.o
 .debug_frame   0x000018b4       0xe8 build/uart.o
 .debug_frame   0x0000199c      0x284 build/uspi_dwhcixferstagedata.o
 .debug_frame   0x00001c20       0x94 build/uspi_keymap.o
 .debug_frame   0x00001cb4      0x120 build/file.o
 .debug_frame   0x00001dd4       0xe4 build/uspi_usbstring.o
 .debug_frame   0x00001eb8      0x218 build/uspi_library.o
 .debug_frame   0x000020d0      0x28c build/vm.o
 .debug_frame   0x0000235c      0x12c build/usb.o
 .debug_frame   0x00002488       0xe0 build/sysproc.o
 .debug_frame   0x00002568       0xe4 build/uspi_macaddress.o
 .debug_frame   0x0000264c       0xa0 build/pipe.o
 .debug_frame   0x000026ec       0xdc build/uspi_usbrequest.o
 .debug_frame   0x000027c8       0x40 build/uspi_synchronize.o
 .debug_frame   0x00002808       0xdc build/uspi_usbmouse.o
 .debug_frame   0x000028e4       0xa8 build/kalloc.o
 .debug_frame   0x0000298c       0xc0 build/uspi_util.o
 .debug_frame   0x00002a4c      0x218 build/uspi_lan7800.o
 .debug_frame   0x00002c64       0x30 build/uspienv_memio.o
 .debug_frame   0x00002c94      0x4c8 build/uspi_dwhcidevice.o
 .debug_frame   0x0000315c       0xf0 build/uspi_dwhciregister.o
 .debug_frame   0x0000324c      0x1b8 build/proc.o
 .debug_frame   0x00003404      0x104 build/uspi_usbkeyboard.o
 .debug_frame   0x00003508       0x9c build/timer.o
 .debug_frame   0x000035a4       0x88 build/uspi_devicenameservice.o
 .debug_frame   0x0000362c      0x15c build/uspi_usbgamepad.o
 .debug_frame   0x00003788      0x304 build/fs.o
 .debug_frame   0x00003a8c       0x6c build/uspi_dwhcirootport.o
