
Allocating common symbols
Common symbol       size              file

uart_lock           0x4               build/uart_pl011.o
log                 0x70              build/log.o
kmem                0x3c              build/kalloc.o
pUSBParam           0x4               build/trap.o
bcache              0x173c            build/bio.o
pUSBTimerParam      0x4               build/trap.o
input               0xc0              build/console.o
uart_disabled       0x4               build/uart.o
device_handler      0x230             build/main.o
nUSBTimerIRQ        0x4               build/trap.o
kpgdir              0x4               build/vm.o
mb_data             0x28              build/main.o
tickslock           0x34              build/trap.o
ftable              0x994             build/file.o
cpus                0xe0              build/exec.o
mailbuffer          0x4               build/mailbox.o
pUSBTimerHandler    0x4               build/trap.o
pm_size             0x4               build/mmu.o
ticks               0x4               build/trap.o
pUSBHandler         0x4               build/trap.o
ptable              0x1f34            build/proc.o
nUSBIRQ             0x4               build/trap.o
devsw               0x50              build/file.o
icache              0xfd4             build/fs.o

Discarded input sections

 .note.GNU-stack
                0x00000000        0x0 build/uspi_dwhciframeschednsplit.o
 .note.GNU-stack
                0x00000000        0x0 build/exec.o
 .note.GNU-stack
                0x00000000        0x0 build/trap.o
 .note.GNU-stack
                0x00000000        0x0 build/uspi_string.o
 .note.GNU-stack
                0x00000000        0x0 build/sysfile.o
 .note.GNU-stack
                0x00000000        0x0 build/uspi_usbendpoint.o
 .note.GNU-stack
                0x00000000        0x0 build/bio.o
 .note.GNU-stack
                0x00000000        0x0 build/uspi_usbdevicefactory.o
 .note.GNU-stack
                0x00000000        0x0 build/fs.o
 .note.GNU-stack
                0x00000000        0x0 build/console.o
 .note.GNU-stack
                0x00000000        0x0 build/spinlock.o
 .note.GNU-stack
                0x00000000        0x0 build/uspi_usbconfigparser.o
 .note.GNU-stack
                0x00000000        0x0 build/uspienv_timer.o
 .note.GNU-stack
                0x00000000        0x0 build/main.o
 .note.GNU-stack
                0x00000000        0x0 build/vm.o
 .note.GNU-stack
                0x00000000        0x0 build/uspi_dwhciframeschedper.o
 .note.GNU-stack
                0x00000000        0x0 build/uspi_usbstandardhub.o
 .note.GNU-stack
                0x00000000        0x0 build/uspi_dwhciframeschednper.o
 .note.GNU-stack
                0x00000000        0x0 build/uspi_dwhcixferstagedata.o
 .note.GNU-stack
                0x00000000        0x0 build/uspi_keymap.o
 .note.GNU-stack
                0x00000000        0x0 build/memide.o
 .note.GNU-stack
                0x00000000        0x0 build/uspi_library.o
 .note.GNU-stack
                0x00000000        0x0 build/mailbox.o
 .note.GNU-stack
                0x00000000        0x0 build/uart_pl011.o
 .note.GNU-stack
                0x00000000        0x0 build/uspi_usbdevice.o
 .note.GNU-stack
                0x00000000        0x0 build/mmu.o
 .note.GNU-stack
                0x00000000        0x0 build/uspi_smsc951x.o
 .note.GNU-stack
                0x00000000        0x0 build/log.o
 .note.GNU-stack
                0x00000000        0x0 build/uspi_macaddress.o
 .note.GNU-stack
                0x00000000        0x0 build/uart.o
 .note.GNU-stack
                0x00000000        0x0 build/syscall.o
 .note.GNU-stack
                0x00000000        0x0 build/uspi_usbmassdevice.o
 .note.GNU-stack
                0x00000000        0x0 build/uspi_usbstring.o
 .note.GNU-stack
                0x00000000        0x0 build/usb.o
 .note.GNU-stack
                0x00000000        0x0 build/sysproc.o
 .note.GNU-stack
                0x00000000        0x0 build/file.o
 .note.GNU-stack
                0x00000000        0x0 build/string.o
 .note.GNU-stack
                0x00000000        0x0 build/pipe.o
 .note.GNU-stack
                0x00000000        0x0 build/uspi_usbrequest.o
 .note.GNU-stack
                0x00000000        0x0 build/uspi_synchronize.o
 .note.GNU-stack
                0x00000000        0x0 build/uspienv_memio.o
 .note.GNU-stack
                0x00000000        0x0 build/uspi_usbmouse.o
 .note.GNU-stack
                0x00000000        0x0 build/uspi_usbmidi.o
 .note.GNU-stack
                0x00000000        0x0 build/uspi_lan7800.o
 .note.GNU-stack
                0x00000000        0x0 build/kalloc.o
 .note.GNU-stack
                0x00000000        0x0 build/uspi_util.o
 .note.GNU-stack
                0x00000000        0x0 build/uspi_dwhcidevice.o
 .note.GNU-stack
                0x00000000        0x0 build/uspi_dwhciregister.o
 .note.GNU-stack
                0x00000000        0x0 build/proc.o
 .note.GNU-stack
                0x00000000        0x0 build/uspi_usbkeyboard.o
 .note.GNU-stack
                0x00000000        0x0 build/timer.o
 .note.GNU-stack
                0x00000000        0x0 build/uspi_devicenameservice.o
 .note.GNU-stack
                0x00000000        0x0 build/uspi_usbgamepad.o
 .note.GNU-stack
                0x00000000        0x0 build/uspi_dwhcirootport.o

Memory Configuration

Name             Origin             Length             Attributes
*default*        0x00000000         0xffffffff

Linker script and memory map

LOAD build/entry.o
LOAD build/exception.o
LOAD build/uspienv_delayloop.o
LOAD build/uspi_dwhciframeschednsplit.o
LOAD build/exec.o
LOAD build/trap.o
LOAD build/uspi_string.o
LOAD build/sysfile.o
LOAD build/uspi_usbendpoint.o
LOAD build/bio.o
LOAD build/uspi_usbdevicefactory.o
LOAD build/fs.o
LOAD build/console.o
LOAD build/spinlock.o
LOAD build/uspi_usbconfigparser.o
LOAD build/uspienv_timer.o
LOAD build/main.o
LOAD build/vm.o
LOAD build/uspi_dwhciframeschedper.o
LOAD build/uspi_usbstandardhub.o
LOAD build/uspi_dwhciframeschednper.o
LOAD build/uspi_dwhcixferstagedata.o
LOAD build/uspi_keymap.o
LOAD build/memide.o
LOAD build/uspi_library.o
LOAD build/mailbox.o
LOAD build/uart_pl011.o
LOAD build/uspi_usbdevice.o
LOAD build/mmu.o
LOAD build/uspi_smsc951x.o
LOAD build/log.o
LOAD build/uspi_macaddress.o
LOAD build/uart.o
LOAD build/syscall.o
LOAD build/uspi_usbmassdevice.o
LOAD build/uspi_usbstring.o
LOAD build/usb.o
LOAD build/sysproc.o
LOAD build/file.o
LOAD build/string.o
LOAD build/pipe.o
LOAD build/uspi_usbrequest.o
LOAD build/uspi_synchronize.o
LOAD build/uspienv_memio.o
LOAD build/uspi_usbmouse.o
LOAD build/uspi_usbmidi.o
LOAD build/uspi_lan7800.o
LOAD build/kalloc.o
LOAD build/uspi_util.o
LOAD build/uspi_dwhcidevice.o
LOAD build/uspi_dwhciregister.o
LOAD build/proc.o
LOAD build/uspi_usbkeyboard.o
LOAD build/timer.o
LOAD build/uspi_devicenameservice.o
LOAD build/uspi_usbgamepad.o
LOAD build/uspi_dwhcirootport.o
                0x00000000                PHYSTART = 0x0
                0x10000000                PHYSIZE = 0x10000000
                0x80000000                KERNBASE = 0x80000000
                0x3f000000                MMIO_PA = 0x3f000000
                0xd0000000                MMIO_VA = 0xd0000000
                0x01000000                MMIO_SIZE = 0x1000000
                0xdf000000                PERIPHBASE = 0xdf000000
                0x00004000                K_PDX_BASE = 0x4000
                0x00003000                K_PTX_BASE = 0x3000
                0x00008000                PHYSOFFSET = 0x8000
                0x80008000                KERNOFFSET = 0x80008000
                0x80008000                PHYSOFFSET = DEFINED (PHYSOFFSET)?PHYSOFFSET:0x80008000
                0xc0008000                KERNOFFSET = DEFINED (KERNOFFSET)?KERNOFFSET:0xc0008000
                0x80000000                SHIFT = (KERNOFFSET - PHYSOFFSET)

.init           0x00008000      0x1d4
 *(.init)
 .init          0x00008000      0x1d4 build/entry.o
                0x00008000                _start
                0x00008200                . = ALIGN (0x100)
                0x00008200                INIT_END = .
                0x80008200                . = (. + SHIFT)

.text           0x80008200     0xfd3c load address 0x00008200
 *.c.o(.text)
 *(.text .stub .text.*)
 .text          0x80008200       0x94 build/entry.o
                0x80008200                _pagingstart
                0x80008208                acknowledge
                0x8000822c                dsb_barrier
                0x80008238                flush_dcache_all
                0x80008244                flush_idcache
                0x80008250                flush_tlb
                0x80008270                flush_dcache
                0x8000827c                set_pgtbase
                0x80008284                getsystemtime
 *fill*         0x80008294        0xc 
 .text          0x800082a0      0x284 build/exception.o
                0x800082a0                vectors
                0x80008338                trapret
                0x80008478                set_mode_sp
                0x8000849c                readcpsr
                0x800084a4                cli
                0x800084b4                sti
                0x800084c4                swtch
 *fill*         0x80008524        0x4 
 .text          0x80008528        0xc build/uspienv_delayloop.o
                0x80008528                DelayLoop
 .text          0x80008534       0xdc build/uspi_dwhciframeschednsplit.o
                0x80008534                DWHCIFrameSchedulerNoSplitStartSplit
                0x80008538                DWHCIFrameSchedulerNoSplitCompleteSplit
                0x80008540                DWHCIFrameSchedulerNoSplitTransactionComplete
                0x80008544                DWHCIFrameSchedulerNoSplitIsOddFrame
                0x80008550                DWHCIFrameSchedulerNoSplitWaitForFrame
                0x800085b4                _DWHCIFrameSchedulerNoSplit
                0x800085b8                DWHCIFrameSchedulerNoSplit
 .text          0x80008610      0x2a8 build/exec.o
                0x80008610                exec
 .text          0x800088b8      0x604 build/trap.o
                0x800088b8                led25_on
                0x800088d8                led25_off
                0x800088f8                enable_intrs
                0x8000891c                disable_intrs
                0x80008940                tvinit
                0x80008a2c                trap_oops
                0x80008ac4                handle_irq
                0x80008b2c                trap
                0x80008dd4                ConnectInterrupt
                0x80008e48                ConnectTimerInterrupt
 .text          0x80008ebc      0x9a0 build/uspi_string.o
                0x80008f1c                String
                0x80008f2c                String2
                0x80008f5c                _String
                0x80008f84                StringGet
                0x80008f9c                StringSet
                0x80008fe0                StringGetLength
                0x80008ff0                StringAppend
                0x8000906c                StringCompare
                0x80009074                StringFind
                0x800090b8                StringPutChar
                0x800090f8                StringPutString
                0x8000913c                StringFormatV
                0x800097a0                StringFormat
                0x800097cc                StringReserveSpace
                0x800097d8                ntoa
 .text          0x8000985c      0xafc build/sysfile.o
                0x80009a3c                sys_dup
                0x80009ab4                sys_read
                0x80009b38                sys_write
                0x80009ba4                sys_close
                0x80009bf8                sys_fstat
                0x80009c44                sys_link
                0x80009d54                sys_unlink
                0x80009f10                sys_open
                0x8000a044                sys_mkdir
                0x8000a0a0                sys_mknod
                0x8000a154                sys_chdir
                0x8000a1d4                sys_exec
                0x8000a290                sys_pipe
 .text          0x8000a358      0x20c build/uspi_usbendpoint.o
                0x8000a358                USBEndpoint
                0x8000a384                USBEndpoint2
                0x8000a474                USBEndpointCopy
                0x8000a4b0                _USBEndpoint
                0x8000a4bc                USBEndpointGetDevice
                0x8000a4c4                USBEndpointGetNumber
                0x8000a4cc                USBEndpointGetType
                0x8000a4d4                USBEndpointIsDirectionIn
                0x8000a4dc                USBEndpointSetMaxPacketSize
                0x8000a4e4                USBEndpointGetMaxPacketSize
                0x8000a4ec                USBEndpointGetInterval
                0x8000a4f4                USBEndpointGetNextPID
                0x8000a504                USBEndpointSkipPID
                0x8000a558                USBEndpointResetPID
 .text          0x8000a564      0x238 build/bio.o
                0x8000a564                binit
                0x8000a5ec                bread
                0x8000a6ec                bwrite
                0x8000a714                brelse
 .text          0x8000a79c      0x230 build/uspi_usbdevicefactory.o
                0x8000a79c                GetDevice
                0x8000a96c                USBDeviceFactoryGetDevice
 .text          0x8000a9cc      0xd54 build/fs.o
                0x8000aaa4                readsb
                0x8000ad08                iinit
                0x8000ad38                ialloc
                0x8000ade8                iupdate
                0x8000ae64                idup
                0x8000ae98                ilock
                0x8000afa0                iunlock
                0x8000b000                iput
                0x8000b150                iunlockput
                0x8000b168                stati
                0x8000b190                readi
                0x8000b27c                writei
                0x8000b398                namecmp
                0x8000b3a0                dirlookup
                0x8000b620                dirlink
                0x8000b6f8                namei
                0x8000b714                nameiparent
 .text          0x8000b720      0xaa8 build/console.o
                0x8000b720                consoleread
                0x8000b814                setgpucolour
                0x8000b824                initframebuf
                0x8000b87c                drawpixel
                0x8000b8bc                drawcursor
                0x8000b930                drawcharacter
                0x8000b9c8                gpuputc
                0x8000bbc0                consolewrite
                0x8000bcd0                panic
                0x8000bd44                cprintf
                0x8000bec8                consputc
                0x8000bf64                consoleintr
                0x8000c0d0                gpuinit
                0x8000c12c                consoleinit
 .text          0x8000c1c8      0x194 build/spinlock.o
                0x8000c1c8                initlock
                0x8000c1dc                getcallerpcs
                0x8000c1e0                holding
                0x8000c208                pushcli
                0x8000c240                acquire
                0x8000c2bc                popcli
                0x8000c318                release
 .text          0x8000c35c      0x1e4 build/uspi_usbconfigparser.o
                0x8000c35c                USBConfigurationParser
                0x8000c46c                _USBConfigurationParser
                0x8000c478                USBConfigurationParserIsValid
                0x8000c480                USBConfigurationParserGetDescriptor
                0x8000c520                USBConfigurationParserError
 .text          0x8000c540      0x3ac build/uspienv_timer.o
                0x8000c580                TimerEnvInit
                0x8000c5d0                _Timer
                0x8000c5e4                TimerGetClockTicks
                0x8000c600                TimerGetTicks
                0x8000c608                TimerGetTime
                0x8000c610                TimerStartKernelTimer
                0x8000c67c                TimerCancelKernelTimer
                0x8000c690                TimerMsDelay
                0x8000c6a4                TimerusDelay
                0x8000c6b8                TimerGet
                0x8000c6c8                TimerSimpleMsDelay
                0x8000c6e4                TimerSimpleusDelay
                0x8000c6f0                TimerPollKernelTimers
                0x8000c768                TimerInterruptHandler
                0x8000c820                TimerTuneMsDelay
                0x8000c884                TimerInitialize
 .text          0x8000c8ec      0x514 build/main.o
                0x8000c8ec                OkLoop
                0x8000c930                NotOkLoop
                0x8000c974                getpmsize
                0x8000c9e8                dhandlerinit
                0x8000c9fc                machinit
                0x8000ca10                readTest
                0x8000cb00                test2
                0x8000cb44                test
                0x8000cc90                cmain
 .text          0x8000ce00      0x7f0 build/vm.o
                0x8000cffc                setupkvm
                0x8000d020                setupkvm_new
                0x8000d0c4                kvmalloc
                0x8000d0dc                switchkvm
                0x8000d0e0                switchkvm_new
                0x8000d10c                switchuvm
                0x8000d154                inituvm
                0x8000d1cc                loaduvm
                0x8000d2b0                allocuvm
                0x8000d3a4                deallocuvm
                0x8000d3b8                freevm
                0x8000d428                clearpteu
                0x8000d45c                copyuvm
                0x8000d53c                uva2ka
                0x8000d570                copyout
 .text          0x8000d5f0      0x21c build/uspi_dwhciframeschedper.o
                0x8000d5f0                _DWHCIFrameSchedulerPeriodic
                0x8000d5fc                DWHCIFrameSchedulerPeriodicStartSplit
                0x8000d610                DWHCIFrameSchedulerPeriodicIsOddFrame
                0x8000d61c                DWHCIFrameSchedulerPeriodicWaitForFrame
                0x8000d68c                DWHCIFrameSchedulerPeriodicCompleteSplit
                0x8000d6f4                DWHCIFrameSchedulerPeriodicTransactionComplete
                0x8000d7ac                DWHCIFrameSchedulerPeriodic
 .text          0x8000d80c      0xa34 build/uspi_usbstandardhub.o
                0x8000d80c                USBStandardHub
                0x8000d850                _USBStandardHub
                0x8000d8dc                USBStandardHubInitialize
                0x8000d8e0                USBStandardHubGetDeviceNames
                0x8000d9a8                USBStandardHubEnumeratePorts
                0x8000df90                USBStandardHubConfigure
 .text          0x8000e240      0x18c build/uspi_dwhciframeschednper.o
                0x8000e240                _DWHCIFrameSchedulerNonPeriodic
                0x8000e24c                DWHCIFrameSchedulerNonPeriodicStartSplit
                0x8000e258                DWHCIFrameSchedulerNonPeriodicWaitForFrame
                0x8000e25c                DWHCIFrameSchedulerNonPeriodicIsOddFrame
                0x8000e264                DWHCIFrameSchedulerNonPeriodicCompleteSplit
                0x8000e2b8                DWHCIFrameSchedulerNonPeriodicTransactionComplete
                0x8000e378                DWHCIFrameSchedulerNonPeriodic
 .text          0x8000e3cc      0x4ac build/uspi_dwhcixferstagedata.o
                0x8000e3cc                DWHCITransferStageData
                0x8000e59c                _DWHCITransferStageData
                0x8000e5f8                DWHCITransferStageDataTransactionComplete
                0x8000e6e4                DWHCITransferStageDataSetSplitComplete
                0x8000e6ec                DWHCITransferStageDataSetState
                0x8000e6f4                DWHCITransferStageDataGetState
                0x8000e6fc                DWHCITransferStageDataSetSubState
                0x8000e704                DWHCITransferStageDataGetSubState
                0x8000e70c                DWHCITransferStageDataBeginSplitCycle
                0x8000e714                DWHCITransferStageDataGetChannelNumber
                0x8000e71c                DWHCITransferStageDataIsPeriodic
                0x8000e73c                DWHCITransferStageDataGetDeviceAddress
                0x8000e744                DWHCITransferStageDataGetEndpointType
                0x8000e770                DWHCITransferStageDataGetEndpointNumber
                0x8000e778                DWHCITransferStageDataGetMaxPacketSize
                0x8000e780                DWHCITransferStageDataGetSpeed
                0x8000e788                DWHCITransferStageDataGetPID
                0x8000e7b8                DWHCITransferStageDataIsDirectionIn
                0x8000e7c0                DWHCITransferStageDataIsStatusStage
                0x8000e7c8                DWHCITransferStageDataGetDMAAddress
                0x8000e7d0                DWHCITransferStageDataGetBytesToTransfer
                0x8000e7d8                DWHCITransferStageDataGetPacketsToTransfer
                0x8000e7e0                DWHCITransferStageDataIsSplit
                0x8000e7e8                DWHCITransferStageDataIsSplitComplete
                0x8000e7f0                DWHCITransferStageDataGetHubAddress
                0x8000e7f8                DWHCITransferStageDataGetHubPortAddress
                0x8000e800                DWHCITransferStageDataGetSplitPosition
                0x8000e808                DWHCITransferStageDataGetStatusMask
                0x8000e83c                DWHCITransferStageDataGetTransactionStatus
                0x8000e844                DWHCITransferStageDataIsStageComplete
                0x8000e854                DWHCITransferStageDataGetResultLen
                0x8000e868                DWHCITransferStageDataGetURB
                0x8000e870                DWHCITransferStageDataGetFrameScheduler
 .text          0x8000e878      0x2b8 build/uspi_keymap.o
                0x8000e878                KeyMap
                0x8000e89c                _KeyMap
                0x8000e8a0                KeyMapClearTable
                0x8000e8d8                KeyMapSetEntry
                0x8000e928                KeyMapTranslate
                0x8000ea48                KeyMapGetString
                0x8000eb00                KeyMapGetLEDStatus
 .text          0x8000eb30      0x104 build/memide.o
                0x8000eb30                ideinit
                0x8000eb64                ideintr
                0x8000eb68                iderw
                0x8000ec18                usbrw
 .text          0x8000ec34      0x74c build/uspi_library.o
                0x8000ec34                USPiInitialize
                0x8000ee44                USPiKeyboardAvailable
                0x8000ee60                USPiKeyboardRegisterKeyPressedHandler
                0x8000ee78                USPiKeyboardRegisterShutdownHandler
                0x8000ee90                USPiKeyboardRegisterKeyStatusHandlerRaw
                0x8000eea8                USPiMouseAvailable
                0x8000eec4                USPiMouseRegisterStatusHandler
                0x8000eedc                USPiMassStorageDeviceAvailable
                0x8000ef0c                USPiMassStorageDeviceRead
                0x8000ef80                USPiMassStorageDeviceWrite
                0x8000eff4                USPiMassStorageDeviceGetCapacity
                0x8000f024                USPiEthernetAvailable
                0x8000f054                USPiGetMACAddress
                0x8000f098                USPiSendFrame
                0x8000f0ec                USPiReceiveFrame
                0x8000f140                USPiGamePadAvailable
                0x8000f170                USPiGamePadRegisterStatusHandler
                0x8000f1b0                USPiGamePadGetStatus
                0x8000f1f4                USPiMIDIAvailable
                0x8000f210                USPiMIDIRegisterPacketHandler
                0x8000f228                USPiDeviceGetInformation
 .text          0x8000f380      0x120 build/mailbox.o
                0x8000f380                create_request
                0x8000f414                mailboxinit
                0x8000f42c                readmailbox
                0x8000f464                writemailbox
 .text          0x8000f4a0       0x94 build/uart_pl011.o
                0x8000f4a0                uartinit_fvp
                0x8000f4d4                uartputc_fvp
                0x8000f518                uartgetc_fvp
 .text          0x8000f534      0x6b4 build/uspi_usbdevice.o
                0x8000f534                USBDeviceConfigure
                0x8000f598                USBDevice
                0x8000f608                USBDeviceCopy
                0x8000f6fc                _USBDevice
                0x8000f794                USBDeviceInitialize
                0x8000fa9c                USBDeviceGetName
                0x8000fb90                USBDeviceGetAddress
                0x8000fb98                USBDeviceGetSpeed
                0x8000fba0                USBDeviceGetHubAddress
                0x8000fba8                USBDeviceGetHubPortNumber
                0x8000fbb0                USBDeviceGetEndpoint0
                0x8000fbb8                USBDeviceGetHost
                0x8000fbc0                USBDeviceGetDeviceDescriptor
                0x8000fbc8                USBDeviceGetConfigurationDescriptor
                0x8000fbd0                USBDeviceGetDescriptor
                0x8000fbd8                USBDeviceConfigurationError
                0x8000fbe0                USBDeviceSetAddress
 .text          0x8000fbe8      0x108 build/mmu.o
                0x8000fbe8                mmuinit0
                0x8000fc8c                mmuinit1
 .text          0x8000fcf0      0x5d0 build/uspi_smsc951x.o
                0x8000fcf0                SMSC951xDevice
                0x8000fd28                _SMSC951xDevice
                0x8000fd94                SMSC951xDeviceGetMACAddress
                0x8000fd9c                SMSC951xDeviceSendFrame
                0x8000fdfc                SMSC951xDeviceReceiveFrame
                0x8000fee4                SMSC951xDeviceWriteReg
                0x8000ff4c                SMSC951xDeviceConfigure
                0x80010258                SMSC951xDeviceReadReg
 .text          0x800102c0      0x344 build/log.o
                0x800103a8                initlog
                0x80010454                begin_trans
                0x800104ac                commit_trans
                0x80010508                log_write
 .text          0x80010604      0x118 build/uspi_macaddress.o
                0x80010604                MACAddress
                0x80010610                _MACAddress
                0x8001061c                MACAddressIsEqual
                0x8001063c                MACAddressSet
                0x8001065c                MACAddress2
                0x80010660                MACAddressSetBroadcast
                0x80010684                MACAddressGet
                0x8001068c                MACAddressCopyTo
                0x800106a0                MACAddressIsBroadcast
                0x800106cc                MACAddressGetSize
                0x800106d4                MACAddressFormat
 .text          0x8001071c      0x3d8 build/uart.o
                0x800107c4                led18_on
                0x800107e8                led18_off
                0x8001080c                setgpioval
                0x80010870                setgpiofunc
                0x8001087c                enableirqminiuart
                0x80010894                disableirqminiuart
                0x800108ac                uartputc
                0x80010940                miniuartintr
                0x80010a20                uartinit
 .text          0x80010af4      0x264 build/syscall.o
                0x80010af4                fetchint
                0x80010b30                fetchstr
                0x80010b98                argint
                0x80010be0                argptr
                0x80010c40                argstr
                0x80010ccc                syscall
 .text          0x80010d58      0xd0c build/uspi_usbmassdevice.o
                0x80010d58                USBBulkOnlyMassStorageDevice
                0x80010d94                _USBBulkOnlyMassStorageDevice
                0x80010de8                __USBBulkOnlyMassStorageDeviceCommand
                0x80010f6c                USBBulkOnlyMassStorageDeviceSeek
                0x80010f7c                USBBulkOnlyMassStorageDeviceGetCapacity
                0x80010f84                USBBulkOnlyMassStorageDeviceCommand
                0x8001118c                USBBulkOnlyMassStorageDeviceConfigure
                0x800115d8                USBBulkOnlyMassStorageDeviceTryRead
                0x8001173c                USBBulkOnlyMassStorageDeviceTryWrite
                0x8001182c                USBBulkOnlyMassStorageDeviceReset
                0x80011960                USBBulkOnlyMassStorageDeviceRead
                0x800119fc                USBBulkOnlyMassStorageDeviceWrite
 .text          0x80011a64      0x3e4 build/uspi_usbstring.o
                0x80011a64                USBString
                0x80011a8c                USBStringCopy
                0x80011af4                _USBString
                0x80011b34                USBStringGetFromDescriptor
                0x80011cdc                USBStringGet
                0x80011ce4                USBStringGetLanguageID
 .text          0x80011e48      0x46c build/usb.o
                0x80011eb4                malloc
                0x80011ed0                free
                0x80011ed4                MsDelay
                0x80011f08                usDelay
                0x80011f38                StartKernelTimer
                0x80011f70                CancelKernelTimer
                0x80011f88                SetPowerStateOn
                0x80012014                GetMACAddress
                0x8001201c                LogWrite
                0x80012078                usbinit
                0x80012140                newRequest
                0x80012180                clearDevice
                0x800121ac                usb_fileread
                0x800122ac                usb_read
 .text          0x800122b4      0x1b0 build/sysproc.o
                0x800122b4                sys_fork
                0x800122b8                sys_exit
                0x800122c8                sys_wait
                0x800122cc                sys_kill
                0x80012300                sys_getpid
                0x80012314                sys_sbrk
                0x80012364                sys_sleep
                0x80012434                sys_uptime
 .text          0x80012464      0x350 build/file.o
                0x80012464                fileinit
                0x80012494                filealloc
                0x80012500                filedup
                0x80012548                fileclose
                0x800125e8                filestat
                0x8001262c                fileread
                0x800126b8                filewrite
 .text          0x800127b4      0x2cc build/string.o
                0x800127b4                memsetw
                0x800127d8                memsetb
                0x800127f8                memset
                0x80012864                memcmp
                0x800128b0                memmove
                0x80012910                memcpy
                0x80012914                strncmp
                0x80012980                strncpy
                0x800129d8                safestrcpy
                0x80012a14                strlen
                0x80012a44                div
 .text          0x80012a80      0x314 build/pipe.o
                0x80012a80                pipealloc
                0x80012b5c                pipeclose
                0x80012bbc                pipewrite
                0x80012c90                piperead
 .text          0x80012d94       0xb4 build/uspi_usbrequest.o
                0x80012d94                USBRequest
                0x80012dc4                _USBRequest
                0x80012ddc                USBRequestGetEndpoint
                0x80012de4                USBRequestSetStatus
                0x80012dec                USBRequestSetResultLen
                0x80012df4                USBRequestGetStatus
                0x80012dfc                USBRequestGetResultLength
                0x80012e04                USBRequestGetSetupData
                0x80012e0c                USBRequestGetBuffer
                0x80012e14                USBRequestGetBufLen
                0x80012e1c                USBRequestSetCompletionRoutine
                0x80012e2c                USBRequestCallCompletionRoutine
 .text          0x80012e48       0xa8 build/uspi_synchronize.o
                0x80012e48                uspi_EnterCritical
                0x80012e84                uspi_LeaveCritical
                0x80012ec0                uspi_CleanAndInvalidateDataCacheRange
 .text          0x80012ef0       0x10 build/uspienv_memio.o
                0x80012ef0                read32
                0x80012ef8                write32
 .text          0x80012f00      0x3fc build/uspi_usbmouse.o
                0x80012f60                USBMouseDeviceConfigure
                0x8001326c                USBMouseDevice
                0x800132a8                _CUSBMouseDevice
                0x800132f4                USBMouseDeviceRegisterStatusHandler
 .text          0x800132fc      0x378 build/uspi_usbmidi.o
                0x8001335c                USBMIDIDeviceConfigure
                0x800135f0                USBMIDIDevice
                0x80013620                _CUSBMIDIDevice
                0x8001366c                USBMIDIDeviceRegisterPacketHandler
 .text          0x80013674      0xad4 build/uspi_lan7800.o
                0x80013674                LAN7800Device
                0x800136ac                _LAN7800Device
                0x80013718                LAN7800DeviceGetMACAddress
                0x80013720                LAN7800DeviceSendFrame
                0x80013784                LAN7800DeviceReceiveFrame
                0x80013860                LAN7800DeviceWriteReg
                0x800138f4                LAN7800DeviceInitMACAddress
                0x800139dc                LAN7800DeviceReadReg
                0x80013a64                LAN7800DeviceWaitReg
                0x80013ad0                LAN7800DevicePHYWrite
                0x80013b54                LAN7800DevicePHYRead
                0x80013bf0                LAN7800DeviceIsLinkUp
                0x80013c18                LAN7800DeviceInitPHY
                0x80013c5c                LAN7800DeviceReadWriteReg
                0x80013ca8                LAN7800DeviceConfigure
 .text          0x80014148      0x1f4 build/kalloc.o
                0x80014148                kfree
                0x800141dc                freerange
                0x80014218                kinit1
                0x8001428c                kinit2
                0x800142d8                kalloc
 .text          0x8001433c      0x224 build/uspi_util.o
                0x8001433c                uspi_memset
                0x80014360                uspi_memcpy
                0x80014384                uspi_memcmp
                0x800143e0                uspi_strlen
                0x80014408                uspi_strcmp
                0x80014480                uspi_strcpy
                0x800144ac                uspi_strncpy
                0x800144f8                uspi_strcat
                0x8001453c                uspi_char2int
                0x8001454c                uspi_le2be16
                0x80014558                uspi_le2be32
 .text          0x80014560     0x1af4 build/uspi_dwhcidevice.o
                0x80014560                DWHCIDeviceCompletionRoutine
                0x8001456c                DWHCIDevice
                0x800145ac                _DWHCIDevice
                0x800145b4                DWHCIDeviceEnableGlobalInterrupts
                0x800145f8                DWHCIDeviceEnableCommonInterrupts
                0x80014630                DWHCIDeviceEnableHostInterrupts
                0x8001468c                DWHCIDeviceEnableChannelInterrupt
                0x800146e0                DWHCIDeviceDisableChannelInterrupt
                0x80014734                DWHCIDeviceStartChannel
                0x80014aac                DWHCIDeviceStartTransaction
                0x80014b7c                DWHCIDeviceTimerHandler
                0x80014be4                DWHCIDeviceChannelInterruptHandler
                0x80015038                DWHCIDeviceInterruptHandler
                0x80015130                DWHCIDeviceAllocateChannel
                0x800151a8                DWHCIDeviceTransferStageAsync
                0x800152c0                DWHCIDeviceSubmitAsyncRequest
                0x80015304                DWHCIDeviceTransferStage
                0x800153a8                DWHCIDeviceSubmitBlockingRequest
                0x800154e4                DWHCIDeviceControlMessage
                0x80015584                DWHCIDeviceGetDescriptor
                0x800155c4                DWHCIDeviceSetAddress
                0x8001560c                DWHCIDeviceSetConfiguration
                0x80015654                DWHCIDeviceTransfer
                0x800156f0                DWHCIDeviceFreeChannel
                0x80015718                DWHCIDeviceWaitForBit
                0x80015774                DWHCIDeviceEnableRootPort
                0x80015834                DWHCIDeviceReset
                0x800158e0                DWHCIDeviceInitCore
                0x80015ab4                DWHCIDeviceFlushTxFIFO
                0x80015b40                DWHCIDeviceFlushRxFIFO
                0x80015bb0                DWHCIDeviceInitHost
                0x80015dac                DWHCIDeviceInitialize
                0x80015f78                DWHCIDeviceGetPortSpeed
                0x80015fc4                DWHCIDeviceOvercurrentDetected
                0x80016010                DWHCIDeviceDisableRootPort
 .text          0x80016054       0xf4 build/uspi_dwhciregister.o
                0x80016054                DWHCIRegister
                0x80016064                DWHCIRegister2
                0x80016074                _DWHCIRegister
                0x80016080                DWHCIRegisterRead
                0x8001609c                DWHCIRegisterWrite
                0x800160ac                DWHCIRegisterGet
                0x800160b4                DWHCIRegisterSet
                0x800160c4                DWHCIRegisterIsSet
                0x800160d8                DWHCIRegisterAnd
                0x800160e8                DWHCIRegisterOr
                0x800160f8                DWHCIRegisterClearBit
                0x8001610c                DWHCIRegisterSetBit
                0x80016120                DWHCIRegisterClearAll
                0x80016134                DWHCIRegisterSetAll
 .text          0x80016148      0x89c build/proc.o
                0x80016230                forkret
                0x80016264                pinit
                0x80016294                userinit
                0x80016344                growproc
                0x800163a8                fork
                0x80016490                scheduler
                0x80016554                sched
                0x800165e8                exit
                0x80016734                yield
                0x8001676c                sleep
                0x80016820                wait
                0x800168fc                wakeup
                0x80016964                kill
                0x800169e0                procdump
 .text          0x800169e4      0x540 build/uspi_usbkeyboard.o
                0x80016a44                USBKeyboardDeviceConfigure
                0x80016e58                USBKeyboardDevice
                0x80016eb0                _CUSBKeyboardDevice
                0x80016f04                USBKeyboardDeviceRegisterKeyPressedHandler
                0x80016f0c                USBKeyboardDeviceRegisterSelectConsoleHandler
                0x80016f14                USBKeyboardDeviceRegisterShutdownHandler
                0x80016f1c                USBKeyboardDeviceRegisterKeyStatusHandlerRaw
 .text          0x80016f24      0x120 build/timer.o
                0x80016f24                enabletimer3irq
                0x80016f3c                timer3init
                0x80016f84                timer3intr
                0x80016fd8                delay
                0x80017004                led_on
                0x80017024                led_off
 .text          0x80017044      0x128 build/uspi_devicenameservice.o
                0x80017044                DeviceNameService
                0x8001705c                _DeviceNameService
                0x800170b4                DeviceNameServiceAddDevice
                0x80017108                DeviceNameServiceGetDevice
                0x8001715c                DeviceNameServiceGet
 .text          0x8001716c      0xbc4 build/uspi_usbgamepad.o
                0x80017720                USBGamePadDeviceConfigure
                0x80017ba4                USBGamePadDevice
                0x80017c38                _CUSBGamePadDevice
                0x80017cbc                USBGamePadDeviceRegisterStatusHandler
                0x80017cc4                USBGamePadDeviceGetReport
 .text          0x80017d30      0x20c build/uspi_dwhcirootport.o
                0x80017d30                DWHCIRootPort
                0x80017d3c                _DWHCIRootPort
                0x80017d70                DWHCIRootPortInitialize

.glue_7         0x80017f3c        0x0 load address 0x00017f3c
 .glue_7        0x80017f3c        0x0 linker stubs

.glue_7t        0x80017f3c        0x0 load address 0x00017f3c
 .glue_7t       0x80017f3c        0x0 linker stubs

.vfp11_veneer   0x80017f3c        0x0 load address 0x00017f3c
 .vfp11_veneer  0x80017f3c        0x0 linker stubs

.v4_bx          0x80017f3c        0x0 load address 0x00017f3c
 .v4_bx         0x80017f3c        0x0 linker stubs

.iplt           0x80017f3c        0x0 load address 0x00017f3c
 .iplt          0x80017f3c        0x0 build/entry.o

.rodata         0x80017f3c     0x1a50 load address 0x00017f3c
 *(.rodata .rodata.*)
 .rodata.str1.4
                0x80017f3c      0x1aa build/trap.o
 .rodata.str1.4
                0x800180e6      0x1aa build/uspi_string.o
                                  0x1 (size before relaxing)
 *fill*         0x800180e6        0x2 
 .rodata.str1.4
                0x800180e8       0x6b build/sysfile.o
 *fill*         0x80018153        0x1 
 .rodata.str1.4
                0x80018154       0x2b build/bio.o
 *fill*         0x8001817f        0x1 
 .rodata.str1.4
                0x80018180       0x77 build/uspi_usbdevicefactory.o
 *fill*         0x800181f7        0x1 
 .rodata.str1.4
                0x800181f8       0xb9 build/fs.o
                                 0xc4 (size before relaxing)
 *fill*         0x800182b1        0x3 
 .rodata        0x800182b4       0x11 build/console.o
 *fill*         0x800182c5        0x3 
 .rodata.str1.4
                0x800182c8       0x5e build/console.o
                                 0x62 (size before relaxing)
 *fill*         0x80018326        0x2 
 .rodata.str1.4
                0x80018328       0x60 build/spinlock.o
 .rodata.str1.4
                0x80018388       0x2f build/uspi_usbconfigparser.o
 *fill*         0x800183b7        0x1 
 .rodata.str1.4
                0x800183b8      0x1e1 build/main.o
                                0x1e5 (size before relaxing)
 *fill*         0x80018599        0x3 
 .rodata.str1.4
                0x8001859c      0x16e build/vm.o
 *fill*         0x8001870a        0x2 
 .rodata.str1.4
                0x8001870c       0x1c build/uspi_dwhciframeschedper.o
 .rodata        0x80018728        0x7 build/uspi_usbstandardhub.o
 *fill*         0x8001872f        0x1 
 .rodata.str1.4
                0x80018730      0x1e4 build/uspi_usbstandardhub.o
 .rodata.str1.4
                0x80018914       0x1c build/uspi_dwhciframeschednper.o
 .rodata        0x80018914      0x4cc build/uspi_keymap.o
 .rodata.str1.4
                0x80018de0       0xce build/uspi_keymap.o
                                 0xde (size before relaxing)
 *fill*         0x80018eae        0x2 
 .rodata.str1.4
                0x80018eb0       0x6e build/memide.o
 *fill*         0x80018f1e        0x2 
 .rodata        0x80018f20        0x5 build/uspi_library.o
 *fill*         0x80018f25        0x3 
 .rodata.str1.4
                0x80018f28       0x8e build/uspi_library.o
 *fill*         0x80018fb6        0x2 
 .rodata        0x80018fb8        0x7 build/uspi_usbdevice.o
 *fill*         0x80018fbf        0x1 
 .rodata.str1.4
                0x80018fc0      0x148 build/uspi_usbdevice.o
                                0x150 (size before relaxing)
 .rodata        0x80019108        0x9 build/uspi_smsc951x.o
 *fill*         0x80019111        0x3 
 .rodata.str1.4
                0x80019114       0x76 build/uspi_smsc951x.o
                                 0x92 (size before relaxing)
 *fill*         0x8001918a        0x2 
 .rodata.str1.4
                0x8001918c       0x33 build/log.o
 *fill*         0x800191bf        0x1 
 .rodata.str1.4
                0x800191c0       0x1e build/uspi_macaddress.o
 *fill*         0x800191de        0x2 
 .rodata        0x800191e0       0x58 build/syscall.o
 .rodata.str1.4
                0x80019238       0x1c build/syscall.o
 .rodata        0x80019254        0x5 build/uspi_usbmassdevice.o
 *fill*         0x80019259        0x3 
 .rodata.str1.4
                0x8001925c      0x20c build/uspi_usbmassdevice.o
                                0x230 (size before relaxing)
 .rodata.str1.4
                0x80019468      0x131 build/usb.o
 *fill*         0x80019599        0x3 
 .rodata.str1.4
                0x8001959c       0x42 build/file.o
 *fill*         0x800195de        0x2 
 .rodata.str1.4
                0x800195e0        0x5 build/pipe.o
 *fill*         0x800195e5        0x3 
 .rodata        0x800195e8        0x7 build/uspi_usbmouse.o
 *fill*         0x800195ef        0x1 
 .rodata.str1.4
                0x800195f0       0x25 build/uspi_usbmouse.o
                                 0x59 (size before relaxing)
 *fill*         0x80019615        0x3 
 .rodata        0x80019618       0x48 build/uspi_usbmidi.o
 .rodata.str1.4
                0x80019660        0x8 build/uspi_usbmidi.o
                                 0x24 (size before relaxing)
 .rodata        0x80019668        0x8 build/uspi_lan7800.o
 .rodata.str1.4
                0x80019670       0x9c build/uspi_lan7800.o
                                 0xea (size before relaxing)
 .rodata.str1.4
                0x8001970c        0x5 build/kalloc.o
                                  0xd (size before relaxing)
 *fill*         0x80019711        0x3 
 .rodata        0x80019714       0x14 build/uspi_dwhcidevice.o
 .rodata.str1.4
                0x80019728       0xe4 build/uspi_dwhcidevice.o
 .rodata.str1.4
                0x8001980c       0xa9 build/proc.o
                                 0xad (size before relaxing)
 *fill*         0x800198b5        0x3 
 .rodata        0x800198b8        0x7 build/uspi_usbkeyboard.o
 *fill*         0x800198bf        0x1 
 .rodata.str1.4
                0x800198c0        0x7 build/uspi_usbkeyboard.o
                                 0x57 (size before relaxing)
 *fill*         0x800198c7        0x1 
 .rodata        0x800198c8        0xd build/uspi_usbgamepad.o
 *fill*         0x800198d5        0x3 
 .rodata.str1.4
                0x800198d8       0x21 build/uspi_usbgamepad.o
                                 0x5f (size before relaxing)
 *fill*         0x800198f9        0x3 
 .rodata        0x800198fc        0x7 build/uspi_dwhcirootport.o
 *fill*         0x80019903        0x1 
 .rodata.str1.4
                0x80019904       0x88 build/uspi_dwhcirootport.o
                                 0x87 (size before relaxing)

.rel.dyn        0x8001998c        0x0 load address 0x0001998c
 .rel.iplt      0x8001998c        0x0 build/entry.o
                0x8001a000                . = ALIGN (0x1000)

.data           0x8001a000    0x80924 load address 0x0001a000
 *(.data)
 .data          0x8001a000    0x80850 build/entry.o
                0x8001a000                font
                0x8001a800                _binary_initcode_start
                0x8001a850                _binary_fs_img_start
                0x8001a850                _binary_initcode_end
                0x8009a850                _binary_fs_img_end
 .data          0x8009a850        0x0 build/exception.o
 .data          0x8009a850        0x0 build/uspienv_delayloop.o
 .data          0x8009a850        0x0 build/uspi_dwhciframeschednsplit.o
 .data          0x8009a850        0x0 build/exec.o
 .data          0x8009a850        0x4 build/trap.o
                0x8009a850                first_time
 .data          0x8009a854        0x0 build/uspi_string.o
 .data          0x8009a854        0x0 build/sysfile.o
 .data          0x8009a854        0x0 build/uspi_usbendpoint.o
 .data          0x8009a854        0x0 build/bio.o
 .data          0x8009a854        0x0 build/uspi_usbdevicefactory.o
 .data          0x8009a854        0x0 build/fs.o
 .data          0x8009a854       0x24 build/console.o
                0x8009a858                framewidth
                0x8009a85c                frameheight
                0x8009a860                cursor_x
                0x8009a864                fontheight
                0x8009a868                cursor_y
                0x8009a86c                fontwidth
                0x8009a874                framedepth
 .data          0x8009a878        0x0 build/spinlock.o
 .data          0x8009a878        0x0 build/uspi_usbconfigparser.o
 .data          0x8009a878        0x4 build/uspienv_timer.o
 .data          0x8009a87c        0x0 build/main.o
 .data          0x8009a87c       0x3c build/vm.o
 .data          0x8009a8b8        0x0 build/uspi_dwhciframeschedper.o
 .data          0x8009a8b8        0x0 build/uspi_usbstandardhub.o
 .data          0x8009a8b8        0x0 build/uspi_dwhciframeschednper.o
 .data          0x8009a8b8        0x0 build/uspi_dwhcixferstagedata.o
 .data          0x8009a8b8        0x0 build/uspi_keymap.o
 .data          0x8009a8b8        0x0 build/memide.o
 .data          0x8009a8b8        0x4 build/uspi_library.o
 .data          0x8009a8bc        0x0 build/mailbox.o
 .data          0x8009a8bc        0x0 build/uart_pl011.o
 .data          0x8009a8bc        0x1 build/uspi_usbdevice.o
 .data          0x8009a8bd        0x0 build/mmu.o
 *fill*         0x8009a8bd        0x3 
 .data          0x8009a8c0        0x4 build/uspi_smsc951x.o
 .data          0x8009a8c4        0x0 build/log.o
 .data          0x8009a8c4        0x0 build/uspi_macaddress.o
 .data          0x8009a8c4        0x0 build/uart.o
 .data          0x8009a8c4        0x0 build/syscall.o
 .data          0x8009a8c4        0x4 build/uspi_usbmassdevice.o
 .data          0x8009a8c8        0x0 build/uspi_usbstring.o
 .data          0x8009a8c8        0x4 build/usb.o
                0x8009a8c8                device_index
 .data          0x8009a8cc        0x0 build/sysproc.o
 .data          0x8009a8cc        0x0 build/file.o
 .data          0x8009a8cc        0x0 build/string.o
 .data          0x8009a8cc        0x0 build/pipe.o
 .data          0x8009a8cc        0x0 build/uspi_usbrequest.o
 .data          0x8009a8cc        0x4 build/uspi_synchronize.o
 .data          0x8009a8d0        0x0 build/uspienv_memio.o
 .data          0x8009a8d0        0x4 build/uspi_usbmouse.o
 .data          0x8009a8d4        0x4 build/uspi_usbmidi.o
 .data          0x8009a8d8        0x4 build/uspi_lan7800.o
 .data          0x8009a8dc        0x0 build/kalloc.o
 .data          0x8009a8dc        0x0 build/uspi_util.o
 .data          0x8009a8dc        0x0 build/uspi_dwhcidevice.o
 .data          0x8009a8dc        0x0 build/uspi_dwhciregister.o
 .data          0x8009a8dc        0xc build/proc.o
                0x8009a8dc                nextpid
                0x8009a8e4                first_sched
 .data          0x8009a8e8        0x4 build/uspi_usbkeyboard.o
 .data          0x8009a8ec        0x0 build/timer.o
 .data          0x8009a8ec        0x4 build/uspi_devicenameservice.o
 .data          0x8009a8f0       0x34 build/uspi_usbgamepad.o
 .data          0x8009a924        0x0 build/uspi_dwhcirootport.o
 *.c.o(*)

.igot.plt       0x8009a924        0x0 load address 0x0009a924
 .igot.plt      0x8009a924        0x0 build/entry.o

.bss            0x8009a930     0x5704 load address 0x0009a930
 *(.bss)
 .bss           0x8009a930        0x0 build/entry.o
 .bss           0x8009a930        0x0 build/exception.o
 .bss           0x8009a930        0x0 build/uspienv_delayloop.o
 .bss           0x8009a930        0x0 build/uspi_dwhciframeschednsplit.o
 .bss           0x8009a930        0x0 build/exec.o
 .bss           0x8009a930        0x0 build/trap.o
 .bss           0x8009a930        0x0 build/uspi_string.o
 .bss           0x8009a930        0x0 build/sysfile.o
 .bss           0x8009a930        0x0 build/uspi_usbendpoint.o
 .bss           0x8009a930        0x0 build/bio.o
 .bss           0x8009a930        0x0 build/uspi_usbdevicefactory.o
 .bss           0x8009a930        0x0 build/fs.o
 .bss           0x8009a930       0x60 build/console.o
                0x8009a930                fbinfo
 .bss           0x8009a990        0x0 build/spinlock.o
 .bss           0x8009a990        0x0 build/uspi_usbconfigparser.o
 .bss           0x8009a990        0x0 build/uspienv_timer.o
 .bss           0x8009a990        0x0 build/main.o
 .bss           0x8009a990        0x0 build/vm.o
 .bss           0x8009a990        0x0 build/uspi_dwhciframeschedper.o
 .bss           0x8009a990        0x0 build/uspi_usbstandardhub.o
 .bss           0x8009a990        0x0 build/uspi_dwhciframeschednper.o
 .bss           0x8009a990        0x0 build/uspi_dwhcixferstagedata.o
 .bss           0x8009a990        0x0 build/uspi_keymap.o
 .bss           0x8009a990        0x8 build/memide.o
 .bss           0x8009a998        0x0 build/uspi_library.o
 .bss           0x8009a998        0x0 build/mailbox.o
 .bss           0x8009a998        0x0 build/uart_pl011.o
 .bss           0x8009a998        0x0 build/uspi_usbdevice.o
 .bss           0x8009a998        0x0 build/mmu.o
 .bss           0x8009a998        0x0 build/uspi_smsc951x.o
 .bss           0x8009a998        0x0 build/log.o
 .bss           0x8009a998        0x0 build/uspi_macaddress.o
 .bss           0x8009a998        0xc build/uart.o
 .bss           0x8009a9a4        0x0 build/syscall.o
 .bss           0x8009a9a4        0x0 build/uspi_usbmassdevice.o
 .bss           0x8009a9a4        0x0 build/uspi_usbstring.o
 .bss           0x8009a9a4      0x158 build/usb.o
 .bss           0x8009aafc        0x0 build/sysproc.o
 .bss           0x8009aafc        0x0 build/file.o
 .bss           0x8009aafc        0x0 build/string.o
 .bss           0x8009aafc        0x0 build/pipe.o
 .bss           0x8009aafc        0x0 build/uspi_usbrequest.o
 .bss           0x8009aafc        0x4 build/uspi_synchronize.o
 .bss           0x8009ab00        0x0 build/uspienv_memio.o
 .bss           0x8009ab00        0x0 build/uspi_usbmouse.o
 .bss           0x8009ab00        0x0 build/uspi_usbmidi.o
 .bss           0x8009ab00        0x0 build/uspi_lan7800.o
 .bss           0x8009ab00        0x0 build/kalloc.o
 .bss           0x8009ab00        0x0 build/uspi_util.o
 .bss           0x8009ab00        0x0 build/uspi_dwhcidevice.o
 .bss           0x8009ab00        0x0 build/uspi_dwhciregister.o
 .bss           0x8009ab00        0x4 build/proc.o
 .bss           0x8009ab04        0x0 build/uspi_usbkeyboard.o
 .bss           0x8009ab04        0x0 build/timer.o
 .bss           0x8009ab04        0x0 build/uspi_devicenameservice.o
 .bss           0x8009ab04        0x0 build/uspi_usbgamepad.o
 .bss           0x8009ab04        0x0 build/uspi_dwhcirootport.o
 COMMON         0x8009ab04       0xe0 build/exec.o
                0x8009ab04                cpus
 COMMON         0x8009abe4       0x50 build/trap.o
                0x8009abe4                pUSBParam
                0x8009abe8                pUSBTimerParam
                0x8009abec                nUSBTimerIRQ
                0x8009abf0                tickslock
                0x8009ac24                pUSBTimerHandler
                0x8009ac28                ticks
                0x8009ac2c                pUSBHandler
                0x8009ac30                nUSBIRQ
 COMMON         0x8009ac34     0x173c build/bio.o
                0x8009ac34                bcache
 COMMON         0x8009c370      0xfd4 build/fs.o
                0x8009c370                icache
 COMMON         0x8009d344       0xc0 build/console.o
                0x8009d344                input
 COMMON         0x8009d404      0x258 build/main.o
                0x8009d404                device_handler
                0x8009d634                mb_data
 COMMON         0x8009d65c        0x4 build/vm.o
                0x8009d65c                kpgdir
 COMMON         0x8009d660        0x4 build/mailbox.o
                0x8009d660                mailbuffer
 COMMON         0x8009d664        0x4 build/uart_pl011.o
                0x8009d664                uart_lock
 COMMON         0x8009d668        0x4 build/mmu.o
                0x8009d668                pm_size
 COMMON         0x8009d66c       0x70 build/log.o
                0x8009d66c                log
 COMMON         0x8009d6dc        0x4 build/uart.o
                0x8009d6dc                uart_disabled
 COMMON         0x8009d6e0      0x9e4 build/file.o
                0x8009d6e0                ftable
                0x8009e074                devsw
 COMMON         0x8009e0c4       0x3c build/kalloc.o
                0x8009e0c4                kmem
 COMMON         0x8009e100     0x1f34 build/proc.o
                0x8009e100                ptable
                0x800a0034                PROVIDE (end, .)

/DISCARD/
 *(.eh_frame .note.GNU-stack)
OUTPUT(build/kernel.elf elf32-littlearm)

.ARM.attributes
                0x00000000       0x3b
 .ARM.attributes
                0x00000000       0x2b build/entry.o
 .ARM.attributes
                0x0000002b       0x2b build/exception.o
 .ARM.attributes
                0x00000056       0x2b build/uspienv_delayloop.o
 .ARM.attributes
                0x00000081       0x3f build/uspi_dwhciframeschednsplit.o
 .ARM.attributes
                0x000000c0       0x3f build/exec.o
 .ARM.attributes
                0x000000ff       0x3f build/trap.o
 .ARM.attributes
                0x0000013e       0x3f build/uspi_string.o
 .ARM.attributes
                0x0000017d       0x3f build/sysfile.o
 .ARM.attributes
                0x000001bc       0x3f build/uspi_usbendpoint.o
 .ARM.attributes
                0x000001fb       0x3f build/bio.o
 .ARM.attributes
                0x0000023a       0x3f build/uspi_usbdevicefactory.o
 .ARM.attributes
                0x00000279       0x3f build/fs.o
 .ARM.attributes
                0x000002b8       0x3f build/console.o
 .ARM.attributes
                0x000002f7       0x3f build/spinlock.o
 .ARM.attributes
                0x00000336       0x3f build/uspi_usbconfigparser.o
 .ARM.attributes
                0x00000375       0x3f build/uspienv_timer.o
 .ARM.attributes
                0x000003b4       0x3f build/main.o
 .ARM.attributes
                0x000003f3       0x3f build/vm.o
 .ARM.attributes
                0x00000432       0x3f build/uspi_dwhciframeschedper.o
 .ARM.attributes
                0x00000471       0x3f build/uspi_usbstandardhub.o
 .ARM.attributes
                0x000004b0       0x3f build/uspi_dwhciframeschednper.o
 .ARM.attributes
                0x000004ef       0x3f build/uspi_dwhcixferstagedata.o
 .ARM.attributes
                0x0000052e       0x3f build/uspi_keymap.o
 .ARM.attributes
                0x0000056d       0x3f build/memide.o
 .ARM.attributes
                0x000005ac       0x3f build/uspi_library.o
 .ARM.attributes
                0x000005eb       0x3f build/mailbox.o
 .ARM.attributes
                0x0000062a       0x3f build/uart_pl011.o
 .ARM.attributes
                0x00000669       0x3f build/uspi_usbdevice.o
 .ARM.attributes
                0x000006a8       0x3f build/mmu.o
 .ARM.attributes
                0x000006e7       0x3f build/uspi_smsc951x.o
 .ARM.attributes
                0x00000726       0x3f build/log.o
 .ARM.attributes
                0x00000765       0x3f build/uspi_macaddress.o
 .ARM.attributes
                0x000007a4       0x3f build/uart.o
 .ARM.attributes
                0x000007e3       0x3f build/syscall.o
 .ARM.attributes
                0x00000822       0x3f build/uspi_usbmassdevice.o
 .ARM.attributes
                0x00000861       0x3f build/uspi_usbstring.o
 .ARM.attributes
                0x000008a0       0x3f build/usb.o
 .ARM.attributes
                0x000008df       0x3f build/sysproc.o
 .ARM.attributes
                0x0000091e       0x3f build/file.o
 .ARM.attributes
                0x0000095d       0x3f build/string.o
 .ARM.attributes
                0x0000099c       0x3f build/pipe.o
 .ARM.attributes
                0x000009db       0x3f build/uspi_usbrequest.o
 .ARM.attributes
                0x00000a1a       0x3f build/uspi_synchronize.o
 .ARM.attributes
                0x00000a59       0x3f build/uspienv_memio.o
 .ARM.attributes
                0x00000a98       0x3f build/uspi_usbmouse.o
 .ARM.attributes
                0x00000ad7       0x3f build/uspi_usbmidi.o
 .ARM.attributes
                0x00000b16       0x3f build/uspi_lan7800.o
 .ARM.attributes
                0x00000b55       0x3f build/kalloc.o
 .ARM.attributes
                0x00000b94       0x3f build/uspi_util.o
 .ARM.attributes
                0x00000bd3       0x3f build/uspi_dwhcidevice.o
 .ARM.attributes
                0x00000c12       0x3f build/uspi_dwhciregister.o
 .ARM.attributes
                0x00000c51       0x3f build/proc.o
 .ARM.attributes
                0x00000c90       0x3f build/uspi_usbkeyboard.o
 .ARM.attributes
                0x00000ccf       0x3f build/timer.o
 .ARM.attributes
                0x00000d0e       0x3f build/uspi_devicenameservice.o
 .ARM.attributes
                0x00000d4d       0x3f build/uspi_usbgamepad.o
 .ARM.attributes
                0x00000d8c       0x3f build/uspi_dwhcirootport.o

.comment        0x00000000       0x34
 .comment       0x00000000       0x34 build/uspi_dwhciframeschednsplit.o
                                 0x35 (size before relaxing)
 .comment       0x00000034       0x35 build/exec.o
 .comment       0x00000034       0x35 build/trap.o
 .comment       0x00000034       0x35 build/uspi_string.o
 .comment       0x00000034       0x35 build/sysfile.o
 .comment       0x00000034       0x35 build/uspi_usbendpoint.o
 .comment       0x00000034       0x35 build/bio.o
 .comment       0x00000034       0x35 build/uspi_usbdevicefactory.o
 .comment       0x00000034       0x35 build/fs.o
 .comment       0x00000034       0x35 build/console.o
 .comment       0x00000034       0x35 build/spinlock.o
 .comment       0x00000034       0x35 build/uspi_usbconfigparser.o
 .comment       0x00000034       0x35 build/uspienv_timer.o
 .comment       0x00000034       0x35 build/main.o
 .comment       0x00000034       0x35 build/vm.o
 .comment       0x00000034       0x35 build/uspi_dwhciframeschedper.o
 .comment       0x00000034       0x35 build/uspi_usbstandardhub.o
 .comment       0x00000034       0x35 build/uspi_dwhciframeschednper.o
 .comment       0x00000034       0x35 build/uspi_dwhcixferstagedata.o
 .comment       0x00000034       0x35 build/uspi_keymap.o
 .comment       0x00000034       0x35 build/memide.o
 .comment       0x00000034       0x35 build/uspi_library.o
 .comment       0x00000034       0x35 build/mailbox.o
 .comment       0x00000034       0x35 build/uart_pl011.o
 .comment       0x00000034       0x35 build/uspi_usbdevice.o
 .comment       0x00000034       0x35 build/mmu.o
 .comment       0x00000034       0x35 build/uspi_smsc951x.o
 .comment       0x00000034       0x35 build/log.o
 .comment       0x00000034       0x35 build/uspi_macaddress.o
 .comment       0x00000034       0x35 build/uart.o
 .comment       0x00000034       0x35 build/syscall.o
 .comment       0x00000034       0x35 build/uspi_usbmassdevice.o
 .comment       0x00000034       0x35 build/uspi_usbstring.o
 .comment       0x00000034       0x35 build/usb.o
 .comment       0x00000034       0x35 build/sysproc.o
 .comment       0x00000034       0x35 build/file.o
 .comment       0x00000034       0x35 build/string.o
 .comment       0x00000034       0x35 build/pipe.o
 .comment       0x00000034       0x35 build/uspi_usbrequest.o
 .comment       0x00000034       0x35 build/uspi_synchronize.o
 .comment       0x00000034       0x35 build/uspienv_memio.o
 .comment       0x00000034       0x35 build/uspi_usbmouse.o
 .comment       0x00000034       0x35 build/uspi_usbmidi.o
 .comment       0x00000034       0x35 build/uspi_lan7800.o
 .comment       0x00000034       0x35 build/kalloc.o
 .comment       0x00000034       0x35 build/uspi_util.o
 .comment       0x00000034       0x35 build/uspi_dwhcidevice.o
 .comment       0x00000034       0x35 build/uspi_dwhciregister.o
 .comment       0x00000034       0x35 build/proc.o
 .comment       0x00000034       0x35 build/uspi_usbkeyboard.o
 .comment       0x00000034       0x35 build/timer.o
 .comment       0x00000034       0x35 build/uspi_devicenameservice.o
 .comment       0x00000034       0x35 build/uspi_usbgamepad.o
 .comment       0x00000034       0x35 build/uspi_dwhcirootport.o

.debug_line     0x00000000     0x64af
 .debug_line    0x00000000       0xfb build/entry.o
 .debug_line    0x000000fb       0xdd build/exception.o
 .debug_line    0x000001d8       0x4c build/uspienv_delayloop.o
 .debug_line    0x00000224       0xf4 build/uspi_dwhciframeschednsplit.o
 .debug_line    0x00000318       0xf3 build/exec.o
 .debug_line    0x0000040b      0x1c1 build/trap.o
 .debug_line    0x000005cc      0x2b8 build/uspi_string.o
 .debug_line    0x00000884      0x36e build/sysfile.o
 .debug_line    0x00000bf2      0x12c build/uspi_usbendpoint.o
 .debug_line    0x00000d1e      0x103 build/bio.o
 .debug_line    0x00000e21      0x23a build/uspi_usbdevicefactory.o
 .debug_line    0x0000105b      0x4c8 build/fs.o
 .debug_line    0x00001523      0x436 build/console.o
 .debug_line    0x00001959       0xbb build/spinlock.o
 .debug_line    0x00001a14      0x102 build/uspi_usbconfigparser.o
 .debug_line    0x00001b16      0x184 build/uspienv_timer.o
 .debug_line    0x00001c9a      0x272 build/main.o
 .debug_line    0x00001f0c      0x22e build/vm.o
 .debug_line    0x0000213a      0x140 build/uspi_dwhciframeschedper.o
 .debug_line    0x0000227a      0x340 build/uspi_usbstandardhub.o
 .debug_line    0x000025ba      0x109 build/uspi_dwhciframeschednper.o
 .debug_line    0x000026c3      0x282 build/uspi_dwhcixferstagedata.o
 .debug_line    0x00002945      0x111 build/uspi_keymap.o
 .debug_line    0x00002a56       0xaa build/memide.o
 .debug_line    0x00002b00      0x315 build/uspi_library.o
 .debug_line    0x00002e15      0x1de build/mailbox.o
 .debug_line    0x00002ff3       0x88 build/uart_pl011.o
 .debug_line    0x0000307b      0x26d build/uspi_usbdevice.o
 .debug_line    0x000032e8       0xea build/mmu.o
 .debug_line    0x000033d2      0x253 build/uspi_smsc951x.o
 .debug_line    0x00003625      0x134 build/log.o
 .debug_line    0x00003759       0xbe build/uspi_macaddress.o
 .debug_line    0x00003817      0x1cf build/uart.o
 .debug_line    0x000039e6       0xf1 build/syscall.o
 .debug_line    0x00003ad7      0x412 build/uspi_usbmassdevice.o
 .debug_line    0x00003ee9      0x1e8 build/uspi_usbstring.o
 .debug_line    0x000040d1      0x265 build/usb.o
 .debug_line    0x00004336       0xaa build/sysproc.o
 .debug_line    0x000043e0      0x1ec build/file.o
 .debug_line    0x000045cc       0xfa build/string.o
 .debug_line    0x000046c6      0x20f build/pipe.o
 .debug_line    0x000048d5       0xf1 build/uspi_usbrequest.o
 .debug_line    0x000049c6       0x73 build/uspi_synchronize.o
 .debug_line    0x00004a39       0x62 build/uspienv_memio.o
 .debug_line    0x00004a9b      0x1eb build/uspi_usbmouse.o
 .debug_line    0x00004c86      0x1da build/uspi_usbmidi.o
 .debug_line    0x00004e60      0x2e6 build/uspi_lan7800.o
 .debug_line    0x00005146       0xff build/kalloc.o
 .debug_line    0x00005245       0xcd build/uspi_util.o
 .debug_line    0x00005312      0x53c build/uspi_dwhcidevice.o
 .debug_line    0x0000584e       0xb2 build/uspi_dwhciregister.o
 .debug_line    0x00005900      0x24d build/proc.o
 .debug_line    0x00005b4d      0x231 build/uspi_usbkeyboard.o
 .debug_line    0x00005d7e       0xee build/timer.o
 .debug_line    0x00005e6c       0xd6 build/uspi_devicenameservice.o
 .debug_line    0x00005f42      0x3b8 build/uspi_usbgamepad.o
 .debug_line    0x000062fa      0x1b5 build/uspi_dwhcirootport.o

.debug_info     0x00000000    0x3198d
 .debug_info    0x00000000       0x52 build/entry.o
 .debug_info    0x00000052       0x5a build/exception.o
 .debug_info    0x000000ac       0x62 build/uspienv_delayloop.o
 .debug_info    0x0000010e      0x389 build/uspi_dwhciframeschednsplit.o
 .debug_info    0x00000497      0x889 build/exec.o
 .debug_info    0x00000d20      0xba5 build/trap.o
 .debug_info    0x000018c5     0x11f7 build/uspi_string.o
 .debug_info    0x00002abc     0x206a build/sysfile.o
 .debug_info    0x00004b26      0xa01 build/uspi_usbendpoint.o
 .debug_info    0x00005527      0x45f build/bio.o
 .debug_info    0x00005986     0x16d8 build/uspi_usbdevicefactory.o
 .debug_info    0x0000705e     0x2521 build/fs.o
 .debug_info    0x0000957f     0x1e36 build/console.o
 .debug_info    0x0000b3b5      0x6b0 build/spinlock.o
 .debug_info    0x0000ba65      0x597 build/uspi_usbconfigparser.o
 .debug_info    0x0000bffc      0x7f5 build/uspienv_timer.o
 .debug_info    0x0000c7f1     0x19b0 build/main.o
 .debug_info    0x0000e1a1     0x118f build/vm.o
 .debug_info    0x0000f330      0x4ec build/uspi_dwhciframeschedper.o
 .debug_info    0x0000f81c     0x1995 build/uspi_usbstandardhub.o
 .debug_info    0x000111b1      0x3cc build/uspi_dwhciframeschednper.o
 .debug_info    0x0001157d     0x13d6 build/uspi_dwhcixferstagedata.o
 .debug_info    0x00012953      0x59e build/uspi_keymap.o
 .debug_info    0x00012ef1      0x61e build/memide.o
 .debug_info    0x0001350f     0x1d52 build/uspi_library.o
 .debug_info    0x00015261     0x1321 build/mailbox.o
 .debug_info    0x00016582       0xc7 build/uart_pl011.o
 .debug_info    0x00016649     0x1542 build/uspi_usbdevice.o
 .debug_info    0x00017b8b      0x17f build/mmu.o
 .debug_info    0x00017d0a     0x151a build/uspi_smsc951x.o
 .debug_info    0x00019224      0x67f build/log.o
 .debug_info    0x000198a3      0x424 build/uspi_macaddress.o
 .debug_info    0x00019cc7      0xb9c build/uart.o
 .debug_info    0x0001a863      0x6dd build/syscall.o
 .debug_info    0x0001af40     0x233d build/uspi_usbmassdevice.o
 .debug_info    0x0001d27d      0xf62 build/uspi_usbstring.o
 .debug_info    0x0001e1df     0x1647 build/usb.o
 .debug_info    0x0001f826      0x625 build/sysproc.o
 .debug_info    0x0001fe4b     0x1236 build/file.o
 .debug_info    0x00021081      0x4cb build/string.o
 .debug_info    0x0002154c     0x131b build/pipe.o
 .debug_info    0x00022867      0xa63 build/uspi_usbrequest.o
 .debug_info    0x000232ca      0x10d build/uspi_synchronize.o
 .debug_info    0x000233d7       0xc5 build/uspienv_memio.o
 .debug_info    0x0002349c     0x11c5 build/uspi_usbmouse.o
 .debug_info    0x00024661     0x114a build/uspi_usbmidi.o
 .debug_info    0x000257ab     0x1dd3 build/uspi_lan7800.o
 .debug_info    0x0002757e      0x3d8 build/kalloc.o
 .debug_info    0x00027956      0x3b2 build/uspi_util.o
 .debug_info    0x00027d08     0x42a4 build/uspi_dwhcidevice.o
 .debug_info    0x0002bfac      0x353 build/uspi_dwhciregister.o
 .debug_info    0x0002c2ff      0xe0d build/proc.o
 .debug_info    0x0002d10c     0x1770 build/uspi_usbkeyboard.o
 .debug_info    0x0002e87c      0x74a build/timer.o
 .debug_info    0x0002efc6      0x2f3 build/uspi_devicenameservice.o
 .debug_info    0x0002f2b9     0x18ea build/uspi_usbgamepad.o
 .debug_info    0x00030ba3      0xdea build/uspi_dwhcirootport.o

.debug_abbrev   0x00000000     0x76da
 .debug_abbrev  0x00000000       0x12 build/entry.o
 .debug_abbrev  0x00000012       0x14 build/exception.o
 .debug_abbrev  0x00000026       0x14 build/uspienv_delayloop.o
 .debug_abbrev  0x0000003a      0x18a build/uspi_dwhciframeschednsplit.o
 .debug_abbrev  0x000001c4      0x193 build/exec.o
 .debug_abbrev  0x00000357      0x243 build/trap.o
 .debug_abbrev  0x0000059a      0x2d7 build/uspi_string.o
 .debug_abbrev  0x00000871      0x2fa build/sysfile.o
 .debug_abbrev  0x00000b6b      0x186 build/uspi_usbendpoint.o
 .debug_abbrev  0x00000cf1      0x1fe build/bio.o
 .debug_abbrev  0x00000eef      0x1b1 build/uspi_usbdevicefactory.o
 .debug_abbrev  0x000010a0      0x48f build/fs.o
 .debug_abbrev  0x0000152f      0x414 build/console.o
 .debug_abbrev  0x00001943      0x21b build/spinlock.o
 .debug_abbrev  0x00001b5e      0x154 build/uspi_usbconfigparser.o
 .debug_abbrev  0x00001cb2      0x2da build/uspienv_timer.o
 .debug_abbrev  0x00001f8c      0x29c build/main.o
 .debug_abbrev  0x00002228      0x393 build/vm.o
 .debug_abbrev  0x000025bb      0x1ea build/uspi_dwhciframeschedper.o
 .debug_abbrev  0x000027a5      0x222 build/uspi_usbstandardhub.o
 .debug_abbrev  0x000029c7      0x1c3 build/uspi_dwhciframeschednper.o
 .debug_abbrev  0x00002b8a      0x2a3 build/uspi_dwhcixferstagedata.o
 .debug_abbrev  0x00002e2d      0x1b0 build/uspi_keymap.o
 .debug_abbrev  0x00002fdd      0x1cc build/memide.o
 .debug_abbrev  0x000031a9      0x2cb build/uspi_library.o
 .debug_abbrev  0x00003474      0x2b6 build/mailbox.o
 .debug_abbrev  0x0000372a       0xae build/uart_pl011.o
 .debug_abbrev  0x000037d8      0x2be build/uspi_usbdevice.o
 .debug_abbrev  0x00003a96       0xd0 build/mmu.o
 .debug_abbrev  0x00003b66      0x212 build/uspi_smsc951x.o
 .debug_abbrev  0x00003d78      0x1e9 build/log.o
 .debug_abbrev  0x00003f61      0x190 build/uspi_macaddress.o
 .debug_abbrev  0x000040f1      0x275 build/uart.o
 .debug_abbrev  0x00004366      0x244 build/syscall.o
 .debug_abbrev  0x000045aa      0x314 build/uspi_usbmassdevice.o
 .debug_abbrev  0x000048be      0x1ea build/uspi_usbstring.o
 .debug_abbrev  0x00004aa8      0x3e4 build/usb.o
 .debug_abbrev  0x00004e8c      0x187 build/sysproc.o
 .debug_abbrev  0x00005013      0x241 build/file.o
 .debug_abbrev  0x00005254      0x1a1 build/string.o
 .debug_abbrev  0x000053f5      0x245 build/pipe.o
 .debug_abbrev  0x0000563a      0x170 build/uspi_usbrequest.o
 .debug_abbrev  0x000057aa       0xc2 build/uspi_synchronize.o
 .debug_abbrev  0x0000586c       0x89 build/uspienv_memio.o
 .debug_abbrev  0x000058f5      0x22b build/uspi_usbmouse.o
 .debug_abbrev  0x00005b20      0x23b build/uspi_usbmidi.o
 .debug_abbrev  0x00005d5b      0x286 build/uspi_lan7800.o
 .debug_abbrev  0x00005fe1      0x24b build/kalloc.o
 .debug_abbrev  0x0000622c       0xf2 build/uspi_util.o
 .debug_abbrev  0x0000631e      0x38b build/uspi_dwhcidevice.o
 .debug_abbrev  0x000066a9       0xe8 build/uspi_dwhciregister.o
 .debug_abbrev  0x00006791      0x342 build/proc.o
 .debug_abbrev  0x00006ad3      0x322 build/uspi_usbkeyboard.o
 .debug_abbrev  0x00006df5      0x24d build/timer.o
 .debug_abbrev  0x00007042      0x150 build/uspi_devicenameservice.o
 .debug_abbrev  0x00007192      0x392 build/uspi_usbgamepad.o
 .debug_abbrev  0x00007524      0x1b6 build/uspi_dwhcirootport.o

.debug_aranges  0x00000000      0x728
 .debug_aranges
                0x00000000       0x28 build/entry.o
 .debug_aranges
                0x00000028       0x20 build/exception.o
 .debug_aranges
                0x00000048       0x20 build/uspienv_delayloop.o
 .debug_aranges
                0x00000068       0x20 build/uspi_dwhciframeschednsplit.o
 .debug_aranges
                0x00000088       0x20 build/exec.o
 .debug_aranges
                0x000000a8       0x20 build/trap.o
 .debug_aranges
                0x000000c8       0x20 build/uspi_string.o
 .debug_aranges
                0x000000e8       0x20 build/sysfile.o
 .debug_aranges
                0x00000108       0x20 build/uspi_usbendpoint.o
 .debug_aranges
                0x00000128       0x20 build/bio.o
 .debug_aranges
                0x00000148       0x20 build/uspi_usbdevicefactory.o
 .debug_aranges
                0x00000168       0x20 build/fs.o
 .debug_aranges
                0x00000188       0x20 build/console.o
 .debug_aranges
                0x000001a8       0x20 build/spinlock.o
 .debug_aranges
                0x000001c8       0x20 build/uspi_usbconfigparser.o
 .debug_aranges
                0x000001e8       0x20 build/uspienv_timer.o
 .debug_aranges
                0x00000208       0x20 build/main.o
 .debug_aranges
                0x00000228       0x20 build/vm.o
 .debug_aranges
                0x00000248       0x20 build/uspi_dwhciframeschedper.o
 .debug_aranges
                0x00000268       0x20 build/uspi_usbstandardhub.o
 .debug_aranges
                0x00000288       0x20 build/uspi_dwhciframeschednper.o
 .debug_aranges
                0x000002a8       0x20 build/uspi_dwhcixferstagedata.o
 .debug_aranges
                0x000002c8       0x20 build/uspi_keymap.o
 .debug_aranges
                0x000002e8       0x20 build/memide.o
 .debug_aranges
                0x00000308       0x20 build/uspi_library.o
 .debug_aranges
                0x00000328       0x20 build/mailbox.o
 .debug_aranges
                0x00000348       0x20 build/uart_pl011.o
 .debug_aranges
                0x00000368       0x20 build/uspi_usbdevice.o
 .debug_aranges
                0x00000388       0x20 build/mmu.o
 .debug_aranges
                0x000003a8       0x20 build/uspi_smsc951x.o
 .debug_aranges
                0x000003c8       0x20 build/log.o
 .debug_aranges
                0x000003e8       0x20 build/uspi_macaddress.o
 .debug_aranges
                0x00000408       0x20 build/uart.o
 .debug_aranges
                0x00000428       0x20 build/syscall.o
 .debug_aranges
                0x00000448       0x20 build/uspi_usbmassdevice.o
 .debug_aranges
                0x00000468       0x20 build/uspi_usbstring.o
 .debug_aranges
                0x00000488       0x20 build/usb.o
 .debug_aranges
                0x000004a8       0x20 build/sysproc.o
 .debug_aranges
                0x000004c8       0x20 build/file.o
 .debug_aranges
                0x000004e8       0x20 build/string.o
 .debug_aranges
                0x00000508       0x20 build/pipe.o
 .debug_aranges
                0x00000528       0x20 build/uspi_usbrequest.o
 .debug_aranges
                0x00000548       0x20 build/uspi_synchronize.o
 .debug_aranges
                0x00000568       0x20 build/uspienv_memio.o
 .debug_aranges
                0x00000588       0x20 build/uspi_usbmouse.o
 .debug_aranges
                0x000005a8       0x20 build/uspi_usbmidi.o
 .debug_aranges
                0x000005c8       0x20 build/uspi_lan7800.o
 .debug_aranges
                0x000005e8       0x20 build/kalloc.o
 .debug_aranges
                0x00000608       0x20 build/uspi_util.o
 .debug_aranges
                0x00000628       0x20 build/uspi_dwhcidevice.o
 .debug_aranges
                0x00000648       0x20 build/uspi_dwhciregister.o
 .debug_aranges
                0x00000668       0x20 build/proc.o
 .debug_aranges
                0x00000688       0x20 build/uspi_usbkeyboard.o
 .debug_aranges
                0x000006a8       0x20 build/timer.o
 .debug_aranges
                0x000006c8       0x20 build/uspi_devicenameservice.o
 .debug_aranges
                0x000006e8       0x20 build/uspi_usbgamepad.o
 .debug_aranges
                0x00000708       0x20 build/uspi_dwhcirootport.o

.debug_ranges   0x00000000      0xd28
 .debug_ranges  0x00000000       0x20 build/entry.o
 .debug_ranges  0x00000020      0x1e0 build/uspi_string.o
 .debug_ranges  0x00000200       0x90 build/sysfile.o
 .debug_ranges  0x00000290       0x20 build/uspi_usbendpoint.o
 .debug_ranges  0x000002b0       0x20 build/bio.o
 .debug_ranges  0x000002d0       0xb8 build/fs.o
 .debug_ranges  0x00000388       0xa8 build/console.o
 .debug_ranges  0x00000430       0x40 build/uspi_usbconfigparser.o
 .debug_ranges  0x00000470       0x68 build/uspienv_timer.o
 .debug_ranges  0x000004d8       0x18 build/main.o
 .debug_ranges  0x000004f0       0x50 build/vm.o
 .debug_ranges  0x00000540       0x18 build/uspi_dwhciframeschedper.o
 .debug_ranges  0x00000558      0x140 build/uspi_usbstandardhub.o
 .debug_ranges  0x00000698       0x18 build/uspi_keymap.o
 .debug_ranges  0x000006b0       0x70 build/uspi_library.o
 .debug_ranges  0x00000720       0x40 build/mailbox.o
 .debug_ranges  0x00000760       0x30 build/uspi_usbdevice.o
 .debug_ranges  0x00000790       0x48 build/log.o
 .debug_ranges  0x000007d8       0x18 build/uspi_macaddress.o
 .debug_ranges  0x000007f0       0x80 build/uart.o
 .debug_ranges  0x00000870       0x98 build/syscall.o
 .debug_ranges  0x00000908       0x70 build/uspi_usbmassdevice.o
 .debug_ranges  0x00000978       0x60 build/uspi_usbstring.o
 .debug_ranges  0x000009d8       0x48 build/usb.o
 .debug_ranges  0x00000a20       0x40 build/file.o
 .debug_ranges  0x00000a60       0x20 build/string.o
 .debug_ranges  0x00000a80       0x38 build/uspi_usbmidi.o
 .debug_ranges  0x00000ab8       0x18 build/uspi_lan7800.o
 .debug_ranges  0x00000ad0       0x50 build/kalloc.o
 .debug_ranges  0x00000b20       0x88 build/uspi_dwhcidevice.o
 .debug_ranges  0x00000ba8       0x30 build/proc.o
 .debug_ranges  0x00000bd8       0x98 build/timer.o
 .debug_ranges  0x00000c70       0x18 build/uspi_devicenameservice.o
 .debug_ranges  0x00000c88       0xa0 build/uspi_usbgamepad.o

.debug_loc      0x00000000     0xe98a
 .debug_loc     0x00000000       0x9f build/uspi_dwhciframeschednsplit.o
 .debug_loc     0x0000009f      0x2a3 build/exec.o
 .debug_loc     0x00000342      0x2bd build/trap.o
 .debug_loc     0x000005ff     0x1245 build/uspi_string.o
 .debug_loc     0x00001844      0x47d build/sysfile.o
 .debug_loc     0x00001cc1      0x230 build/uspi_usbendpoint.o
 .debug_loc     0x00001ef1      0x149 build/bio.o
 .debug_loc     0x0000203a      0x241 build/uspi_usbdevicefactory.o
 .debug_loc     0x0000227b     0x1059 build/fs.o
 .debug_loc     0x000032d4      0x89b build/console.o
 .debug_loc     0x00003b6f       0xcb build/spinlock.o
 .debug_loc     0x00003c3a      0x309 build/uspi_usbconfigparser.o
 .debug_loc     0x00003f43      0x590 build/uspienv_timer.o
 .debug_loc     0x000044d3      0x29b build/main.o
 .debug_loc     0x0000476e      0xdff build/vm.o
 .debug_loc     0x0000556d      0x2e5 build/uspi_dwhciframeschedper.o
 .debug_loc     0x00005852      0x555 build/uspi_usbstandardhub.o
 .debug_loc     0x00005da7      0x1ff build/uspi_dwhciframeschednper.o
 .debug_loc     0x00005fa6      0x6ac build/uspi_dwhcixferstagedata.o
 .debug_loc     0x00006652      0x4b7 build/uspi_keymap.o
 .debug_loc     0x00006b09       0xd5 build/memide.o
 .debug_loc     0x00006bde      0x691 build/uspi_library.o
 .debug_loc     0x0000726f      0x2a1 build/mailbox.o
 .debug_loc     0x00007510      0x45b build/uspi_usbdevice.o
 .debug_loc     0x0000796b      0x164 build/mmu.o
 .debug_loc     0x00007acf      0x38f build/uspi_smsc951x.o
 .debug_loc     0x00007e5e      0x1e4 build/log.o
 .debug_loc     0x00008042      0x213 build/uspi_macaddress.o
 .debug_loc     0x00008255      0x7b2 build/uart.o
 .debug_loc     0x00008a07      0x3a3 build/syscall.o
 .debug_loc     0x00008daa      0x963 build/uspi_usbmassdevice.o
 .debug_loc     0x0000970d      0x2b3 build/uspi_usbstring.o
 .debug_loc     0x000099c0      0x3fa build/usb.o
 .debug_loc     0x00009dba       0x31 build/sysproc.o
 .debug_loc     0x00009deb      0x4e1 build/file.o
 .debug_loc     0x0000a2cc      0x903 build/string.o
 .debug_loc     0x0000abcf      0x279 build/pipe.o
 .debug_loc     0x0000ae48      0x106 build/uspi_usbrequest.o
 .debug_loc     0x0000af4e       0x77 build/uspi_synchronize.o
 .debug_loc     0x0000afc5       0x21 build/uspienv_memio.o
 .debug_loc     0x0000afe6      0x222 build/uspi_usbmouse.o
 .debug_loc     0x0000b208      0x305 build/uspi_usbmidi.o
 .debug_loc     0x0000b50d      0x6c1 build/uspi_lan7800.o
 .debug_loc     0x0000bbce      0x27b build/kalloc.o
 .debug_loc     0x0000be49      0x4ce build/uspi_util.o
 .debug_loc     0x0000c317      0xe84 build/uspi_dwhcidevice.o
 .debug_loc     0x0000d19b       0xe4 build/uspi_dwhciregister.o
 .debug_loc     0x0000d27f      0x46f build/proc.o
 .debug_loc     0x0000d6ee      0x25b build/uspi_usbkeyboard.o
 .debug_loc     0x0000d949      0x16a build/timer.o
 .debug_loc     0x0000dab3      0x12d build/uspi_devicenameservice.o
 .debug_loc     0x0000dbe0      0xce8 build/uspi_usbgamepad.o
 .debug_loc     0x0000e8c8       0xc2 build/uspi_dwhcirootport.o

.debug_str      0x00000000     0x5053
 .debug_str     0x00000000      0x303 build/uspi_dwhciframeschednsplit.o
                                0x3c4 (size before relaxing)
 .debug_str     0x00000303      0x1de build/exec.o
                                0x344 (size before relaxing)
 .debug_str     0x000004e1      0x1ea build/trap.o
                                0x437 (size before relaxing)
 .debug_str     0x000006cb      0x1d3 build/uspi_string.o
                                0x382 (size before relaxing)
 .debug_str     0x0000089e      0x992 build/sysfile.o
                                0xd1a (size before relaxing)
 .debug_str     0x00001230      0x149 build/uspi_usbendpoint.o
                                0x86f (size before relaxing)
 .debug_str     0x00001379       0x6a build/bio.o
                                0x1e7 (size before relaxing)
 .debug_str     0x000013e3      0x4f8 build/uspi_usbdevicefactory.o
                                0xf71 (size before relaxing)
 .debug_str     0x000018db       0x9c build/fs.o
                                0xcd5 (size before relaxing)
 .debug_str     0x00001977      0x1ae build/console.o
                                0xd85 (size before relaxing)
 .debug_str     0x00001b25       0x32 build/spinlock.o
                                0x27b (size before relaxing)
 .debug_str     0x00001b57       0xf0 build/uspi_usbconfigparser.o
                                0x546 (size before relaxing)
 .debug_str     0x00001c47      0x243 build/uspienv_timer.o
                                0x3ed (size before relaxing)
 .debug_str     0x00001e8a      0x16f build/main.o
                                0xd54 (size before relaxing)
 .debug_str     0x00001ff9       0xcf build/vm.o
                                0x3a3 (size before relaxing)
 .debug_str     0x000020c8      0x197 build/uspi_dwhciframeschedper.o
                                0x469 (size before relaxing)
 .debug_str     0x0000225f      0x21c build/uspi_usbstandardhub.o
                                0xdf1 (size before relaxing)
 .debug_str     0x0000247b      0x13d build/uspi_dwhciframeschednper.o
                                0x40d (size before relaxing)
 .debug_str     0x000025b8      0x58c build/uspi_dwhcixferstagedata.o
                               0x10cd (size before relaxing)
 .debug_str     0x00002b44      0x411 build/uspi_keymap.o
                                0x5e0 (size before relaxing)
 .debug_str     0x00002f55       0x57 build/memide.o
                                0x2ad (size before relaxing)
 .debug_str     0x00002fac      0x5d4 build/uspi_library.o
                               0x1670 (size before relaxing)
 .debug_str     0x00003580       0x5c build/mailbox.o
                                0xc01 (size before relaxing)
 .debug_str     0x000035dc       0x45 build/uart_pl011.o
                                0x178 (size before relaxing)
 .debug_str     0x00003621      0x127 build/uspi_usbdevice.o
                                0xde1 (size before relaxing)
 .debug_str     0x00003748       0x1a build/mmu.o
                                0x17d (size before relaxing)
 .debug_str     0x00003762      0x18c build/uspi_smsc951x.o
                                0xdb7 (size before relaxing)
 .debug_str     0x000038ee       0x62 build/log.o
                                0x286 (size before relaxing)
 .debug_str     0x00003950       0xaf build/uspi_macaddress.o
                                0x2ce (size before relaxing)
 .debug_str     0x000039ff       0x7a build/uart.o
                                0x288 (size before relaxing)
 .debug_str     0x00003a79       0x1a build/syscall.o
                                0x26d (size before relaxing)
 .debug_str     0x00003a93      0x4fc build/uspi_usbmassdevice.o
                               0x1352 (size before relaxing)
 .debug_str     0x00003f8f       0x43 build/uspi_usbstring.o
                                0xb11 (size before relaxing)
 .debug_str     0x00003fd2       0xa8 build/usb.o
                                0xdfa (size before relaxing)
 .debug_str     0x0000407a       0x75 build/sysproc.o
                                0x2b4 (size before relaxing)
 .debug_str     0x000040ef       0x32 build/file.o
                                0xb7b (size before relaxing)
 .debug_str     0x00004121       0x20 build/string.o
                                0x17e (size before relaxing)
 .debug_str     0x00004141       0x2e build/pipe.o
                                0xbf1 (size before relaxing)
 .debug_str     0x0000416f       0xa0 build/uspi_usbrequest.o
                                0x90e (size before relaxing)
 .debug_str     0x0000420f       0x67 build/uspi_synchronize.o
                                0x1dc (size before relaxing)
 .debug_str     0x00004276       0x17 build/uspienv_memio.o
                                0x16c (size before relaxing)
 .debug_str     0x0000428d       0xb2 build/uspi_usbmouse.o
                                0xd19 (size before relaxing)
 .debug_str     0x0000433f       0xab build/uspi_usbmidi.o
                                0xce6 (size before relaxing)
 .debug_str     0x000043ea      0x16e build/uspi_lan7800.o
                                0xe92 (size before relaxing)
 .debug_str     0x00004558       0x3d build/kalloc.o
                                0x1cd (size before relaxing)
 .debug_str     0x00004595       0x61 build/uspi_util.o
                                0x277 (size before relaxing)
 .debug_str     0x000045f6      0x5be build/uspi_dwhcidevice.o
                               0x18cc (size before relaxing)
 .debug_str     0x00004bb4       0x61 build/uspi_dwhciregister.o
                                0x2c3 (size before relaxing)
 .debug_str     0x00004c15       0xa3 build/proc.o
                                0x3f4 (size before relaxing)
 .debug_str     0x00004cb8      0x152 build/uspi_usbkeyboard.o
                               0x12e6 (size before relaxing)
 .debug_str     0x00004e0a       0x3c build/timer.o
                                0x2e9 (size before relaxing)
 .debug_str     0x00004e46       0x20 build/uspi_devicenameservice.o
                                0x27a (size before relaxing)
 .debug_str     0x00004e66      0x1c3 build/uspi_usbgamepad.o
                                0xf69 (size before relaxing)
 .debug_str     0x00005029       0x2a build/uspi_dwhcirootport.o
                                0xaf8 (size before relaxing)

.debug_frame    0x00000000     0x3bb4
 .debug_frame   0x00000000       0x9c build/uspi_dwhciframeschednsplit.o
 .debug_frame   0x0000009c       0x40 build/exec.o
 .debug_frame   0x000000dc      0x13c build/trap.o
 .debug_frame   0x00000218      0x1b8 build/uspi_string.o
 .debug_frame   0x000003d0      0x248 build/sysfile.o
 .debug_frame   0x00000618      0x104 build/uspi_usbendpoint.o
 .debug_frame   0x0000071c       0x8c build/bio.o
 .debug_frame   0x000007a8       0x48 build/uspi_usbdevicefactory.o
 .debug_frame   0x000007f0      0x30c build/fs.o
 .debug_frame   0x00000afc      0x20c build/console.o
 .debug_frame   0x00000d08       0xb8 build/spinlock.o
 .debug_frame   0x00000dc0       0x78 build/uspi_usbconfigparser.o
 .debug_frame   0x00000e38      0x194 build/uspienv_timer.o
 .debug_frame   0x00000fcc      0x124 build/main.o
 .debug_frame   0x000010f0      0x294 build/vm.o
 .debug_frame   0x00001384       0xb0 build/uspi_dwhciframeschedper.o
 .debug_frame   0x00001434       0xf0 build/uspi_usbstandardhub.o
 .debug_frame   0x00001524       0xa0 build/uspi_dwhciframeschednper.o
 .debug_frame   0x000015c4      0x280 build/uspi_dwhcixferstagedata.o
 .debug_frame   0x00001844       0x94 build/uspi_keymap.o
 .debug_frame   0x000018d8       0x60 build/memide.o
 .debug_frame   0x00001938      0x218 build/uspi_library.o
 .debug_frame   0x00001b50       0x68 build/mailbox.o
 .debug_frame   0x00001bb8       0x40 build/uart_pl011.o
 .debug_frame   0x00001bf8      0x190 build/uspi_usbdevice.o
 .debug_frame   0x00001d88       0x3c build/mmu.o
 .debug_frame   0x00001dc4      0x118 build/uspi_smsc951x.o
 .debug_frame   0x00001edc       0xd4 build/log.o
 .debug_frame   0x00001fb0       0xe8 build/uspi_macaddress.o
 .debug_frame   0x00002098       0xe8 build/uart.o
 .debug_frame   0x00002180       0x9c build/syscall.o
 .debug_frame   0x0000221c      0x1d0 build/uspi_usbmassdevice.o
 .debug_frame   0x000023ec       0xd8 build/uspi_usbstring.o
 .debug_frame   0x000024c4      0x18c build/usb.o
 .debug_frame   0x00002650       0xe0 build/sysproc.o
 .debug_frame   0x00002730      0x130 build/file.o
 .debug_frame   0x00002860       0xdc build/string.o
 .debug_frame   0x0000293c       0xa0 build/pipe.o
 .debug_frame   0x000029dc       0xdc build/uspi_usbrequest.o
 .debug_frame   0x00002ab8       0x40 build/uspi_synchronize.o
 .debug_frame   0x00002af8       0x30 build/uspienv_memio.o
 .debug_frame   0x00002b28       0xdc build/uspi_usbmouse.o
 .debug_frame   0x00002c04       0xdc build/uspi_usbmidi.o
 .debug_frame   0x00002ce0      0x20c build/uspi_lan7800.o
 .debug_frame   0x00002eec       0xa8 build/kalloc.o
 .debug_frame   0x00002f94       0xc0 build/uspi_util.o
 .debug_frame   0x00003054      0x4cc build/uspi_dwhcidevice.o
 .debug_frame   0x00003520       0xf0 build/uspi_dwhciregister.o
 .debug_frame   0x00003610      0x1b8 build/proc.o
 .debug_frame   0x000037c8      0x104 build/uspi_usbkeyboard.o
 .debug_frame   0x000038cc       0x9c build/timer.o
 .debug_frame   0x00003968       0x88 build/uspi_devicenameservice.o
 .debug_frame   0x000039f0      0x158 build/uspi_usbgamepad.o
 .debug_frame   0x00003b48       0x6c build/uspi_dwhcirootport.o
