
Allocating common symbols
Common symbol       size              file

uart_lock           0x4               build/uart_pl011.o
log                 0x70              build/log.o
kmem                0x3c              build/kalloc.o
pUSBParam           0x4               build/trap.o
bcache              0x173c            build/bio.o
pUSBTimerParam      0x4               build/trap.o
input               0xc0              build/console.o
uart_disabled       0x4               build/uart.o
device_handler      0xa0              build/usb_storagedriver.o
nUSBTimerIRQ        0x4               build/trap.o
kpgdir              0x4               build/vm.o
mb_data             0x28              build/main.o
tickslock           0x34              build/trap.o
ftable              0x994             build/file.o
cpus                0xe0              build/exec.o
mailbuffer          0x4               build/mailbox.o
pUSBTimerHandler    0x4               build/trap.o
pm_size             0x4               build/mmu.o
ticks               0x4               build/trap.o
pUSBHandler         0x4               build/trap.o
ptable              0x1f34            build/proc.o
nUSBIRQ             0x4               build/trap.o
devsw               0x50              build/file.o
icache              0xfd4             build/fs.o

Discarded input sections

 .note.GNU-stack
                0x00000000        0x0 build/uspi_dwhciframeschednsplit.o
 .note.GNU-stack
                0x00000000        0x0 build/exec.o
 .note.GNU-stack
                0x00000000        0x0 build/uart_pl011.o
 .note.GNU-stack
                0x00000000        0x0 build/uspi_string.o
 .note.GNU-stack
                0x00000000        0x0 build/usb_storagedriver.o
 .note.GNU-stack
                0x00000000        0x0 build/sysfile.o
 .note.GNU-stack
                0x00000000        0x0 build/string.o
 .note.GNU-stack
                0x00000000        0x0 build/uspi_usbmidi.o
 .note.GNU-stack
                0x00000000        0x0 build/uspi_usbdevice.o
 .note.GNU-stack
                0x00000000        0x0 build/uspi_usbdevicefactory.o
 .note.GNU-stack
                0x00000000        0x0 build/console.o
 .note.GNU-stack
                0x00000000        0x0 build/spinlock.o
 .note.GNU-stack
                0x00000000        0x0 build/trap.o
 .note.GNU-stack
                0x00000000        0x0 build/uspi_dwhciframeschednper.o
 .note.GNU-stack
                0x00000000        0x0 build/uspienv_timer.o
 .note.GNU-stack
                0x00000000        0x0 build/main.o
 .note.GNU-stack
                0x00000000        0x0 build/bio.o
 .note.GNU-stack
                0x00000000        0x0 build/syscall.o
 .note.GNU-stack
                0x00000000        0x0 build/uspi_usbendpoint.o
 .note.GNU-stack
                0x00000000        0x0 build/uspi_usbconfigparser.o
 .note.GNU-stack
                0x00000000        0x0 build/mailbox.o
 .note.GNU-stack
                0x00000000        0x0 build/uspi_usbstandardhub.o
 .note.GNU-stack
                0x00000000        0x0 build/memide.o
 .note.GNU-stack
                0x00000000        0x0 build/uspi_dwhciframeschedper.o
 .note.GNU-stack
                0x00000000        0x0 build/uspi_usbmassdevice.o
 .note.GNU-stack
                0x00000000        0x0 build/mmu.o
 .note.GNU-stack
                0x00000000        0x0 build/uspi_smsc951x.o
 .note.GNU-stack
                0x00000000        0x0 build/log.o
 .note.GNU-stack
                0x00000000        0x0 build/uart.o
 .note.GNU-stack
                0x00000000        0x0 build/uspi_dwhcixferstagedata.o
 .note.GNU-stack
                0x00000000        0x0 build/uspi_keymap.o
 .note.GNU-stack
                0x00000000        0x0 build/file.o
 .note.GNU-stack
                0x00000000        0x0 build/uspi_usbstring.o
 .note.GNU-stack
                0x00000000        0x0 build/uspi_library.o
 .note.GNU-stack
                0x00000000        0x0 build/vm.o
 .note.GNU-stack
                0x00000000        0x0 build/usb.o
 .note.GNU-stack
                0x00000000        0x0 build/sysproc.o
 .note.GNU-stack
                0x00000000        0x0 build/uspi_macaddress.o
 .note.GNU-stack
                0x00000000        0x0 build/pipe.o
 .note.GNU-stack
                0x00000000        0x0 build/uspi_usbrequest.o
 .note.GNU-stack
                0x00000000        0x0 build/uspi_synchronize.o
 .note.GNU-stack
                0x00000000        0x0 build/uspi_usbmouse.o
 .note.GNU-stack
                0x00000000        0x0 build/kalloc.o
 .note.GNU-stack
                0x00000000        0x0 build/uspi_util.o
 .note.GNU-stack
                0x00000000        0x0 build/uspi_lan7800.o
 .note.GNU-stack
                0x00000000        0x0 build/uspienv_memio.o
 .note.GNU-stack
                0x00000000        0x0 build/uspi_dwhcidevice.o
 .note.GNU-stack
                0x00000000        0x0 build/uspi_dwhciregister.o
 .note.GNU-stack
                0x00000000        0x0 build/proc.o
 .note.GNU-stack
                0x00000000        0x0 build/uspi_usbkeyboard.o
 .note.GNU-stack
                0x00000000        0x0 build/timer.o
 .note.GNU-stack
                0x00000000        0x0 build/uspi_devicenameservice.o
 .note.GNU-stack
                0x00000000        0x0 build/uspi_usbgamepad.o
 .note.GNU-stack
                0x00000000        0x0 build/fs.o
 .note.GNU-stack
                0x00000000        0x0 build/uspi_dwhcirootport.o

Memory Configuration

Name             Origin             Length             Attributes
*default*        0x00000000         0xffffffff

Linker script and memory map

LOAD build/entry.o
LOAD build/exception.o
LOAD build/uspienv_delayloop.o
LOAD build/uspi_dwhciframeschednsplit.o
LOAD build/exec.o
LOAD build/uart_pl011.o
LOAD build/uspi_string.o
LOAD build/usb_storagedriver.o
LOAD build/sysfile.o
LOAD build/string.o
LOAD build/uspi_usbmidi.o
LOAD build/uspi_usbdevice.o
LOAD build/uspi_usbdevicefactory.o
LOAD build/console.o
LOAD build/spinlock.o
LOAD build/trap.o
LOAD build/uspi_dwhciframeschednper.o
LOAD build/uspienv_timer.o
LOAD build/main.o
LOAD build/bio.o
LOAD build/syscall.o
LOAD build/uspi_usbendpoint.o
LOAD build/uspi_usbconfigparser.o
LOAD build/mailbox.o
LOAD build/uspi_usbstandardhub.o
LOAD build/memide.o
LOAD build/uspi_dwhciframeschedper.o
LOAD build/uspi_usbmassdevice.o
LOAD build/mmu.o
LOAD build/uspi_smsc951x.o
LOAD build/log.o
LOAD build/uart.o
LOAD build/uspi_dwhcixferstagedata.o
LOAD build/uspi_keymap.o
LOAD build/file.o
LOAD build/uspi_usbstring.o
LOAD build/uspi_library.o
LOAD build/vm.o
LOAD build/usb.o
LOAD build/sysproc.o
LOAD build/uspi_macaddress.o
LOAD build/pipe.o
LOAD build/uspi_usbrequest.o
LOAD build/uspi_synchronize.o
LOAD build/uspi_usbmouse.o
LOAD build/kalloc.o
LOAD build/uspi_util.o
LOAD build/uspi_lan7800.o
LOAD build/uspienv_memio.o
LOAD build/uspi_dwhcidevice.o
LOAD build/uspi_dwhciregister.o
LOAD build/proc.o
LOAD build/uspi_usbkeyboard.o
LOAD build/timer.o
LOAD build/uspi_devicenameservice.o
LOAD build/uspi_usbgamepad.o
LOAD build/fs.o
LOAD build/uspi_dwhcirootport.o
                0x00000000                PHYSTART = 0x0
                0x10000000                PHYSIZE = 0x10000000
                0x80000000                KERNBASE = 0x80000000
                0x3f000000                MMIO_PA = 0x3f000000
                0xd0000000                MMIO_VA = 0xd0000000
                0x01000000                MMIO_SIZE = 0x1000000
                0xdf000000                PERIPHBASE = 0xdf000000
                0x00004000                K_PDX_BASE = 0x4000
                0x00003000                K_PTX_BASE = 0x3000
                0x00008000                PHYSOFFSET = 0x8000
                0x80008000                KERNOFFSET = 0x80008000
                0x80008000                PHYSOFFSET = DEFINED (PHYSOFFSET)?PHYSOFFSET:0x80008000
                0xc0008000                KERNOFFSET = DEFINED (KERNOFFSET)?KERNOFFSET:0xc0008000
                0x80000000                SHIFT = (KERNOFFSET - PHYSOFFSET)

.init           0x00008000      0x1d4
 *(.init)
 .init          0x00008000      0x1d4 build/entry.o
                0x00008000                _start
                0x00008200                . = ALIGN (0x100)
                0x00008200                INIT_END = .
                0x80008200                . = (. + SHIFT)

.text           0x80008200     0xfba8 load address 0x00008200
 *.c.o(.text)
 *(.text .stub .text.*)
 .text          0x80008200       0x94 build/entry.o
                0x80008200                _pagingstart
                0x80008208                acknowledge
                0x8000822c                dsb_barrier
                0x80008238                flush_dcache_all
                0x80008244                flush_idcache
                0x80008250                flush_tlb
                0x80008270                flush_dcache
                0x8000827c                set_pgtbase
                0x80008284                getsystemtime
 *fill*         0x80008294        0xc 
 .text          0x800082a0      0x284 build/exception.o
                0x800082a0                vectors
                0x80008338                trapret
                0x80008478                set_mode_sp
                0x8000849c                readcpsr
                0x800084a4                cli
                0x800084b4                sti
                0x800084c4                swtch
 *fill*         0x80008524        0x4 
 .text          0x80008528        0xc build/uspienv_delayloop.o
                0x80008528                DelayLoop
 .text          0x80008534       0xdc build/uspi_dwhciframeschednsplit.o
                0x80008534                _DWHCIFrameSchedulerNoSplit
                0x80008538                DWHCIFrameSchedulerNoSplitCompleteSplit
                0x80008540                DWHCIFrameSchedulerNoSplitTransactionComplete
                0x80008544                DWHCIFrameSchedulerNoSplitIsOddFrame
                0x80008550                DWHCIFrameSchedulerNoSplitWaitForFrame
                0x800085b8                DWHCIFrameSchedulerNoSplitStartSplit
                0x800085bc                DWHCIFrameSchedulerNoSplit
 .text          0x80008610      0x2c4 build/exec.o
                0x80008610                exec
 .text          0x800088d4       0x94 build/uart_pl011.o
                0x800088d4                uartinit_fvp
                0x80008908                uartputc_fvp
                0x8000894c                uartgetc_fvp
 .text          0x80008968      0xa04 build/uspi_string.o
                0x800089c8                String
                0x800089d8                String2
                0x80008a08                _String
                0x80008a30                StringGet
                0x80008a48                StringSet
                0x80008a8c                StringGetLength
                0x80008a9c                StringAppend
                0x80008b18                StringCompare
                0x80008b20                StringFind
                0x80008b68                StringPutChar
                0x80008ba8                StringPutString
                0x80008bec                StringFormatV
                0x800092ac                StringFormat
                0x800092d8                StringReserveSpace
                0x800092e4                ntoa
 .text          0x8000936c      0x49c build/usb_storagedriver.o
                0x8000936c                storageinit
                0x80009380                dhandlerinit
                0x80009384                storage_free
                0x80009388                usb_storage_write
                0x800095f8                usb_storage_read
 .text          0x80009808      0xb7c build/sysfile.o
                0x800099e0                sys_dup
                0x80009a58                sys_read
                0x80009adc                sys_write
                0x80009b60                sys_close
                0x80009bb4                sys_fstat
                0x80009c00                sys_link
                0x80009d0c                sys_unlink
                0x80009ec4                sys_open
                0x80009ff8                sys_mkdir
                0x8000a054                sys_mknod
                0x8000a0f0                sys_chdir
                0x8000a16c                sys_exec
                0x8000a228                sys_pipe
                0x8000a2f0                sys_lseek
 .text          0x8000a384      0x2d4 build/string.o
                0x8000a384                memsetw
                0x8000a3a8                memsetb
                0x8000a3cc                memset
                0x8000a434                memcmp
                0x8000a480                memmove
                0x8000a4dc                memcpy
                0x8000a4e0                strncmp
                0x8000a540                strncpy
                0x8000a5a4                safestrcpy
                0x8000a5ec                strlen
                0x8000a61c                div
 .text          0x8000a658      0x390 build/uspi_usbmidi.o
                0x8000a6b8                USBMIDIDeviceConfigure
                0x8000a964                USBMIDIDevice
                0x8000a994                _CUSBMIDIDevice
                0x8000a9e0                USBMIDIDeviceRegisterPacketHandler
 .text          0x8000a9e8      0x6a4 build/uspi_usbdevice.o
                0x8000a9e8                USBDeviceConfigure
                0x8000aa4c                USBDevice
                0x8000aabc                USBDeviceCopy
                0x8000abb0                _USBDevice
                0x8000ac48                USBDeviceInitialize
                0x8000af34                USBDeviceGetName
                0x8000b034                USBDeviceGetAddress
                0x8000b03c                USBDeviceGetSpeed
                0x8000b044                USBDeviceGetHubAddress
                0x8000b04c                USBDeviceGetHubPortNumber
                0x8000b054                USBDeviceGetEndpoint0
                0x8000b05c                USBDeviceGetHost
                0x8000b064                USBDeviceGetDeviceDescriptor
                0x8000b06c                USBDeviceGetConfigurationDescriptor
                0x8000b074                USBDeviceGetDescriptor
                0x8000b07c                USBDeviceConfigurationError
                0x8000b084                USBDeviceSetAddress
 .text          0x8000b08c      0x230 build/uspi_usbdevicefactory.o
                0x8000b08c                GetDevice
                0x8000b25c                USBDeviceFactoryGetDevice
 .text          0x8000b2bc      0xab4 build/console.o
                0x8000b2bc                consoleread
                0x8000b3cc                setgpucolour
                0x8000b3dc                initframebuf
                0x8000b434                drawpixel
                0x8000b474                drawcursor
                0x8000b4e0                drawcharacter
                0x8000b574                gpuputc
                0x8000b768                consolewrite
                0x8000b86c                panic
                0x8000b8e0                cprintf
                0x8000ba80                consputc
                0x8000bb1c                consoleintr
                0x8000bc78                gpuinit
                0x8000bcd4                consoleinit
 .text          0x8000bd70      0x194 build/spinlock.o
                0x8000bd70                initlock
                0x8000bd84                getcallerpcs
                0x8000bd88                holding
                0x8000bdb0                pushcli
                0x8000bde8                acquire
                0x8000be64                popcli
                0x8000bec0                release
 .text          0x8000bf04      0x620 build/trap.o
                0x8000bf04                led25_on
                0x8000bf24                led25_off
                0x8000bf44                enable_intrs
                0x8000bf68                disable_intrs
                0x8000bf8c                tvinit
                0x8000c078                trap_oops
                0x8000c11c                handle_irq
                0x8000c180                trap
                0x8000c434                ConnectInterrupt
                0x8000c4ac                ConnectTimerInterrupt
 .text          0x8000c524      0x190 build/uspi_dwhciframeschednper.o
                0x8000c524                _DWHCIFrameSchedulerNonPeriodic
                0x8000c530                DWHCIFrameSchedulerNonPeriodicStartSplit
                0x8000c53c                DWHCIFrameSchedulerNonPeriodicWaitForFrame
                0x8000c540                DWHCIFrameSchedulerNonPeriodicIsOddFrame
                0x8000c548                DWHCIFrameSchedulerNonPeriodicCompleteSplit
                0x8000c5a0                DWHCIFrameSchedulerNonPeriodicTransactionComplete
                0x8000c660                DWHCIFrameSchedulerNonPeriodic
 .text          0x8000c6b4      0x3a0 build/uspienv_timer.o
                0x8000c6f4                TimerEnvInit
                0x8000c744                _Timer
                0x8000c758                TimerGetClockTicks
                0x8000c774                TimerGetTicks
                0x8000c77c                TimerGetTime
                0x8000c784                TimerStartKernelTimer
                0x8000c7fc                TimerCancelKernelTimer
                0x8000c810                TimerMsDelay
                0x8000c824                TimerusDelay
                0x8000c838                TimerGet
                0x8000c848                TimerSimpleMsDelay
                0x8000c864                TimerSimpleusDelay
                0x8000c870                TimerPollKernelTimers
                0x8000c8d0                TimerInterruptHandler
                0x8000c988                TimerTuneMsDelay
                0x8000c9ec                TimerInitialize
 .text          0x8000ca54      0x270 build/main.o
                0x8000ca54                OkLoop
                0x8000ca98                NotOkLoop
                0x8000cadc                getpmsize
                0x8000cb50                machinit
                0x8000cb64                cmain
 .text          0x8000ccc4      0x238 build/bio.o
                0x8000ccc4                binit
                0x8000cd4c                bread
                0x8000ce54                bwrite
                0x8000ce7c                brelse
 .text          0x8000cefc      0x254 build/syscall.o
                0x8000cefc                fetchint
                0x8000cf38                fetchstr
                0x8000cfa0                argint
                0x8000cfe8                argptr
                0x8000d048                argstr
                0x8000d0c4                syscall
 .text          0x8000d150      0x200 build/uspi_usbendpoint.o
                0x8000d150                USBEndpoint
                0x8000d17c                USBEndpoint2
                0x8000d268                USBEndpointCopy
                0x8000d29c                _USBEndpoint
                0x8000d2a8                USBEndpointGetDevice
                0x8000d2b0                USBEndpointGetNumber
                0x8000d2b8                USBEndpointGetType
                0x8000d2c0                USBEndpointIsDirectionIn
                0x8000d2c8                USBEndpointSetMaxPacketSize
                0x8000d2d0                USBEndpointGetMaxPacketSize
                0x8000d2d8                USBEndpointGetInterval
                0x8000d2e0                USBEndpointGetNextPID
                0x8000d2f0                USBEndpointSkipPID
                0x8000d344                USBEndpointResetPID
 .text          0x8000d350      0x1e8 build/uspi_usbconfigparser.o
                0x8000d350                USBConfigurationParser
                0x8000d460                _USBConfigurationParser
                0x8000d46c                USBConfigurationParserIsValid
                0x8000d474                USBConfigurationParserGetDescriptor
                0x8000d518                USBConfigurationParserError
 .text          0x8000d538      0x120 build/mailbox.o
                0x8000d538                create_request
                0x8000d5cc                mailboxinit
                0x8000d5e4                readmailbox
                0x8000d61c                writemailbox
 .text          0x8000d658      0xa24 build/uspi_usbstandardhub.o
                0x8000d658                USBStandardHub
                0x8000d69c                _USBStandardHub
                0x8000d724                USBStandardHubInitialize
                0x8000d728                USBStandardHubGetDeviceNames
                0x8000d7f8                USBStandardHubEnumeratePorts
                0x8000ddcc                USBStandardHubConfigure
 .text          0x8000e07c      0x104 build/memide.o
                0x8000e07c                ideinit
                0x8000e0b0                ideintr
                0x8000e0b4                iderw
                0x8000e164                usbrw
 .text          0x8000e180      0x214 build/uspi_dwhciframeschedper.o
                0x8000e180                _DWHCIFrameSchedulerPeriodic
                0x8000e18c                DWHCIFrameSchedulerPeriodicStartSplit
                0x8000e1a0                DWHCIFrameSchedulerPeriodicIsOddFrame
                0x8000e1ac                DWHCIFrameSchedulerPeriodicWaitForFrame
                0x8000e220                DWHCIFrameSchedulerPeriodicCompleteSplit
                0x8000e280                DWHCIFrameSchedulerPeriodicTransactionComplete
                0x8000e338                DWHCIFrameSchedulerPeriodic
 .text          0x8000e394      0xa5c build/uspi_usbmassdevice.o
                0x8000e394                USBBulkOnlyMassStorageDevice
                0x8000e3d0                _USBBulkOnlyMassStorageDevice
                0x8000e424                USBBulkOnlyMassStorageDeviceSeek
                0x8000e434                USBBulkOnlyMassStorageDeviceGetCapacity
                0x8000e43c                USBBulkOnlyMassStorageDeviceCommand
                0x8000e644                USBBulkOnlyMassStorageDeviceConfigure
                0x8000ea38                USBBulkOnlyMassStorageDeviceTryRead
                0x8000eb14                USBBulkOnlyMassStorageDeviceTryWrite
                0x8000ebec                USBBulkOnlyMassStorageDeviceReset
                0x8000ed20                USBBulkOnlyMassStorageDeviceRead
                0x8000ed88                USBBulkOnlyMassStorageDeviceWrite
 .text          0x8000edf0      0x108 build/mmu.o
                0x8000edf0                mmuinit0
                0x8000ee94                mmuinit1
 .text          0x8000eef8      0x5d0 build/uspi_smsc951x.o
                0x8000eef8                SMSC951xDevice
                0x8000ef30                _SMSC951xDevice
                0x8000ef9c                SMSC951xDeviceGetMACAddress
                0x8000efa4                SMSC951xDeviceSendFrame
                0x8000f004                SMSC951xDeviceReceiveFrame
                0x8000f0ec                SMSC951xDeviceWriteReg
                0x8000f154                SMSC951xDeviceConfigure
                0x8000f460                SMSC951xDeviceReadReg
 .text          0x8000f4c8      0x33c build/log.o
                0x8000f5ac                initlog
                0x8000f654                begin_trans
                0x8000f6ac                commit_trans
                0x8000f708                log_write
 .text          0x8000f804      0x3b4 build/uart.o
                0x8000f8a8                led18_on
                0x8000f8cc                led18_off
                0x8000f8f0                setgpioval
                0x8000f93c                setgpiofunc
                0x8000f948                enableirqminiuart
                0x8000f960                disableirqminiuart
                0x8000f978                uartputc
                0x8000fa04                miniuartintr
                0x8000fae4                uartinit
 .text          0x8000fbb8      0x49c build/uspi_dwhcixferstagedata.o
                0x8000fbb8                DWHCITransferStageData
                0x8000fd88                _DWHCITransferStageData
                0x8000fde4                DWHCITransferStageDataTransactionComplete
                0x8000fec0                DWHCITransferStageDataSetSplitComplete
                0x8000fec8                DWHCITransferStageDataSetState
                0x8000fed0                DWHCITransferStageDataGetState
                0x8000fed8                DWHCITransferStageDataSetSubState
                0x8000fee0                DWHCITransferStageDataGetSubState
                0x8000fee8                DWHCITransferStageDataBeginSplitCycle
                0x8000fef0                DWHCITransferStageDataGetChannelNumber
                0x8000fef8                DWHCITransferStageDataIsPeriodic
                0x8000ff18                DWHCITransferStageDataGetDeviceAddress
                0x8000ff20                DWHCITransferStageDataGetEndpointType
                0x8000ff4c                DWHCITransferStageDataGetEndpointNumber
                0x8000ff54                DWHCITransferStageDataGetMaxPacketSize
                0x8000ff5c                DWHCITransferStageDataGetSpeed
                0x8000ff64                DWHCITransferStageDataGetPID
                0x8000ff94                DWHCITransferStageDataIsDirectionIn
                0x8000ff9c                DWHCITransferStageDataIsStatusStage
                0x8000ffa4                DWHCITransferStageDataGetDMAAddress
                0x8000ffac                DWHCITransferStageDataGetBytesToTransfer
                0x8000ffb4                DWHCITransferStageDataGetPacketsToTransfer
                0x8000ffbc                DWHCITransferStageDataIsSplit
                0x8000ffc4                DWHCITransferStageDataIsSplitComplete
                0x8000ffcc                DWHCITransferStageDataGetHubAddress
                0x8000ffd4                DWHCITransferStageDataGetHubPortAddress
                0x8000ffdc                DWHCITransferStageDataGetSplitPosition
                0x8000ffe4                DWHCITransferStageDataGetStatusMask
                0x80010018                DWHCITransferStageDataGetTransactionStatus
                0x80010020                DWHCITransferStageDataIsStageComplete
                0x80010030                DWHCITransferStageDataGetResultLen
                0x80010044                DWHCITransferStageDataGetURB
                0x8001004c                DWHCITransferStageDataGetFrameScheduler
 .text          0x80010054      0x2b4 build/uspi_keymap.o
                0x80010054                KeyMap
                0x80010078                _KeyMap
                0x8001007c                KeyMapClearTable
                0x800100b4                KeyMapSetEntry
                0x80010104                KeyMapTranslate
                0x80010220                KeyMapGetString
                0x800102d8                KeyMapGetLEDStatus
 .text          0x80010308      0x348 build/file.o
                0x80010308                fileinit
                0x80010338                filealloc
                0x800103a4                filedup
                0x800103ec                fileclose
                0x8001048c                filestat
                0x800104d0                fileread
                0x8001055c                filewrite
 .text          0x80010650      0x404 build/uspi_usbstring.o
                0x80010650                USBString
                0x80010678                USBStringCopy
                0x800106e0                _USBString
                0x80010720                USBStringGetFromDescriptor
                0x800108ec                USBStringGet
                0x800108f4                USBStringGetLanguageID
 .text          0x80010a54      0x748 build/uspi_library.o
                0x80010a54                USPiInitialize
                0x80010c64                USPiKeyboardAvailable
                0x80010c80                USPiKeyboardRegisterKeyPressedHandler
                0x80010c98                USPiKeyboardRegisterShutdownHandler
                0x80010cb0                USPiKeyboardRegisterKeyStatusHandlerRaw
                0x80010cc8                USPiMouseAvailable
                0x80010ce4                USPiMouseRegisterStatusHandler
                0x80010cfc                USPiMassStorageDeviceAvailable
                0x80010d2c                USPiMassStorageDeviceRead
                0x80010da0                USPiMassStorageDeviceWrite
                0x80010e14                USPiMassStorageDeviceGetCapacity
                0x80010e44                USPiEthernetAvailable
                0x80010e74                USPiGetMACAddress
                0x80010eb8                USPiSendFrame
                0x80010f0c                USPiReceiveFrame
                0x80010f60                USPiGamePadAvailable
                0x80010f90                USPiGamePadRegisterStatusHandler
                0x80010fd0                USPiGamePadGetStatus
                0x80011014                USPiMIDIAvailable
                0x80011030                USPiMIDIRegisterPacketHandler
                0x80011048                USPiDeviceGetInformation
 .text          0x8001119c      0x7e0 build/vm.o
                0x80011398                setupkvm
                0x800113bc                setupkvm_new
                0x80011460                kvmalloc
                0x80011478                switchkvm
                0x8001147c                switchkvm_new
                0x800114a8                switchuvm
                0x800114f0                inituvm
                0x80011568                loaduvm
                0x80011640                allocuvm
                0x80011730                deallocuvm
                0x80011744                freevm
                0x800117b4                clearpteu
                0x800117e8                copyuvm
                0x800118c8                uva2ka
                0x800118fc                copyout
 .text          0x8001197c      0x304 build/usb.o
                0x800119f4                malloc
                0x80011a10                free
                0x80011a14                MsDelay
                0x80011a48                usDelay
                0x80011a78                StartKernelTimer
                0x80011ab0                CancelKernelTimer
                0x80011ac8                SetPowerStateOn
                0x80011b54                GetMACAddress
                0x80011b5c                LogWrite
                0x80011bb8                usbinit
 .text          0x80011c80      0x1b0 build/sysproc.o
                0x80011c80                sys_fork
                0x80011c84                sys_exit
                0x80011c94                sys_wait
                0x80011c98                sys_kill
                0x80011ccc                sys_getpid
                0x80011ce0                sys_sbrk
                0x80011d30                sys_sleep
                0x80011e00                sys_uptime
 .text          0x80011e30      0x114 build/uspi_macaddress.o
                0x80011e30                MACAddress
                0x80011e3c                MACAddress2
                0x80011e5c                _MACAddress
                0x80011e68                MACAddressIsEqual
                0x80011e88                MACAddressSet
                0x80011e8c                MACAddressSetBroadcast
                0x80011eb0                MACAddressGet
                0x80011eb8                MACAddressCopyTo
                0x80011ecc                MACAddressIsBroadcast
                0x80011ef8                MACAddressGetSize
                0x80011f00                MACAddressFormat
 .text          0x80011f44      0x320 build/pipe.o
                0x80011f44                pipealloc
                0x8001201c                pipeclose
                0x8001207c                pipewrite
                0x80012154                piperead
 .text          0x80012264       0xac build/uspi_usbrequest.o
                0x80012264                USBRequest
                0x80012290                _USBRequest
                0x800122a8                USBRequestGetEndpoint
                0x800122b0                USBRequestSetStatus
                0x800122b8                USBRequestSetResultLen
                0x800122c0                USBRequestGetStatus
                0x800122c8                USBRequestGetResultLength
                0x800122d0                USBRequestGetSetupData
                0x800122d8                USBRequestGetBuffer
                0x800122e0                USBRequestGetBufLen
                0x800122e8                USBRequestSetCompletionRoutine
                0x800122f4                USBRequestCallCompletionRoutine
 .text          0x80012310       0xa8 build/uspi_synchronize.o
                0x80012310                uspi_EnterCritical
                0x8001234c                uspi_LeaveCritical
                0x80012388                uspi_CleanAndInvalidateDataCacheRange
 .text          0x800123b8      0x3fc build/uspi_usbmouse.o
                0x80012418                USBMouseDeviceConfigure
                0x80012724                USBMouseDevice
                0x80012760                _CUSBMouseDevice
                0x800127ac                USBMouseDeviceRegisterStatusHandler
 .text          0x800127b4      0x1fc build/kalloc.o
                0x800127b4                kfree
                0x80012848                freerange
                0x80012884                kinit1
                0x800128f8                kinit2
                0x80012944                kalloc
 .text          0x800129b0      0x200 build/uspi_util.o
                0x800129b0                uspi_memset
                0x800129d4                uspi_memcpy
                0x800129f8                uspi_memcmp
                0x80012a54                uspi_strlen
                0x80012a7c                uspi_strcmp
                0x80012ad4                uspi_strcpy
                0x80012b00                uspi_strncpy
                0x80012b48                uspi_strcat
                0x80012b8c                uspi_char2int
                0x80012b9c                uspi_le2be16
                0x80012ba8                uspi_le2be32
 .text          0x80012bb0      0xae8 build/uspi_lan7800.o
                0x80012bb0                LAN7800Device
                0x80012be8                _LAN7800Device
                0x80012c54                LAN7800DeviceGetMACAddress
                0x80012c5c                LAN7800DeviceSendFrame
                0x80012cc0                LAN7800DeviceReceiveFrame
                0x80012d9c                LAN7800DeviceWriteReg
                0x80012e30                LAN7800DeviceInitMACAddress
                0x80012f18                LAN7800DeviceReadReg
                0x80012fa8                LAN7800DeviceWaitReg
                0x80013014                LAN7800DevicePHYWrite
                0x80013098                LAN7800DevicePHYRead
                0x80013140                LAN7800DeviceIsLinkUp
                0x80013168                LAN7800DeviceInitPHY
                0x800131ac                LAN7800DeviceReadWriteReg
                0x800131f8                LAN7800DeviceConfigure
 .text          0x80013698       0x10 build/uspienv_memio.o
                0x80013698                read32
                0x800136a0                write32
 .text          0x800136a8     0x1ac8 build/uspi_dwhcidevice.o
                0x800136a8                DWHCIDeviceCompletionRoutine
                0x800136b4                DWHCIDevice
                0x800136f4                _DWHCIDevice
                0x800136fc                DWHCIDeviceEnableGlobalInterrupts
                0x80013740                DWHCIDeviceEnableCommonInterrupts
                0x80013778                DWHCIDeviceEnableHostInterrupts
                0x800137d4                DWHCIDeviceEnableChannelInterrupt
                0x80013828                DWHCIDeviceDisableChannelInterrupt
                0x8001387c                DWHCIDeviceStartChannel
                0x80013c00                DWHCIDeviceStartTransaction
                0x80013cd0                DWHCIDeviceTimerHandler
                0x80013d38                DWHCIDeviceChannelInterruptHandler
                0x80014190                DWHCIDeviceInterruptHandler
                0x80014290                DWHCIDeviceAllocateChannel
                0x80014308                DWHCIDeviceTransferStageAsync
                0x80014420                DWHCIDeviceSubmitAsyncRequest
                0x80014464                DWHCIDeviceTransferStage
                0x800144f4                DWHCIDeviceSubmitBlockingRequest
                0x80014630                DWHCIDeviceControlMessage
                0x800146d0                DWHCIDeviceGetDescriptor
                0x8001470c                DWHCIDeviceSetAddress
                0x80014754                DWHCIDeviceSetConfiguration
                0x8001479c                DWHCIDeviceTransfer
                0x800147f4                DWHCIDeviceFreeChannel
                0x8001481c                DWHCIDeviceWaitForBit
                0x80014870                DWHCIDeviceEnableRootPort
                0x80014930                DWHCIDeviceReset
                0x800149dc                DWHCIDeviceInitCore
                0x80014bb0                DWHCIDeviceFlushTxFIFO
                0x80014c4c                DWHCIDeviceFlushRxFIFO
                0x80014ccc                DWHCIDeviceInitHost
                0x80014ecc                DWHCIDeviceInitialize
                0x80015094                DWHCIDeviceGetPortSpeed
                0x800150e0                DWHCIDeviceOvercurrentDetected
                0x8001512c                DWHCIDeviceDisableRootPort
 .text          0x80015170       0xf4 build/uspi_dwhciregister.o
                0x80015170                DWHCIRegister
                0x80015180                DWHCIRegister2
                0x80015190                _DWHCIRegister
                0x8001519c                DWHCIRegisterRead
                0x800151b8                DWHCIRegisterWrite
                0x800151c8                DWHCIRegisterGet
                0x800151d0                DWHCIRegisterSet
                0x800151e0                DWHCIRegisterIsSet
                0x800151f4                DWHCIRegisterAnd
                0x80015204                DWHCIRegisterOr
                0x80015214                DWHCIRegisterClearBit
                0x80015228                DWHCIRegisterSetBit
                0x8001523c                DWHCIRegisterClearAll
                0x80015250                DWHCIRegisterSetAll
 .text          0x80015264      0x874 build/proc.o
                0x80015354                forkret
                0x80015388                pinit
                0x800153b8                userinit
                0x80015468                growproc
                0x800154d0                fork
                0x800155b4                scheduler
                0x80015668                sched
                0x800156fc                exit
                0x8001583c                yield
                0x80015874                sleep
                0x80015928                wait
                0x80015a00                wakeup
                0x80015a58                kill
                0x80015ad4                procdump
 .text          0x80015ad8      0x53c build/uspi_usbkeyboard.o
                0x80015b38                USBKeyboardDeviceConfigure
                0x80015f48                USBKeyboardDevice
                0x80015fa0                _CUSBKeyboardDevice
                0x80015ff4                USBKeyboardDeviceRegisterKeyPressedHandler
                0x80015ffc                USBKeyboardDeviceRegisterSelectConsoleHandler
                0x80016004                USBKeyboardDeviceRegisterShutdownHandler
                0x8001600c                USBKeyboardDeviceRegisterKeyStatusHandlerRaw
 .text          0x80016014      0x120 build/timer.o
                0x80016014                enabletimer3irq
                0x8001602c                timer3init
                0x80016074                timer3intr
                0x800160c8                delay
                0x800160f4                led_on
                0x80016114                led_off
 .text          0x80016134      0x128 build/uspi_devicenameservice.o
                0x80016134                DeviceNameService
                0x8001614c                _DeviceNameService
                0x800161a4                DeviceNameServiceAddDevice
                0x800161f8                DeviceNameServiceGetDevice
                0x8001624c                DeviceNameServiceGet
 .text          0x8001625c      0xbb8 build/uspi_usbgamepad.o
                0x80016800                USBGamePadDeviceConfigure
                0x80016c84                USBGamePadDevice
                0x80016d18                _CUSBGamePadDevice
                0x80016d9c                USBGamePadDeviceRegisterStatusHandler
                0x80016da4                USBGamePadDeviceGetReport
 .text          0x80016e14      0xd84 build/fs.o
                0x80016f10                readsb
                0x80017170                iinit
                0x800171a0                ialloc
                0x80017250                iupdate
                0x800172cc                idup
                0x80017300                ilock
                0x80017408                iunlock
                0x80017468                iput
                0x800175b0                iunlockput
                0x800175c8                stati
                0x800175f0                readi
                0x800176e0                writei
                0x80017800                namecmp
                0x80017808                dirlookup
                0x80017a98                dirlink
                0x80017b70                namei
                0x80017b8c                nameiparent
 .text          0x80017b98      0x210 build/uspi_dwhcirootport.o
                0x80017b98                DWHCIRootPort
                0x80017ba4                _DWHCIRootPort
                0x80017bd8                DWHCIRootPortInitialize

.glue_7         0x80017da8        0x0 load address 0x00017da8
 .glue_7        0x80017da8        0x0 linker stubs

.glue_7t        0x80017da8        0x0 load address 0x00017da8
 .glue_7t       0x80017da8        0x0 linker stubs

.vfp11_veneer   0x80017da8        0x0 load address 0x00017da8
 .vfp11_veneer  0x80017da8        0x0 linker stubs

.v4_bx          0x80017da8        0x0 load address 0x00017da8
 .v4_bx         0x80017da8        0x0 linker stubs

.iplt           0x80017da8        0x0 load address 0x00017da8
 .iplt          0x80017da8        0x0 build/entry.o

.rodata         0x80017da8     0x1a18 load address 0x00017da8
 *(.rodata .rodata.*)
 .rodata.str1.4
                0x80017da8        0x0 build/uspi_string.o
                                  0x1 (size before relaxing)
 .rodata.str1.4
                0x80017da8      0x101 build/usb_storagedriver.o
 *fill*         0x80017ea9        0x3 
 .rodata.str1.4
                0x80017eac       0x6b build/sysfile.o
 *fill*         0x80017f17        0x1 
 .rodata        0x80017f18       0x48 build/uspi_usbmidi.o
 .rodata.str1.4
                0x80017f60       0x24 build/uspi_usbmidi.o
 .rodata        0x80017f84        0x7 build/uspi_usbdevice.o
 *fill*         0x80017f8b        0x1 
 .rodata.str1.4
                0x80017f8c      0x150 build/uspi_usbdevice.o
 .rodata.str1.4
                0x800180dc       0x77 build/uspi_usbdevicefactory.o
 *fill*         0x80018153        0x1 
 .rodata        0x80018154       0x11 build/console.o
 *fill*         0x80018165        0x3 
 .rodata.str1.4
                0x80018168       0x5e build/console.o
                                 0x62 (size before relaxing)
 *fill*         0x800181c6        0x2 
 .rodata.str1.4
                0x800181c8       0x60 build/spinlock.o
 .rodata.str1.4
                0x80018228      0x1aa build/trap.o
 *fill*         0x800183d2        0x2 
 .rodata.str1.4
                0x800183d4       0x1c build/uspi_dwhciframeschednper.o
 .rodata.str1.4
                0x800183f0       0xf9 build/main.o
 *fill*         0x800184e9        0x3 
 .rodata.str1.4
                0x800184ec       0x2b build/bio.o
 *fill*         0x80018517        0x1 
 .rodata        0x80018518       0x5c build/syscall.o
 .rodata.str1.4
                0x80018574       0x1c build/syscall.o
 .rodata.str1.4
                0x80018590       0x2f build/uspi_usbconfigparser.o
 *fill*         0x800185bf        0x1 
 .rodata        0x800185c0        0x7 build/uspi_usbstandardhub.o
 *fill*         0x800185c7        0x1 
 .rodata.str1.4
                0x800185c8      0x1c0 build/uspi_usbstandardhub.o
                                0x1e4 (size before relaxing)
 .rodata.str1.4
                0x80018788       0x6e build/memide.o
 .rodata.str1.4
                0x800187f6       0x1c build/uspi_dwhciframeschedper.o
 *fill*         0x800187f6        0x2 
 .rodata        0x800187f8        0x5 build/uspi_usbmassdevice.o
 *fill*         0x800187fd        0x3 
 .rodata.str1.4
                0x80018800      0x1cc build/uspi_usbmassdevice.o
                                0x1e8 (size before relaxing)
 .rodata        0x800189cc        0x9 build/uspi_smsc951x.o
 *fill*         0x800189d5        0x3 
 .rodata.str1.4
                0x800189d8       0x76 build/uspi_smsc951x.o
                                 0x92 (size before relaxing)
 *fill*         0x80018a4e        0x2 
 .rodata.str1.4
                0x80018a50       0x33 build/log.o
 *fill*         0x80018a83        0x1 
 .rodata        0x80018a84      0x4cc build/uspi_keymap.o
 .rodata.str1.4
                0x80018f50       0xce build/uspi_keymap.o
                                 0xde (size before relaxing)
 *fill*         0x8001901e        0x2 
 .rodata.str1.4
                0x80019020       0x42 build/file.o
 *fill*         0x80019062        0x2 
 .rodata        0x80019064        0x5 build/uspi_library.o
 *fill*         0x80019069        0x3 
 .rodata.str1.4
                0x8001906c       0x86 build/uspi_library.o
                                 0x8e (size before relaxing)
 *fill*         0x800190f2        0x2 
 .rodata.str1.4
                0x800190f4      0x16e build/vm.o
 *fill*         0x80019262        0x2 
 .rodata.str1.4
                0x80019264      0x122 build/usb.o
 *fill*         0x80019386        0x2 
 .rodata.str1.4
                0x80019388       0x1e build/uspi_macaddress.o
 *fill*         0x800193a6        0x2 
 .rodata.str1.4
                0x800193a8        0x5 build/pipe.o
 *fill*         0x800193ad        0x3 
 .rodata        0x800193b0        0x7 build/uspi_usbmouse.o
 *fill*         0x800193b7        0x1 
 .rodata.str1.4
                0x800193b8       0x25 build/uspi_usbmouse.o
                                 0x59 (size before relaxing)
 *fill*         0x800193dd        0x3 
 .rodata.str1.4
                0x800193e0        0x5 build/kalloc.o
                                  0xd (size before relaxing)
 *fill*         0x800193e5        0x3 
 .rodata        0x800193e8        0x8 build/uspi_lan7800.o
 .rodata.str1.4
                0x800193f0       0x9c build/uspi_lan7800.o
                                 0xea (size before relaxing)
 .rodata        0x8001948c       0x14 build/uspi_dwhcidevice.o
 .rodata.str1.4
                0x800194a0       0xe4 build/uspi_dwhcidevice.o
 .rodata.str1.4
                0x80019584       0xa9 build/proc.o
                                 0xad (size before relaxing)
 *fill*         0x8001962d        0x3 
 .rodata        0x80019630        0x7 build/uspi_usbkeyboard.o
 *fill*         0x80019637        0x1 
 .rodata.str1.4
                0x80019638        0x7 build/uspi_usbkeyboard.o
                                 0x57 (size before relaxing)
 *fill*         0x8001963f        0x1 
 .rodata        0x80019640        0xd build/uspi_usbgamepad.o
 *fill*         0x8001964d        0x3 
 .rodata.str1.4
                0x80019650       0x21 build/uspi_usbgamepad.o
                                 0x5f (size before relaxing)
 *fill*         0x80019671        0x3 
 .rodata.str1.4
                0x80019674       0xb9 build/fs.o
                                 0xc4 (size before relaxing)
 *fill*         0x8001972d        0x3 
 .rodata        0x80019730        0x7 build/uspi_dwhcirootport.o
 *fill*         0x80019737        0x1 
 .rodata.str1.4
                0x80019738       0x88 build/uspi_dwhcirootport.o
                                 0x87 (size before relaxing)

.rel.dyn        0x800197c0        0x0 load address 0x000197c0
 .rel.iplt      0x800197c0        0x0 build/entry.o
                0x8001a000                . = ALIGN (0x1000)

.data           0x8001a000    0x80940 load address 0x0001a000
 *(.data)
 .data          0x8001a000    0x80850 build/entry.o
                0x8001a000                font
                0x8001a800                _binary_initcode_start
                0x8001a850                _binary_fs_img_start
                0x8001a850                _binary_initcode_end
                0x8009a850                _binary_fs_img_end
 .data          0x8009a850        0x0 build/exception.o
 .data          0x8009a850        0x0 build/uspienv_delayloop.o
 .data          0x8009a850        0x0 build/uspi_dwhciframeschednsplit.o
 .data          0x8009a850        0x0 build/exec.o
 .data          0x8009a850        0x0 build/uart_pl011.o
 .data          0x8009a850        0x0 build/uspi_string.o
 .data          0x8009a850       0x15 build/usb_storagedriver.o
                0x8009a850                name
 .data          0x8009a865        0x0 build/sysfile.o
 .data          0x8009a865        0x0 build/string.o
 *fill*         0x8009a865        0x3 
 .data          0x8009a868        0x4 build/uspi_usbmidi.o
 .data          0x8009a86c        0x1 build/uspi_usbdevice.o
 .data          0x8009a86d        0x0 build/uspi_usbdevicefactory.o
 *fill*         0x8009a86d        0x3 
 .data          0x8009a870       0x24 build/console.o
                0x8009a874                framewidth
                0x8009a878                frameheight
                0x8009a87c                cursor_x
                0x8009a880                fontheight
                0x8009a884                cursor_y
                0x8009a888                fontwidth
                0x8009a890                framedepth
 .data          0x8009a894        0x0 build/spinlock.o
 .data          0x8009a894        0x4 build/trap.o
                0x8009a894                first_time
 .data          0x8009a898        0x0 build/uspi_dwhciframeschednper.o
 .data          0x8009a898        0x4 build/uspienv_timer.o
 .data          0x8009a89c        0x0 build/main.o
 .data          0x8009a89c        0x0 build/bio.o
 .data          0x8009a89c        0x0 build/syscall.o
 .data          0x8009a89c        0x0 build/uspi_usbendpoint.o
 .data          0x8009a89c        0x0 build/uspi_usbconfigparser.o
 .data          0x8009a89c        0x0 build/mailbox.o
 .data          0x8009a89c        0x0 build/uspi_usbstandardhub.o
 .data          0x8009a89c        0x0 build/memide.o
 .data          0x8009a89c        0x0 build/uspi_dwhciframeschedper.o
 .data          0x8009a89c        0x4 build/uspi_usbmassdevice.o
 .data          0x8009a8a0        0x0 build/mmu.o
 .data          0x8009a8a0        0x4 build/uspi_smsc951x.o
 .data          0x8009a8a4        0x0 build/log.o
 .data          0x8009a8a4        0x0 build/uart.o
 .data          0x8009a8a4        0x0 build/uspi_dwhcixferstagedata.o
 .data          0x8009a8a4        0x0 build/uspi_keymap.o
 .data          0x8009a8a4        0x0 build/file.o
 .data          0x8009a8a4        0x0 build/uspi_usbstring.o
 .data          0x8009a8a4        0x4 build/uspi_library.o
 .data          0x8009a8a8       0x3c build/vm.o
 .data          0x8009a8e4        0x8 build/usb.o
                0x8009a8e4                usb_active
                0x8009a8e8                device_index
 .data          0x8009a8ec        0x0 build/sysproc.o
 .data          0x8009a8ec        0x0 build/uspi_macaddress.o
 .data          0x8009a8ec        0x0 build/pipe.o
 .data          0x8009a8ec        0x0 build/uspi_usbrequest.o
 .data          0x8009a8ec        0x4 build/uspi_synchronize.o
 .data          0x8009a8f0        0x4 build/uspi_usbmouse.o
 .data          0x8009a8f4        0x0 build/kalloc.o
 .data          0x8009a8f4        0x0 build/uspi_util.o
 .data          0x8009a8f4        0x4 build/uspi_lan7800.o
 .data          0x8009a8f8        0x0 build/uspienv_memio.o
 .data          0x8009a8f8        0x0 build/uspi_dwhcidevice.o
 .data          0x8009a8f8        0x0 build/uspi_dwhciregister.o
 .data          0x8009a8f8        0xc build/proc.o
                0x8009a8f8                nextpid
                0x8009a900                first_sched
 .data          0x8009a904        0x4 build/uspi_usbkeyboard.o
 .data          0x8009a908        0x0 build/timer.o
 .data          0x8009a908        0x4 build/uspi_devicenameservice.o
 .data          0x8009a90c       0x34 build/uspi_usbgamepad.o
 .data          0x8009a940        0x0 build/fs.o
 .data          0x8009a940        0x0 build/uspi_dwhcirootport.o
 *.c.o(*)

.igot.plt       0x8009a940        0x0 load address 0x0009a940
 .igot.plt      0x8009a940        0x0 build/entry.o

.bss            0x8009a940     0x5574 load address 0x0009a940
 *(.bss)
 .bss           0x8009a940        0x0 build/entry.o
 .bss           0x8009a940        0x0 build/exception.o
 .bss           0x8009a940        0x0 build/uspienv_delayloop.o
 .bss           0x8009a940        0x0 build/uspi_dwhciframeschednsplit.o
 .bss           0x8009a940        0x0 build/exec.o
 .bss           0x8009a940        0x0 build/uart_pl011.o
 .bss           0x8009a940        0x0 build/uspi_string.o
 .bss           0x8009a940        0x0 build/usb_storagedriver.o
 .bss           0x8009a940        0x0 build/sysfile.o
 .bss           0x8009a940        0x0 build/string.o
 .bss           0x8009a940        0x0 build/uspi_usbmidi.o
 .bss           0x8009a940        0x0 build/uspi_usbdevice.o
 .bss           0x8009a940        0x0 build/uspi_usbdevicefactory.o
 .bss           0x8009a940       0x60 build/console.o
                0x8009a940                fbinfo
 .bss           0x8009a9a0        0x0 build/spinlock.o
 .bss           0x8009a9a0        0x0 build/trap.o
 .bss           0x8009a9a0        0x0 build/uspi_dwhciframeschednper.o
 .bss           0x8009a9a0        0x0 build/uspienv_timer.o
 .bss           0x8009a9a0        0x0 build/main.o
 .bss           0x8009a9a0        0x0 build/bio.o
 .bss           0x8009a9a0        0x0 build/syscall.o
 .bss           0x8009a9a0        0x0 build/uspi_usbendpoint.o
 .bss           0x8009a9a0        0x0 build/uspi_usbconfigparser.o
 .bss           0x8009a9a0        0x0 build/mailbox.o
 .bss           0x8009a9a0        0x0 build/uspi_usbstandardhub.o
 .bss           0x8009a9a0        0x8 build/memide.o
 .bss           0x8009a9a8        0x0 build/uspi_dwhciframeschedper.o
 .bss           0x8009a9a8        0x0 build/uspi_usbmassdevice.o
 .bss           0x8009a9a8        0x0 build/mmu.o
 .bss           0x8009a9a8        0x0 build/uspi_smsc951x.o
 .bss           0x8009a9a8        0x0 build/log.o
 .bss           0x8009a9a8        0xc build/uart.o
 .bss           0x8009a9b4        0x0 build/uspi_dwhcixferstagedata.o
 .bss           0x8009a9b4        0x0 build/uspi_keymap.o
 .bss           0x8009a9b4        0x0 build/file.o
 .bss           0x8009a9b4        0x0 build/uspi_usbstring.o
 .bss           0x8009a9b4        0x0 build/uspi_library.o
 .bss           0x8009a9b4        0x0 build/vm.o
 .bss           0x8009a9b4      0x158 build/usb.o
 .bss           0x8009ab0c        0x0 build/sysproc.o
 .bss           0x8009ab0c        0x0 build/uspi_macaddress.o
 .bss           0x8009ab0c        0x0 build/pipe.o
 .bss           0x8009ab0c        0x0 build/uspi_usbrequest.o
 .bss           0x8009ab0c        0x4 build/uspi_synchronize.o
 .bss           0x8009ab10        0x0 build/uspi_usbmouse.o
 .bss           0x8009ab10        0x0 build/kalloc.o
 .bss           0x8009ab10        0x0 build/uspi_util.o
 .bss           0x8009ab10        0x0 build/uspi_lan7800.o
 .bss           0x8009ab10        0x0 build/uspienv_memio.o
 .bss           0x8009ab10        0x0 build/uspi_dwhcidevice.o
 .bss           0x8009ab10        0x0 build/uspi_dwhciregister.o
 .bss           0x8009ab10        0x4 build/proc.o
 .bss           0x8009ab14        0x0 build/uspi_usbkeyboard.o
 .bss           0x8009ab14        0x0 build/timer.o
 .bss           0x8009ab14        0x0 build/uspi_devicenameservice.o
 .bss           0x8009ab14        0x0 build/uspi_usbgamepad.o
 .bss           0x8009ab14        0x0 build/fs.o
 .bss           0x8009ab14        0x0 build/uspi_dwhcirootport.o
 COMMON         0x8009ab14       0xe0 build/exec.o
                0x8009ab14                cpus
 COMMON         0x8009abf4        0x4 build/uart_pl011.o
                0x8009abf4                uart_lock
 COMMON         0x8009abf8       0xa0 build/usb_storagedriver.o
                0x8009abf8                device_handler
 COMMON         0x8009ac98       0xc0 build/console.o
                0x8009ac98                input
 COMMON         0x8009ad58       0x50 build/trap.o
                0x8009ad58                pUSBParam
                0x8009ad5c                pUSBTimerParam
                0x8009ad60                nUSBTimerIRQ
                0x8009ad64                tickslock
                0x8009ad98                pUSBTimerHandler
                0x8009ad9c                ticks
                0x8009ada0                pUSBHandler
                0x8009ada4                nUSBIRQ
 COMMON         0x8009ada8       0x28 build/main.o
                0x8009ada8                mb_data
 COMMON         0x8009add0     0x173c build/bio.o
                0x8009add0                bcache
 COMMON         0x8009c50c        0x4 build/mailbox.o
                0x8009c50c                mailbuffer
 COMMON         0x8009c510        0x4 build/mmu.o
                0x8009c510                pm_size
 COMMON         0x8009c514       0x70 build/log.o
                0x8009c514                log
 COMMON         0x8009c584        0x4 build/uart.o
                0x8009c584                uart_disabled
 COMMON         0x8009c588      0x9e4 build/file.o
                0x8009c588                ftable
                0x8009cf1c                devsw
 COMMON         0x8009cf6c        0x4 build/vm.o
                0x8009cf6c                kpgdir
 COMMON         0x8009cf70       0x3c build/kalloc.o
                0x8009cf70                kmem
 COMMON         0x8009cfac     0x1f34 build/proc.o
                0x8009cfac                ptable
 COMMON         0x8009eee0      0xfd4 build/fs.o
                0x8009eee0                icache
                0x8009feb4                PROVIDE (end = .)

/DISCARD/
 *(.eh_frame .note.GNU-stack)
OUTPUT(build/kernel.elf elf32-littlearm)

.ARM.attributes
                0x00000000       0x35
 .ARM.attributes
                0x00000000       0x25 build/entry.o
 .ARM.attributes
                0x00000025       0x25 build/exception.o
 .ARM.attributes
                0x0000004a       0x25 build/uspienv_delayloop.o
 .ARM.attributes
                0x0000006f       0x39 build/uspi_dwhciframeschednsplit.o
 .ARM.attributes
                0x000000a8       0x39 build/exec.o
 .ARM.attributes
                0x000000e1       0x39 build/uart_pl011.o
 .ARM.attributes
                0x0000011a       0x39 build/uspi_string.o
 .ARM.attributes
                0x00000153       0x39 build/usb_storagedriver.o
 .ARM.attributes
                0x0000018c       0x39 build/sysfile.o
 .ARM.attributes
                0x000001c5       0x39 build/string.o
 .ARM.attributes
                0x000001fe       0x39 build/uspi_usbmidi.o
 .ARM.attributes
                0x00000237       0x39 build/uspi_usbdevice.o
 .ARM.attributes
                0x00000270       0x39 build/uspi_usbdevicefactory.o
 .ARM.attributes
                0x000002a9       0x39 build/console.o
 .ARM.attributes
                0x000002e2       0x39 build/spinlock.o
 .ARM.attributes
                0x0000031b       0x39 build/trap.o
 .ARM.attributes
                0x00000354       0x39 build/uspi_dwhciframeschednper.o
 .ARM.attributes
                0x0000038d       0x39 build/uspienv_timer.o
 .ARM.attributes
                0x000003c6       0x39 build/main.o
 .ARM.attributes
                0x000003ff       0x39 build/bio.o
 .ARM.attributes
                0x00000438       0x39 build/syscall.o
 .ARM.attributes
                0x00000471       0x39 build/uspi_usbendpoint.o
 .ARM.attributes
                0x000004aa       0x39 build/uspi_usbconfigparser.o
 .ARM.attributes
                0x000004e3       0x39 build/mailbox.o
 .ARM.attributes
                0x0000051c       0x39 build/uspi_usbstandardhub.o
 .ARM.attributes
                0x00000555       0x39 build/memide.o
 .ARM.attributes
                0x0000058e       0x39 build/uspi_dwhciframeschedper.o
 .ARM.attributes
                0x000005c7       0x39 build/uspi_usbmassdevice.o
 .ARM.attributes
                0x00000600       0x39 build/mmu.o
 .ARM.attributes
                0x00000639       0x39 build/uspi_smsc951x.o
 .ARM.attributes
                0x00000672       0x39 build/log.o
 .ARM.attributes
                0x000006ab       0x39 build/uart.o
 .ARM.attributes
                0x000006e4       0x39 build/uspi_dwhcixferstagedata.o
 .ARM.attributes
                0x0000071d       0x39 build/uspi_keymap.o
 .ARM.attributes
                0x00000756       0x39 build/file.o
 .ARM.attributes
                0x0000078f       0x39 build/uspi_usbstring.o
 .ARM.attributes
                0x000007c8       0x39 build/uspi_library.o
 .ARM.attributes
                0x00000801       0x39 build/vm.o
 .ARM.attributes
                0x0000083a       0x39 build/usb.o
 .ARM.attributes
                0x00000873       0x39 build/sysproc.o
 .ARM.attributes
                0x000008ac       0x39 build/uspi_macaddress.o
 .ARM.attributes
                0x000008e5       0x39 build/pipe.o
 .ARM.attributes
                0x0000091e       0x39 build/uspi_usbrequest.o
 .ARM.attributes
                0x00000957       0x39 build/uspi_synchronize.o
 .ARM.attributes
                0x00000990       0x39 build/uspi_usbmouse.o
 .ARM.attributes
                0x000009c9       0x39 build/kalloc.o
 .ARM.attributes
                0x00000a02       0x39 build/uspi_util.o
 .ARM.attributes
                0x00000a3b       0x39 build/uspi_lan7800.o
 .ARM.attributes
                0x00000a74       0x39 build/uspienv_memio.o
 .ARM.attributes
                0x00000aad       0x39 build/uspi_dwhcidevice.o
 .ARM.attributes
                0x00000ae6       0x39 build/uspi_dwhciregister.o
 .ARM.attributes
                0x00000b1f       0x39 build/proc.o
 .ARM.attributes
                0x00000b58       0x39 build/uspi_usbkeyboard.o
 .ARM.attributes
                0x00000b91       0x39 build/timer.o
 .ARM.attributes
                0x00000bca       0x39 build/uspi_devicenameservice.o
 .ARM.attributes
                0x00000c03       0x39 build/uspi_usbgamepad.o
 .ARM.attributes
                0x00000c3c       0x39 build/fs.o
 .ARM.attributes
                0x00000c75       0x39 build/uspi_dwhcirootport.o

.comment        0x00000000       0x23
 .comment       0x00000000       0x23 build/uspi_dwhciframeschednsplit.o
                                 0x24 (size before relaxing)
 .comment       0x00000023       0x24 build/exec.o
 .comment       0x00000023       0x24 build/uart_pl011.o
 .comment       0x00000023       0x24 build/uspi_string.o
 .comment       0x00000023       0x24 build/usb_storagedriver.o
 .comment       0x00000023       0x24 build/sysfile.o
 .comment       0x00000023       0x24 build/string.o
 .comment       0x00000023       0x24 build/uspi_usbmidi.o
 .comment       0x00000023       0x24 build/uspi_usbdevice.o
 .comment       0x00000023       0x24 build/uspi_usbdevicefactory.o
 .comment       0x00000023       0x24 build/console.o
 .comment       0x00000023       0x24 build/spinlock.o
 .comment       0x00000023       0x24 build/trap.o
 .comment       0x00000023       0x24 build/uspi_dwhciframeschednper.o
 .comment       0x00000023       0x24 build/uspienv_timer.o
 .comment       0x00000023       0x24 build/main.o
 .comment       0x00000023       0x24 build/bio.o
 .comment       0x00000023       0x24 build/syscall.o
 .comment       0x00000023       0x24 build/uspi_usbendpoint.o
 .comment       0x00000023       0x24 build/uspi_usbconfigparser.o
 .comment       0x00000023       0x24 build/mailbox.o
 .comment       0x00000023       0x24 build/uspi_usbstandardhub.o
 .comment       0x00000023       0x24 build/memide.o
 .comment       0x00000023       0x24 build/uspi_dwhciframeschedper.o
 .comment       0x00000023       0x24 build/uspi_usbmassdevice.o
 .comment       0x00000023       0x24 build/mmu.o
 .comment       0x00000023       0x24 build/uspi_smsc951x.o
 .comment       0x00000023       0x24 build/log.o
 .comment       0x00000023       0x24 build/uart.o
 .comment       0x00000023       0x24 build/uspi_dwhcixferstagedata.o
 .comment       0x00000023       0x24 build/uspi_keymap.o
 .comment       0x00000023       0x24 build/file.o
 .comment       0x00000023       0x24 build/uspi_usbstring.o
 .comment       0x00000023       0x24 build/uspi_library.o
 .comment       0x00000023       0x24 build/vm.o
 .comment       0x00000023       0x24 build/usb.o
 .comment       0x00000023       0x24 build/sysproc.o
 .comment       0x00000023       0x24 build/uspi_macaddress.o
 .comment       0x00000023       0x24 build/pipe.o
 .comment       0x00000023       0x24 build/uspi_usbrequest.o
 .comment       0x00000023       0x24 build/uspi_synchronize.o
 .comment       0x00000023       0x24 build/uspi_usbmouse.o
 .comment       0x00000023       0x24 build/kalloc.o
 .comment       0x00000023       0x24 build/uspi_util.o
 .comment       0x00000023       0x24 build/uspi_lan7800.o
 .comment       0x00000023       0x24 build/uspienv_memio.o
 .comment       0x00000023       0x24 build/uspi_dwhcidevice.o
 .comment       0x00000023       0x24 build/uspi_dwhciregister.o
 .comment       0x00000023       0x24 build/proc.o
 .comment       0x00000023       0x24 build/uspi_usbkeyboard.o
 .comment       0x00000023       0x24 build/timer.o
 .comment       0x00000023       0x24 build/uspi_devicenameservice.o
 .comment       0x00000023       0x24 build/uspi_usbgamepad.o
 .comment       0x00000023       0x24 build/fs.o
 .comment       0x00000023       0x24 build/uspi_dwhcirootport.o

.debug_line     0x00000000     0xeced
 .debug_line    0x00000000       0xfb build/entry.o
 .debug_line    0x000000fb       0xdd build/exception.o
 .debug_line    0x000001d8       0x4c build/uspienv_delayloop.o
 .debug_line    0x00000224      0x19a build/uspi_dwhciframeschednsplit.o
 .debug_line    0x000003be      0x274 build/exec.o
 .debug_line    0x00000632      0x10f build/uart_pl011.o
 .debug_line    0x00000741      0xaf0 build/uspi_string.o
 .debug_line    0x00001231      0x406 build/usb_storagedriver.o
 .debug_line    0x00001637      0x896 build/sysfile.o
 .debug_line    0x00001ecd      0x31d build/string.o
 .debug_line    0x000021ea      0x3b0 build/uspi_usbmidi.o
 .debug_line    0x0000259a      0x66f build/uspi_usbdevice.o
 .debug_line    0x00002c09      0x35e build/uspi_usbdevicefactory.o
 .debug_line    0x00002f67      0x9fb build/console.o
 .debug_line    0x00003962      0x1b7 build/spinlock.o
 .debug_line    0x00003b19      0x480 build/trap.o
 .debug_line    0x00003f99      0x22f build/uspi_dwhciframeschednper.o
 .debug_line    0x000041c8      0x43f build/uspienv_timer.o
 .debug_line    0x00004607      0x1c0 build/main.o
 .debug_line    0x000047c7      0x279 build/bio.o
 .debug_line    0x00004a40      0x297 build/syscall.o
 .debug_line    0x00004cd7      0x324 build/uspi_usbendpoint.o
 .debug_line    0x00004ffb      0x278 build/uspi_usbconfigparser.o
 .debug_line    0x00005273      0x235 build/mailbox.o
 .debug_line    0x000054a8      0x788 build/uspi_usbstandardhub.o
 .debug_line    0x00005c30      0x132 build/memide.o
 .debug_line    0x00005d62      0x2f5 build/uspi_dwhciframeschedper.o
 .debug_line    0x00006057      0x87f build/uspi_usbmassdevice.o
 .debug_line    0x000068d6      0x1ea build/mmu.o
 .debug_line    0x00006ac0      0x4de build/uspi_smsc951x.o
 .debug_line    0x00006f9e      0x2f4 build/log.o
 .debug_line    0x00007292      0x59f build/uart.o
 .debug_line    0x00007831      0x686 build/uspi_dwhcixferstagedata.o
 .debug_line    0x00007eb7      0x2e0 build/uspi_keymap.o
 .debug_line    0x00008197      0x2be build/file.o
 .debug_line    0x00008455      0x436 build/uspi_usbstring.o
 .debug_line    0x0000888b      0x774 build/uspi_library.o
 .debug_line    0x00008fff      0x772 build/vm.o
 .debug_line    0x00009771      0x34e build/usb.o
 .debug_line    0x00009abf      0x1a2 build/sysproc.o
 .debug_line    0x00009c61      0x181 build/uspi_macaddress.o
 .debug_line    0x00009de2      0x2e7 build/pipe.o
 .debug_line    0x0000a0c9      0x1ca build/uspi_usbrequest.o
 .debug_line    0x0000a293       0xd3 build/uspi_synchronize.o
 .debug_line    0x0000a366      0x3b8 build/uspi_usbmouse.o
 .debug_line    0x0000a71e      0x25c build/kalloc.o
 .debug_line    0x0000a97a      0x250 build/uspi_util.o
 .debug_line    0x0000abca      0x808 build/uspi_lan7800.o
 .debug_line    0x0000b3d2       0x76 build/uspienv_memio.o
 .debug_line    0x0000b448      0xeb3 build/uspi_dwhcidevice.o
 .debug_line    0x0000c2fb      0x19f build/uspi_dwhciregister.o
 .debug_line    0x0000c49a      0x784 build/proc.o
 .debug_line    0x0000cc1e      0x4fb build/uspi_usbkeyboard.o
 .debug_line    0x0000d119      0x1e2 build/timer.o
 .debug_line    0x0000d2fb      0x1b0 build/uspi_devicenameservice.o
 .debug_line    0x0000d4ab      0xa02 build/uspi_usbgamepad.o
 .debug_line    0x0000dead      0xb9d build/fs.o
 .debug_line    0x0000ea4a      0x2a3 build/uspi_dwhcirootport.o

.debug_info     0x00000000    0x301bc
 .debug_info    0x00000000       0x22 build/entry.o
 .debug_info    0x00000022       0x26 build/exception.o
 .debug_info    0x00000048       0x26 build/uspienv_delayloop.o
 .debug_info    0x0000006e      0x3bf build/uspi_dwhciframeschednsplit.o
 .debug_info    0x0000042d      0x93c build/exec.o
 .debug_info    0x00000d69       0xc8 build/uart_pl011.o
 .debug_info    0x00000e31     0x1574 build/uspi_string.o
 .debug_info    0x000023a5      0x6c4 build/usb_storagedriver.o
 .debug_info    0x00002a69     0x1801 build/sysfile.o
 .debug_info    0x0000426a      0x5c8 build/string.o
 .debug_info    0x00004832     0x1272 build/uspi_usbmidi.o
 .debug_info    0x00005aa4     0x16c6 build/uspi_usbdevice.o
 .debug_info    0x0000716a     0x1847 build/uspi_usbdevicefactory.o
 .debug_info    0x000089b1     0x15a7 build/console.o
 .debug_info    0x00009f58      0x73e build/spinlock.o
 .debug_info    0x0000a696      0xc3c build/trap.o
 .debug_info    0x0000b2d2      0x421 build/uspi_dwhciframeschednper.o
 .debug_info    0x0000b6f3      0x8de build/uspienv_timer.o
 .debug_info    0x0000bfd1      0xc29 build/main.o
 .debug_info    0x0000cbfa      0x4af build/bio.o
 .debug_info    0x0000d0a9      0x7b7 build/syscall.o
 .debug_info    0x0000d860      0xad5 build/uspi_usbendpoint.o
 .debug_info    0x0000e335      0x61c build/uspi_usbconfigparser.o
 .debug_info    0x0000e951      0x9a9 build/mailbox.o
 .debug_info    0x0000f2fa     0x1b0e build/uspi_usbstandardhub.o
 .debug_info    0x00010e08      0x68b build/memide.o
 .debug_info    0x00011493      0x571 build/uspi_dwhciframeschedper.o
 .debug_info    0x00011a04     0x23d4 build/uspi_usbmassdevice.o
 .debug_info    0x00013dd8      0x1a1 build/mmu.o
 .debug_info    0x00013f79     0x1677 build/uspi_smsc951x.o
 .debug_info    0x000155f0      0x6ee build/log.o
 .debug_info    0x00015cde      0xe29 build/uart.o
 .debug_info    0x00016b07     0x15a7 build/uspi_dwhcixferstagedata.o
 .debug_info    0x000180ae      0x5f7 build/uspi_keymap.o
 .debug_info    0x000186a5      0x84a build/file.o
 .debug_info    0x00018eef     0x108d build/uspi_usbstring.o
 .debug_info    0x00019f7c     0x1f4c build/uspi_library.o
 .debug_info    0x0001bec8     0x1513 build/vm.o
 .debug_info    0x0001d3db      0xbb9 build/usb.o
 .debug_info    0x0001df94      0x683 build/sysproc.o
 .debug_info    0x0001e617      0x498 build/uspi_macaddress.o
 .debug_info    0x0001eaaf      0x93a build/pipe.o
 .debug_info    0x0001f3e9      0xb33 build/uspi_usbrequest.o
 .debug_info    0x0001ff1c      0x123 build/uspi_synchronize.o
 .debug_info    0x0002003f     0x12d4 build/uspi_usbmouse.o
 .debug_info    0x00021313      0x44b build/kalloc.o
 .debug_info    0x0002175e      0x43d build/uspi_util.o
 .debug_info    0x00021b9b     0x1ffd build/uspi_lan7800.o
 .debug_info    0x00023b98       0xcf build/uspienv_memio.o
 .debug_info    0x00023c67     0x4693 build/uspi_dwhcidevice.o
 .debug_info    0x000282fa      0x386 build/uspi_dwhciregister.o
 .debug_info    0x00028680      0xf32 build/proc.o
 .debug_info    0x000295b2     0x1918 build/uspi_usbkeyboard.o
 .debug_info    0x0002aeca      0x7f8 build/timer.o
 .debug_info    0x0002b6c2      0x331 build/uspi_devicenameservice.o
 .debug_info    0x0002b9f3     0x1ad2 build/uspi_usbgamepad.o
 .debug_info    0x0002d4c5     0x1e3e build/fs.o
 .debug_info    0x0002f303      0xeb9 build/uspi_dwhcirootport.o

.debug_abbrev   0x00000000     0x831b
 .debug_abbrev  0x00000000       0x12 build/entry.o
 .debug_abbrev  0x00000012       0x14 build/exception.o
 .debug_abbrev  0x00000026       0x14 build/uspienv_delayloop.o
 .debug_abbrev  0x0000003a      0x1ae build/uspi_dwhciframeschednsplit.o
 .debug_abbrev  0x000001e8      0x1be build/exec.o
 .debug_abbrev  0x000003a6       0xbc build/uart_pl011.o
 .debug_abbrev  0x00000462      0x34d build/uspi_string.o
 .debug_abbrev  0x000007af      0x210 build/usb_storagedriver.o
 .debug_abbrev  0x000009bf      0x325 build/sysfile.o
 .debug_abbrev  0x00000ce4      0x1a9 build/string.o
 .debug_abbrev  0x00000e8d      0x267 build/uspi_usbmidi.o
 .debug_abbrev  0x000010f4      0x2fa build/uspi_usbdevice.o
 .debug_abbrev  0x000013ee      0x1d7 build/uspi_usbdevicefactory.o
 .debug_abbrev  0x000015c5      0x487 build/console.o
 .debug_abbrev  0x00001a4c      0x24b build/spinlock.o
 .debug_abbrev  0x00001c97      0x282 build/trap.o
 .debug_abbrev  0x00001f19      0x1ed build/uspi_dwhciframeschednper.o
 .debug_abbrev  0x00002106      0x313 build/uspienv_timer.o
 .debug_abbrev  0x00002419      0x217 build/main.o
 .debug_abbrev  0x00002630      0x23a build/bio.o
 .debug_abbrev  0x0000286a      0x2a1 build/syscall.o
 .debug_abbrev  0x00002b0b      0x1a8 build/uspi_usbendpoint.o
 .debug_abbrev  0x00002cb3      0x176 build/uspi_usbconfigparser.o
 .debug_abbrev  0x00002e29      0x2aa build/mailbox.o
 .debug_abbrev  0x000030d3      0x256 build/uspi_usbstandardhub.o
 .debug_abbrev  0x00003329      0x1e9 build/memide.o
 .debug_abbrev  0x00003512      0x23d build/uspi_dwhciframeschedper.o
 .debug_abbrev  0x0000374f      0x350 build/uspi_usbmassdevice.o
 .debug_abbrev  0x00003a9f       0xe1 build/mmu.o
 .debug_abbrev  0x00003b80      0x248 build/uspi_smsc951x.o
 .debug_abbrev  0x00003dc8      0x21e build/log.o
 .debug_abbrev  0x00003fe6      0x2d8 build/uart.o
 .debug_abbrev  0x000042be      0x301 build/uspi_dwhcixferstagedata.o
 .debug_abbrev  0x000045bf      0x1e2 build/uspi_keymap.o
 .debug_abbrev  0x000047a1      0x215 build/file.o
 .debug_abbrev  0x000049b6      0x216 build/uspi_usbstring.o
 .debug_abbrev  0x00004bcc      0x313 build/uspi_library.o
 .debug_abbrev  0x00004edf      0x425 build/vm.o
 .debug_abbrev  0x00005304      0x38d build/usb.o
 .debug_abbrev  0x00005691      0x197 build/sysproc.o
 .debug_abbrev  0x00005828      0x1e1 build/uspi_macaddress.o
 .debug_abbrev  0x00005a09      0x229 build/pipe.o
 .debug_abbrev  0x00005c32      0x18f build/uspi_usbrequest.o
 .debug_abbrev  0x00005dc1       0xd8 build/uspi_synchronize.o
 .debug_abbrev  0x00005e99      0x255 build/uspi_usbmouse.o
 .debug_abbrev  0x000060ee      0x26b build/kalloc.o
 .debug_abbrev  0x00006359       0xfe build/uspi_util.o
 .debug_abbrev  0x00006457      0x2dd build/uspi_lan7800.o
 .debug_abbrev  0x00006734       0x96 build/uspienv_memio.o
 .debug_abbrev  0x000067ca      0x422 build/uspi_dwhcidevice.o
 .debug_abbrev  0x00006bec       0xff build/uspi_dwhciregister.o
 .debug_abbrev  0x00006ceb      0x3fa build/proc.o
 .debug_abbrev  0x000070e5      0x3a7 build/uspi_usbkeyboard.o
 .debug_abbrev  0x0000748c      0x285 build/timer.o
 .debug_abbrev  0x00007711      0x170 build/uspi_devicenameservice.o
 .debug_abbrev  0x00007881      0x3e2 build/uspi_usbgamepad.o
 .debug_abbrev  0x00007c63      0x4da build/fs.o
 .debug_abbrev  0x0000813d      0x1de build/uspi_dwhcirootport.o

.debug_aranges  0x00000000      0x748
 .debug_aranges
                0x00000000       0x28 build/entry.o
 .debug_aranges
                0x00000028       0x20 build/exception.o
 .debug_aranges
                0x00000048       0x20 build/uspienv_delayloop.o
 .debug_aranges
                0x00000068       0x20 build/uspi_dwhciframeschednsplit.o
 .debug_aranges
                0x00000088       0x20 build/exec.o
 .debug_aranges
                0x000000a8       0x20 build/uart_pl011.o
 .debug_aranges
                0x000000c8       0x20 build/uspi_string.o
 .debug_aranges
                0x000000e8       0x20 build/usb_storagedriver.o
 .debug_aranges
                0x00000108       0x20 build/sysfile.o
 .debug_aranges
                0x00000128       0x20 build/string.o
 .debug_aranges
                0x00000148       0x20 build/uspi_usbmidi.o
 .debug_aranges
                0x00000168       0x20 build/uspi_usbdevice.o
 .debug_aranges
                0x00000188       0x20 build/uspi_usbdevicefactory.o
 .debug_aranges
                0x000001a8       0x20 build/console.o
 .debug_aranges
                0x000001c8       0x20 build/spinlock.o
 .debug_aranges
                0x000001e8       0x20 build/trap.o
 .debug_aranges
                0x00000208       0x20 build/uspi_dwhciframeschednper.o
 .debug_aranges
                0x00000228       0x20 build/uspienv_timer.o
 .debug_aranges
                0x00000248       0x20 build/main.o
 .debug_aranges
                0x00000268       0x20 build/bio.o
 .debug_aranges
                0x00000288       0x20 build/syscall.o
 .debug_aranges
                0x000002a8       0x20 build/uspi_usbendpoint.o
 .debug_aranges
                0x000002c8       0x20 build/uspi_usbconfigparser.o
 .debug_aranges
                0x000002e8       0x20 build/mailbox.o
 .debug_aranges
                0x00000308       0x20 build/uspi_usbstandardhub.o
 .debug_aranges
                0x00000328       0x20 build/memide.o
 .debug_aranges
                0x00000348       0x20 build/uspi_dwhciframeschedper.o
 .debug_aranges
                0x00000368       0x20 build/uspi_usbmassdevice.o
 .debug_aranges
                0x00000388       0x20 build/mmu.o
 .debug_aranges
                0x000003a8       0x20 build/uspi_smsc951x.o
 .debug_aranges
                0x000003c8       0x20 build/log.o
 .debug_aranges
                0x000003e8       0x20 build/uart.o
 .debug_aranges
                0x00000408       0x20 build/uspi_dwhcixferstagedata.o
 .debug_aranges
                0x00000428       0x20 build/uspi_keymap.o
 .debug_aranges
                0x00000448       0x20 build/file.o
 .debug_aranges
                0x00000468       0x20 build/uspi_usbstring.o
 .debug_aranges
                0x00000488       0x20 build/uspi_library.o
 .debug_aranges
                0x000004a8       0x20 build/vm.o
 .debug_aranges
                0x000004c8       0x20 build/usb.o
 .debug_aranges
                0x000004e8       0x20 build/sysproc.o
 .debug_aranges
                0x00000508       0x20 build/uspi_macaddress.o
 .debug_aranges
                0x00000528       0x20 build/pipe.o
 .debug_aranges
                0x00000548       0x20 build/uspi_usbrequest.o
 .debug_aranges
                0x00000568       0x20 build/uspi_synchronize.o
 .debug_aranges
                0x00000588       0x20 build/uspi_usbmouse.o
 .debug_aranges
                0x000005a8       0x20 build/kalloc.o
 .debug_aranges
                0x000005c8       0x20 build/uspi_util.o
 .debug_aranges
                0x000005e8       0x20 build/uspi_lan7800.o
 .debug_aranges
                0x00000608       0x20 build/uspienv_memio.o
 .debug_aranges
                0x00000628       0x20 build/uspi_dwhcidevice.o
 .debug_aranges
                0x00000648       0x20 build/uspi_dwhciregister.o
 .debug_aranges
                0x00000668       0x20 build/proc.o
 .debug_aranges
                0x00000688       0x20 build/uspi_usbkeyboard.o
 .debug_aranges
                0x000006a8       0x20 build/timer.o
 .debug_aranges
                0x000006c8       0x20 build/uspi_devicenameservice.o
 .debug_aranges
                0x000006e8       0x20 build/uspi_usbgamepad.o
 .debug_aranges
                0x00000708       0x20 build/fs.o
 .debug_aranges
                0x00000728       0x20 build/uspi_dwhcirootport.o

.debug_str      0x00000000     0x5133
 .debug_str     0x00000000       0x2a build/entry.o
 .debug_str     0x0000002a       0x13 build/exception.o
                                 0x2e (size before relaxing)
 .debug_str     0x0000003d       0x1b build/uspienv_delayloop.o
                                 0x36 (size before relaxing)
 .debug_str     0x00000058      0x2e5 build/uspi_dwhciframeschednsplit.o
                                0x3b3 (size before relaxing)
 .debug_str     0x0000033d      0x1e2 build/exec.o
                                0x33d (size before relaxing)
 .debug_str     0x0000051f       0x45 build/uart_pl011.o
                                0x171 (size before relaxing)
 .debug_str     0x00000564      0x1d3 build/uspi_string.o
                                0x368 (size before relaxing)
 .debug_str     0x00000737      0x1b6 build/usb_storagedriver.o
                                0x33b (size before relaxing)
 .debug_str     0x000008ed      0x1a5 build/sysfile.o
                                0x485 (size before relaxing)
 .debug_str     0x00000a92       0x30 build/string.o
                                0x177 (size before relaxing)
 .debug_str     0x00000ac2      0xa22 build/uspi_usbmidi.o
                                0xccc (size before relaxing)
 .debug_str     0x000014e4      0x308 build/uspi_usbdevice.o
                                0xdc7 (size before relaxing)
 .debug_str     0x000017ec      0x42a build/uspi_usbdevicefactory.o
                                0xf57 (size before relaxing)
 .debug_str     0x00001c16      0x1d5 build/console.o
                                0x4cb (size before relaxing)
 .debug_str     0x00001deb       0x32 build/spinlock.o
                                0x274 (size before relaxing)
 .debug_str     0x00001e1d      0x1cd build/trap.o
                                0x41d (size before relaxing)
 .debug_str     0x00001fea      0x1ad build/uspi_dwhciframeschednper.o
                                0x3fc (size before relaxing)
 .debug_str     0x00002197      0x243 build/uspienv_timer.o
                                0x3d3 (size before relaxing)
 .debug_str     0x000023da       0xd6 build/main.o
                                0x408 (size before relaxing)
 .debug_str     0x000024b0       0x4a build/bio.o
                                0x1e0 (size before relaxing)
 .debug_str     0x000024fa       0x1a build/syscall.o
                                0x266 (size before relaxing)
 .debug_str     0x00002514       0xf1 build/uspi_usbendpoint.o
                                0x868 (size before relaxing)
 .debug_str     0x00002605       0x6b build/uspi_usbconfigparser.o
                                0x52c (size before relaxing)
 .debug_str     0x00002670       0x5c build/mailbox.o
                                0x347 (size before relaxing)
 .debug_str     0x000026cc      0x107 build/uspi_usbstandardhub.o
                                0xdd7 (size before relaxing)
 .debug_str     0x000027d3       0x57 build/memide.o
                                0x2a6 (size before relaxing)
 .debug_str     0x0000282a      0x127 build/uspi_dwhciframeschedper.o
                                0x458 (size before relaxing)
 .debug_str     0x00002951      0x59c build/uspi_usbmassdevice.o
                               0x12e2 (size before relaxing)
 .debug_str     0x00002eed       0x2a build/mmu.o
                                0x176 (size before relaxing)
 .debug_str     0x00002f17      0x195 build/uspi_smsc951x.o
                                0xd9d (size before relaxing)
 .debug_str     0x000030ac       0x98 build/log.o
                                0x27f (size before relaxing)
 .debug_str     0x00003144       0x7a build/uart.o
                                0x281 (size before relaxing)
 .debug_str     0x000031be      0x55b build/uspi_dwhcixferstagedata.o
                               0x10b3 (size before relaxing)
 .debug_str     0x00003719      0x405 build/uspi_keymap.o
                                0x5c6 (size before relaxing)
 .debug_str     0x00003b1e       0x38 build/file.o
                                0x2c1 (size before relaxing)
 .debug_str     0x00003b56       0x50 build/uspi_usbstring.o
                                0xaf7 (size before relaxing)
 .debug_str     0x00003ba6      0x4a9 build/uspi_library.o
                               0x1656 (size before relaxing)
 .debug_str     0x0000404f       0xc6 build/vm.o
                                0x39c (size before relaxing)
 .debug_str     0x00004115       0x82 build/usb.o
                                0x519 (size before relaxing)
 .debug_str     0x00004197       0x75 build/sysproc.o
                                0x2ad (size before relaxing)
 .debug_str     0x0000420c       0xa3 build/uspi_macaddress.o
                                0x2b4 (size before relaxing)
 .debug_str     0x000042af       0x2e build/pipe.o
                                0x337 (size before relaxing)
 .debug_str     0x000042dd       0x6d build/uspi_usbrequest.o
                                0x907 (size before relaxing)
 .debug_str     0x0000434a       0x67 build/uspi_synchronize.o
                                0x1de (size before relaxing)
 .debug_str     0x000043b1       0x94 build/uspi_usbmouse.o
                                0xcff (size before relaxing)
 .debug_str     0x00004445       0x3d build/kalloc.o
                                0x1c6 (size before relaxing)
 .debug_str     0x00004482       0x69 build/uspi_util.o
                                0x266 (size before relaxing)
 .debug_str     0x000044eb      0x166 build/uspi_lan7800.o
                                0xe78 (size before relaxing)
 .debug_str     0x00004651       0x17 build/uspienv_memio.o
                                0x16e (size before relaxing)
 .debug_str     0x00004668      0x5be build/uspi_dwhcidevice.o
                               0x189a (size before relaxing)
 .debug_str     0x00004c26       0x61 build/uspi_dwhciregister.o
                                0x2b2 (size before relaxing)
 .debug_str     0x00004c87       0xbf build/proc.o
                                0x3eb (size before relaxing)
 .debug_str     0x00004d46      0x152 build/uspi_usbkeyboard.o
                               0x12cc (size before relaxing)
 .debug_str     0x00004e98       0x3c build/timer.o
                                0x2e2 (size before relaxing)
 .debug_str     0x00004ed4       0x20 build/uspi_devicenameservice.o
                                0x269 (size before relaxing)
 .debug_str     0x00004ef4      0x1c3 build/uspi_usbgamepad.o
                                0xf4f (size before relaxing)
 .debug_str     0x000050b7       0x52 build/fs.o
                                0x41b (size before relaxing)
 .debug_str     0x00005109       0x2a build/uspi_dwhcirootport.o
                                0xade (size before relaxing)

.debug_ranges   0x00000000     0x1098
 .debug_ranges  0x00000000       0x20 build/entry.o
 .debug_ranges  0x00000020      0x1b8 build/uspi_string.o
 .debug_ranges  0x000001d8       0x98 build/sysfile.o
 .debug_ranges  0x00000270       0x20 build/string.o
 .debug_ranges  0x00000290       0x58 build/uspi_usbmidi.o
 .debug_ranges  0x000002e8       0x48 build/uspi_usbdevice.o
 .debug_ranges  0x00000330      0x100 build/console.o
 .debug_ranges  0x00000430       0x48 build/spinlock.o
 .debug_ranges  0x00000478       0xb8 build/uspienv_timer.o
 .debug_ranges  0x00000530       0x18 build/main.o
 .debug_ranges  0x00000548       0x20 build/bio.o
 .debug_ranges  0x00000568       0x60 build/syscall.o
 .debug_ranges  0x000005c8       0x40 build/uspi_usbendpoint.o
 .debug_ranges  0x00000608       0x40 build/uspi_usbconfigparser.o
 .debug_ranges  0x00000648       0x58 build/mailbox.o
 .debug_ranges  0x000006a0      0x150 build/uspi_usbstandardhub.o
 .debug_ranges  0x000007f0       0x18 build/uspi_dwhciframeschedper.o
 .debug_ranges  0x00000808       0x80 build/uspi_usbmassdevice.o
 .debug_ranges  0x00000888       0x48 build/log.o
 .debug_ranges  0x000008d0       0xf8 build/uart.o
 .debug_ranges  0x000009c8       0x30 build/uspi_dwhcixferstagedata.o
 .debug_ranges  0x000009f8       0x18 build/uspi_keymap.o
 .debug_ranges  0x00000a10       0x18 build/file.o
 .debug_ranges  0x00000a28       0x48 build/uspi_usbstring.o
 .debug_ranges  0x00000a70       0x80 build/uspi_library.o
 .debug_ranges  0x00000af0       0xe8 build/vm.o
 .debug_ranges  0x00000bd8       0x38 build/usb.o
 .debug_ranges  0x00000c10       0x30 build/uspi_macaddress.o
 .debug_ranges  0x00000c40       0x10 build/pipe.o
 .debug_ranges  0x00000c50       0x18 build/uspi_usbmouse.o
 .debug_ranges  0x00000c68       0x88 build/kalloc.o
 .debug_ranges  0x00000cf0       0x30 build/uspi_lan7800.o
 .debug_ranges  0x00000d20       0xb0 build/uspi_dwhcidevice.o
 .debug_ranges  0x00000dd0       0x50 build/proc.o
 .debug_ranges  0x00000e20       0x30 build/uspi_usbkeyboard.o
 .debug_ranges  0x00000e50       0x98 build/timer.o
 .debug_ranges  0x00000ee8       0xd0 build/uspi_usbgamepad.o
 .debug_ranges  0x00000fb8       0xe0 build/fs.o

.debug_loc      0x00000000    0x11bce
 .debug_loc     0x00000000       0xeb build/uspi_dwhciframeschednsplit.o
 .debug_loc     0x000000eb      0x35c build/exec.o
 .debug_loc     0x00000447     0x185b build/uspi_string.o
 .debug_loc     0x00001ca2      0x5c3 build/usb_storagedriver.o
 .debug_loc     0x00002265      0x645 build/sysfile.o
 .debug_loc     0x000028aa      0xa46 build/string.o
 .debug_loc     0x000032f0      0x382 build/uspi_usbmidi.o
 .debug_loc     0x00003672      0x50b build/uspi_usbdevice.o
 .debug_loc     0x00003b7d      0x295 build/uspi_usbdevicefactory.o
 .debug_loc     0x00003e12      0xb0c build/console.o
 .debug_loc     0x0000491e      0x15e build/spinlock.o
 .debug_loc     0x00004a7c      0x316 build/trap.o
 .debug_loc     0x00004d92      0x294 build/uspi_dwhciframeschednper.o
 .debug_loc     0x00005026      0x604 build/uspienv_timer.o
 .debug_loc     0x0000562a      0x18c build/bio.o
 .debug_loc     0x000057b6      0x43f build/syscall.o
 .debug_loc     0x00005bf5      0x29e build/uspi_usbendpoint.o
 .debug_loc     0x00005e93      0x3b0 build/uspi_usbconfigparser.o
 .debug_loc     0x00006243      0x38f build/mailbox.o
 .debug_loc     0x000065d2      0x5db build/uspi_usbstandardhub.o
 .debug_loc     0x00006bad       0xf3 build/memide.o
 .debug_loc     0x00006ca0      0x36a build/uspi_dwhciframeschedper.o
 .debug_loc     0x0000700a      0x97c build/uspi_usbmassdevice.o
 .debug_loc     0x00007986      0x286 build/mmu.o
 .debug_loc     0x00007c0c      0x40e build/uspi_smsc951x.o
 .debug_loc     0x0000801a      0x217 build/log.o
 .debug_loc     0x00008231      0x921 build/uart.o
 .debug_loc     0x00008b52      0x805 build/uspi_dwhcixferstagedata.o
 .debug_loc     0x00009357      0x4c5 build/uspi_keymap.o
 .debug_loc     0x0000981c      0x520 build/file.o
 .debug_loc     0x00009d3c      0x33e build/uspi_usbstring.o
 .debug_loc     0x0000a07a      0x7a9 build/uspi_library.o
 .debug_loc     0x0000a823     0x1255 build/vm.o
 .debug_loc     0x0000ba78      0x3b7 build/usb.o
 .debug_loc     0x0000be2f       0x4c build/sysproc.o
 .debug_loc     0x0000be7b      0x2b3 build/uspi_macaddress.o
 .debug_loc     0x0000c12e      0x34e build/pipe.o
 .debug_loc     0x0000c47c      0x126 build/uspi_usbrequest.o
 .debug_loc     0x0000c5a2       0x87 build/uspi_synchronize.o
 .debug_loc     0x0000c629      0x26e build/uspi_usbmouse.o
 .debug_loc     0x0000c897      0x3a8 build/kalloc.o
 .debug_loc     0x0000cc3f      0x56a build/uspi_util.o
 .debug_loc     0x0000d1a9      0x83a build/uspi_lan7800.o
 .debug_loc     0x0000d9e3       0x25 build/uspienv_memio.o
 .debug_loc     0x0000da08     0x1137 build/uspi_dwhcidevice.o
 .debug_loc     0x0000eb3f      0x100 build/uspi_dwhciregister.o
 .debug_loc     0x0000ec3f      0x524 build/proc.o
 .debug_loc     0x0000f163      0x33c build/uspi_usbkeyboard.o
 .debug_loc     0x0000f49f      0x1f0 build/timer.o
 .debug_loc     0x0000f68f      0x1a9 build/uspi_devicenameservice.o
 .debug_loc     0x0000f838      0xf11 build/uspi_usbgamepad.o
 .debug_loc     0x00010749     0x13a7 build/fs.o
 .debug_loc     0x00011af0       0xde build/uspi_dwhcirootport.o

.debug_frame    0x00000000     0x3b14
 .debug_frame   0x00000000       0x9c build/uspi_dwhciframeschednsplit.o
 .debug_frame   0x0000009c       0x40 build/exec.o
 .debug_frame   0x000000dc       0x40 build/uart_pl011.o
 .debug_frame   0x0000011c      0x1b8 build/uspi_string.o
 .debug_frame   0x000002d4       0xa0 build/usb_storagedriver.o
 .debug_frame   0x00000374      0x268 build/sysfile.o
 .debug_frame   0x000005dc       0xd0 build/string.o
 .debug_frame   0x000006ac       0xdc build/uspi_usbmidi.o
 .debug_frame   0x00000788      0x194 build/uspi_usbdevice.o
 .debug_frame   0x0000091c       0x48 build/uspi_usbdevicefactory.o
 .debug_frame   0x00000964      0x224 build/console.o
 .debug_frame   0x00000b88       0xb8 build/spinlock.o
 .debug_frame   0x00000c40      0x138 build/trap.o
 .debug_frame   0x00000d78       0xa4 build/uspi_dwhciframeschednper.o
 .debug_frame   0x00000e1c      0x198 build/uspienv_timer.o
 .debug_frame   0x00000fb4       0x88 build/main.o
 .debug_frame   0x0000103c       0x8c build/bio.o
 .debug_frame   0x000010c8       0x80 build/syscall.o
 .debug_frame   0x00001148      0x104 build/uspi_usbendpoint.o
 .debug_frame   0x0000124c       0x78 build/uspi_usbconfigparser.o
 .debug_frame   0x000012c4       0x68 build/mailbox.o
 .debug_frame   0x0000132c       0xec build/uspi_usbstandardhub.o
 .debug_frame   0x00001418       0x60 build/memide.o
 .debug_frame   0x00001478       0xb0 build/uspi_dwhciframeschedper.o
 .debug_frame   0x00001528      0x180 build/uspi_usbmassdevice.o
 .debug_frame   0x000016a8       0x3c build/mmu.o
 .debug_frame   0x000016e4      0x118 build/uspi_smsc951x.o
 .debug_frame   0x000017fc       0xd4 build/log.o
 .debug_frame   0x000018d0       0xe8 build/uart.o
 .debug_frame   0x000019b8      0x284 build/uspi_dwhcixferstagedata.o
 .debug_frame   0x00001c3c       0x94 build/uspi_keymap.o
 .debug_frame   0x00001cd0      0x120 build/file.o
 .debug_frame   0x00001df0       0xe4 build/uspi_usbstring.o
 .debug_frame   0x00001ed4      0x218 build/uspi_library.o
 .debug_frame   0x000020ec      0x28c build/vm.o
 .debug_frame   0x00002378      0x12c build/usb.o
 .debug_frame   0x000024a4       0xe0 build/sysproc.o
 .debug_frame   0x00002584       0xe4 build/uspi_macaddress.o
 .debug_frame   0x00002668       0xa0 build/pipe.o
 .debug_frame   0x00002708       0xdc build/uspi_usbrequest.o
 .debug_frame   0x000027e4       0x40 build/uspi_synchronize.o
 .debug_frame   0x00002824       0xdc build/uspi_usbmouse.o
 .debug_frame   0x00002900       0xa8 build/kalloc.o
 .debug_frame   0x000029a8       0xc0 build/uspi_util.o
 .debug_frame   0x00002a68      0x218 build/uspi_lan7800.o
 .debug_frame   0x00002c80       0x30 build/uspienv_memio.o
 .debug_frame   0x00002cb0      0x4c8 build/uspi_dwhcidevice.o
 .debug_frame   0x00003178       0xf0 build/uspi_dwhciregister.o
 .debug_frame   0x00003268      0x1b8 build/proc.o
 .debug_frame   0x00003420      0x104 build/uspi_usbkeyboard.o
 .debug_frame   0x00003524       0x9c build/timer.o
 .debug_frame   0x000035c0       0x88 build/uspi_devicenameservice.o
 .debug_frame   0x00003648      0x15c build/uspi_usbgamepad.o
 .debug_frame   0x000037a4      0x304 build/fs.o
 .debug_frame   0x00003aa8       0x6c build/uspi_dwhcirootport.o
