
Allocating common symbols
Common symbol       size              file

uart_lock           0x4               build/uart_pl011.o
log                 0x70              build/log.o
kmem                0x3c              build/kalloc.o
pUSBParam           0x4               build/trap.o
bcache              0x173c            build/bio.o
pUSBTimerParam      0x4               build/trap.o
input               0xc0              build/console.o
uart_disabled       0x4               build/uart.o
nUSBTimerIRQ        0x4               build/trap.o
kpgdir              0x4               build/vm.o
mb_data             0x28              build/main.o
tickslock           0x34              build/trap.o
ftable              0x994             build/file.o
cpus                0xe0              build/exec.o
mailbuffer          0x4               build/mailbox.o
pUSBTimerHandler    0x4               build/trap.o
pm_size             0x4               build/mmu.o
ticks               0x4               build/trap.o
pUSBHandler         0x4               build/trap.o
ptable              0x1f34            build/proc.o
nUSBIRQ             0x4               build/trap.o
devsw               0x50              build/file.o
icache              0xfd4             build/fs.o

Discarded input sections

 .note.GNU-stack
                0x00000000        0x0 build/uspi_dwhciframeschednsplit.o
 .note.GNU-stack
                0x00000000        0x0 build/exec.o
 .note.GNU-stack
                0x00000000        0x0 build/trap.o
 .note.GNU-stack
                0x00000000        0x0 build/uspi_string.o
 .note.GNU-stack
                0x00000000        0x0 build/sysfile.o
 .note.GNU-stack
                0x00000000        0x0 build/uspi_usbendpoint.o
 .note.GNU-stack
                0x00000000        0x0 build/bio.o
 .note.GNU-stack
                0x00000000        0x0 build/uspi_usbmidi.o
 .note.GNU-stack
                0x00000000        0x0 build/uspi_usbdevicefactory.o
 .note.GNU-stack
                0x00000000        0x0 build/fs.o
 .note.GNU-stack
                0x00000000        0x0 build/console.o
 .note.GNU-stack
                0x00000000        0x0 build/spinlock.o
 .note.GNU-stack
                0x00000000        0x0 build/uspi_usbconfigparser.o
 .note.GNU-stack
                0x00000000        0x0 build/uspienv_timer.o
 .note.GNU-stack
                0x00000000        0x0 build/main.o
 .note.GNU-stack
                0x00000000        0x0 build/vm.o
 .note.GNU-stack
                0x00000000        0x0 build/uspi_dwhciframeschedper.o
 .note.GNU-stack
                0x00000000        0x0 build/uspi_usbstandardhub.o
 .note.GNU-stack
                0x00000000        0x0 build/uspi_smsc951x.o
 .note.GNU-stack
                0x00000000        0x0 build/uspi_dwhciframeschednper.o
 .note.GNU-stack
                0x00000000        0x0 build/uspi_dwhcixferstagedata.o
 .note.GNU-stack
                0x00000000        0x0 build/uspi_keymap.o
 .note.GNU-stack
                0x00000000        0x0 build/memide.o
 .note.GNU-stack
                0x00000000        0x0 build/uspi_library.o
 .note.GNU-stack
                0x00000000        0x0 build/mailbox.o
 .note.GNU-stack
                0x00000000        0x0 build/uart_pl011.o
 .note.GNU-stack
                0x00000000        0x0 build/uspi_usbdevice.o
 .note.GNU-stack
                0x00000000        0x0 build/mmu.o
 .note.GNU-stack
                0x00000000        0x0 build/log.o
 .note.GNU-stack
                0x00000000        0x0 build/uspi_macaddress.o
 .note.GNU-stack
                0x00000000        0x0 build/uart.o
 .note.GNU-stack
                0x00000000        0x0 build/syscall.o
 .note.GNU-stack
                0x00000000        0x0 build/uspi_usbmassdevice.o
 .note.GNU-stack
                0x00000000        0x0 build/file.o
 .note.GNU-stack
                0x00000000        0x0 build/uspi_usbstring.o
 .note.GNU-stack
                0x00000000        0x0 build/usb.o
 .note.GNU-stack
                0x00000000        0x0 build/sysproc.o
 .note.GNU-stack
                0x00000000        0x0 build/string.o
 .note.GNU-stack
                0x00000000        0x0 build/pipe.o
 .note.GNU-stack
                0x00000000        0x0 build/uspi_usbrequest.o
 .note.GNU-stack
                0x00000000        0x0 build/uspi_synchronize.o
 .note.GNU-stack
                0x00000000        0x0 build/uspienv_memio.o
 .note.GNU-stack
                0x00000000        0x0 build/uspi_usbmouse.o
 .note.GNU-stack
                0x00000000        0x0 build/uspi_lan7800.o
 .note.GNU-stack
                0x00000000        0x0 build/kalloc.o
 .note.GNU-stack
                0x00000000        0x0 build/uspi_util.o
 .note.GNU-stack
                0x00000000        0x0 build/uspi_dwhcidevice.o
 .note.GNU-stack
                0x00000000        0x0 build/uspi_dwhciregister.o
 .note.GNU-stack
                0x00000000        0x0 build/proc.o
 .note.GNU-stack
                0x00000000        0x0 build/uspi_usbkeyboard.o
 .note.GNU-stack
                0x00000000        0x0 build/timer.o
 .note.GNU-stack
                0x00000000        0x0 build/uspi_devicenameservice.o
 .note.GNU-stack
                0x00000000        0x0 build/uspi_usbgamepad.o
 .note.GNU-stack
                0x00000000        0x0 build/uspi_dwhcirootport.o

Memory Configuration

Name             Origin             Length             Attributes
*default*        0x00000000         0xffffffff

Linker script and memory map

LOAD build/entry.o
LOAD build/exception.o
LOAD build/uspienv_delayloop.o
LOAD build/uspi_dwhciframeschednsplit.o
LOAD build/exec.o
LOAD build/trap.o
LOAD build/uspi_string.o
LOAD build/sysfile.o
LOAD build/uspi_usbendpoint.o
LOAD build/bio.o
LOAD build/uspi_usbmidi.o
LOAD build/uspi_usbdevicefactory.o
LOAD build/fs.o
LOAD build/console.o
LOAD build/spinlock.o
LOAD build/uspi_usbconfigparser.o
LOAD build/uspienv_timer.o
LOAD build/main.o
LOAD build/vm.o
LOAD build/uspi_dwhciframeschedper.o
LOAD build/uspi_usbstandardhub.o
LOAD build/uspi_smsc951x.o
LOAD build/uspi_dwhciframeschednper.o
LOAD build/uspi_dwhcixferstagedata.o
LOAD build/uspi_keymap.o
LOAD build/memide.o
LOAD build/uspi_library.o
LOAD build/mailbox.o
LOAD build/uart_pl011.o
LOAD build/uspi_usbdevice.o
LOAD build/mmu.o
LOAD build/log.o
LOAD build/uspi_macaddress.o
LOAD build/uart.o
LOAD build/syscall.o
LOAD build/uspi_usbmassdevice.o
LOAD build/file.o
LOAD build/uspi_usbstring.o
LOAD build/usb.o
LOAD build/sysproc.o
LOAD build/string.o
LOAD build/pipe.o
LOAD build/uspi_usbrequest.o
LOAD build/uspi_synchronize.o
LOAD build/uspienv_memio.o
LOAD build/uspi_usbmouse.o
LOAD build/uspi_lan7800.o
LOAD build/kalloc.o
LOAD build/uspi_util.o
LOAD build/uspi_dwhcidevice.o
LOAD build/uspi_dwhciregister.o
LOAD build/proc.o
LOAD build/uspi_usbkeyboard.o
LOAD build/timer.o
LOAD build/uspi_devicenameservice.o
LOAD build/uspi_usbgamepad.o
LOAD build/uspi_dwhcirootport.o
                0x00000000                PHYSTART = 0x0
                0x10000000                PHYSIZE = 0x10000000
                0x80000000                KERNBASE = 0x80000000
                0x3f000000                MMIO_PA = 0x3f000000
                0xd0000000                MMIO_VA = 0xd0000000
                0x01000000                MMIO_SIZE = 0x1000000
                0xdf000000                PERIPHBASE = 0xdf000000
                0x00004000                K_PDX_BASE = 0x4000
                0x00003000                K_PTX_BASE = 0x3000
                0x00008000                PHYSOFFSET = 0x8000
                0x80008000                KERNOFFSET = 0x80008000
                0x80008000                PHYSOFFSET = DEFINED (PHYSOFFSET)?PHYSOFFSET:0x80008000
                0xc0008000                KERNOFFSET = DEFINED (KERNOFFSET)?KERNOFFSET:0xc0008000
                0x80000000                SHIFT = (KERNOFFSET - PHYSOFFSET)

.init           0x00008000      0x1d4
 *(.init)
 .init          0x00008000      0x1d4 build/entry.o
                0x00008000                _start
                0x00008200                . = ALIGN (0x100)
                0x00008200                INIT_END = .
                0x80008200                . = (. + SHIFT)

.text           0x80008200     0xf88c load address 0x00008200
 *.c.o(.text)
 *(.text .stub .text.*)
 .text          0x80008200       0x94 build/entry.o
                0x80008200                _pagingstart
                0x80008208                acknowledge
                0x8000822c                dsb_barrier
                0x80008238                flush_dcache_all
                0x80008244                flush_idcache
                0x80008250                flush_tlb
                0x80008270                flush_dcache
                0x8000827c                set_pgtbase
                0x80008284                getsystemtime
 *fill*         0x80008294        0xc 
 .text          0x800082a0      0x284 build/exception.o
                0x800082a0                vectors
                0x80008338                trapret
                0x80008478                set_mode_sp
                0x8000849c                readcpsr
                0x800084a4                cli
                0x800084b4                sti
                0x800084c4                swtch
 *fill*         0x80008524        0x4 
 .text          0x80008528        0xc build/uspienv_delayloop.o
                0x80008528                DelayLoop
 .text          0x80008534       0xdc build/uspi_dwhciframeschednsplit.o
                0x80008534                DWHCIFrameSchedulerNoSplitStartSplit
                0x80008538                DWHCIFrameSchedulerNoSplitCompleteSplit
                0x80008540                DWHCIFrameSchedulerNoSplitTransactionComplete
                0x80008544                DWHCIFrameSchedulerNoSplitIsOddFrame
                0x80008550                DWHCIFrameSchedulerNoSplitWaitForFrame
                0x800085b4                _DWHCIFrameSchedulerNoSplit
                0x800085b8                DWHCIFrameSchedulerNoSplit
 .text          0x80008610      0x2a8 build/exec.o
                0x80008610                exec
 .text          0x800088b8      0x604 build/trap.o
                0x800088b8                led25_on
                0x800088d8                led25_off
                0x800088f8                enable_intrs
                0x8000891c                disable_intrs
                0x80008940                tvinit
                0x80008a2c                trap_oops
                0x80008ac4                handle_irq
                0x80008b2c                trap
                0x80008dd4                ConnectInterrupt
                0x80008e48                ConnectTimerInterrupt
 .text          0x80008ebc      0x9a0 build/uspi_string.o
                0x80008f1c                String
                0x80008f2c                String2
                0x80008f5c                _String
                0x80008f84                StringGet
                0x80008f9c                StringSet
                0x80008fe0                StringGetLength
                0x80008ff0                StringAppend
                0x8000906c                StringCompare
                0x80009074                StringFind
                0x800090b8                StringPutChar
                0x800090f8                StringPutString
                0x8000913c                StringFormatV
                0x800097a0                StringFormat
                0x800097cc                StringReserveSpace
                0x800097d8                ntoa
 .text          0x8000985c      0xaf0 build/sysfile.o
                0x80009a3c                sys_dup
                0x80009ab4                sys_read
                0x80009b20                sys_write
                0x80009b8c                sys_close
                0x80009be0                sys_fstat
                0x80009c2c                sys_link
                0x80009d3c                sys_unlink
                0x80009ef8                sys_open
                0x8000a064                sys_mkdir
                0x8000a0c0                sys_mknod
                0x8000a148                sys_chdir
                0x8000a1c8                sys_exec
                0x8000a284                sys_pipe
 .text          0x8000a34c      0x20c build/uspi_usbendpoint.o
                0x8000a34c                USBEndpoint
                0x8000a378                USBEndpoint2
                0x8000a468                USBEndpointCopy
                0x8000a4a4                _USBEndpoint
                0x8000a4b0                USBEndpointGetDevice
                0x8000a4b8                USBEndpointGetNumber
                0x8000a4c0                USBEndpointGetType
                0x8000a4c8                USBEndpointIsDirectionIn
                0x8000a4d0                USBEndpointSetMaxPacketSize
                0x8000a4d8                USBEndpointGetMaxPacketSize
                0x8000a4e0                USBEndpointGetInterval
                0x8000a4e8                USBEndpointGetNextPID
                0x8000a4f8                USBEndpointSkipPID
                0x8000a54c                USBEndpointResetPID
 .text          0x8000a558      0x238 build/bio.o
                0x8000a558                binit
                0x8000a5e0                bread
                0x8000a6e0                bwrite
                0x8000a708                brelse
 .text          0x8000a790      0x378 build/uspi_usbmidi.o
                0x8000a7f0                USBMIDIDeviceConfigure
                0x8000aa84                USBMIDIDevice
                0x8000aab4                _CUSBMIDIDevice
                0x8000ab00                USBMIDIDeviceRegisterPacketHandler
 .text          0x8000ab08      0x230 build/uspi_usbdevicefactory.o
                0x8000ab08                GetDevice
                0x8000acd8                USBDeviceFactoryGetDevice
 .text          0x8000ad38      0xdac build/fs.o
                0x8000ae10                readsb
                0x8000b074                mount
                0x8000b0cc                iinit
                0x8000b0fc                ialloc
                0x8000b1ac                iupdate
                0x8000b228                idup
                0x8000b25c                ilock
                0x8000b364                iunlock
                0x8000b3c4                iput
                0x8000b514                iunlockput
                0x8000b52c                stati
                0x8000b554                readi
                0x8000b640                writei
                0x8000b75c                namecmp
                0x8000b764                dirlookup
                0x8000b9e4                dirlink
                0x8000babc                namei
                0x8000bad8                nameiparent
 .text          0x8000bae4      0xaa8 build/console.o
                0x8000bae4                consoleread
                0x8000bbd8                setgpucolour
                0x8000bbe8                initframebuf
                0x8000bc40                drawpixel
                0x8000bc80                drawcursor
                0x8000bcf4                drawcharacter
                0x8000bd8c                gpuputc
                0x8000bf84                consolewrite
                0x8000c094                panic
                0x8000c108                cprintf
                0x8000c28c                consputc
                0x8000c328                consoleintr
                0x8000c494                gpuinit
                0x8000c4f0                consoleinit
 .text          0x8000c58c      0x194 build/spinlock.o
                0x8000c58c                initlock
                0x8000c5a0                getcallerpcs
                0x8000c5a4                holding
                0x8000c5cc                pushcli
                0x8000c604                acquire
                0x8000c680                popcli
                0x8000c6dc                release
 .text          0x8000c720      0x1e4 build/uspi_usbconfigparser.o
                0x8000c720                USBConfigurationParser
                0x8000c830                _USBConfigurationParser
                0x8000c83c                USBConfigurationParserIsValid
                0x8000c844                USBConfigurationParserGetDescriptor
                0x8000c8e4                USBConfigurationParserError
 .text          0x8000c904      0x3ac build/uspienv_timer.o
                0x8000c944                TimerEnvInit
                0x8000c994                _Timer
                0x8000c9a8                TimerGetClockTicks
                0x8000c9c4                TimerGetTicks
                0x8000c9cc                TimerGetTime
                0x8000c9d4                TimerStartKernelTimer
                0x8000ca40                TimerCancelKernelTimer
                0x8000ca54                TimerMsDelay
                0x8000ca68                TimerusDelay
                0x8000ca7c                TimerGet
                0x8000ca8c                TimerSimpleMsDelay
                0x8000caa8                TimerSimpleusDelay
                0x8000cab4                TimerPollKernelTimers
                0x8000cb2c                TimerInterruptHandler
                0x8000cbe4                TimerTuneMsDelay
                0x8000cc48                TimerInitialize
 .text          0x8000ccb0      0x470 build/main.o
                0x8000ccb0                OkLoop
                0x8000ccf4                NotOkLoop
                0x8000cd38                getpmsize
                0x8000cdac                machinit
                0x8000cdc0                readTest
                0x8000ceb0                test
                0x8000cfc0                print_mount
                0x8000cfc4                cmain
 .text          0x8000d120      0x7f0 build/vm.o
                0x8000d31c                setupkvm
                0x8000d340                setupkvm_new
                0x8000d3e4                kvmalloc
                0x8000d3fc                switchkvm
                0x8000d400                switchkvm_new
                0x8000d42c                switchuvm
                0x8000d474                inituvm
                0x8000d4ec                loaduvm
                0x8000d5d0                allocuvm
                0x8000d6c4                deallocuvm
                0x8000d6d8                freevm
                0x8000d748                clearpteu
                0x8000d77c                copyuvm
                0x8000d85c                uva2ka
                0x8000d890                copyout
 .text          0x8000d910      0x21c build/uspi_dwhciframeschedper.o
                0x8000d910                _DWHCIFrameSchedulerPeriodic
                0x8000d91c                DWHCIFrameSchedulerPeriodicStartSplit
                0x8000d930                DWHCIFrameSchedulerPeriodicIsOddFrame
                0x8000d93c                DWHCIFrameSchedulerPeriodicWaitForFrame
                0x8000d9ac                DWHCIFrameSchedulerPeriodicCompleteSplit
                0x8000da14                DWHCIFrameSchedulerPeriodicTransactionComplete
                0x8000dacc                DWHCIFrameSchedulerPeriodic
 .text          0x8000db2c      0xa34 build/uspi_usbstandardhub.o
                0x8000db2c                USBStandardHub
                0x8000db70                _USBStandardHub
                0x8000dbfc                USBStandardHubInitialize
                0x8000dc00                USBStandardHubGetDeviceNames
                0x8000dcc8                USBStandardHubEnumeratePorts
                0x8000e2b0                USBStandardHubConfigure
 .text          0x8000e560      0x5d0 build/uspi_smsc951x.o
                0x8000e560                SMSC951xDevice
                0x8000e598                _SMSC951xDevice
                0x8000e604                SMSC951xDeviceGetMACAddress
                0x8000e60c                SMSC951xDeviceSendFrame
                0x8000e66c                SMSC951xDeviceReceiveFrame
                0x8000e754                SMSC951xDeviceWriteReg
                0x8000e7bc                SMSC951xDeviceConfigure
                0x8000eac8                SMSC951xDeviceReadReg
 .text          0x8000eb30      0x18c build/uspi_dwhciframeschednper.o
                0x8000eb30                _DWHCIFrameSchedulerNonPeriodic
                0x8000eb3c                DWHCIFrameSchedulerNonPeriodicStartSplit
                0x8000eb48                DWHCIFrameSchedulerNonPeriodicWaitForFrame
                0x8000eb4c                DWHCIFrameSchedulerNonPeriodicIsOddFrame
                0x8000eb54                DWHCIFrameSchedulerNonPeriodicCompleteSplit
                0x8000eba8                DWHCIFrameSchedulerNonPeriodicTransactionComplete
                0x8000ec68                DWHCIFrameSchedulerNonPeriodic
 .text          0x8000ecbc      0x4ac build/uspi_dwhcixferstagedata.o
                0x8000ecbc                DWHCITransferStageData
                0x8000ee8c                _DWHCITransferStageData
                0x8000eee8                DWHCITransferStageDataTransactionComplete
                0x8000efd4                DWHCITransferStageDataSetSplitComplete
                0x8000efdc                DWHCITransferStageDataSetState
                0x8000efe4                DWHCITransferStageDataGetState
                0x8000efec                DWHCITransferStageDataSetSubState
                0x8000eff4                DWHCITransferStageDataGetSubState
                0x8000effc                DWHCITransferStageDataBeginSplitCycle
                0x8000f004                DWHCITransferStageDataGetChannelNumber
                0x8000f00c                DWHCITransferStageDataIsPeriodic
                0x8000f02c                DWHCITransferStageDataGetDeviceAddress
                0x8000f034                DWHCITransferStageDataGetEndpointType
                0x8000f060                DWHCITransferStageDataGetEndpointNumber
                0x8000f068                DWHCITransferStageDataGetMaxPacketSize
                0x8000f070                DWHCITransferStageDataGetSpeed
                0x8000f078                DWHCITransferStageDataGetPID
                0x8000f0a8                DWHCITransferStageDataIsDirectionIn
                0x8000f0b0                DWHCITransferStageDataIsStatusStage
                0x8000f0b8                DWHCITransferStageDataGetDMAAddress
                0x8000f0c0                DWHCITransferStageDataGetBytesToTransfer
                0x8000f0c8                DWHCITransferStageDataGetPacketsToTransfer
                0x8000f0d0                DWHCITransferStageDataIsSplit
                0x8000f0d8                DWHCITransferStageDataIsSplitComplete
                0x8000f0e0                DWHCITransferStageDataGetHubAddress
                0x8000f0e8                DWHCITransferStageDataGetHubPortAddress
                0x8000f0f0                DWHCITransferStageDataGetSplitPosition
                0x8000f0f8                DWHCITransferStageDataGetStatusMask
                0x8000f12c                DWHCITransferStageDataGetTransactionStatus
                0x8000f134                DWHCITransferStageDataIsStageComplete
                0x8000f144                DWHCITransferStageDataGetResultLen
                0x8000f158                DWHCITransferStageDataGetURB
                0x8000f160                DWHCITransferStageDataGetFrameScheduler
 .text          0x8000f168      0x2b8 build/uspi_keymap.o
                0x8000f168                KeyMap
                0x8000f18c                _KeyMap
                0x8000f190                KeyMapClearTable
                0x8000f1c8                KeyMapSetEntry
                0x8000f218                KeyMapTranslate
                0x8000f338                KeyMapGetString
                0x8000f3f0                KeyMapGetLEDStatus
 .text          0x8000f420       0xe8 build/memide.o
                0x8000f420                ideinit
                0x8000f454                ideintr
                0x8000f458                iderw
 .text          0x8000f508      0x74c build/uspi_library.o
                0x8000f508                USPiInitialize
                0x8000f718                USPiKeyboardAvailable
                0x8000f734                USPiKeyboardRegisterKeyPressedHandler
                0x8000f74c                USPiKeyboardRegisterShutdownHandler
                0x8000f764                USPiKeyboardRegisterKeyStatusHandlerRaw
                0x8000f77c                USPiMouseAvailable
                0x8000f798                USPiMouseRegisterStatusHandler
                0x8000f7b0                USPiMassStorageDeviceAvailable
                0x8000f7e0                USPiMassStorageDeviceRead
                0x8000f854                USPiMassStorageDeviceWrite
                0x8000f8c8                USPiMassStorageDeviceGetCapacity
                0x8000f8f8                USPiEthernetAvailable
                0x8000f928                USPiGetMACAddress
                0x8000f96c                USPiSendFrame
                0x8000f9c0                USPiReceiveFrame
                0x8000fa14                USPiGamePadAvailable
                0x8000fa44                USPiGamePadRegisterStatusHandler
                0x8000fa84                USPiGamePadGetStatus
                0x8000fac8                USPiMIDIAvailable
                0x8000fae4                USPiMIDIRegisterPacketHandler
                0x8000fafc                USPiDeviceGetInformation
 .text          0x8000fc54      0x120 build/mailbox.o
                0x8000fc54                create_request
                0x8000fce8                mailboxinit
                0x8000fd00                readmailbox
                0x8000fd38                writemailbox
 .text          0x8000fd74       0x94 build/uart_pl011.o
                0x8000fd74                uartinit_fvp
                0x8000fda8                uartputc_fvp
                0x8000fdec                uartgetc_fvp
 .text          0x8000fe08      0x6b4 build/uspi_usbdevice.o
                0x8000fe08                USBDeviceConfigure
                0x8000fe6c                USBDevice
                0x8000fedc                USBDeviceCopy
                0x8000ffd0                _USBDevice
                0x80010068                USBDeviceInitialize
                0x80010370                USBDeviceGetName
                0x80010464                USBDeviceGetAddress
                0x8001046c                USBDeviceGetSpeed
                0x80010474                USBDeviceGetHubAddress
                0x8001047c                USBDeviceGetHubPortNumber
                0x80010484                USBDeviceGetEndpoint0
                0x8001048c                USBDeviceGetHost
                0x80010494                USBDeviceGetDeviceDescriptor
                0x8001049c                USBDeviceGetConfigurationDescriptor
                0x800104a4                USBDeviceGetDescriptor
                0x800104ac                USBDeviceConfigurationError
                0x800104b4                USBDeviceSetAddress
 .text          0x800104bc      0x108 build/mmu.o
                0x800104bc                mmuinit0
                0x80010560                mmuinit1
 .text          0x800105c4      0x344 build/log.o
                0x800106ac                initlog
                0x80010758                begin_trans
                0x800107b0                commit_trans
                0x8001080c                log_write
 .text          0x80010908      0x118 build/uspi_macaddress.o
                0x80010908                MACAddress
                0x80010914                _MACAddress
                0x80010920                MACAddressIsEqual
                0x80010940                MACAddressSet
                0x80010960                MACAddress2
                0x80010964                MACAddressSetBroadcast
                0x80010988                MACAddressGet
                0x80010990                MACAddressCopyTo
                0x800109a4                MACAddressIsBroadcast
                0x800109d0                MACAddressGetSize
                0x800109d8                MACAddressFormat
 .text          0x80010a20      0x3d8 build/uart.o
                0x80010ac8                led18_on
                0x80010aec                led18_off
                0x80010b10                setgpioval
                0x80010b74                setgpiofunc
                0x80010b80                enableirqminiuart
                0x80010b98                disableirqminiuart
                0x80010bb0                uartputc
                0x80010c44                miniuartintr
                0x80010d24                uartinit
 .text          0x80010df8      0x264 build/syscall.o
                0x80010df8                fetchint
                0x80010e34                fetchstr
                0x80010e9c                argint
                0x80010ee4                argptr
                0x80010f44                argstr
                0x80010fd0                syscall
 .text          0x8001105c      0xae4 build/uspi_usbmassdevice.o
                0x8001105c                USBBulkOnlyMassStorageDevice
                0x80011098                _USBBulkOnlyMassStorageDevice
                0x800110ec                USBBulkOnlyMassStorageDeviceSeek
                0x800110fc                USBBulkOnlyMassStorageDeviceGetCapacity
                0x80011104                USBBulkOnlyMassStorageDeviceCommand
                0x8001130c                USBBulkOnlyMassStorageDeviceConfigure
                0x80011758                USBBulkOnlyMassStorageDeviceTryRead
                0x8001184c                USBBulkOnlyMassStorageDeviceTryWrite
                0x8001193c                USBBulkOnlyMassStorageDeviceReset
                0x80011a70                USBBulkOnlyMassStorageDeviceRead
                0x80011ad8                USBBulkOnlyMassStorageDeviceWrite
 .text          0x80011b40      0x350 build/file.o
                0x80011b40                fileinit
                0x80011b70                filealloc
                0x80011bdc                filedup
                0x80011c24                fileclose
                0x80011cc4                filestat
                0x80011d08                fileread
                0x80011d94                filewrite
 .text          0x80011e90      0x3e4 build/uspi_usbstring.o
                0x80011e90                USBString
                0x80011eb8                USBStringCopy
                0x80011f20                _USBString
                0x80011f60                USBStringGetFromDescriptor
                0x80012108                USBStringGet
                0x80012110                USBStringGetLanguageID
 .text          0x80012274      0x2f8 build/usb.o
                0x800122e0                malloc
                0x800122fc                free
                0x80012300                MsDelay
                0x80012334                usDelay
                0x80012364                StartKernelTimer
                0x8001239c                CancelKernelTimer
                0x800123b4                SetPowerStateOn
                0x80012440                GetMACAddress
                0x80012448                LogWrite
                0x800124a4                usbinit
 .text          0x8001256c      0x1b0 build/sysproc.o
                0x8001256c                sys_fork
                0x80012570                sys_exit
                0x80012580                sys_wait
                0x80012584                sys_kill
                0x800125b8                sys_getpid
                0x800125cc                sys_sbrk
                0x8001261c                sys_sleep
                0x800126ec                sys_uptime
 .text          0x8001271c      0x2cc build/string.o
                0x8001271c                memsetw
                0x80012740                memsetb
                0x80012760                memset
                0x800127cc                memcmp
                0x80012818                memmove
                0x80012878                memcpy
                0x8001287c                strncmp
                0x800128e8                strncpy
                0x80012940                safestrcpy
                0x8001297c                strlen
                0x800129ac                div
 .text          0x800129e8      0x314 build/pipe.o
                0x800129e8                pipealloc
                0x80012ac4                pipeclose
                0x80012b24                pipewrite
                0x80012bf8                piperead
 .text          0x80012cfc       0xb4 build/uspi_usbrequest.o
                0x80012cfc                USBRequest
                0x80012d2c                _USBRequest
                0x80012d44                USBRequestGetEndpoint
                0x80012d4c                USBRequestSetStatus
                0x80012d54                USBRequestSetResultLen
                0x80012d5c                USBRequestGetStatus
                0x80012d64                USBRequestGetResultLength
                0x80012d6c                USBRequestGetSetupData
                0x80012d74                USBRequestGetBuffer
                0x80012d7c                USBRequestGetBufLen
                0x80012d84                USBRequestSetCompletionRoutine
                0x80012d94                USBRequestCallCompletionRoutine
 .text          0x80012db0       0xa8 build/uspi_synchronize.o
                0x80012db0                uspi_EnterCritical
                0x80012dec                uspi_LeaveCritical
                0x80012e28                uspi_CleanAndInvalidateDataCacheRange
 .text          0x80012e58       0x10 build/uspienv_memio.o
                0x80012e58                read32
                0x80012e60                write32
 .text          0x80012e68      0x3fc build/uspi_usbmouse.o
                0x80012ec8                USBMouseDeviceConfigure
                0x800131d4                USBMouseDevice
                0x80013210                _CUSBMouseDevice
                0x8001325c                USBMouseDeviceRegisterStatusHandler
 .text          0x80013264      0xad4 build/uspi_lan7800.o
                0x80013264                LAN7800Device
                0x8001329c                _LAN7800Device
                0x80013308                LAN7800DeviceGetMACAddress
                0x80013310                LAN7800DeviceSendFrame
                0x80013374                LAN7800DeviceReceiveFrame
                0x80013450                LAN7800DeviceWriteReg
                0x800134e4                LAN7800DeviceInitMACAddress
                0x800135cc                LAN7800DeviceReadReg
                0x80013654                LAN7800DeviceWaitReg
                0x800136c0                LAN7800DevicePHYWrite
                0x80013744                LAN7800DevicePHYRead
                0x800137e0                LAN7800DeviceIsLinkUp
                0x80013808                LAN7800DeviceInitPHY
                0x8001384c                LAN7800DeviceReadWriteReg
                0x80013898                LAN7800DeviceConfigure
 .text          0x80013d38      0x1f4 build/kalloc.o
                0x80013d38                kfree
                0x80013dcc                freerange
                0x80013e08                kinit1
                0x80013e7c                kinit2
                0x80013ec8                kalloc
 .text          0x80013f2c      0x224 build/uspi_util.o
                0x80013f2c                uspi_memset
                0x80013f50                uspi_memcpy
                0x80013f74                uspi_memcmp
                0x80013fd0                uspi_strlen
                0x80013ff8                uspi_strcmp
                0x80014070                uspi_strcpy
                0x8001409c                uspi_strncpy
                0x800140e8                uspi_strcat
                0x8001412c                uspi_char2int
                0x8001413c                uspi_le2be16
                0x80014148                uspi_le2be32
 .text          0x80014150     0x1a54 build/uspi_dwhcidevice.o
                0x80014150                DWHCIDeviceCompletionRoutine
                0x8001415c                DWHCIDevice
                0x8001419c                _DWHCIDevice
                0x800141a4                DWHCIDeviceEnableGlobalInterrupts
                0x800141e8                DWHCIDeviceEnableCommonInterrupts
                0x80014220                DWHCIDeviceEnableHostInterrupts
                0x8001427c                DWHCIDeviceEnableChannelInterrupt
                0x800142d0                DWHCIDeviceDisableChannelInterrupt
                0x80014324                DWHCIDeviceStartChannel
                0x8001469c                DWHCIDeviceStartTransaction
                0x8001476c                DWHCIDeviceTimerHandler
                0x800147d4                DWHCIDeviceChannelInterruptHandler
                0x80014c00                DWHCIDeviceInterruptHandler
                0x80014cf8                DWHCIDeviceAllocateChannel
                0x80014d70                DWHCIDeviceTransferStageAsync
                0x80014e88                DWHCIDeviceSubmitAsyncRequest
                0x80014ecc                DWHCIDeviceTransferStage
                0x80014f3c                DWHCIDeviceSubmitBlockingRequest
                0x80015078                DWHCIDeviceControlMessage
                0x80015118                DWHCIDeviceGetDescriptor
                0x80015158                DWHCIDeviceSetAddress
                0x800151a0                DWHCIDeviceSetConfiguration
                0x800151e8                DWHCIDeviceTransfer
                0x80015240                DWHCIDeviceFreeChannel
                0x80015268                DWHCIDeviceWaitForBit
                0x800152c4                DWHCIDeviceEnableRootPort
                0x80015384                DWHCIDeviceReset
                0x80015430                DWHCIDeviceInitCore
                0x80015604                DWHCIDeviceFlushTxFIFO
                0x80015690                DWHCIDeviceFlushRxFIFO
                0x80015700                DWHCIDeviceInitHost
                0x800158fc                DWHCIDeviceInitialize
                0x80015ac8                DWHCIDeviceGetPortSpeed
                0x80015b14                DWHCIDeviceOvercurrentDetected
                0x80015b60                DWHCIDeviceDisableRootPort
 .text          0x80015ba4       0xf4 build/uspi_dwhciregister.o
                0x80015ba4                DWHCIRegister
                0x80015bb4                DWHCIRegister2
                0x80015bc4                _DWHCIRegister
                0x80015bd0                DWHCIRegisterRead
                0x80015bec                DWHCIRegisterWrite
                0x80015bfc                DWHCIRegisterGet
                0x80015c04                DWHCIRegisterSet
                0x80015c14                DWHCIRegisterIsSet
                0x80015c28                DWHCIRegisterAnd
                0x80015c38                DWHCIRegisterOr
                0x80015c48                DWHCIRegisterClearBit
                0x80015c5c                DWHCIRegisterSetBit
                0x80015c70                DWHCIRegisterClearAll
                0x80015c84                DWHCIRegisterSetAll
 .text          0x80015c98      0x89c build/proc.o
                0x80015d80                forkret
                0x80015db4                pinit
                0x80015de4                userinit
                0x80015e94                growproc
                0x80015ef8                fork
                0x80015fe0                scheduler
                0x800160a4                sched
                0x80016138                exit
                0x80016284                yield
                0x800162bc                sleep
                0x80016370                wait
                0x8001644c                wakeup
                0x800164b4                kill
                0x80016530                procdump
 .text          0x80016534      0x540 build/uspi_usbkeyboard.o
                0x80016594                USBKeyboardDeviceConfigure
                0x800169a8                USBKeyboardDevice
                0x80016a00                _CUSBKeyboardDevice
                0x80016a54                USBKeyboardDeviceRegisterKeyPressedHandler
                0x80016a5c                USBKeyboardDeviceRegisterSelectConsoleHandler
                0x80016a64                USBKeyboardDeviceRegisterShutdownHandler
                0x80016a6c                USBKeyboardDeviceRegisterKeyStatusHandlerRaw
 .text          0x80016a74      0x120 build/timer.o
                0x80016a74                enabletimer3irq
                0x80016a8c                timer3init
                0x80016ad4                timer3intr
                0x80016b28                delay
                0x80016b54                led_on
                0x80016b74                led_off
 .text          0x80016b94      0x128 build/uspi_devicenameservice.o
                0x80016b94                DeviceNameService
                0x80016bac                _DeviceNameService
                0x80016c04                DeviceNameServiceAddDevice
                0x80016c58                DeviceNameServiceGetDevice
                0x80016cac                DeviceNameServiceGet
 .text          0x80016cbc      0xbc4 build/uspi_usbgamepad.o
                0x80017270                USBGamePadDeviceConfigure
                0x800176f4                USBGamePadDevice
                0x80017788                _CUSBGamePadDevice
                0x8001780c                USBGamePadDeviceRegisterStatusHandler
                0x80017814                USBGamePadDeviceGetReport
 .text          0x80017880      0x20c build/uspi_dwhcirootport.o
                0x80017880                DWHCIRootPort
                0x8001788c                _DWHCIRootPort
                0x800178c0                DWHCIRootPortInitialize

.glue_7         0x80017a8c        0x0 load address 0x00017a8c
 .glue_7        0x80017a8c        0x0 linker stubs

.glue_7t        0x80017a8c        0x0 load address 0x00017a8c
 .glue_7t       0x80017a8c        0x0 linker stubs

.vfp11_veneer   0x80017a8c        0x0 load address 0x00017a8c
 .vfp11_veneer  0x80017a8c        0x0 linker stubs

.v4_bx          0x80017a8c        0x0 load address 0x00017a8c
 .v4_bx         0x80017a8c        0x0 linker stubs

.iplt           0x80017a8c        0x0 load address 0x00017a8c
 .iplt          0x80017a8c        0x0 build/entry.o

.rodata         0x80017a8c     0x1984 load address 0x00017a8c
 *(.rodata .rodata.*)
 .rodata.str1.4
                0x80017a8c      0x1aa build/trap.o
 .rodata.str1.4
                0x80017c36      0x1aa build/uspi_string.o
                                  0x1 (size before relaxing)
 *fill*         0x80017c36        0x2 
 .rodata.str1.4
                0x80017c38       0x78 build/sysfile.o
 .rodata.str1.4
                0x80017cb0       0x2b build/bio.o
 *fill*         0x80017cdb        0x1 
 .rodata        0x80017cdc       0x48 build/uspi_usbmidi.o
 .rodata.str1.4
                0x80017d24       0x24 build/uspi_usbmidi.o
 .rodata.str1.4
                0x80017d48       0x77 build/uspi_usbdevicefactory.o
 *fill*         0x80017dbf        0x1 
 .rodata.str1.4
                0x80017dc0       0xb9 build/fs.o
                                 0xc4 (size before relaxing)
 *fill*         0x80017e79        0x3 
 .rodata        0x80017e7c       0x11 build/console.o
 *fill*         0x80017e8d        0x3 
 .rodata.str1.4
                0x80017e90       0x5e build/console.o
                                 0x62 (size before relaxing)
 *fill*         0x80017eee        0x2 
 .rodata.str1.4
                0x80017ef0       0x60 build/spinlock.o
 .rodata.str1.4
                0x80017f50       0x2f build/uspi_usbconfigparser.o
 *fill*         0x80017f7f        0x1 
 .rodata.str1.4
                0x80017f80      0x181 build/main.o
 *fill*         0x80018101        0x3 
 .rodata.str1.4
                0x80018104      0x16e build/vm.o
 *fill*         0x80018272        0x2 
 .rodata.str1.4
                0x80018274       0x1c build/uspi_dwhciframeschedper.o
 .rodata        0x80018290        0x7 build/uspi_usbstandardhub.o
 *fill*         0x80018297        0x1 
 .rodata.str1.4
                0x80018298      0x1c8 build/uspi_usbstandardhub.o
                                0x1e4 (size before relaxing)
 .rodata        0x80018460        0x9 build/uspi_smsc951x.o
 *fill*         0x80018469        0x3 
 .rodata.str1.4
                0x8001846c       0x76 build/uspi_smsc951x.o
                                 0x92 (size before relaxing)
 .rodata.str1.4
                0x800184e2       0x1c build/uspi_dwhciframeschednper.o
 *fill*         0x800184e2        0x2 
 .rodata        0x800184e4      0x4cc build/uspi_keymap.o
 .rodata.str1.4
                0x800189b0       0xce build/uspi_keymap.o
                                 0xde (size before relaxing)
 *fill*         0x80018a7e        0x2 
 .rodata.str1.4
                0x80018a80       0x67 build/memide.o
 *fill*         0x80018ae7        0x1 
 .rodata        0x80018ae8        0x5 build/uspi_library.o
 *fill*         0x80018aed        0x3 
 .rodata.str1.4
                0x80018af0       0x8e build/uspi_library.o
 *fill*         0x80018b7e        0x2 
 .rodata        0x80018b80        0x7 build/uspi_usbdevice.o
 *fill*         0x80018b87        0x1 
 .rodata.str1.4
                0x80018b88      0x148 build/uspi_usbdevice.o
                                0x150 (size before relaxing)
 .rodata.str1.4
                0x80018cd0       0x33 build/log.o
 *fill*         0x80018d03        0x1 
 .rodata.str1.4
                0x80018d04       0x1e build/uspi_macaddress.o
 *fill*         0x80018d22        0x2 
 .rodata        0x80018d24       0x58 build/syscall.o
 .rodata.str1.4
                0x80018d7c       0x1c build/syscall.o
 .rodata        0x80018d98        0x5 build/uspi_usbmassdevice.o
 *fill*         0x80018d9d        0x3 
 .rodata.str1.4
                0x80018da0      0x1c4 build/uspi_usbmassdevice.o
                                0x1e8 (size before relaxing)
 .rodata.str1.4
                0x80018f64       0x42 build/file.o
 *fill*         0x80018fa6        0x2 
 .rodata.str1.4
                0x80018fa8      0x122 build/usb.o
 *fill*         0x800190ca        0x2 
 .rodata.str1.4
                0x800190cc        0x5 build/pipe.o
 *fill*         0x800190d1        0x3 
 .rodata        0x800190d4        0x7 build/uspi_usbmouse.o
 *fill*         0x800190db        0x1 
 .rodata.str1.4
                0x800190dc       0x25 build/uspi_usbmouse.o
                                 0x59 (size before relaxing)
 *fill*         0x80019101        0x3 
 .rodata        0x80019104        0x8 build/uspi_lan7800.o
 .rodata.str1.4
                0x8001910c       0x9c build/uspi_lan7800.o
                                 0xea (size before relaxing)
 .rodata.str1.4
                0x800191a8        0x5 build/kalloc.o
                                  0xd (size before relaxing)
 *fill*         0x800191ad        0x3 
 .rodata        0x800191b0       0x14 build/uspi_dwhcidevice.o
 .rodata.str1.4
                0x800191c4       0xcc build/uspi_dwhcidevice.o
 .rodata.str1.4
                0x80019290       0xa9 build/proc.o
                                 0xad (size before relaxing)
 *fill*         0x80019339        0x3 
 .rodata        0x8001933c        0x7 build/uspi_usbkeyboard.o
 *fill*         0x80019343        0x1 
 .rodata.str1.4
                0x80019344        0x7 build/uspi_usbkeyboard.o
                                 0x57 (size before relaxing)
 *fill*         0x8001934b        0x1 
 .rodata        0x8001934c        0xd build/uspi_usbgamepad.o
 *fill*         0x80019359        0x3 
 .rodata.str1.4
                0x8001935c       0x21 build/uspi_usbgamepad.o
                                 0x5f (size before relaxing)
 *fill*         0x8001937d        0x3 
 .rodata        0x80019380        0x7 build/uspi_dwhcirootport.o
 *fill*         0x80019387        0x1 
 .rodata.str1.4
                0x80019388       0x88 build/uspi_dwhcirootport.o
                                 0x87 (size before relaxing)

.rel.dyn        0x80019410        0x0 load address 0x00019410
 .rel.iplt      0x80019410        0x0 build/entry.o
                0x8001a000                . = ALIGN (0x1000)

.data           0x8001a000    0x8091c load address 0x0001a000
 *(.data)
 .data          0x8001a000    0x80850 build/entry.o
                0x8001a000                font
                0x8001a800                _binary_initcode_start
                0x8001a850                _binary_fs_img_start
                0x8001a850                _binary_initcode_end
                0x8009a850                _binary_fs_img_end
 .data          0x8009a850        0x0 build/exception.o
 .data          0x8009a850        0x0 build/uspienv_delayloop.o
 .data          0x8009a850        0x0 build/uspi_dwhciframeschednsplit.o
 .data          0x8009a850        0x0 build/exec.o
 .data          0x8009a850        0x0 build/trap.o
 .data          0x8009a850        0x0 build/uspi_string.o
 .data          0x8009a850        0x0 build/sysfile.o
 .data          0x8009a850        0x0 build/uspi_usbendpoint.o
 .data          0x8009a850        0x0 build/bio.o
 .data          0x8009a850        0x4 build/uspi_usbmidi.o
 .data          0x8009a854        0x0 build/uspi_usbdevicefactory.o
 .data          0x8009a854        0x0 build/fs.o
 .data          0x8009a854       0x24 build/console.o
                0x8009a858                framewidth
                0x8009a85c                frameheight
                0x8009a860                cursor_x
                0x8009a864                fontheight
                0x8009a868                cursor_y
                0x8009a86c                fontwidth
                0x8009a874                framedepth
 .data          0x8009a878        0x0 build/spinlock.o
 .data          0x8009a878        0x0 build/uspi_usbconfigparser.o
 .data          0x8009a878        0x4 build/uspienv_timer.o
 .data          0x8009a87c        0x0 build/main.o
 .data          0x8009a87c       0x3c build/vm.o
 .data          0x8009a8b8        0x0 build/uspi_dwhciframeschedper.o
 .data          0x8009a8b8        0x0 build/uspi_usbstandardhub.o
 .data          0x8009a8b8        0x4 build/uspi_smsc951x.o
 .data          0x8009a8bc        0x0 build/uspi_dwhciframeschednper.o
 .data          0x8009a8bc        0x0 build/uspi_dwhcixferstagedata.o
 .data          0x8009a8bc        0x0 build/uspi_keymap.o
 .data          0x8009a8bc        0x0 build/memide.o
 .data          0x8009a8bc        0x4 build/uspi_library.o
 .data          0x8009a8c0        0x0 build/mailbox.o
 .data          0x8009a8c0        0x0 build/uart_pl011.o
 .data          0x8009a8c0        0x1 build/uspi_usbdevice.o
 .data          0x8009a8c1        0x0 build/mmu.o
 .data          0x8009a8c1        0x0 build/log.o
 .data          0x8009a8c1        0x0 build/uspi_macaddress.o
 .data          0x8009a8c1        0x0 build/uart.o
 .data          0x8009a8c1        0x0 build/syscall.o
 *fill*         0x8009a8c1        0x3 
 .data          0x8009a8c4        0x4 build/uspi_usbmassdevice.o
 .data          0x8009a8c8        0x0 build/file.o
 .data          0x8009a8c8        0x0 build/uspi_usbstring.o
 .data          0x8009a8c8        0x0 build/usb.o
 .data          0x8009a8c8        0x0 build/sysproc.o
 .data          0x8009a8c8        0x0 build/string.o
 .data          0x8009a8c8        0x0 build/pipe.o
 .data          0x8009a8c8        0x0 build/uspi_usbrequest.o
 .data          0x8009a8c8        0x4 build/uspi_synchronize.o
 .data          0x8009a8cc        0x0 build/uspienv_memio.o
 .data          0x8009a8cc        0x4 build/uspi_usbmouse.o
 .data          0x8009a8d0        0x4 build/uspi_lan7800.o
 .data          0x8009a8d4        0x0 build/kalloc.o
 .data          0x8009a8d4        0x0 build/uspi_util.o
 .data          0x8009a8d4        0x0 build/uspi_dwhcidevice.o
 .data          0x8009a8d4        0x0 build/uspi_dwhciregister.o
 .data          0x8009a8d4        0xc build/proc.o
                0x8009a8d4                nextpid
                0x8009a8dc                first_sched
 .data          0x8009a8e0        0x4 build/uspi_usbkeyboard.o
 .data          0x8009a8e4        0x0 build/timer.o
 .data          0x8009a8e4        0x4 build/uspi_devicenameservice.o
 .data          0x8009a8e8       0x34 build/uspi_usbgamepad.o
 .data          0x8009a91c        0x0 build/uspi_dwhcirootport.o
 *.c.o(*)

.igot.plt       0x8009a91c        0x0 load address 0x0009a91c
 .igot.plt      0x8009a91c        0x0 build/entry.o

.bss            0x8009a920     0x54d4 load address 0x0009a920
 *(.bss)
 .bss           0x8009a920        0x0 build/entry.o
 .bss           0x8009a920        0x0 build/exception.o
 .bss           0x8009a920        0x0 build/uspienv_delayloop.o
 .bss           0x8009a920        0x0 build/uspi_dwhciframeschednsplit.o
 .bss           0x8009a920        0x0 build/exec.o
 .bss           0x8009a920        0x0 build/trap.o
 .bss           0x8009a920        0x0 build/uspi_string.o
 .bss           0x8009a920        0x0 build/sysfile.o
 .bss           0x8009a920        0x0 build/uspi_usbendpoint.o
 .bss           0x8009a920        0x0 build/bio.o
 .bss           0x8009a920        0x0 build/uspi_usbmidi.o
 .bss           0x8009a920        0x0 build/uspi_usbdevicefactory.o
 .bss           0x8009a920        0x0 build/fs.o
 .bss           0x8009a920       0x60 build/console.o
                0x8009a920                fbinfo
 .bss           0x8009a980        0x0 build/spinlock.o
 .bss           0x8009a980        0x0 build/uspi_usbconfigparser.o
 .bss           0x8009a980        0x0 build/uspienv_timer.o
 .bss           0x8009a980        0x0 build/main.o
 .bss           0x8009a980        0x0 build/vm.o
 .bss           0x8009a980        0x0 build/uspi_dwhciframeschedper.o
 .bss           0x8009a980        0x0 build/uspi_usbstandardhub.o
 .bss           0x8009a980        0x0 build/uspi_smsc951x.o
 .bss           0x8009a980        0x0 build/uspi_dwhciframeschednper.o
 .bss           0x8009a980        0x0 build/uspi_dwhcixferstagedata.o
 .bss           0x8009a980        0x0 build/uspi_keymap.o
 .bss           0x8009a980        0x8 build/memide.o
 .bss           0x8009a988        0x0 build/uspi_library.o
 .bss           0x8009a988        0x0 build/mailbox.o
 .bss           0x8009a988        0x0 build/uart_pl011.o
 .bss           0x8009a988        0x0 build/uspi_usbdevice.o
 .bss           0x8009a988        0x0 build/mmu.o
 .bss           0x8009a988        0x0 build/log.o
 .bss           0x8009a988        0x0 build/uspi_macaddress.o
 .bss           0x8009a988        0xc build/uart.o
 .bss           0x8009a994        0x0 build/syscall.o
 .bss           0x8009a994        0x0 build/uspi_usbmassdevice.o
 .bss           0x8009a994        0x0 build/file.o
 .bss           0x8009a994        0x0 build/uspi_usbstring.o
 .bss           0x8009a994      0x158 build/usb.o
 .bss           0x8009aaec        0x0 build/sysproc.o
 .bss           0x8009aaec        0x0 build/string.o
 .bss           0x8009aaec        0x0 build/pipe.o
 .bss           0x8009aaec        0x0 build/uspi_usbrequest.o
 .bss           0x8009aaec        0x4 build/uspi_synchronize.o
 .bss           0x8009aaf0        0x0 build/uspienv_memio.o
 .bss           0x8009aaf0        0x0 build/uspi_usbmouse.o
 .bss           0x8009aaf0        0x0 build/uspi_lan7800.o
 .bss           0x8009aaf0        0x0 build/kalloc.o
 .bss           0x8009aaf0        0x0 build/uspi_util.o
 .bss           0x8009aaf0        0x0 build/uspi_dwhcidevice.o
 .bss           0x8009aaf0        0x0 build/uspi_dwhciregister.o
 .bss           0x8009aaf0        0x4 build/proc.o
 .bss           0x8009aaf4        0x0 build/uspi_usbkeyboard.o
 .bss           0x8009aaf4        0x0 build/timer.o
 .bss           0x8009aaf4        0x0 build/uspi_devicenameservice.o
 .bss           0x8009aaf4        0x0 build/uspi_usbgamepad.o
 .bss           0x8009aaf4        0x0 build/uspi_dwhcirootport.o
 COMMON         0x8009aaf4       0xe0 build/exec.o
                0x8009aaf4                cpus
 COMMON         0x8009abd4       0x50 build/trap.o
                0x8009abd4                pUSBParam
                0x8009abd8                pUSBTimerParam
                0x8009abdc                nUSBTimerIRQ
                0x8009abe0                tickslock
                0x8009ac14                pUSBTimerHandler
                0x8009ac18                ticks
                0x8009ac1c                pUSBHandler
                0x8009ac20                nUSBIRQ
 COMMON         0x8009ac24     0x173c build/bio.o
                0x8009ac24                bcache
 COMMON         0x8009c360      0xfd4 build/fs.o
                0x8009c360                icache
 COMMON         0x8009d334       0xc0 build/console.o
                0x8009d334                input
 COMMON         0x8009d3f4       0x28 build/main.o
                0x8009d3f4                mb_data
 COMMON         0x8009d41c        0x4 build/vm.o
                0x8009d41c                kpgdir
 COMMON         0x8009d420        0x4 build/mailbox.o
                0x8009d420                mailbuffer
 COMMON         0x8009d424        0x4 build/uart_pl011.o
                0x8009d424                uart_lock
 COMMON         0x8009d428        0x4 build/mmu.o
                0x8009d428                pm_size
 COMMON         0x8009d42c       0x70 build/log.o
                0x8009d42c                log
 COMMON         0x8009d49c        0x4 build/uart.o
                0x8009d49c                uart_disabled
 COMMON         0x8009d4a0      0x9e4 build/file.o
                0x8009d4a0                ftable
                0x8009de34                devsw
 COMMON         0x8009de84       0x3c build/kalloc.o
                0x8009de84                kmem
 COMMON         0x8009dec0     0x1f34 build/proc.o
                0x8009dec0                ptable
                0x8009fdf4                PROVIDE (end, .)

/DISCARD/
 *(.eh_frame .note.GNU-stack)
OUTPUT(build/kernel.elf elf32-littlearm)

.ARM.attributes
                0x00000000       0x3b
 .ARM.attributes
                0x00000000       0x2b build/entry.o
 .ARM.attributes
                0x0000002b       0x2b build/exception.o
 .ARM.attributes
                0x00000056       0x2b build/uspienv_delayloop.o
 .ARM.attributes
                0x00000081       0x3f build/uspi_dwhciframeschednsplit.o
 .ARM.attributes
                0x000000c0       0x3f build/exec.o
 .ARM.attributes
                0x000000ff       0x3f build/trap.o
 .ARM.attributes
                0x0000013e       0x3f build/uspi_string.o
 .ARM.attributes
                0x0000017d       0x3f build/sysfile.o
 .ARM.attributes
                0x000001bc       0x3f build/uspi_usbendpoint.o
 .ARM.attributes
                0x000001fb       0x3f build/bio.o
 .ARM.attributes
                0x0000023a       0x3f build/uspi_usbmidi.o
 .ARM.attributes
                0x00000279       0x3f build/uspi_usbdevicefactory.o
 .ARM.attributes
                0x000002b8       0x3f build/fs.o
 .ARM.attributes
                0x000002f7       0x3f build/console.o
 .ARM.attributes
                0x00000336       0x3f build/spinlock.o
 .ARM.attributes
                0x00000375       0x3f build/uspi_usbconfigparser.o
 .ARM.attributes
                0x000003b4       0x3f build/uspienv_timer.o
 .ARM.attributes
                0x000003f3       0x3f build/main.o
 .ARM.attributes
                0x00000432       0x3f build/vm.o
 .ARM.attributes
                0x00000471       0x3f build/uspi_dwhciframeschedper.o
 .ARM.attributes
                0x000004b0       0x3f build/uspi_usbstandardhub.o
 .ARM.attributes
                0x000004ef       0x3f build/uspi_smsc951x.o
 .ARM.attributes
                0x0000052e       0x3f build/uspi_dwhciframeschednper.o
 .ARM.attributes
                0x0000056d       0x3f build/uspi_dwhcixferstagedata.o
 .ARM.attributes
                0x000005ac       0x3f build/uspi_keymap.o
 .ARM.attributes
                0x000005eb       0x3f build/memide.o
 .ARM.attributes
                0x0000062a       0x3f build/uspi_library.o
 .ARM.attributes
                0x00000669       0x3f build/mailbox.o
 .ARM.attributes
                0x000006a8       0x3f build/uart_pl011.o
 .ARM.attributes
                0x000006e7       0x3f build/uspi_usbdevice.o
 .ARM.attributes
                0x00000726       0x3f build/mmu.o
 .ARM.attributes
                0x00000765       0x3f build/log.o
 .ARM.attributes
                0x000007a4       0x3f build/uspi_macaddress.o
 .ARM.attributes
                0x000007e3       0x3f build/uart.o
 .ARM.attributes
                0x00000822       0x3f build/syscall.o
 .ARM.attributes
                0x00000861       0x3f build/uspi_usbmassdevice.o
 .ARM.attributes
                0x000008a0       0x3f build/file.o
 .ARM.attributes
                0x000008df       0x3f build/uspi_usbstring.o
 .ARM.attributes
                0x0000091e       0x3f build/usb.o
 .ARM.attributes
                0x0000095d       0x3f build/sysproc.o
 .ARM.attributes
                0x0000099c       0x3f build/string.o
 .ARM.attributes
                0x000009db       0x3f build/pipe.o
 .ARM.attributes
                0x00000a1a       0x3f build/uspi_usbrequest.o
 .ARM.attributes
                0x00000a59       0x3f build/uspi_synchronize.o
 .ARM.attributes
                0x00000a98       0x3f build/uspienv_memio.o
 .ARM.attributes
                0x00000ad7       0x3f build/uspi_usbmouse.o
 .ARM.attributes
                0x00000b16       0x3f build/uspi_lan7800.o
 .ARM.attributes
                0x00000b55       0x3f build/kalloc.o
 .ARM.attributes
                0x00000b94       0x3f build/uspi_util.o
 .ARM.attributes
                0x00000bd3       0x3f build/uspi_dwhcidevice.o
 .ARM.attributes
                0x00000c12       0x3f build/uspi_dwhciregister.o
 .ARM.attributes
                0x00000c51       0x3f build/proc.o
 .ARM.attributes
                0x00000c90       0x3f build/uspi_usbkeyboard.o
 .ARM.attributes
                0x00000ccf       0x3f build/timer.o
 .ARM.attributes
                0x00000d0e       0x3f build/uspi_devicenameservice.o
 .ARM.attributes
                0x00000d4d       0x3f build/uspi_usbgamepad.o
 .ARM.attributes
                0x00000d8c       0x3f build/uspi_dwhcirootport.o

.comment        0x00000000       0x34
 .comment       0x00000000       0x34 build/uspi_dwhciframeschednsplit.o
                                 0x35 (size before relaxing)
 .comment       0x00000034       0x35 build/exec.o
 .comment       0x00000034       0x35 build/trap.o
 .comment       0x00000034       0x35 build/uspi_string.o
 .comment       0x00000034       0x35 build/sysfile.o
 .comment       0x00000034       0x35 build/uspi_usbendpoint.o
 .comment       0x00000034       0x35 build/bio.o
 .comment       0x00000034       0x35 build/uspi_usbmidi.o
 .comment       0x00000034       0x35 build/uspi_usbdevicefactory.o
 .comment       0x00000034       0x35 build/fs.o
 .comment       0x00000034       0x35 build/console.o
 .comment       0x00000034       0x35 build/spinlock.o
 .comment       0x00000034       0x35 build/uspi_usbconfigparser.o
 .comment       0x00000034       0x35 build/uspienv_timer.o
 .comment       0x00000034       0x35 build/main.o
 .comment       0x00000034       0x35 build/vm.o
 .comment       0x00000034       0x35 build/uspi_dwhciframeschedper.o
 .comment       0x00000034       0x35 build/uspi_usbstandardhub.o
 .comment       0x00000034       0x35 build/uspi_smsc951x.o
 .comment       0x00000034       0x35 build/uspi_dwhciframeschednper.o
 .comment       0x00000034       0x35 build/uspi_dwhcixferstagedata.o
 .comment       0x00000034       0x35 build/uspi_keymap.o
 .comment       0x00000034       0x35 build/memide.o
 .comment       0x00000034       0x35 build/uspi_library.o
 .comment       0x00000034       0x35 build/mailbox.o
 .comment       0x00000034       0x35 build/uart_pl011.o
 .comment       0x00000034       0x35 build/uspi_usbdevice.o
 .comment       0x00000034       0x35 build/mmu.o
 .comment       0x00000034       0x35 build/log.o
 .comment       0x00000034       0x35 build/uspi_macaddress.o
 .comment       0x00000034       0x35 build/uart.o
 .comment       0x00000034       0x35 build/syscall.o
 .comment       0x00000034       0x35 build/uspi_usbmassdevice.o
 .comment       0x00000034       0x35 build/file.o
 .comment       0x00000034       0x35 build/uspi_usbstring.o
 .comment       0x00000034       0x35 build/usb.o
 .comment       0x00000034       0x35 build/sysproc.o
 .comment       0x00000034       0x35 build/string.o
 .comment       0x00000034       0x35 build/pipe.o
 .comment       0x00000034       0x35 build/uspi_usbrequest.o
 .comment       0x00000034       0x35 build/uspi_synchronize.o
 .comment       0x00000034       0x35 build/uspienv_memio.o
 .comment       0x00000034       0x35 build/uspi_usbmouse.o
 .comment       0x00000034       0x35 build/uspi_lan7800.o
 .comment       0x00000034       0x35 build/kalloc.o
 .comment       0x00000034       0x35 build/uspi_util.o
 .comment       0x00000034       0x35 build/uspi_dwhcidevice.o
 .comment       0x00000034       0x35 build/uspi_dwhciregister.o
 .comment       0x00000034       0x35 build/proc.o
 .comment       0x00000034       0x35 build/uspi_usbkeyboard.o
 .comment       0x00000034       0x35 build/timer.o
 .comment       0x00000034       0x35 build/uspi_devicenameservice.o
 .comment       0x00000034       0x35 build/uspi_usbgamepad.o
 .comment       0x00000034       0x35 build/uspi_dwhcirootport.o

.debug_line     0x00000000     0x5c3d
 .debug_line    0x00000000       0xfb build/entry.o
 .debug_line    0x000000fb       0xdd build/exception.o
 .debug_line    0x000001d8       0x4c build/uspienv_delayloop.o
 .debug_line    0x00000224       0xe0 build/uspi_dwhciframeschednsplit.o
 .debug_line    0x00000304       0xf3 build/exec.o
 .debug_line    0x000003f7      0x1c3 build/trap.o
 .debug_line    0x000005ba      0x2b8 build/uspi_string.o
 .debug_line    0x00000872      0x286 build/sysfile.o
 .debug_line    0x00000af8      0x12c build/uspi_usbendpoint.o
 .debug_line    0x00000c24      0x103 build/bio.o
 .debug_line    0x00000d27      0x1da build/uspi_usbmidi.o
 .debug_line    0x00000f01      0x23a build/uspi_usbdevicefactory.o
 .debug_line    0x0000113b      0x40a build/fs.o
 .debug_line    0x00001545      0x354 build/console.o
 .debug_line    0x00001899       0xbb build/spinlock.o
 .debug_line    0x00001954      0x102 build/uspi_usbconfigparser.o
 .debug_line    0x00001a56      0x184 build/uspienv_timer.o
 .debug_line    0x00001bda      0x180 build/main.o
 .debug_line    0x00001d5a      0x22e build/vm.o
 .debug_line    0x00001f88      0x140 build/uspi_dwhciframeschedper.o
 .debug_line    0x000020c8      0x340 build/uspi_usbstandardhub.o
 .debug_line    0x00002408      0x253 build/uspi_smsc951x.o
 .debug_line    0x0000265b      0x109 build/uspi_dwhciframeschednper.o
 .debug_line    0x00002764      0x282 build/uspi_dwhcixferstagedata.o
 .debug_line    0x000029e6       0xfd build/uspi_keymap.o
 .debug_line    0x00002ae3       0xa4 build/memide.o
 .debug_line    0x00002b87      0x315 build/uspi_library.o
 .debug_line    0x00002e9c       0xfc build/mailbox.o
 .debug_line    0x00002f98       0x88 build/uart_pl011.o
 .debug_line    0x00003020      0x26d build/uspi_usbdevice.o
 .debug_line    0x0000328d       0xea build/mmu.o
 .debug_line    0x00003377      0x134 build/log.o
 .debug_line    0x000034ab       0xaa build/uspi_macaddress.o
 .debug_line    0x00003555      0x1cf build/uart.o
 .debug_line    0x00003724       0xf1 build/syscall.o
 .debug_line    0x00003815      0x378 build/uspi_usbmassdevice.o
 .debug_line    0x00003b8d      0x10a build/file.o
 .debug_line    0x00003c97      0x1e8 build/uspi_usbstring.o
 .debug_line    0x00003e7f      0x148 build/usb.o
 .debug_line    0x00003fc7       0xaa build/sysproc.o
 .debug_line    0x00004071       0xfa build/string.o
 .debug_line    0x0000416b      0x12d build/pipe.o
 .debug_line    0x00004298       0xf1 build/uspi_usbrequest.o
 .debug_line    0x00004389       0x73 build/uspi_synchronize.o
 .debug_line    0x000043fc       0x62 build/uspienv_memio.o
 .debug_line    0x0000445e      0x1eb build/uspi_usbmouse.o
 .debug_line    0x00004649      0x2e6 build/uspi_lan7800.o
 .debug_line    0x0000492f       0xff build/kalloc.o
 .debug_line    0x00004a2e       0xb9 build/uspi_util.o
 .debug_line    0x00004ae7      0x515 build/uspi_dwhcidevice.o
 .debug_line    0x00004ffc       0x9e build/uspi_dwhciregister.o
 .debug_line    0x0000509a      0x241 build/proc.o
 .debug_line    0x000052db      0x231 build/uspi_usbkeyboard.o
 .debug_line    0x0000550c       0xee build/timer.o
 .debug_line    0x000055fa       0xd6 build/uspi_devicenameservice.o
 .debug_line    0x000056d0      0x3b8 build/uspi_usbgamepad.o
 .debug_line    0x00005a88      0x1b5 build/uspi_dwhcirootport.o

.debug_info     0x00000000    0x2b2f5
 .debug_info    0x00000000       0x52 build/entry.o
 .debug_info    0x00000052       0x5a build/exception.o
 .debug_info    0x000000ac       0x62 build/uspienv_delayloop.o
 .debug_info    0x0000010e      0x368 build/uspi_dwhciframeschednsplit.o
 .debug_info    0x00000476      0x889 build/exec.o
 .debug_info    0x00000cff      0xb6f build/trap.o
 .debug_info    0x0000186e     0x11d6 build/uspi_string.o
 .debug_info    0x00002a44     0x157b build/sysfile.o
 .debug_info    0x00003fbf      0xa01 build/uspi_usbendpoint.o
 .debug_info    0x000049c0      0x45f build/bio.o
 .debug_info    0x00004e1f     0x1129 build/uspi_usbmidi.o
 .debug_info    0x00005f48     0x16b7 build/uspi_usbdevicefactory.o
 .debug_info    0x000075ff     0x1aba build/fs.o
 .debug_info    0x000090b9     0x134e build/console.o
 .debug_info    0x0000a407      0x6b0 build/spinlock.o
 .debug_info    0x0000aab7      0x576 build/uspi_usbconfigparser.o
 .debug_info    0x0000b02d      0x7d4 build/uspienv_timer.o
 .debug_info    0x0000b801      0xc6a build/main.o
 .debug_info    0x0000c46b     0x118f build/vm.o
 .debug_info    0x0000d5fa      0x4cb build/uspi_dwhciframeschedper.o
 .debug_info    0x0000dac5     0x1974 build/uspi_usbstandardhub.o
 .debug_info    0x0000f439     0x14f9 build/uspi_smsc951x.o
 .debug_info    0x00010932      0x3ab build/uspi_dwhciframeschednper.o
 .debug_info    0x00010cdd     0x13b5 build/uspi_dwhcixferstagedata.o
 .debug_info    0x00012092      0x57d build/uspi_keymap.o
 .debug_info    0x0001260f      0x5d0 build/memide.o
 .debug_info    0x00012bdf     0x1d30 build/uspi_library.o
 .debug_info    0x0001490f      0x839 build/mailbox.o
 .debug_info    0x00015148       0xc7 build/uart_pl011.o
 .debug_info    0x0001520f     0x1521 build/uspi_usbdevice.o
 .debug_info    0x00016730      0x17f build/mmu.o
 .debug_info    0x000168af      0x67f build/log.o
 .debug_info    0x00016f2e      0x403 build/uspi_macaddress.o
 .debug_info    0x00017331      0xb9c build/uart.o
 .debug_info    0x00017ecd      0x6dd build/syscall.o
 .debug_info    0x000185aa     0x1f64 build/uspi_usbmassdevice.o
 .debug_info    0x0001a50e      0x742 build/file.o
 .debug_info    0x0001ac50      0xf41 build/uspi_usbstring.o
 .debug_info    0x0001bb91      0x868 build/usb.o
 .debug_info    0x0001c3f9      0x625 build/sysproc.o
 .debug_info    0x0001ca1e      0x4cb build/string.o
 .debug_info    0x0001cee9      0x829 build/pipe.o
 .debug_info    0x0001d712      0xa63 build/uspi_usbrequest.o
 .debug_info    0x0001e175      0x10d build/uspi_synchronize.o
 .debug_info    0x0001e282       0xc5 build/uspienv_memio.o
 .debug_info    0x0001e347     0x11a4 build/uspi_usbmouse.o
 .debug_info    0x0001f4eb     0x1db2 build/uspi_lan7800.o
 .debug_info    0x0002129d      0x3d8 build/kalloc.o
 .debug_info    0x00021675      0x391 build/uspi_util.o
 .debug_info    0x00021a06     0x3fd4 build/uspi_dwhcidevice.o
 .debug_info    0x000259da      0x332 build/uspi_dwhciregister.o
 .debug_info    0x00025d0c      0xdec build/proc.o
 .debug_info    0x00026af8     0x174f build/uspi_usbkeyboard.o
 .debug_info    0x00028247      0x74a build/timer.o
 .debug_info    0x00028991      0x2d2 build/uspi_devicenameservice.o
 .debug_info    0x00028c63     0x18c9 build/uspi_usbgamepad.o
 .debug_info    0x0002a52c      0xdc9 build/uspi_dwhcirootport.o

.debug_abbrev   0x00000000     0x7193
 .debug_abbrev  0x00000000       0x12 build/entry.o
 .debug_abbrev  0x00000012       0x14 build/exception.o
 .debug_abbrev  0x00000026       0x14 build/uspienv_delayloop.o
 .debug_abbrev  0x0000003a      0x179 build/uspi_dwhciframeschednsplit.o
 .debug_abbrev  0x000001b3      0x193 build/exec.o
 .debug_abbrev  0x00000346      0x21a build/trap.o
 .debug_abbrev  0x00000560      0x2c6 build/uspi_string.o
 .debug_abbrev  0x00000826      0x2af build/sysfile.o
 .debug_abbrev  0x00000ad5      0x186 build/uspi_usbendpoint.o
 .debug_abbrev  0x00000c5b      0x1fe build/bio.o
 .debug_abbrev  0x00000e59      0x22a build/uspi_usbmidi.o
 .debug_abbrev  0x00001083      0x1a0 build/uspi_usbdevicefactory.o
 .debug_abbrev  0x00001223      0x458 build/fs.o
 .debug_abbrev  0x0000167b      0x3e3 build/console.o
 .debug_abbrev  0x00001a5e      0x21b build/spinlock.o
 .debug_abbrev  0x00001c79      0x143 build/uspi_usbconfigparser.o
 .debug_abbrev  0x00001dbc      0x2c9 build/uspienv_timer.o
 .debug_abbrev  0x00002085      0x252 build/main.o
 .debug_abbrev  0x000022d7      0x393 build/vm.o
 .debug_abbrev  0x0000266a      0x1d9 build/uspi_dwhciframeschedper.o
 .debug_abbrev  0x00002843      0x211 build/uspi_usbstandardhub.o
 .debug_abbrev  0x00002a54      0x201 build/uspi_smsc951x.o
 .debug_abbrev  0x00002c55      0x1b2 build/uspi_dwhciframeschednper.o
 .debug_abbrev  0x00002e07      0x292 build/uspi_dwhcixferstagedata.o
 .debug_abbrev  0x00003099      0x19f build/uspi_keymap.o
 .debug_abbrev  0x00003238      0x1ae build/memide.o
 .debug_abbrev  0x000033e6      0x2ba build/uspi_library.o
 .debug_abbrev  0x000036a0      0x278 build/mailbox.o
 .debug_abbrev  0x00003918       0xae build/uart_pl011.o
 .debug_abbrev  0x000039c6      0x2ad build/uspi_usbdevice.o
 .debug_abbrev  0x00003c73       0xd0 build/mmu.o
 .debug_abbrev  0x00003d43      0x1e9 build/log.o
 .debug_abbrev  0x00003f2c      0x17f build/uspi_macaddress.o
 .debug_abbrev  0x000040ab      0x275 build/uart.o
 .debug_abbrev  0x00004320      0x244 build/syscall.o
 .debug_abbrev  0x00004564      0x2c9 build/uspi_usbmassdevice.o
 .debug_abbrev  0x0000482d      0x1e8 build/file.o
 .debug_abbrev  0x00004a15      0x1d9 build/uspi_usbstring.o
 .debug_abbrev  0x00004bee      0x2d4 build/usb.o
 .debug_abbrev  0x00004ec2      0x187 build/sysproc.o
 .debug_abbrev  0x00005049      0x1a1 build/string.o
 .debug_abbrev  0x000051ea      0x1fa build/pipe.o
 .debug_abbrev  0x000053e4      0x170 build/uspi_usbrequest.o
 .debug_abbrev  0x00005554       0xc2 build/uspi_synchronize.o
 .debug_abbrev  0x00005616       0x89 build/uspienv_memio.o
 .debug_abbrev  0x0000569f      0x21a build/uspi_usbmouse.o
 .debug_abbrev  0x000058b9      0x275 build/uspi_lan7800.o
 .debug_abbrev  0x00005b2e      0x24b build/kalloc.o
 .debug_abbrev  0x00005d79       0xe1 build/uspi_util.o
 .debug_abbrev  0x00005e5a      0x35d build/uspi_dwhcidevice.o
 .debug_abbrev  0x000061b7       0xd7 build/uspi_dwhciregister.o
 .debug_abbrev  0x0000628e      0x342 build/proc.o
 .debug_abbrev  0x000065d0      0x311 build/uspi_usbkeyboard.o
 .debug_abbrev  0x000068e1      0x24d build/timer.o
 .debug_abbrev  0x00006b2e      0x13f build/uspi_devicenameservice.o
 .debug_abbrev  0x00006c6d      0x381 build/uspi_usbgamepad.o
 .debug_abbrev  0x00006fee      0x1a5 build/uspi_dwhcirootport.o

.debug_aranges  0x00000000      0x728
 .debug_aranges
                0x00000000       0x28 build/entry.o
 .debug_aranges
                0x00000028       0x20 build/exception.o
 .debug_aranges
                0x00000048       0x20 build/uspienv_delayloop.o
 .debug_aranges
                0x00000068       0x20 build/uspi_dwhciframeschednsplit.o
 .debug_aranges
                0x00000088       0x20 build/exec.o
 .debug_aranges
                0x000000a8       0x20 build/trap.o
 .debug_aranges
                0x000000c8       0x20 build/uspi_string.o
 .debug_aranges
                0x000000e8       0x20 build/sysfile.o
 .debug_aranges
                0x00000108       0x20 build/uspi_usbendpoint.o
 .debug_aranges
                0x00000128       0x20 build/bio.o
 .debug_aranges
                0x00000148       0x20 build/uspi_usbmidi.o
 .debug_aranges
                0x00000168       0x20 build/uspi_usbdevicefactory.o
 .debug_aranges
                0x00000188       0x20 build/fs.o
 .debug_aranges
                0x000001a8       0x20 build/console.o
 .debug_aranges
                0x000001c8       0x20 build/spinlock.o
 .debug_aranges
                0x000001e8       0x20 build/uspi_usbconfigparser.o
 .debug_aranges
                0x00000208       0x20 build/uspienv_timer.o
 .debug_aranges
                0x00000228       0x20 build/main.o
 .debug_aranges
                0x00000248       0x20 build/vm.o
 .debug_aranges
                0x00000268       0x20 build/uspi_dwhciframeschedper.o
 .debug_aranges
                0x00000288       0x20 build/uspi_usbstandardhub.o
 .debug_aranges
                0x000002a8       0x20 build/uspi_smsc951x.o
 .debug_aranges
                0x000002c8       0x20 build/uspi_dwhciframeschednper.o
 .debug_aranges
                0x000002e8       0x20 build/uspi_dwhcixferstagedata.o
 .debug_aranges
                0x00000308       0x20 build/uspi_keymap.o
 .debug_aranges
                0x00000328       0x20 build/memide.o
 .debug_aranges
                0x00000348       0x20 build/uspi_library.o
 .debug_aranges
                0x00000368       0x20 build/mailbox.o
 .debug_aranges
                0x00000388       0x20 build/uart_pl011.o
 .debug_aranges
                0x000003a8       0x20 build/uspi_usbdevice.o
 .debug_aranges
                0x000003c8       0x20 build/mmu.o
 .debug_aranges
                0x000003e8       0x20 build/log.o
 .debug_aranges
                0x00000408       0x20 build/uspi_macaddress.o
 .debug_aranges
                0x00000428       0x20 build/uart.o
 .debug_aranges
                0x00000448       0x20 build/syscall.o
 .debug_aranges
                0x00000468       0x20 build/uspi_usbmassdevice.o
 .debug_aranges
                0x00000488       0x20 build/file.o
 .debug_aranges
                0x000004a8       0x20 build/uspi_usbstring.o
 .debug_aranges
                0x000004c8       0x20 build/usb.o
 .debug_aranges
                0x000004e8       0x20 build/sysproc.o
 .debug_aranges
                0x00000508       0x20 build/string.o
 .debug_aranges
                0x00000528       0x20 build/pipe.o
 .debug_aranges
                0x00000548       0x20 build/uspi_usbrequest.o
 .debug_aranges
                0x00000568       0x20 build/uspi_synchronize.o
 .debug_aranges
                0x00000588       0x20 build/uspienv_memio.o
 .debug_aranges
                0x000005a8       0x20 build/uspi_usbmouse.o
 .debug_aranges
                0x000005c8       0x20 build/uspi_lan7800.o
 .debug_aranges
                0x000005e8       0x20 build/kalloc.o
 .debug_aranges
                0x00000608       0x20 build/uspi_util.o
 .debug_aranges
                0x00000628       0x20 build/uspi_dwhcidevice.o
 .debug_aranges
                0x00000648       0x20 build/uspi_dwhciregister.o
 .debug_aranges
                0x00000668       0x20 build/proc.o
 .debug_aranges
                0x00000688       0x20 build/uspi_usbkeyboard.o
 .debug_aranges
                0x000006a8       0x20 build/timer.o
 .debug_aranges
                0x000006c8       0x20 build/uspi_devicenameservice.o
 .debug_aranges
                0x000006e8       0x20 build/uspi_usbgamepad.o
 .debug_aranges
                0x00000708       0x20 build/uspi_dwhcirootport.o

.debug_ranges   0x00000000      0xcf8
 .debug_ranges  0x00000000       0x20 build/entry.o
 .debug_ranges  0x00000020      0x1e0 build/uspi_string.o
 .debug_ranges  0x00000200       0x90 build/sysfile.o
 .debug_ranges  0x00000290       0x20 build/uspi_usbendpoint.o
 .debug_ranges  0x000002b0       0x20 build/bio.o
 .debug_ranges  0x000002d0       0x38 build/uspi_usbmidi.o
 .debug_ranges  0x00000308       0xb8 build/fs.o
 .debug_ranges  0x000003c0       0xa8 build/console.o
 .debug_ranges  0x00000468       0x40 build/uspi_usbconfigparser.o
 .debug_ranges  0x000004a8       0x68 build/uspienv_timer.o
 .debug_ranges  0x00000510       0x18 build/main.o
 .debug_ranges  0x00000528       0x50 build/vm.o
 .debug_ranges  0x00000578       0x18 build/uspi_dwhciframeschedper.o
 .debug_ranges  0x00000590      0x140 build/uspi_usbstandardhub.o
 .debug_ranges  0x000006d0       0x18 build/uspi_keymap.o
 .debug_ranges  0x000006e8       0x70 build/uspi_library.o
 .debug_ranges  0x00000758       0x40 build/mailbox.o
 .debug_ranges  0x00000798       0x30 build/uspi_usbdevice.o
 .debug_ranges  0x000007c8       0x48 build/log.o
 .debug_ranges  0x00000810       0x18 build/uspi_macaddress.o
 .debug_ranges  0x00000828       0x80 build/uart.o
 .debug_ranges  0x000008a8       0x98 build/syscall.o
 .debug_ranges  0x00000940       0x70 build/uspi_usbmassdevice.o
 .debug_ranges  0x000009b0       0x40 build/file.o
 .debug_ranges  0x000009f0       0x60 build/uspi_usbstring.o
 .debug_ranges  0x00000a50       0x30 build/usb.o
 .debug_ranges  0x00000a80       0x20 build/string.o
 .debug_ranges  0x00000aa0       0x18 build/uspi_lan7800.o
 .debug_ranges  0x00000ab8       0x50 build/kalloc.o
 .debug_ranges  0x00000b08       0x70 build/uspi_dwhcidevice.o
 .debug_ranges  0x00000b78       0x30 build/proc.o
 .debug_ranges  0x00000ba8       0x98 build/timer.o
 .debug_ranges  0x00000c40       0x18 build/uspi_devicenameservice.o
 .debug_ranges  0x00000c58       0xa0 build/uspi_usbgamepad.o

.debug_loc      0x00000000     0xe774
 .debug_loc     0x00000000       0x9f build/uspi_dwhciframeschednsplit.o
 .debug_loc     0x0000009f      0x2a3 build/exec.o
 .debug_loc     0x00000342      0x2bd build/trap.o
 .debug_loc     0x000005ff     0x1253 build/uspi_string.o
 .debug_loc     0x00001852      0x472 build/sysfile.o
 .debug_loc     0x00001cc4      0x230 build/uspi_usbendpoint.o
 .debug_loc     0x00001ef4      0x149 build/bio.o
 .debug_loc     0x0000203d      0x305 build/uspi_usbmidi.o
 .debug_loc     0x00002342      0x241 build/uspi_usbdevicefactory.o
 .debug_loc     0x00002583     0x10a5 build/fs.o
 .debug_loc     0x00003628      0x89b build/console.o
 .debug_loc     0x00003ec3       0xcb build/spinlock.o
 .debug_loc     0x00003f8e      0x309 build/uspi_usbconfigparser.o
 .debug_loc     0x00004297      0x590 build/uspienv_timer.o
 .debug_loc     0x00004827      0x285 build/main.o
 .debug_loc     0x00004aac      0xdff build/vm.o
 .debug_loc     0x000058ab      0x2e5 build/uspi_dwhciframeschedper.o
 .debug_loc     0x00005b90      0x555 build/uspi_usbstandardhub.o
 .debug_loc     0x000060e5      0x38f build/uspi_smsc951x.o
 .debug_loc     0x00006474      0x1ff build/uspi_dwhciframeschednper.o
 .debug_loc     0x00006673      0x6ac build/uspi_dwhcixferstagedata.o
 .debug_loc     0x00006d1f      0x4b7 build/uspi_keymap.o
 .debug_loc     0x000071d6       0x9b build/memide.o
 .debug_loc     0x00007271      0x691 build/uspi_library.o
 .debug_loc     0x00007902      0x2a1 build/mailbox.o
 .debug_loc     0x00007ba3      0x45b build/uspi_usbdevice.o
 .debug_loc     0x00007ffe      0x164 build/mmu.o
 .debug_loc     0x00008162      0x1e4 build/log.o
 .debug_loc     0x00008346      0x213 build/uspi_macaddress.o
 .debug_loc     0x00008559      0x7b2 build/uart.o
 .debug_loc     0x00008d0b      0x3a3 build/syscall.o
 .debug_loc     0x000090ae      0x84c build/uspi_usbmassdevice.o
 .debug_loc     0x000098fa      0x4e1 build/file.o
 .debug_loc     0x00009ddb      0x2b3 build/uspi_usbstring.o
 .debug_loc     0x0000a08e      0x307 build/usb.o
 .debug_loc     0x0000a395       0x31 build/sysproc.o
 .debug_loc     0x0000a3c6      0x903 build/string.o
 .debug_loc     0x0000acc9      0x279 build/pipe.o
 .debug_loc     0x0000af42      0x106 build/uspi_usbrequest.o
 .debug_loc     0x0000b048       0x77 build/uspi_synchronize.o
 .debug_loc     0x0000b0bf       0x21 build/uspienv_memio.o
 .debug_loc     0x0000b0e0      0x222 build/uspi_usbmouse.o
 .debug_loc     0x0000b302      0x6c1 build/uspi_lan7800.o
 .debug_loc     0x0000b9c3      0x27b build/kalloc.o
 .debug_loc     0x0000bc3e      0x4ce build/uspi_util.o
 .debug_loc     0x0000c10c      0xe79 build/uspi_dwhcidevice.o
 .debug_loc     0x0000cf85       0xe4 build/uspi_dwhciregister.o
 .debug_loc     0x0000d069      0x46f build/proc.o
 .debug_loc     0x0000d4d8      0x25b build/uspi_usbkeyboard.o
 .debug_loc     0x0000d733      0x16a build/timer.o
 .debug_loc     0x0000d89d      0x12d build/uspi_devicenameservice.o
 .debug_loc     0x0000d9ca      0xce8 build/uspi_usbgamepad.o
 .debug_loc     0x0000e6b2       0xc2 build/uspi_dwhcirootport.o

.debug_str      0x00000000     0x4fbc
 .debug_str     0x00000000      0x2e3 build/uspi_dwhciframeschednsplit.o
                                0x3a4 (size before relaxing)
 .debug_str     0x000002e3      0x1de build/exec.o
                                0x344 (size before relaxing)
 .debug_str     0x000004c1      0x1df build/trap.o
                                0x40c (size before relaxing)
 .debug_str     0x000006a0      0x1d3 build/uspi_string.o
                                0x362 (size before relaxing)
 .debug_str     0x00000873      0x1d8 build/sysfile.o
                                0x448 (size before relaxing)
 .debug_str     0x00000a4b      0x67a build/uspi_usbendpoint.o
                                0x86f (size before relaxing)
 .debug_str     0x000010c5       0x6a build/bio.o
                                0x1e7 (size before relaxing)
 .debug_str     0x0000112f      0x4d7 build/uspi_usbmidi.o
                                0xcc6 (size before relaxing)
 .debug_str     0x00001606      0x483 build/uspi_usbdevicefactory.o
                                0xf51 (size before relaxing)
 .debug_str     0x00001a89       0x9c build/fs.o
                                0x413 (size before relaxing)
 .debug_str     0x00001b25      0x1ae build/console.o
                                0x4b8 (size before relaxing)
 .debug_str     0x00001cd3       0x32 build/spinlock.o
                                0x27b (size before relaxing)
 .debug_str     0x00001d05       0xf0 build/uspi_usbconfigparser.o
                                0x526 (size before relaxing)
 .debug_str     0x00001df5      0x243 build/uspienv_timer.o
                                0x3cd (size before relaxing)
 .debug_str     0x00002038      0x174 build/main.o
                                0x427 (size before relaxing)
 .debug_str     0x000021ac       0xcf build/vm.o
                                0x3a3 (size before relaxing)
 .debug_str     0x0000227b      0x197 build/uspi_dwhciframeschedper.o
                                0x449 (size before relaxing)
 .debug_str     0x00002412      0x18f build/uspi_usbstandardhub.o
                                0xdd1 (size before relaxing)
 .debug_str     0x000025a1      0x1b5 build/uspi_smsc951x.o
                                0xd97 (size before relaxing)
 .debug_str     0x00002756      0x13d build/uspi_dwhciframeschednper.o
                                0x3ed (size before relaxing)
 .debug_str     0x00002893      0x58c build/uspi_dwhcixferstagedata.o
                               0x10ad (size before relaxing)
 .debug_str     0x00002e1f      0x405 build/uspi_keymap.o
                                0x5c0 (size before relaxing)
 .debug_str     0x00003224       0x51 build/memide.o
                                0x29f (size before relaxing)
 .debug_str     0x00003275      0x523 build/uspi_library.o
                               0x1650 (size before relaxing)
 .debug_str     0x00003798       0x5c build/mailbox.o
                                0x334 (size before relaxing)
 .debug_str     0x000037f4       0x45 build/uart_pl011.o
                                0x178 (size before relaxing)
 .debug_str     0x00003839      0x127 build/uspi_usbdevice.o
                                0xdc1 (size before relaxing)
 .debug_str     0x00003960       0x1a build/mmu.o
                                0x17d (size before relaxing)
 .debug_str     0x0000397a       0x67 build/log.o
                                0x286 (size before relaxing)
 .debug_str     0x000039e1       0xaf build/uspi_macaddress.o
                                0x2ae (size before relaxing)
 .debug_str     0x00003a90       0x7a build/uart.o
                                0x288 (size before relaxing)
 .debug_str     0x00003b0a       0x1a build/syscall.o
                                0x26d (size before relaxing)
 .debug_str     0x00003b24      0x4f0 build/uspi_usbmassdevice.o
                               0x1244 (size before relaxing)
 .debug_str     0x00004014       0x32 build/file.o
                                0x2ae (size before relaxing)
 .debug_str     0x00004046       0x43 build/uspi_usbstring.o
                                0xaf1 (size before relaxing)
 .debug_str     0x00004089       0x82 build/usb.o
                                0x474 (size before relaxing)
 .debug_str     0x0000410b       0x75 build/sysproc.o
                                0x2b4 (size before relaxing)
 .debug_str     0x00004180       0x20 build/string.o
                                0x17e (size before relaxing)
 .debug_str     0x000041a0       0x2e build/pipe.o
                                0x324 (size before relaxing)
 .debug_str     0x000041ce       0x6d build/uspi_usbrequest.o
                                0x90e (size before relaxing)
 .debug_str     0x0000423b       0x67 build/uspi_synchronize.o
                                0x1dc (size before relaxing)
 .debug_str     0x000042a2       0x17 build/uspienv_memio.o
                                0x16c (size before relaxing)
 .debug_str     0x000042b9       0x94 build/uspi_usbmouse.o
                                0xcf9 (size before relaxing)
 .debug_str     0x0000434d      0x16e build/uspi_lan7800.o
                                0xe72 (size before relaxing)
 .debug_str     0x000044bb       0x3d build/kalloc.o
                                0x1cd (size before relaxing)
 .debug_str     0x000044f8       0x61 build/uspi_util.o
                                0x257 (size before relaxing)
 .debug_str     0x00004559      0x5be build/uspi_dwhcidevice.o
                               0x17dd (size before relaxing)
 .debug_str     0x00004b17       0x61 build/uspi_dwhciregister.o
                                0x2a3 (size before relaxing)
 .debug_str     0x00004b78       0xa9 build/proc.o
                                0x3d4 (size before relaxing)
 .debug_str     0x00004c21      0x152 build/uspi_usbkeyboard.o
                               0x12c6 (size before relaxing)
 .debug_str     0x00004d73       0x3c build/timer.o
                                0x2e9 (size before relaxing)
 .debug_str     0x00004daf       0x20 build/uspi_devicenameservice.o
                                0x25a (size before relaxing)
 .debug_str     0x00004dcf      0x1c3 build/uspi_usbgamepad.o
                                0xf49 (size before relaxing)
 .debug_str     0x00004f92       0x2a build/uspi_dwhcirootport.o
                                0xad8 (size before relaxing)

.debug_frame    0x00000000     0x3afc
 .debug_frame   0x00000000       0x9c build/uspi_dwhciframeschednsplit.o
 .debug_frame   0x0000009c       0x40 build/exec.o
 .debug_frame   0x000000dc      0x13c build/trap.o
 .debug_frame   0x00000218      0x1b8 build/uspi_string.o
 .debug_frame   0x000003d0      0x248 build/sysfile.o
 .debug_frame   0x00000618      0x104 build/uspi_usbendpoint.o
 .debug_frame   0x0000071c       0x8c build/bio.o
 .debug_frame   0x000007a8       0xdc build/uspi_usbmidi.o
 .debug_frame   0x00000884       0x48 build/uspi_usbdevicefactory.o
 .debug_frame   0x000008cc      0x32c build/fs.o
 .debug_frame   0x00000bf8      0x20c build/console.o
 .debug_frame   0x00000e04       0xb8 build/spinlock.o
 .debug_frame   0x00000ebc       0x78 build/uspi_usbconfigparser.o
 .debug_frame   0x00000f34      0x194 build/uspienv_timer.o
 .debug_frame   0x000010c8      0x100 build/main.o
 .debug_frame   0x000011c8      0x294 build/vm.o
 .debug_frame   0x0000145c       0xb0 build/uspi_dwhciframeschedper.o
 .debug_frame   0x0000150c       0xf0 build/uspi_usbstandardhub.o
 .debug_frame   0x000015fc      0x118 build/uspi_smsc951x.o
 .debug_frame   0x00001714       0xa0 build/uspi_dwhciframeschednper.o
 .debug_frame   0x000017b4      0x280 build/uspi_dwhcixferstagedata.o
 .debug_frame   0x00001a34       0x94 build/uspi_keymap.o
 .debug_frame   0x00001ac8       0x50 build/memide.o
 .debug_frame   0x00001b18      0x218 build/uspi_library.o
 .debug_frame   0x00001d30       0x68 build/mailbox.o
 .debug_frame   0x00001d98       0x40 build/uart_pl011.o
 .debug_frame   0x00001dd8      0x190 build/uspi_usbdevice.o
 .debug_frame   0x00001f68       0x3c build/mmu.o
 .debug_frame   0x00001fa4       0xd4 build/log.o
 .debug_frame   0x00002078       0xe8 build/uspi_macaddress.o
 .debug_frame   0x00002160       0xe8 build/uart.o
 .debug_frame   0x00002248       0x9c build/syscall.o
 .debug_frame   0x000022e4      0x194 build/uspi_usbmassdevice.o
 .debug_frame   0x00002478      0x130 build/file.o
 .debug_frame   0x000025a8       0xd8 build/uspi_usbstring.o
 .debug_frame   0x00002680      0x12c build/usb.o
 .debug_frame   0x000027ac       0xe0 build/sysproc.o
 .debug_frame   0x0000288c       0xdc build/string.o
 .debug_frame   0x00002968       0xa0 build/pipe.o
 .debug_frame   0x00002a08       0xdc build/uspi_usbrequest.o
 .debug_frame   0x00002ae4       0x40 build/uspi_synchronize.o
 .debug_frame   0x00002b24       0x30 build/uspienv_memio.o
 .debug_frame   0x00002b54       0xdc build/uspi_usbmouse.o
 .debug_frame   0x00002c30      0x20c build/uspi_lan7800.o
 .debug_frame   0x00002e3c       0xa8 build/kalloc.o
 .debug_frame   0x00002ee4       0xc0 build/uspi_util.o
 .debug_frame   0x00002fa4      0x4c4 build/uspi_dwhcidevice.o
 .debug_frame   0x00003468       0xf0 build/uspi_dwhciregister.o
 .debug_frame   0x00003558      0x1b8 build/proc.o
 .debug_frame   0x00003710      0x104 build/uspi_usbkeyboard.o
 .debug_frame   0x00003814       0x9c build/timer.o
 .debug_frame   0x000038b0       0x88 build/uspi_devicenameservice.o
 .debug_frame   0x00003938      0x158 build/uspi_usbgamepad.o
 .debug_frame   0x00003a90       0x6c build/uspi_dwhcirootport.o
