
Allocating common symbols
Common symbol       size              file

uart_lock           0x4               build/uart_pl011.o
log                 0x70              build/log.o
kmem                0x3c              build/kalloc.o
pUSBParam           0x4               build/trap.o
bcache              0x173c            build/bio.o
pUSBTimerParam      0x4               build/trap.o
input               0xc0              build/console.o
uart_disabled       0x4               build/uart.o
device_handler      0xa0              build/usb_storagedriver.o
nUSBTimerIRQ        0x4               build/trap.o
kpgdir              0x4               build/vm.o
mb_data             0x28              build/main.o
tickslock           0x34              build/trap.o
ftable              0x994             build/file.o
cpus                0xe0              build/exec.o
mailbuffer          0x4               build/mailbox.o
pUSBTimerHandler    0x4               build/trap.o
pm_size             0x4               build/mmu.o
ticks               0x4               build/trap.o
pUSBHandler         0x4               build/trap.o
ptable              0x1f34            build/proc.o
nUSBIRQ             0x4               build/trap.o
devsw               0x50              build/file.o
icache              0xfd4             build/fs.o

Discarded input sections

 .note.GNU-stack
                0x00000000        0x0 build/uspi_dwhciframeschednsplit.o
 .note.GNU-stack
                0x00000000        0x0 build/exec.o
 .note.GNU-stack
                0x00000000        0x0 build/uart_pl011.o
 .note.GNU-stack
                0x00000000        0x0 build/uspi_string.o
 .note.GNU-stack
                0x00000000        0x0 build/usb_storagedriver.o
 .note.GNU-stack
                0x00000000        0x0 build/sysfile.o
 .note.GNU-stack
                0x00000000        0x0 build/string.o
 .note.GNU-stack
                0x00000000        0x0 build/uspi_usbmidi.o
 .note.GNU-stack
                0x00000000        0x0 build/uspi_usbdevice.o
 .note.GNU-stack
                0x00000000        0x0 build/uspi_usbdevicefactory.o
 .note.GNU-stack
                0x00000000        0x0 build/console.o
 .note.GNU-stack
                0x00000000        0x0 build/spinlock.o
 .note.GNU-stack
                0x00000000        0x0 build/trap.o
 .note.GNU-stack
                0x00000000        0x0 build/uspi_dwhciframeschednper.o
 .note.GNU-stack
                0x00000000        0x0 build/uspienv_timer.o
 .note.GNU-stack
                0x00000000        0x0 build/main.o
 .note.GNU-stack
                0x00000000        0x0 build/bio.o
 .note.GNU-stack
                0x00000000        0x0 build/syscall.o
 .note.GNU-stack
                0x00000000        0x0 build/uspi_usbendpoint.o
 .note.GNU-stack
                0x00000000        0x0 build/uspi_usbconfigparser.o
 .note.GNU-stack
                0x00000000        0x0 build/mailbox.o
 .note.GNU-stack
                0x00000000        0x0 build/uspi_usbstandardhub.o
 .note.GNU-stack
                0x00000000        0x0 build/memide.o
 .note.GNU-stack
                0x00000000        0x0 build/uspi_dwhciframeschedper.o
 .note.GNU-stack
                0x00000000        0x0 build/uspi_usbmassdevice.o
 .note.GNU-stack
                0x00000000        0x0 build/mmu.o
 .note.GNU-stack
                0x00000000        0x0 build/uspi_smsc951x.o
 .note.GNU-stack
                0x00000000        0x0 build/log.o
 .note.GNU-stack
                0x00000000        0x0 build/uart.o
 .note.GNU-stack
                0x00000000        0x0 build/uspi_dwhcixferstagedata.o
 .note.GNU-stack
                0x00000000        0x0 build/uspi_keymap.o
 .note.GNU-stack
                0x00000000        0x0 build/file.o
 .note.GNU-stack
                0x00000000        0x0 build/uspi_usbstring.o
 .note.GNU-stack
                0x00000000        0x0 build/uspi_library.o
 .note.GNU-stack
                0x00000000        0x0 build/vm.o
 .note.GNU-stack
                0x00000000        0x0 build/usb.o
 .note.GNU-stack
                0x00000000        0x0 build/sysproc.o
 .note.GNU-stack
                0x00000000        0x0 build/uspi_macaddress.o
 .note.GNU-stack
                0x00000000        0x0 build/pipe.o
 .note.GNU-stack
                0x00000000        0x0 build/uspi_usbrequest.o
 .note.GNU-stack
                0x00000000        0x0 build/uspi_synchronize.o
 .note.GNU-stack
                0x00000000        0x0 build/uspi_usbmouse.o
 .note.GNU-stack
                0x00000000        0x0 build/kalloc.o
 .note.GNU-stack
                0x00000000        0x0 build/uspi_util.o
 .note.GNU-stack
                0x00000000        0x0 build/uspi_lan7800.o
 .note.GNU-stack
                0x00000000        0x0 build/uspienv_memio.o
 .note.GNU-stack
                0x00000000        0x0 build/uspi_dwhcidevice.o
 .note.GNU-stack
                0x00000000        0x0 build/uspi_dwhciregister.o
 .note.GNU-stack
                0x00000000        0x0 build/proc.o
 .note.GNU-stack
                0x00000000        0x0 build/uspi_usbkeyboard.o
 .note.GNU-stack
                0x00000000        0x0 build/timer.o
 .note.GNU-stack
                0x00000000        0x0 build/uspi_devicenameservice.o
 .note.GNU-stack
                0x00000000        0x0 build/uspi_usbgamepad.o
 .note.GNU-stack
                0x00000000        0x0 build/fs.o
 .note.GNU-stack
                0x00000000        0x0 build/uspi_dwhcirootport.o

Memory Configuration

Name             Origin             Length             Attributes
*default*        0x00000000         0xffffffff

Linker script and memory map

LOAD build/entry.o
LOAD build/exception.o
LOAD build/uspienv_delayloop.o
LOAD build/uspi_dwhciframeschednsplit.o
LOAD build/exec.o
LOAD build/uart_pl011.o
LOAD build/uspi_string.o
LOAD build/usb_storagedriver.o
LOAD build/sysfile.o
LOAD build/string.o
LOAD build/uspi_usbmidi.o
LOAD build/uspi_usbdevice.o
LOAD build/uspi_usbdevicefactory.o
LOAD build/console.o
LOAD build/spinlock.o
LOAD build/trap.o
LOAD build/uspi_dwhciframeschednper.o
LOAD build/uspienv_timer.o
LOAD build/main.o
LOAD build/bio.o
LOAD build/syscall.o
LOAD build/uspi_usbendpoint.o
LOAD build/uspi_usbconfigparser.o
LOAD build/mailbox.o
LOAD build/uspi_usbstandardhub.o
LOAD build/memide.o
LOAD build/uspi_dwhciframeschedper.o
LOAD build/uspi_usbmassdevice.o
LOAD build/mmu.o
LOAD build/uspi_smsc951x.o
LOAD build/log.o
LOAD build/uart.o
LOAD build/uspi_dwhcixferstagedata.o
LOAD build/uspi_keymap.o
LOAD build/file.o
LOAD build/uspi_usbstring.o
LOAD build/uspi_library.o
LOAD build/vm.o
LOAD build/usb.o
LOAD build/sysproc.o
LOAD build/uspi_macaddress.o
LOAD build/pipe.o
LOAD build/uspi_usbrequest.o
LOAD build/uspi_synchronize.o
LOAD build/uspi_usbmouse.o
LOAD build/kalloc.o
LOAD build/uspi_util.o
LOAD build/uspi_lan7800.o
LOAD build/uspienv_memio.o
LOAD build/uspi_dwhcidevice.o
LOAD build/uspi_dwhciregister.o
LOAD build/proc.o
LOAD build/uspi_usbkeyboard.o
LOAD build/timer.o
LOAD build/uspi_devicenameservice.o
LOAD build/uspi_usbgamepad.o
LOAD build/fs.o
LOAD build/uspi_dwhcirootport.o
                0x00000000                PHYSTART = 0x0
                0x10000000                PHYSIZE = 0x10000000
                0x80000000                KERNBASE = 0x80000000
                0x3f000000                MMIO_PA = 0x3f000000
                0xd0000000                MMIO_VA = 0xd0000000
                0x01000000                MMIO_SIZE = 0x1000000
                0xdf000000                PERIPHBASE = 0xdf000000
                0x00004000                K_PDX_BASE = 0x4000
                0x00003000                K_PTX_BASE = 0x3000
                0x00008000                PHYSOFFSET = 0x8000
                0x80008000                KERNOFFSET = 0x80008000
                0x80008000                PHYSOFFSET = DEFINED (PHYSOFFSET)?PHYSOFFSET:0x80008000
                0xc0008000                KERNOFFSET = DEFINED (KERNOFFSET)?KERNOFFSET:0xc0008000
                0x80000000                SHIFT = (KERNOFFSET - PHYSOFFSET)

.init           0x00008000      0x1d4
 *(.init)
 .init          0x00008000      0x1d4 build/entry.o
                0x00008000                _start
                0x00008200                . = ALIGN (0x100)
                0x00008200                INIT_END = .
                0x80008200                . = (. + SHIFT)

.text           0x80008200     0xfb14 load address 0x00008200
 *.c.o(.text)
 *(.text .stub .text.*)
 .text          0x80008200       0x94 build/entry.o
                0x80008200                _pagingstart
                0x80008208                acknowledge
                0x8000822c                dsb_barrier
                0x80008238                flush_dcache_all
                0x80008244                flush_idcache
                0x80008250                flush_tlb
                0x80008270                flush_dcache
                0x8000827c                set_pgtbase
                0x80008284                getsystemtime
 *fill*         0x80008294        0xc 
 .text          0x800082a0      0x284 build/exception.o
                0x800082a0                vectors
                0x80008338                trapret
                0x80008478                set_mode_sp
                0x8000849c                readcpsr
                0x800084a4                cli
                0x800084b4                sti
                0x800084c4                swtch
 *fill*         0x80008524        0x4 
 .text          0x80008528        0xc build/uspienv_delayloop.o
                0x80008528                DelayLoop
 .text          0x80008534       0xdc build/uspi_dwhciframeschednsplit.o
                0x80008534                _DWHCIFrameSchedulerNoSplit
                0x80008538                DWHCIFrameSchedulerNoSplitCompleteSplit
                0x80008540                DWHCIFrameSchedulerNoSplitTransactionComplete
                0x80008544                DWHCIFrameSchedulerNoSplitIsOddFrame
                0x80008550                DWHCIFrameSchedulerNoSplitWaitForFrame
                0x800085b8                DWHCIFrameSchedulerNoSplitStartSplit
                0x800085bc                DWHCIFrameSchedulerNoSplit
 .text          0x80008610      0x2c4 build/exec.o
                0x80008610                exec
 .text          0x800088d4       0x94 build/uart_pl011.o
                0x800088d4                uartinit_fvp
                0x80008908                uartputc_fvp
                0x8000894c                uartgetc_fvp
 .text          0x80008968      0xa04 build/uspi_string.o
                0x800089c8                String
                0x800089d8                String2
                0x80008a08                _String
                0x80008a30                StringGet
                0x80008a48                StringSet
                0x80008a8c                StringGetLength
                0x80008a9c                StringAppend
                0x80008b18                StringCompare
                0x80008b20                StringFind
                0x80008b68                StringPutChar
                0x80008ba8                StringPutString
                0x80008bec                StringFormatV
                0x800092ac                StringFormat
                0x800092d8                StringReserveSpace
                0x800092e4                ntoa
 .text          0x8000936c      0x2dc build/usb_storagedriver.o
                0x8000936c                storageinit
                0x80009380                dhandlerinit
                0x80009384                storage_free
                0x80009388                usb_storage_write
                0x800095f8                usb_storage_read
 .text          0x80009648      0xb7c build/sysfile.o
                0x80009820                sys_dup
                0x80009898                sys_read
                0x8000991c                sys_write
                0x800099a0                sys_close
                0x800099f4                sys_fstat
                0x80009a40                sys_link
                0x80009b4c                sys_unlink
                0x80009d04                sys_open
                0x80009e38                sys_mkdir
                0x80009e94                sys_mknod
                0x80009f30                sys_chdir
                0x80009fac                sys_exec
                0x8000a068                sys_pipe
                0x8000a130                sys_lseek
 .text          0x8000a1c4      0x2d4 build/string.o
                0x8000a1c4                memsetw
                0x8000a1e8                memsetb
                0x8000a20c                memset
                0x8000a274                memcmp
                0x8000a2c0                memmove
                0x8000a31c                memcpy
                0x8000a320                strncmp
                0x8000a380                strncpy
                0x8000a3e4                safestrcpy
                0x8000a42c                strlen
                0x8000a45c                div
 .text          0x8000a498      0x390 build/uspi_usbmidi.o
                0x8000a4f8                USBMIDIDeviceConfigure
                0x8000a7a4                USBMIDIDevice
                0x8000a7d4                _CUSBMIDIDevice
                0x8000a820                USBMIDIDeviceRegisterPacketHandler
 .text          0x8000a828      0x6a4 build/uspi_usbdevice.o
                0x8000a828                USBDeviceConfigure
                0x8000a88c                USBDevice
                0x8000a8fc                USBDeviceCopy
                0x8000a9f0                _USBDevice
                0x8000aa88                USBDeviceInitialize
                0x8000ad74                USBDeviceGetName
                0x8000ae74                USBDeviceGetAddress
                0x8000ae7c                USBDeviceGetSpeed
                0x8000ae84                USBDeviceGetHubAddress
                0x8000ae8c                USBDeviceGetHubPortNumber
                0x8000ae94                USBDeviceGetEndpoint0
                0x8000ae9c                USBDeviceGetHost
                0x8000aea4                USBDeviceGetDeviceDescriptor
                0x8000aeac                USBDeviceGetConfigurationDescriptor
                0x8000aeb4                USBDeviceGetDescriptor
                0x8000aebc                USBDeviceConfigurationError
                0x8000aec4                USBDeviceSetAddress
 .text          0x8000aecc      0x230 build/uspi_usbdevicefactory.o
                0x8000aecc                GetDevice
                0x8000b09c                USBDeviceFactoryGetDevice
 .text          0x8000b0fc      0xab4 build/console.o
                0x8000b0fc                consoleread
                0x8000b20c                setgpucolour
                0x8000b21c                initframebuf
                0x8000b274                drawpixel
                0x8000b2b4                drawcursor
                0x8000b320                drawcharacter
                0x8000b3b4                gpuputc
                0x8000b5a8                consolewrite
                0x8000b6ac                panic
                0x8000b720                cprintf
                0x8000b8c0                consputc
                0x8000b95c                consoleintr
                0x8000bab8                gpuinit
                0x8000bb14                consoleinit
 .text          0x8000bbb0      0x194 build/spinlock.o
                0x8000bbb0                initlock
                0x8000bbc4                getcallerpcs
                0x8000bbc8                holding
                0x8000bbf0                pushcli
                0x8000bc28                acquire
                0x8000bca4                popcli
                0x8000bd00                release
 .text          0x8000bd44      0x620 build/trap.o
                0x8000bd44                led25_on
                0x8000bd64                led25_off
                0x8000bd84                enable_intrs
                0x8000bda8                disable_intrs
                0x8000bdcc                tvinit
                0x8000beb8                trap_oops
                0x8000bf5c                handle_irq
                0x8000bfc0                trap
                0x8000c274                ConnectInterrupt
                0x8000c2ec                ConnectTimerInterrupt
 .text          0x8000c364      0x190 build/uspi_dwhciframeschednper.o
                0x8000c364                _DWHCIFrameSchedulerNonPeriodic
                0x8000c370                DWHCIFrameSchedulerNonPeriodicStartSplit
                0x8000c37c                DWHCIFrameSchedulerNonPeriodicWaitForFrame
                0x8000c380                DWHCIFrameSchedulerNonPeriodicIsOddFrame
                0x8000c388                DWHCIFrameSchedulerNonPeriodicCompleteSplit
                0x8000c3e0                DWHCIFrameSchedulerNonPeriodicTransactionComplete
                0x8000c4a0                DWHCIFrameSchedulerNonPeriodic
 .text          0x8000c4f4      0x3a0 build/uspienv_timer.o
                0x8000c534                TimerEnvInit
                0x8000c584                _Timer
                0x8000c598                TimerGetClockTicks
                0x8000c5b4                TimerGetTicks
                0x8000c5bc                TimerGetTime
                0x8000c5c4                TimerStartKernelTimer
                0x8000c63c                TimerCancelKernelTimer
                0x8000c650                TimerMsDelay
                0x8000c664                TimerusDelay
                0x8000c678                TimerGet
                0x8000c688                TimerSimpleMsDelay
                0x8000c6a4                TimerSimpleusDelay
                0x8000c6b0                TimerPollKernelTimers
                0x8000c710                TimerInterruptHandler
                0x8000c7c8                TimerTuneMsDelay
                0x8000c82c                TimerInitialize
 .text          0x8000c894      0x270 build/main.o
                0x8000c894                OkLoop
                0x8000c8d8                NotOkLoop
                0x8000c91c                getpmsize
                0x8000c990                machinit
                0x8000c9a4                cmain
 .text          0x8000cb04      0x238 build/bio.o
                0x8000cb04                binit
                0x8000cb8c                bread
                0x8000cc94                bwrite
                0x8000ccbc                brelse
 .text          0x8000cd3c      0x254 build/syscall.o
                0x8000cd3c                fetchint
                0x8000cd78                fetchstr
                0x8000cde0                argint
                0x8000ce28                argptr
                0x8000ce88                argstr
                0x8000cf04                syscall
 .text          0x8000cf90      0x200 build/uspi_usbendpoint.o
                0x8000cf90                USBEndpoint
                0x8000cfbc                USBEndpoint2
                0x8000d0a8                USBEndpointCopy
                0x8000d0dc                _USBEndpoint
                0x8000d0e8                USBEndpointGetDevice
                0x8000d0f0                USBEndpointGetNumber
                0x8000d0f8                USBEndpointGetType
                0x8000d100                USBEndpointIsDirectionIn
                0x8000d108                USBEndpointSetMaxPacketSize
                0x8000d110                USBEndpointGetMaxPacketSize
                0x8000d118                USBEndpointGetInterval
                0x8000d120                USBEndpointGetNextPID
                0x8000d130                USBEndpointSkipPID
                0x8000d184                USBEndpointResetPID
 .text          0x8000d190      0x1e8 build/uspi_usbconfigparser.o
                0x8000d190                USBConfigurationParser
                0x8000d2a0                _USBConfigurationParser
                0x8000d2ac                USBConfigurationParserIsValid
                0x8000d2b4                USBConfigurationParserGetDescriptor
                0x8000d358                USBConfigurationParserError
 .text          0x8000d378      0x120 build/mailbox.o
                0x8000d378                create_request
                0x8000d40c                mailboxinit
                0x8000d424                readmailbox
                0x8000d45c                writemailbox
 .text          0x8000d498      0xa24 build/uspi_usbstandardhub.o
                0x8000d498                USBStandardHub
                0x8000d4dc                _USBStandardHub
                0x8000d564                USBStandardHubInitialize
                0x8000d568                USBStandardHubGetDeviceNames
                0x8000d638                USBStandardHubEnumeratePorts
                0x8000dc0c                USBStandardHubConfigure
 .text          0x8000debc      0x104 build/memide.o
                0x8000debc                ideinit
                0x8000def0                ideintr
                0x8000def4                iderw
                0x8000dfa4                usbrw
 .text          0x8000dfc0      0x214 build/uspi_dwhciframeschedper.o
                0x8000dfc0                _DWHCIFrameSchedulerPeriodic
                0x8000dfcc                DWHCIFrameSchedulerPeriodicStartSplit
                0x8000dfe0                DWHCIFrameSchedulerPeriodicIsOddFrame
                0x8000dfec                DWHCIFrameSchedulerPeriodicWaitForFrame
                0x8000e060                DWHCIFrameSchedulerPeriodicCompleteSplit
                0x8000e0c0                DWHCIFrameSchedulerPeriodicTransactionComplete
                0x8000e178                DWHCIFrameSchedulerPeriodic
 .text          0x8000e1d4      0xa7c build/uspi_usbmassdevice.o
                0x8000e1d4                USBBulkOnlyMassStorageDevice
                0x8000e210                _USBBulkOnlyMassStorageDevice
                0x8000e264                USBBulkOnlyMassStorageDeviceSeek
                0x8000e274                USBBulkOnlyMassStorageDeviceGetCapacity
                0x8000e27c                USBBulkOnlyMassStorageDeviceCommand
                0x8000e484                USBBulkOnlyMassStorageDeviceConfigure
                0x8000e878                USBBulkOnlyMassStorageDeviceTryRead
                0x8000e954                USBBulkOnlyMassStorageDeviceTryWrite
                0x8000ea2c                USBBulkOnlyMassStorageDeviceReset
                0x8000eb60                USBBulkOnlyMassStorageDeviceRead
                0x8000ebe8                USBBulkOnlyMassStorageDeviceWrite
 .text          0x8000ec50      0x108 build/mmu.o
                0x8000ec50                mmuinit0
                0x8000ecf4                mmuinit1
 .text          0x8000ed58      0x5d0 build/uspi_smsc951x.o
                0x8000ed58                SMSC951xDevice
                0x8000ed90                _SMSC951xDevice
                0x8000edfc                SMSC951xDeviceGetMACAddress
                0x8000ee04                SMSC951xDeviceSendFrame
                0x8000ee64                SMSC951xDeviceReceiveFrame
                0x8000ef4c                SMSC951xDeviceWriteReg
                0x8000efb4                SMSC951xDeviceConfigure
                0x8000f2c0                SMSC951xDeviceReadReg
 .text          0x8000f328      0x33c build/log.o
                0x8000f40c                initlog
                0x8000f4b4                begin_trans
                0x8000f50c                commit_trans
                0x8000f568                log_write
 .text          0x8000f664      0x3b4 build/uart.o
                0x8000f708                led18_on
                0x8000f72c                led18_off
                0x8000f750                setgpioval
                0x8000f79c                setgpiofunc
                0x8000f7a8                enableirqminiuart
                0x8000f7c0                disableirqminiuart
                0x8000f7d8                uartputc
                0x8000f864                miniuartintr
                0x8000f944                uartinit
 .text          0x8000fa18      0x49c build/uspi_dwhcixferstagedata.o
                0x8000fa18                DWHCITransferStageData
                0x8000fbe8                _DWHCITransferStageData
                0x8000fc44                DWHCITransferStageDataTransactionComplete
                0x8000fd20                DWHCITransferStageDataSetSplitComplete
                0x8000fd28                DWHCITransferStageDataSetState
                0x8000fd30                DWHCITransferStageDataGetState
                0x8000fd38                DWHCITransferStageDataSetSubState
                0x8000fd40                DWHCITransferStageDataGetSubState
                0x8000fd48                DWHCITransferStageDataBeginSplitCycle
                0x8000fd50                DWHCITransferStageDataGetChannelNumber
                0x8000fd58                DWHCITransferStageDataIsPeriodic
                0x8000fd78                DWHCITransferStageDataGetDeviceAddress
                0x8000fd80                DWHCITransferStageDataGetEndpointType
                0x8000fdac                DWHCITransferStageDataGetEndpointNumber
                0x8000fdb4                DWHCITransferStageDataGetMaxPacketSize
                0x8000fdbc                DWHCITransferStageDataGetSpeed
                0x8000fdc4                DWHCITransferStageDataGetPID
                0x8000fdf4                DWHCITransferStageDataIsDirectionIn
                0x8000fdfc                DWHCITransferStageDataIsStatusStage
                0x8000fe04                DWHCITransferStageDataGetDMAAddress
                0x8000fe0c                DWHCITransferStageDataGetBytesToTransfer
                0x8000fe14                DWHCITransferStageDataGetPacketsToTransfer
                0x8000fe1c                DWHCITransferStageDataIsSplit
                0x8000fe24                DWHCITransferStageDataIsSplitComplete
                0x8000fe2c                DWHCITransferStageDataGetHubAddress
                0x8000fe34                DWHCITransferStageDataGetHubPortAddress
                0x8000fe3c                DWHCITransferStageDataGetSplitPosition
                0x8000fe44                DWHCITransferStageDataGetStatusMask
                0x8000fe78                DWHCITransferStageDataGetTransactionStatus
                0x8000fe80                DWHCITransferStageDataIsStageComplete
                0x8000fe90                DWHCITransferStageDataGetResultLen
                0x8000fea4                DWHCITransferStageDataGetURB
                0x8000feac                DWHCITransferStageDataGetFrameScheduler
 .text          0x8000feb4      0x2b4 build/uspi_keymap.o
                0x8000feb4                KeyMap
                0x8000fed8                _KeyMap
                0x8000fedc                KeyMapClearTable
                0x8000ff14                KeyMapSetEntry
                0x8000ff64                KeyMapTranslate
                0x80010080                KeyMapGetString
                0x80010138                KeyMapGetLEDStatus
 .text          0x80010168      0x348 build/file.o
                0x80010168                fileinit
                0x80010198                filealloc
                0x80010204                filedup
                0x8001024c                fileclose
                0x800102ec                filestat
                0x80010330                fileread
                0x800103bc                filewrite
 .text          0x800104b0      0x404 build/uspi_usbstring.o
                0x800104b0                USBString
                0x800104d8                USBStringCopy
                0x80010540                _USBString
                0x80010580                USBStringGetFromDescriptor
                0x8001074c                USBStringGet
                0x80010754                USBStringGetLanguageID
 .text          0x800108b4      0x748 build/uspi_library.o
                0x800108b4                USPiInitialize
                0x80010ac4                USPiKeyboardAvailable
                0x80010ae0                USPiKeyboardRegisterKeyPressedHandler
                0x80010af8                USPiKeyboardRegisterShutdownHandler
                0x80010b10                USPiKeyboardRegisterKeyStatusHandlerRaw
                0x80010b28                USPiMouseAvailable
                0x80010b44                USPiMouseRegisterStatusHandler
                0x80010b5c                USPiMassStorageDeviceAvailable
                0x80010b8c                USPiMassStorageDeviceRead
                0x80010c00                USPiMassStorageDeviceWrite
                0x80010c74                USPiMassStorageDeviceGetCapacity
                0x80010ca4                USPiEthernetAvailable
                0x80010cd4                USPiGetMACAddress
                0x80010d18                USPiSendFrame
                0x80010d6c                USPiReceiveFrame
                0x80010dc0                USPiGamePadAvailable
                0x80010df0                USPiGamePadRegisterStatusHandler
                0x80010e30                USPiGamePadGetStatus
                0x80010e74                USPiMIDIAvailable
                0x80010e90                USPiMIDIRegisterPacketHandler
                0x80010ea8                USPiDeviceGetInformation
 .text          0x80010ffc      0x7e0 build/vm.o
                0x800111f8                setupkvm
                0x8001121c                setupkvm_new
                0x800112c0                kvmalloc
                0x800112d8                switchkvm
                0x800112dc                switchkvm_new
                0x80011308                switchuvm
                0x80011350                inituvm
                0x800113c8                loaduvm
                0x800114a0                allocuvm
                0x80011590                deallocuvm
                0x800115a4                freevm
                0x80011614                clearpteu
                0x80011648                copyuvm
                0x80011728                uva2ka
                0x8001175c                copyout
 .text          0x800117dc      0x304 build/usb.o
                0x80011854                malloc
                0x80011870                free
                0x80011874                MsDelay
                0x800118a8                usDelay
                0x800118d8                StartKernelTimer
                0x80011910                CancelKernelTimer
                0x80011928                SetPowerStateOn
                0x800119b4                GetMACAddress
                0x800119bc                LogWrite
                0x80011a18                usbinit
 .text          0x80011ae0      0x1b0 build/sysproc.o
                0x80011ae0                sys_fork
                0x80011ae4                sys_exit
                0x80011af4                sys_wait
                0x80011af8                sys_kill
                0x80011b2c                sys_getpid
                0x80011b40                sys_sbrk
                0x80011b90                sys_sleep
                0x80011c60                sys_uptime
 .text          0x80011c90      0x114 build/uspi_macaddress.o
                0x80011c90                MACAddress
                0x80011c9c                MACAddress2
                0x80011cbc                _MACAddress
                0x80011cc8                MACAddressIsEqual
                0x80011ce8                MACAddressSet
                0x80011cec                MACAddressSetBroadcast
                0x80011d10                MACAddressGet
                0x80011d18                MACAddressCopyTo
                0x80011d2c                MACAddressIsBroadcast
                0x80011d58                MACAddressGetSize
                0x80011d60                MACAddressFormat
 .text          0x80011da4      0x320 build/pipe.o
                0x80011da4                pipealloc
                0x80011e7c                pipeclose
                0x80011edc                pipewrite
                0x80011fb4                piperead
 .text          0x800120c4       0xac build/uspi_usbrequest.o
                0x800120c4                USBRequest
                0x800120f0                _USBRequest
                0x80012108                USBRequestGetEndpoint
                0x80012110                USBRequestSetStatus
                0x80012118                USBRequestSetResultLen
                0x80012120                USBRequestGetStatus
                0x80012128                USBRequestGetResultLength
                0x80012130                USBRequestGetSetupData
                0x80012138                USBRequestGetBuffer
                0x80012140                USBRequestGetBufLen
                0x80012148                USBRequestSetCompletionRoutine
                0x80012154                USBRequestCallCompletionRoutine
 .text          0x80012170       0xa8 build/uspi_synchronize.o
                0x80012170                uspi_EnterCritical
                0x800121ac                uspi_LeaveCritical
                0x800121e8                uspi_CleanAndInvalidateDataCacheRange
 .text          0x80012218      0x3fc build/uspi_usbmouse.o
                0x80012278                USBMouseDeviceConfigure
                0x80012584                USBMouseDevice
                0x800125c0                _CUSBMouseDevice
                0x8001260c                USBMouseDeviceRegisterStatusHandler
 .text          0x80012614      0x1fc build/kalloc.o
                0x80012614                kfree
                0x800126a8                freerange
                0x800126e4                kinit1
                0x80012758                kinit2
                0x800127a4                kalloc
 .text          0x80012810      0x200 build/uspi_util.o
                0x80012810                uspi_memset
                0x80012834                uspi_memcpy
                0x80012858                uspi_memcmp
                0x800128b4                uspi_strlen
                0x800128dc                uspi_strcmp
                0x80012934                uspi_strcpy
                0x80012960                uspi_strncpy
                0x800129a8                uspi_strcat
                0x800129ec                uspi_char2int
                0x800129fc                uspi_le2be16
                0x80012a08                uspi_le2be32
 .text          0x80012a10      0xae8 build/uspi_lan7800.o
                0x80012a10                LAN7800Device
                0x80012a48                _LAN7800Device
                0x80012ab4                LAN7800DeviceGetMACAddress
                0x80012abc                LAN7800DeviceSendFrame
                0x80012b20                LAN7800DeviceReceiveFrame
                0x80012bfc                LAN7800DeviceWriteReg
                0x80012c90                LAN7800DeviceInitMACAddress
                0x80012d78                LAN7800DeviceReadReg
                0x80012e08                LAN7800DeviceWaitReg
                0x80012e74                LAN7800DevicePHYWrite
                0x80012ef8                LAN7800DevicePHYRead
                0x80012fa0                LAN7800DeviceIsLinkUp
                0x80012fc8                LAN7800DeviceInitPHY
                0x8001300c                LAN7800DeviceReadWriteReg
                0x80013058                LAN7800DeviceConfigure
 .text          0x800134f8       0x10 build/uspienv_memio.o
                0x800134f8                read32
                0x80013500                write32
 .text          0x80013508     0x1bd4 build/uspi_dwhcidevice.o
                0x80013508                DWHCIDeviceCompletionRoutine
                0x80013514                DWHCIDevice
                0x80013554                _DWHCIDevice
                0x8001355c                DWHCIDeviceEnableGlobalInterrupts
                0x800135a0                DWHCIDeviceEnableCommonInterrupts
                0x800135d8                DWHCIDeviceEnableHostInterrupts
                0x80013634                DWHCIDeviceEnableChannelInterrupt
                0x80013688                DWHCIDeviceDisableChannelInterrupt
                0x800136dc                DWHCIDeviceStartChannel
                0x80013a60                DWHCIDeviceStartTransaction
                0x80013b30                DWHCIDeviceTimerHandler
                0x80013b98                DWHCIDeviceChannelInterruptHandler
                0x80013ff0                DWHCIDeviceInterruptHandler
                0x800140f0                DWHCIDeviceAllocateChannel
                0x80014168                DWHCIDeviceTransferStageAsync
                0x80014280                DWHCIDeviceSubmitAsyncRequest
                0x800142c4                DWHCIDeviceTransferStage
                0x800143ac                DWHCIDeviceSubmitBlockingRequest
                0x8001459c                DWHCIDeviceControlMessage
                0x8001463c                DWHCIDeviceGetDescriptor
                0x80014678                DWHCIDeviceSetAddress
                0x800146c0                DWHCIDeviceSetConfiguration
                0x80014708                DWHCIDeviceTransfer
                0x80014760                DWHCIDeviceFreeChannel
                0x80014788                DWHCIDeviceWaitForBit
                0x800147dc                DWHCIDeviceEnableRootPort
                0x8001489c                DWHCIDeviceReset
                0x80014948                DWHCIDeviceInitCore
                0x80014b1c                DWHCIDeviceFlushTxFIFO
                0x80014bb8                DWHCIDeviceFlushRxFIFO
                0x80014c38                DWHCIDeviceInitHost
                0x80014e38                DWHCIDeviceInitialize
                0x80015000                DWHCIDeviceGetPortSpeed
                0x8001504c                DWHCIDeviceOvercurrentDetected
                0x80015098                DWHCIDeviceDisableRootPort
 .text          0x800150dc       0xf4 build/uspi_dwhciregister.o
                0x800150dc                DWHCIRegister
                0x800150ec                DWHCIRegister2
                0x800150fc                _DWHCIRegister
                0x80015108                DWHCIRegisterRead
                0x80015124                DWHCIRegisterWrite
                0x80015134                DWHCIRegisterGet
                0x8001513c                DWHCIRegisterSet
                0x8001514c                DWHCIRegisterIsSet
                0x80015160                DWHCIRegisterAnd
                0x80015170                DWHCIRegisterOr
                0x80015180                DWHCIRegisterClearBit
                0x80015194                DWHCIRegisterSetBit
                0x800151a8                DWHCIRegisterClearAll
                0x800151bc                DWHCIRegisterSetAll
 .text          0x800151d0      0x874 build/proc.o
                0x800152c0                forkret
                0x800152f4                pinit
                0x80015324                userinit
                0x800153d4                growproc
                0x8001543c                fork
                0x80015520                scheduler
                0x800155d4                sched
                0x80015668                exit
                0x800157a8                yield
                0x800157e0                sleep
                0x80015894                wait
                0x8001596c                wakeup
                0x800159c4                kill
                0x80015a40                procdump
 .text          0x80015a44      0x53c build/uspi_usbkeyboard.o
                0x80015aa4                USBKeyboardDeviceConfigure
                0x80015eb4                USBKeyboardDevice
                0x80015f0c                _CUSBKeyboardDevice
                0x80015f60                USBKeyboardDeviceRegisterKeyPressedHandler
                0x80015f68                USBKeyboardDeviceRegisterSelectConsoleHandler
                0x80015f70                USBKeyboardDeviceRegisterShutdownHandler
                0x80015f78                USBKeyboardDeviceRegisterKeyStatusHandlerRaw
 .text          0x80015f80      0x120 build/timer.o
                0x80015f80                enabletimer3irq
                0x80015f98                timer3init
                0x80015fe0                timer3intr
                0x80016034                delay
                0x80016060                led_on
                0x80016080                led_off
 .text          0x800160a0      0x128 build/uspi_devicenameservice.o
                0x800160a0                DeviceNameService
                0x800160b8                _DeviceNameService
                0x80016110                DeviceNameServiceAddDevice
                0x80016164                DeviceNameServiceGetDevice
                0x800161b8                DeviceNameServiceGet
 .text          0x800161c8      0xbb8 build/uspi_usbgamepad.o
                0x8001676c                USBGamePadDeviceConfigure
                0x80016bf0                USBGamePadDevice
                0x80016c84                _CUSBGamePadDevice
                0x80016d08                USBGamePadDeviceRegisterStatusHandler
                0x80016d10                USBGamePadDeviceGetReport
 .text          0x80016d80      0xd84 build/fs.o
                0x80016e7c                readsb
                0x800170dc                iinit
                0x8001710c                ialloc
                0x800171bc                iupdate
                0x80017238                idup
                0x8001726c                ilock
                0x80017374                iunlock
                0x800173d4                iput
                0x8001751c                iunlockput
                0x80017534                stati
                0x8001755c                readi
                0x8001764c                writei
                0x8001776c                namecmp
                0x80017774                dirlookup
                0x80017a04                dirlink
                0x80017adc                namei
                0x80017af8                nameiparent
 .text          0x80017b04      0x210 build/uspi_dwhcirootport.o
                0x80017b04                DWHCIRootPort
                0x80017b10                _DWHCIRootPort
                0x80017b44                DWHCIRootPortInitialize

.glue_7         0x80017d14        0x0 load address 0x00017d14
 .glue_7        0x80017d14        0x0 linker stubs

.glue_7t        0x80017d14        0x0 load address 0x00017d14
 .glue_7t       0x80017d14        0x0 linker stubs

.vfp11_veneer   0x80017d14        0x0 load address 0x00017d14
 .vfp11_veneer  0x80017d14        0x0 linker stubs

.v4_bx          0x80017d14        0x0 load address 0x00017d14
 .v4_bx         0x80017d14        0x0 linker stubs

.iplt           0x80017d14        0x0 load address 0x00017d14
 .iplt          0x80017d14        0x0 build/entry.o

.rodata         0x80017d14     0x1a84 load address 0x00017d14
 *(.rodata .rodata.*)
 .rodata.str1.4
                0x80017d14        0x0 build/uspi_string.o
                                  0x1 (size before relaxing)
 .rodata.str1.4
                0x80017d14       0x99 build/usb_storagedriver.o
 *fill*         0x80017dad        0x3 
 .rodata.str1.4
                0x80017db0       0x6b build/sysfile.o
 *fill*         0x80017e1b        0x1 
 .rodata        0x80017e1c       0x48 build/uspi_usbmidi.o
 .rodata.str1.4
                0x80017e64       0x24 build/uspi_usbmidi.o
 .rodata        0x80017e88        0x7 build/uspi_usbdevice.o
 *fill*         0x80017e8f        0x1 
 .rodata.str1.4
                0x80017e90      0x150 build/uspi_usbdevice.o
 .rodata.str1.4
                0x80017fe0       0x77 build/uspi_usbdevicefactory.o
 *fill*         0x80018057        0x1 
 .rodata        0x80018058       0x11 build/console.o
 *fill*         0x80018069        0x3 
 .rodata.str1.4
                0x8001806c       0x5e build/console.o
                                 0x62 (size before relaxing)
 *fill*         0x800180ca        0x2 
 .rodata.str1.4
                0x800180cc       0x60 build/spinlock.o
 .rodata.str1.4
                0x8001812c      0x1aa build/trap.o
 *fill*         0x800182d6        0x2 
 .rodata.str1.4
                0x800182d8       0x1c build/uspi_dwhciframeschednper.o
 .rodata.str1.4
                0x800182f4       0xf9 build/main.o
 *fill*         0x800183ed        0x3 
 .rodata.str1.4
                0x800183f0       0x2b build/bio.o
 *fill*         0x8001841b        0x1 
 .rodata        0x8001841c       0x5c build/syscall.o
 .rodata.str1.4
                0x80018478       0x1c build/syscall.o
 .rodata.str1.4
                0x80018494       0x2f build/uspi_usbconfigparser.o
 *fill*         0x800184c3        0x1 
 .rodata        0x800184c4        0x7 build/uspi_usbstandardhub.o
 *fill*         0x800184cb        0x1 
 .rodata.str1.4
                0x800184cc      0x1c0 build/uspi_usbstandardhub.o
                                0x1e4 (size before relaxing)
 .rodata.str1.4
                0x8001868c       0x6e build/memide.o
 .rodata.str1.4
                0x800186fa       0x1c build/uspi_dwhciframeschedper.o
 *fill*         0x800186fa        0x2 
 .rodata        0x800186fc        0x5 build/uspi_usbmassdevice.o
 *fill*         0x80018701        0x3 
 .rodata.str1.4
                0x80018704      0x1e5 build/uspi_usbmassdevice.o
                                0x201 (size before relaxing)
 *fill*         0x800188e9        0x3 
 .rodata        0x800188ec        0x9 build/uspi_smsc951x.o
 *fill*         0x800188f5        0x3 
 .rodata.str1.4
                0x800188f8       0x76 build/uspi_smsc951x.o
                                 0x92 (size before relaxing)
 *fill*         0x8001896e        0x2 
 .rodata.str1.4
                0x80018970       0x33 build/log.o
 *fill*         0x800189a3        0x1 
 .rodata        0x800189a4      0x4cc build/uspi_keymap.o
 .rodata.str1.4
                0x80018e70       0xce build/uspi_keymap.o
                                 0xde (size before relaxing)
 *fill*         0x80018f3e        0x2 
 .rodata.str1.4
                0x80018f40       0x42 build/file.o
 *fill*         0x80018f82        0x2 
 .rodata        0x80018f84        0x5 build/uspi_library.o
 *fill*         0x80018f89        0x3 
 .rodata.str1.4
                0x80018f8c       0x86 build/uspi_library.o
                                 0x8e (size before relaxing)
 *fill*         0x80019012        0x2 
 .rodata.str1.4
                0x80019014      0x16e build/vm.o
 *fill*         0x80019182        0x2 
 .rodata.str1.4
                0x80019184      0x122 build/usb.o
 *fill*         0x800192a6        0x2 
 .rodata.str1.4
                0x800192a8       0x1e build/uspi_macaddress.o
 *fill*         0x800192c6        0x2 
 .rodata.str1.4
                0x800192c8        0x5 build/pipe.o
 *fill*         0x800192cd        0x3 
 .rodata        0x800192d0        0x7 build/uspi_usbmouse.o
 *fill*         0x800192d7        0x1 
 .rodata.str1.4
                0x800192d8       0x25 build/uspi_usbmouse.o
                                 0x59 (size before relaxing)
 *fill*         0x800192fd        0x3 
 .rodata.str1.4
                0x80019300        0x5 build/kalloc.o
                                  0xd (size before relaxing)
 *fill*         0x80019305        0x3 
 .rodata        0x80019308        0x8 build/uspi_lan7800.o
 .rodata.str1.4
                0x80019310       0x9c build/uspi_lan7800.o
                                 0xea (size before relaxing)
 .rodata        0x800193ac       0x14 build/uspi_dwhcidevice.o
 .rodata.str1.4
                0x800193c0      0x19c build/uspi_dwhcidevice.o
                                0x1a4 (size before relaxing)
 .rodata.str1.4
                0x8001955c       0xa9 build/proc.o
                                 0xad (size before relaxing)
 *fill*         0x80019605        0x3 
 .rodata        0x80019608        0x7 build/uspi_usbkeyboard.o
 *fill*         0x8001960f        0x1 
 .rodata.str1.4
                0x80019610        0x7 build/uspi_usbkeyboard.o
                                 0x57 (size before relaxing)
 *fill*         0x80019617        0x1 
 .rodata        0x80019618        0xd build/uspi_usbgamepad.o
 *fill*         0x80019625        0x3 
 .rodata.str1.4
                0x80019628       0x21 build/uspi_usbgamepad.o
                                 0x5f (size before relaxing)
 *fill*         0x80019649        0x3 
 .rodata.str1.4
                0x8001964c       0xb9 build/fs.o
                                 0xc4 (size before relaxing)
 *fill*         0x80019705        0x3 
 .rodata        0x80019708        0x7 build/uspi_dwhcirootport.o
 *fill*         0x8001970f        0x1 
 .rodata.str1.4
                0x80019710       0x88 build/uspi_dwhcirootport.o
                                 0x87 (size before relaxing)

.rel.dyn        0x80019798        0x0 load address 0x00019798
 .rel.iplt      0x80019798        0x0 build/entry.o
                0x8001a000                . = ALIGN (0x1000)

.data           0x8001a000    0x80940 load address 0x0001a000
 *(.data)
 .data          0x8001a000    0x80850 build/entry.o
                0x8001a000                font
                0x8001a800                _binary_initcode_start
                0x8001a850                _binary_fs_img_start
                0x8001a850                _binary_initcode_end
                0x8009a850                _binary_fs_img_end
 .data          0x8009a850        0x0 build/exception.o
 .data          0x8009a850        0x0 build/uspienv_delayloop.o
 .data          0x8009a850        0x0 build/uspi_dwhciframeschednsplit.o
 .data          0x8009a850        0x0 build/exec.o
 .data          0x8009a850        0x0 build/uart_pl011.o
 .data          0x8009a850        0x0 build/uspi_string.o
 .data          0x8009a850       0x15 build/usb_storagedriver.o
                0x8009a850                name
 .data          0x8009a865        0x0 build/sysfile.o
 .data          0x8009a865        0x0 build/string.o
 *fill*         0x8009a865        0x3 
 .data          0x8009a868        0x4 build/uspi_usbmidi.o
 .data          0x8009a86c        0x1 build/uspi_usbdevice.o
 .data          0x8009a86d        0x0 build/uspi_usbdevicefactory.o
 *fill*         0x8009a86d        0x3 
 .data          0x8009a870       0x24 build/console.o
                0x8009a874                framewidth
                0x8009a878                frameheight
                0x8009a87c                cursor_x
                0x8009a880                fontheight
                0x8009a884                cursor_y
                0x8009a888                fontwidth
                0x8009a890                framedepth
 .data          0x8009a894        0x0 build/spinlock.o
 .data          0x8009a894        0x4 build/trap.o
                0x8009a894                first_time
 .data          0x8009a898        0x0 build/uspi_dwhciframeschednper.o
 .data          0x8009a898        0x4 build/uspienv_timer.o
 .data          0x8009a89c        0x0 build/main.o
 .data          0x8009a89c        0x0 build/bio.o
 .data          0x8009a89c        0x0 build/syscall.o
 .data          0x8009a89c        0x0 build/uspi_usbendpoint.o
 .data          0x8009a89c        0x0 build/uspi_usbconfigparser.o
 .data          0x8009a89c        0x0 build/mailbox.o
 .data          0x8009a89c        0x0 build/uspi_usbstandardhub.o
 .data          0x8009a89c        0x0 build/memide.o
 .data          0x8009a89c        0x0 build/uspi_dwhciframeschedper.o
 .data          0x8009a89c        0x4 build/uspi_usbmassdevice.o
 .data          0x8009a8a0        0x0 build/mmu.o
 .data          0x8009a8a0        0x4 build/uspi_smsc951x.o
 .data          0x8009a8a4        0x0 build/log.o
 .data          0x8009a8a4        0x0 build/uart.o
 .data          0x8009a8a4        0x0 build/uspi_dwhcixferstagedata.o
 .data          0x8009a8a4        0x0 build/uspi_keymap.o
 .data          0x8009a8a4        0x0 build/file.o
 .data          0x8009a8a4        0x0 build/uspi_usbstring.o
 .data          0x8009a8a4        0x4 build/uspi_library.o
 .data          0x8009a8a8       0x3c build/vm.o
 .data          0x8009a8e4        0x8 build/usb.o
                0x8009a8e4                usb_active
                0x8009a8e8                device_index
 .data          0x8009a8ec        0x0 build/sysproc.o
 .data          0x8009a8ec        0x0 build/uspi_macaddress.o
 .data          0x8009a8ec        0x0 build/pipe.o
 .data          0x8009a8ec        0x0 build/uspi_usbrequest.o
 .data          0x8009a8ec        0x4 build/uspi_synchronize.o
 .data          0x8009a8f0        0x4 build/uspi_usbmouse.o
 .data          0x8009a8f4        0x0 build/kalloc.o
 .data          0x8009a8f4        0x0 build/uspi_util.o
 .data          0x8009a8f4        0x4 build/uspi_lan7800.o
 .data          0x8009a8f8        0x0 build/uspienv_memio.o
 .data          0x8009a8f8        0x0 build/uspi_dwhcidevice.o
 .data          0x8009a8f8        0x0 build/uspi_dwhciregister.o
 .data          0x8009a8f8        0xc build/proc.o
                0x8009a8f8                nextpid
                0x8009a900                first_sched
 .data          0x8009a904        0x4 build/uspi_usbkeyboard.o
 .data          0x8009a908        0x0 build/timer.o
 .data          0x8009a908        0x4 build/uspi_devicenameservice.o
 .data          0x8009a90c       0x34 build/uspi_usbgamepad.o
 .data          0x8009a940        0x0 build/fs.o
 .data          0x8009a940        0x0 build/uspi_dwhcirootport.o
 *.c.o(*)

.igot.plt       0x8009a940        0x0 load address 0x0009a940
 .igot.plt      0x8009a940        0x0 build/entry.o

.bss            0x8009a940     0x5574 load address 0x0009a940
 *(.bss)
 .bss           0x8009a940        0x0 build/entry.o
 .bss           0x8009a940        0x0 build/exception.o
 .bss           0x8009a940        0x0 build/uspienv_delayloop.o
 .bss           0x8009a940        0x0 build/uspi_dwhciframeschednsplit.o
 .bss           0x8009a940        0x0 build/exec.o
 .bss           0x8009a940        0x0 build/uart_pl011.o
 .bss           0x8009a940        0x0 build/uspi_string.o
 .bss           0x8009a940        0x0 build/usb_storagedriver.o
 .bss           0x8009a940        0x0 build/sysfile.o
 .bss           0x8009a940        0x0 build/string.o
 .bss           0x8009a940        0x0 build/uspi_usbmidi.o
 .bss           0x8009a940        0x0 build/uspi_usbdevice.o
 .bss           0x8009a940        0x0 build/uspi_usbdevicefactory.o
 .bss           0x8009a940       0x60 build/console.o
                0x8009a940                fbinfo
 .bss           0x8009a9a0        0x0 build/spinlock.o
 .bss           0x8009a9a0        0x0 build/trap.o
 .bss           0x8009a9a0        0x0 build/uspi_dwhciframeschednper.o
 .bss           0x8009a9a0        0x0 build/uspienv_timer.o
 .bss           0x8009a9a0        0x0 build/main.o
 .bss           0x8009a9a0        0x0 build/bio.o
 .bss           0x8009a9a0        0x0 build/syscall.o
 .bss           0x8009a9a0        0x0 build/uspi_usbendpoint.o
 .bss           0x8009a9a0        0x0 build/uspi_usbconfigparser.o
 .bss           0x8009a9a0        0x0 build/mailbox.o
 .bss           0x8009a9a0        0x0 build/uspi_usbstandardhub.o
 .bss           0x8009a9a0        0x8 build/memide.o
 .bss           0x8009a9a8        0x0 build/uspi_dwhciframeschedper.o
 .bss           0x8009a9a8        0x0 build/uspi_usbmassdevice.o
 .bss           0x8009a9a8        0x0 build/mmu.o
 .bss           0x8009a9a8        0x0 build/uspi_smsc951x.o
 .bss           0x8009a9a8        0x0 build/log.o
 .bss           0x8009a9a8        0xc build/uart.o
 .bss           0x8009a9b4        0x0 build/uspi_dwhcixferstagedata.o
 .bss           0x8009a9b4        0x0 build/uspi_keymap.o
 .bss           0x8009a9b4        0x0 build/file.o
 .bss           0x8009a9b4        0x0 build/uspi_usbstring.o
 .bss           0x8009a9b4        0x0 build/uspi_library.o
 .bss           0x8009a9b4        0x0 build/vm.o
 .bss           0x8009a9b4      0x158 build/usb.o
 .bss           0x8009ab0c        0x0 build/sysproc.o
 .bss           0x8009ab0c        0x0 build/uspi_macaddress.o
 .bss           0x8009ab0c        0x0 build/pipe.o
 .bss           0x8009ab0c        0x0 build/uspi_usbrequest.o
 .bss           0x8009ab0c        0x4 build/uspi_synchronize.o
 .bss           0x8009ab10        0x0 build/uspi_usbmouse.o
 .bss           0x8009ab10        0x0 build/kalloc.o
 .bss           0x8009ab10        0x0 build/uspi_util.o
 .bss           0x8009ab10        0x0 build/uspi_lan7800.o
 .bss           0x8009ab10        0x0 build/uspienv_memio.o
 .bss           0x8009ab10        0x0 build/uspi_dwhcidevice.o
 .bss           0x8009ab10        0x0 build/uspi_dwhciregister.o
 .bss           0x8009ab10        0x4 build/proc.o
 .bss           0x8009ab14        0x0 build/uspi_usbkeyboard.o
 .bss           0x8009ab14        0x0 build/timer.o
 .bss           0x8009ab14        0x0 build/uspi_devicenameservice.o
 .bss           0x8009ab14        0x0 build/uspi_usbgamepad.o
 .bss           0x8009ab14        0x0 build/fs.o
 .bss           0x8009ab14        0x0 build/uspi_dwhcirootport.o
 COMMON         0x8009ab14       0xe0 build/exec.o
                0x8009ab14                cpus
 COMMON         0x8009abf4        0x4 build/uart_pl011.o
                0x8009abf4                uart_lock
 COMMON         0x8009abf8       0xa0 build/usb_storagedriver.o
                0x8009abf8                device_handler
 COMMON         0x8009ac98       0xc0 build/console.o
                0x8009ac98                input
 COMMON         0x8009ad58       0x50 build/trap.o
                0x8009ad58                pUSBParam
                0x8009ad5c                pUSBTimerParam
                0x8009ad60                nUSBTimerIRQ
                0x8009ad64                tickslock
                0x8009ad98                pUSBTimerHandler
                0x8009ad9c                ticks
                0x8009ada0                pUSBHandler
                0x8009ada4                nUSBIRQ
 COMMON         0x8009ada8       0x28 build/main.o
                0x8009ada8                mb_data
 COMMON         0x8009add0     0x173c build/bio.o
                0x8009add0                bcache
 COMMON         0x8009c50c        0x4 build/mailbox.o
                0x8009c50c                mailbuffer
 COMMON         0x8009c510        0x4 build/mmu.o
                0x8009c510                pm_size
 COMMON         0x8009c514       0x70 build/log.o
                0x8009c514                log
 COMMON         0x8009c584        0x4 build/uart.o
                0x8009c584                uart_disabled
 COMMON         0x8009c588      0x9e4 build/file.o
                0x8009c588                ftable
                0x8009cf1c                devsw
 COMMON         0x8009cf6c        0x4 build/vm.o
                0x8009cf6c                kpgdir
 COMMON         0x8009cf70       0x3c build/kalloc.o
                0x8009cf70                kmem
 COMMON         0x8009cfac     0x1f34 build/proc.o
                0x8009cfac                ptable
 COMMON         0x8009eee0      0xfd4 build/fs.o
                0x8009eee0                icache
                0x8009feb4                PROVIDE (end = .)

/DISCARD/
 *(.eh_frame .note.GNU-stack)
OUTPUT(build/kernel.elf elf32-littlearm)

.ARM.attributes
                0x00000000       0x35
 .ARM.attributes
                0x00000000       0x25 build/entry.o
 .ARM.attributes
                0x00000025       0x25 build/exception.o
 .ARM.attributes
                0x0000004a       0x25 build/uspienv_delayloop.o
 .ARM.attributes
                0x0000006f       0x39 build/uspi_dwhciframeschednsplit.o
 .ARM.attributes
                0x000000a8       0x39 build/exec.o
 .ARM.attributes
                0x000000e1       0x39 build/uart_pl011.o
 .ARM.attributes
                0x0000011a       0x39 build/uspi_string.o
 .ARM.attributes
                0x00000153       0x39 build/usb_storagedriver.o
 .ARM.attributes
                0x0000018c       0x39 build/sysfile.o
 .ARM.attributes
                0x000001c5       0x39 build/string.o
 .ARM.attributes
                0x000001fe       0x39 build/uspi_usbmidi.o
 .ARM.attributes
                0x00000237       0x39 build/uspi_usbdevice.o
 .ARM.attributes
                0x00000270       0x39 build/uspi_usbdevicefactory.o
 .ARM.attributes
                0x000002a9       0x39 build/console.o
 .ARM.attributes
                0x000002e2       0x39 build/spinlock.o
 .ARM.attributes
                0x0000031b       0x39 build/trap.o
 .ARM.attributes
                0x00000354       0x39 build/uspi_dwhciframeschednper.o
 .ARM.attributes
                0x0000038d       0x39 build/uspienv_timer.o
 .ARM.attributes
                0x000003c6       0x39 build/main.o
 .ARM.attributes
                0x000003ff       0x39 build/bio.o
 .ARM.attributes
                0x00000438       0x39 build/syscall.o
 .ARM.attributes
                0x00000471       0x39 build/uspi_usbendpoint.o
 .ARM.attributes
                0x000004aa       0x39 build/uspi_usbconfigparser.o
 .ARM.attributes
                0x000004e3       0x39 build/mailbox.o
 .ARM.attributes
                0x0000051c       0x39 build/uspi_usbstandardhub.o
 .ARM.attributes
                0x00000555       0x39 build/memide.o
 .ARM.attributes
                0x0000058e       0x39 build/uspi_dwhciframeschedper.o
 .ARM.attributes
                0x000005c7       0x39 build/uspi_usbmassdevice.o
 .ARM.attributes
                0x00000600       0x39 build/mmu.o
 .ARM.attributes
                0x00000639       0x39 build/uspi_smsc951x.o
 .ARM.attributes
                0x00000672       0x39 build/log.o
 .ARM.attributes
                0x000006ab       0x39 build/uart.o
 .ARM.attributes
                0x000006e4       0x39 build/uspi_dwhcixferstagedata.o
 .ARM.attributes
                0x0000071d       0x39 build/uspi_keymap.o
 .ARM.attributes
                0x00000756       0x39 build/file.o
 .ARM.attributes
                0x0000078f       0x39 build/uspi_usbstring.o
 .ARM.attributes
                0x000007c8       0x39 build/uspi_library.o
 .ARM.attributes
                0x00000801       0x39 build/vm.o
 .ARM.attributes
                0x0000083a       0x39 build/usb.o
 .ARM.attributes
                0x00000873       0x39 build/sysproc.o
 .ARM.attributes
                0x000008ac       0x39 build/uspi_macaddress.o
 .ARM.attributes
                0x000008e5       0x39 build/pipe.o
 .ARM.attributes
                0x0000091e       0x39 build/uspi_usbrequest.o
 .ARM.attributes
                0x00000957       0x39 build/uspi_synchronize.o
 .ARM.attributes
                0x00000990       0x39 build/uspi_usbmouse.o
 .ARM.attributes
                0x000009c9       0x39 build/kalloc.o
 .ARM.attributes
                0x00000a02       0x39 build/uspi_util.o
 .ARM.attributes
                0x00000a3b       0x39 build/uspi_lan7800.o
 .ARM.attributes
                0x00000a74       0x39 build/uspienv_memio.o
 .ARM.attributes
                0x00000aad       0x39 build/uspi_dwhcidevice.o
 .ARM.attributes
                0x00000ae6       0x39 build/uspi_dwhciregister.o
 .ARM.attributes
                0x00000b1f       0x39 build/proc.o
 .ARM.attributes
                0x00000b58       0x39 build/uspi_usbkeyboard.o
 .ARM.attributes
                0x00000b91       0x39 build/timer.o
 .ARM.attributes
                0x00000bca       0x39 build/uspi_devicenameservice.o
 .ARM.attributes
                0x00000c03       0x39 build/uspi_usbgamepad.o
 .ARM.attributes
                0x00000c3c       0x39 build/fs.o
 .ARM.attributes
                0x00000c75       0x39 build/uspi_dwhcirootport.o

.comment        0x00000000       0x23
 .comment       0x00000000       0x23 build/uspi_dwhciframeschednsplit.o
                                 0x24 (size before relaxing)
 .comment       0x00000023       0x24 build/exec.o
 .comment       0x00000023       0x24 build/uart_pl011.o
 .comment       0x00000023       0x24 build/uspi_string.o
 .comment       0x00000023       0x24 build/usb_storagedriver.o
 .comment       0x00000023       0x24 build/sysfile.o
 .comment       0x00000023       0x24 build/string.o
 .comment       0x00000023       0x24 build/uspi_usbmidi.o
 .comment       0x00000023       0x24 build/uspi_usbdevice.o
 .comment       0x00000023       0x24 build/uspi_usbdevicefactory.o
 .comment       0x00000023       0x24 build/console.o
 .comment       0x00000023       0x24 build/spinlock.o
 .comment       0x00000023       0x24 build/trap.o
 .comment       0x00000023       0x24 build/uspi_dwhciframeschednper.o
 .comment       0x00000023       0x24 build/uspienv_timer.o
 .comment       0x00000023       0x24 build/main.o
 .comment       0x00000023       0x24 build/bio.o
 .comment       0x00000023       0x24 build/syscall.o
 .comment       0x00000023       0x24 build/uspi_usbendpoint.o
 .comment       0x00000023       0x24 build/uspi_usbconfigparser.o
 .comment       0x00000023       0x24 build/mailbox.o
 .comment       0x00000023       0x24 build/uspi_usbstandardhub.o
 .comment       0x00000023       0x24 build/memide.o
 .comment       0x00000023       0x24 build/uspi_dwhciframeschedper.o
 .comment       0x00000023       0x24 build/uspi_usbmassdevice.o
 .comment       0x00000023       0x24 build/mmu.o
 .comment       0x00000023       0x24 build/uspi_smsc951x.o
 .comment       0x00000023       0x24 build/log.o
 .comment       0x00000023       0x24 build/uart.o
 .comment       0x00000023       0x24 build/uspi_dwhcixferstagedata.o
 .comment       0x00000023       0x24 build/uspi_keymap.o
 .comment       0x00000023       0x24 build/file.o
 .comment       0x00000023       0x24 build/uspi_usbstring.o
 .comment       0x00000023       0x24 build/uspi_library.o
 .comment       0x00000023       0x24 build/vm.o
 .comment       0x00000023       0x24 build/usb.o
 .comment       0x00000023       0x24 build/sysproc.o
 .comment       0x00000023       0x24 build/uspi_macaddress.o
 .comment       0x00000023       0x24 build/pipe.o
 .comment       0x00000023       0x24 build/uspi_usbrequest.o
 .comment       0x00000023       0x24 build/uspi_synchronize.o
 .comment       0x00000023       0x24 build/uspi_usbmouse.o
 .comment       0x00000023       0x24 build/kalloc.o
 .comment       0x00000023       0x24 build/uspi_util.o
 .comment       0x00000023       0x24 build/uspi_lan7800.o
 .comment       0x00000023       0x24 build/uspienv_memio.o
 .comment       0x00000023       0x24 build/uspi_dwhcidevice.o
 .comment       0x00000023       0x24 build/uspi_dwhciregister.o
 .comment       0x00000023       0x24 build/proc.o
 .comment       0x00000023       0x24 build/uspi_usbkeyboard.o
 .comment       0x00000023       0x24 build/timer.o
 .comment       0x00000023       0x24 build/uspi_devicenameservice.o
 .comment       0x00000023       0x24 build/uspi_usbgamepad.o
 .comment       0x00000023       0x24 build/fs.o
 .comment       0x00000023       0x24 build/uspi_dwhcirootport.o

.debug_line     0x00000000     0xec1a
 .debug_line    0x00000000       0xfb build/entry.o
 .debug_line    0x000000fb       0xdd build/exception.o
 .debug_line    0x000001d8       0x4c build/uspienv_delayloop.o
 .debug_line    0x00000224      0x19a build/uspi_dwhciframeschednsplit.o
 .debug_line    0x000003be      0x274 build/exec.o
 .debug_line    0x00000632      0x10f build/uart_pl011.o
 .debug_line    0x00000741      0xaf0 build/uspi_string.o
 .debug_line    0x00001231      0x2b1 build/usb_storagedriver.o
 .debug_line    0x000014e2      0x896 build/sysfile.o
 .debug_line    0x00001d78      0x31d build/string.o
 .debug_line    0x00002095      0x3b0 build/uspi_usbmidi.o
 .debug_line    0x00002445      0x66f build/uspi_usbdevice.o
 .debug_line    0x00002ab4      0x35e build/uspi_usbdevicefactory.o
 .debug_line    0x00002e12      0x9fb build/console.o
 .debug_line    0x0000380d      0x1b7 build/spinlock.o
 .debug_line    0x000039c4      0x480 build/trap.o
 .debug_line    0x00003e44      0x22f build/uspi_dwhciframeschednper.o
 .debug_line    0x00004073      0x43f build/uspienv_timer.o
 .debug_line    0x000044b2      0x1c0 build/main.o
 .debug_line    0x00004672      0x279 build/bio.o
 .debug_line    0x000048eb      0x297 build/syscall.o
 .debug_line    0x00004b82      0x324 build/uspi_usbendpoint.o
 .debug_line    0x00004ea6      0x278 build/uspi_usbconfigparser.o
 .debug_line    0x0000511e      0x235 build/mailbox.o
 .debug_line    0x00005353      0x788 build/uspi_usbstandardhub.o
 .debug_line    0x00005adb      0x132 build/memide.o
 .debug_line    0x00005c0d      0x2f5 build/uspi_dwhciframeschedper.o
 .debug_line    0x00005f02      0x893 build/uspi_usbmassdevice.o
 .debug_line    0x00006795      0x1ea build/mmu.o
 .debug_line    0x0000697f      0x4de build/uspi_smsc951x.o
 .debug_line    0x00006e5d      0x2f4 build/log.o
 .debug_line    0x00007151      0x59f build/uart.o
 .debug_line    0x000076f0      0x686 build/uspi_dwhcixferstagedata.o
 .debug_line    0x00007d76      0x2e0 build/uspi_keymap.o
 .debug_line    0x00008056      0x2be build/file.o
 .debug_line    0x00008314      0x436 build/uspi_usbstring.o
 .debug_line    0x0000874a      0x774 build/uspi_library.o
 .debug_line    0x00008ebe      0x772 build/vm.o
 .debug_line    0x00009630      0x34e build/usb.o
 .debug_line    0x0000997e      0x1a2 build/sysproc.o
 .debug_line    0x00009b20      0x181 build/uspi_macaddress.o
 .debug_line    0x00009ca1      0x2e7 build/pipe.o
 .debug_line    0x00009f88      0x1ca build/uspi_usbrequest.o
 .debug_line    0x0000a152       0xd3 build/uspi_synchronize.o
 .debug_line    0x0000a225      0x3b8 build/uspi_usbmouse.o
 .debug_line    0x0000a5dd      0x25c build/kalloc.o
 .debug_line    0x0000a839      0x250 build/uspi_util.o
 .debug_line    0x0000aa89      0x808 build/uspi_lan7800.o
 .debug_line    0x0000b291       0x76 build/uspienv_memio.o
 .debug_line    0x0000b307      0xf21 build/uspi_dwhcidevice.o
 .debug_line    0x0000c228      0x19f build/uspi_dwhciregister.o
 .debug_line    0x0000c3c7      0x784 build/proc.o
 .debug_line    0x0000cb4b      0x4fb build/uspi_usbkeyboard.o
 .debug_line    0x0000d046      0x1e2 build/timer.o
 .debug_line    0x0000d228      0x1b0 build/uspi_devicenameservice.o
 .debug_line    0x0000d3d8      0xa02 build/uspi_usbgamepad.o
 .debug_line    0x0000ddda      0xb9d build/fs.o
 .debug_line    0x0000e977      0x2a3 build/uspi_dwhcirootport.o

.debug_info     0x00000000    0x30235
 .debug_info    0x00000000       0x22 build/entry.o
 .debug_info    0x00000022       0x26 build/exception.o
 .debug_info    0x00000048       0x26 build/uspienv_delayloop.o
 .debug_info    0x0000006e      0x3bf build/uspi_dwhciframeschednsplit.o
 .debug_info    0x0000042d      0x93c build/exec.o
 .debug_info    0x00000d69       0xc8 build/uart_pl011.o
 .debug_info    0x00000e31     0x1574 build/uspi_string.o
 .debug_info    0x000023a5      0x5ee build/usb_storagedriver.o
 .debug_info    0x00002993     0x1801 build/sysfile.o
 .debug_info    0x00004194      0x5c8 build/string.o
 .debug_info    0x0000475c     0x1272 build/uspi_usbmidi.o
 .debug_info    0x000059ce     0x16c6 build/uspi_usbdevice.o
 .debug_info    0x00007094     0x1847 build/uspi_usbdevicefactory.o
 .debug_info    0x000088db     0x15a7 build/console.o
 .debug_info    0x00009e82      0x73e build/spinlock.o
 .debug_info    0x0000a5c0      0xc3c build/trap.o
 .debug_info    0x0000b1fc      0x421 build/uspi_dwhciframeschednper.o
 .debug_info    0x0000b61d      0x8de build/uspienv_timer.o
 .debug_info    0x0000befb      0xc29 build/main.o
 .debug_info    0x0000cb24      0x4af build/bio.o
 .debug_info    0x0000cfd3      0x7b7 build/syscall.o
 .debug_info    0x0000d78a      0xad5 build/uspi_usbendpoint.o
 .debug_info    0x0000e25f      0x61c build/uspi_usbconfigparser.o
 .debug_info    0x0000e87b      0x9a9 build/mailbox.o
 .debug_info    0x0000f224     0x1b0e build/uspi_usbstandardhub.o
 .debug_info    0x00010d32      0x68b build/memide.o
 .debug_info    0x000113bd      0x571 build/uspi_dwhciframeschedper.o
 .debug_info    0x0001192e     0x23e4 build/uspi_usbmassdevice.o
 .debug_info    0x00013d12      0x1a1 build/mmu.o
 .debug_info    0x00013eb3     0x1677 build/uspi_smsc951x.o
 .debug_info    0x0001552a      0x6ee build/log.o
 .debug_info    0x00015c18      0xe29 build/uart.o
 .debug_info    0x00016a41     0x15a7 build/uspi_dwhcixferstagedata.o
 .debug_info    0x00017fe8      0x5f7 build/uspi_keymap.o
 .debug_info    0x000185df      0x84a build/file.o
 .debug_info    0x00018e29     0x108d build/uspi_usbstring.o
 .debug_info    0x00019eb6     0x1f4c build/uspi_library.o
 .debug_info    0x0001be02     0x1513 build/vm.o
 .debug_info    0x0001d315      0xbb9 build/usb.o
 .debug_info    0x0001dece      0x683 build/sysproc.o
 .debug_info    0x0001e551      0x498 build/uspi_macaddress.o
 .debug_info    0x0001e9e9      0x93a build/pipe.o
 .debug_info    0x0001f323      0xb33 build/uspi_usbrequest.o
 .debug_info    0x0001fe56      0x123 build/uspi_synchronize.o
 .debug_info    0x0001ff79     0x12d4 build/uspi_usbmouse.o
 .debug_info    0x0002124d      0x44b build/kalloc.o
 .debug_info    0x00021698      0x43d build/uspi_util.o
 .debug_info    0x00021ad5     0x1ffd build/uspi_lan7800.o
 .debug_info    0x00023ad2       0xcf build/uspienv_memio.o
 .debug_info    0x00023ba1     0x47d2 build/uspi_dwhcidevice.o
 .debug_info    0x00028373      0x386 build/uspi_dwhciregister.o
 .debug_info    0x000286f9      0xf32 build/proc.o
 .debug_info    0x0002962b     0x1918 build/uspi_usbkeyboard.o
 .debug_info    0x0002af43      0x7f8 build/timer.o
 .debug_info    0x0002b73b      0x331 build/uspi_devicenameservice.o
 .debug_info    0x0002ba6c     0x1ad2 build/uspi_usbgamepad.o
 .debug_info    0x0002d53e     0x1e3e build/fs.o
 .debug_info    0x0002f37c      0xeb9 build/uspi_dwhcirootport.o

.debug_abbrev   0x00000000     0x8319
 .debug_abbrev  0x00000000       0x12 build/entry.o
 .debug_abbrev  0x00000012       0x14 build/exception.o
 .debug_abbrev  0x00000026       0x14 build/uspienv_delayloop.o
 .debug_abbrev  0x0000003a      0x1ae build/uspi_dwhciframeschednsplit.o
 .debug_abbrev  0x000001e8      0x1be build/exec.o
 .debug_abbrev  0x000003a6       0xbc build/uart_pl011.o
 .debug_abbrev  0x00000462      0x34d build/uspi_string.o
 .debug_abbrev  0x000007af      0x210 build/usb_storagedriver.o
 .debug_abbrev  0x000009bf      0x325 build/sysfile.o
 .debug_abbrev  0x00000ce4      0x1a9 build/string.o
 .debug_abbrev  0x00000e8d      0x267 build/uspi_usbmidi.o
 .debug_abbrev  0x000010f4      0x2fa build/uspi_usbdevice.o
 .debug_abbrev  0x000013ee      0x1d7 build/uspi_usbdevicefactory.o
 .debug_abbrev  0x000015c5      0x487 build/console.o
 .debug_abbrev  0x00001a4c      0x24b build/spinlock.o
 .debug_abbrev  0x00001c97      0x282 build/trap.o
 .debug_abbrev  0x00001f19      0x1ed build/uspi_dwhciframeschednper.o
 .debug_abbrev  0x00002106      0x313 build/uspienv_timer.o
 .debug_abbrev  0x00002419      0x217 build/main.o
 .debug_abbrev  0x00002630      0x23a build/bio.o
 .debug_abbrev  0x0000286a      0x2a1 build/syscall.o
 .debug_abbrev  0x00002b0b      0x1a8 build/uspi_usbendpoint.o
 .debug_abbrev  0x00002cb3      0x176 build/uspi_usbconfigparser.o
 .debug_abbrev  0x00002e29      0x2aa build/mailbox.o
 .debug_abbrev  0x000030d3      0x256 build/uspi_usbstandardhub.o
 .debug_abbrev  0x00003329      0x1e9 build/memide.o
 .debug_abbrev  0x00003512      0x23d build/uspi_dwhciframeschedper.o
 .debug_abbrev  0x0000374f      0x350 build/uspi_usbmassdevice.o
 .debug_abbrev  0x00003a9f       0xe1 build/mmu.o
 .debug_abbrev  0x00003b80      0x248 build/uspi_smsc951x.o
 .debug_abbrev  0x00003dc8      0x21e build/log.o
 .debug_abbrev  0x00003fe6      0x2d8 build/uart.o
 .debug_abbrev  0x000042be      0x301 build/uspi_dwhcixferstagedata.o
 .debug_abbrev  0x000045bf      0x1e2 build/uspi_keymap.o
 .debug_abbrev  0x000047a1      0x215 build/file.o
 .debug_abbrev  0x000049b6      0x216 build/uspi_usbstring.o
 .debug_abbrev  0x00004bcc      0x313 build/uspi_library.o
 .debug_abbrev  0x00004edf      0x425 build/vm.o
 .debug_abbrev  0x00005304      0x38d build/usb.o
 .debug_abbrev  0x00005691      0x197 build/sysproc.o
 .debug_abbrev  0x00005828      0x1e1 build/uspi_macaddress.o
 .debug_abbrev  0x00005a09      0x229 build/pipe.o
 .debug_abbrev  0x00005c32      0x18f build/uspi_usbrequest.o
 .debug_abbrev  0x00005dc1       0xd8 build/uspi_synchronize.o
 .debug_abbrev  0x00005e99      0x255 build/uspi_usbmouse.o
 .debug_abbrev  0x000060ee      0x26b build/kalloc.o
 .debug_abbrev  0x00006359       0xfe build/uspi_util.o
 .debug_abbrev  0x00006457      0x2dd build/uspi_lan7800.o
 .debug_abbrev  0x00006734       0x96 build/uspienv_memio.o
 .debug_abbrev  0x000067ca      0x420 build/uspi_dwhcidevice.o
 .debug_abbrev  0x00006bea       0xff build/uspi_dwhciregister.o
 .debug_abbrev  0x00006ce9      0x3fa build/proc.o
 .debug_abbrev  0x000070e3      0x3a7 build/uspi_usbkeyboard.o
 .debug_abbrev  0x0000748a      0x285 build/timer.o
 .debug_abbrev  0x0000770f      0x170 build/uspi_devicenameservice.o
 .debug_abbrev  0x0000787f      0x3e2 build/uspi_usbgamepad.o
 .debug_abbrev  0x00007c61      0x4da build/fs.o
 .debug_abbrev  0x0000813b      0x1de build/uspi_dwhcirootport.o

.debug_aranges  0x00000000      0x748
 .debug_aranges
                0x00000000       0x28 build/entry.o
 .debug_aranges
                0x00000028       0x20 build/exception.o
 .debug_aranges
                0x00000048       0x20 build/uspienv_delayloop.o
 .debug_aranges
                0x00000068       0x20 build/uspi_dwhciframeschednsplit.o
 .debug_aranges
                0x00000088       0x20 build/exec.o
 .debug_aranges
                0x000000a8       0x20 build/uart_pl011.o
 .debug_aranges
                0x000000c8       0x20 build/uspi_string.o
 .debug_aranges
                0x000000e8       0x20 build/usb_storagedriver.o
 .debug_aranges
                0x00000108       0x20 build/sysfile.o
 .debug_aranges
                0x00000128       0x20 build/string.o
 .debug_aranges
                0x00000148       0x20 build/uspi_usbmidi.o
 .debug_aranges
                0x00000168       0x20 build/uspi_usbdevice.o
 .debug_aranges
                0x00000188       0x20 build/uspi_usbdevicefactory.o
 .debug_aranges
                0x000001a8       0x20 build/console.o
 .debug_aranges
                0x000001c8       0x20 build/spinlock.o
 .debug_aranges
                0x000001e8       0x20 build/trap.o
 .debug_aranges
                0x00000208       0x20 build/uspi_dwhciframeschednper.o
 .debug_aranges
                0x00000228       0x20 build/uspienv_timer.o
 .debug_aranges
                0x00000248       0x20 build/main.o
 .debug_aranges
                0x00000268       0x20 build/bio.o
 .debug_aranges
                0x00000288       0x20 build/syscall.o
 .debug_aranges
                0x000002a8       0x20 build/uspi_usbendpoint.o
 .debug_aranges
                0x000002c8       0x20 build/uspi_usbconfigparser.o
 .debug_aranges
                0x000002e8       0x20 build/mailbox.o
 .debug_aranges
                0x00000308       0x20 build/uspi_usbstandardhub.o
 .debug_aranges
                0x00000328       0x20 build/memide.o
 .debug_aranges
                0x00000348       0x20 build/uspi_dwhciframeschedper.o
 .debug_aranges
                0x00000368       0x20 build/uspi_usbmassdevice.o
 .debug_aranges
                0x00000388       0x20 build/mmu.o
 .debug_aranges
                0x000003a8       0x20 build/uspi_smsc951x.o
 .debug_aranges
                0x000003c8       0x20 build/log.o
 .debug_aranges
                0x000003e8       0x20 build/uart.o
 .debug_aranges
                0x00000408       0x20 build/uspi_dwhcixferstagedata.o
 .debug_aranges
                0x00000428       0x20 build/uspi_keymap.o
 .debug_aranges
                0x00000448       0x20 build/file.o
 .debug_aranges
                0x00000468       0x20 build/uspi_usbstring.o
 .debug_aranges
                0x00000488       0x20 build/uspi_library.o
 .debug_aranges
                0x000004a8       0x20 build/vm.o
 .debug_aranges
                0x000004c8       0x20 build/usb.o
 .debug_aranges
                0x000004e8       0x20 build/sysproc.o
 .debug_aranges
                0x00000508       0x20 build/uspi_macaddress.o
 .debug_aranges
                0x00000528       0x20 build/pipe.o
 .debug_aranges
                0x00000548       0x20 build/uspi_usbrequest.o
 .debug_aranges
                0x00000568       0x20 build/uspi_synchronize.o
 .debug_aranges
                0x00000588       0x20 build/uspi_usbmouse.o
 .debug_aranges
                0x000005a8       0x20 build/kalloc.o
 .debug_aranges
                0x000005c8       0x20 build/uspi_util.o
 .debug_aranges
                0x000005e8       0x20 build/uspi_lan7800.o
 .debug_aranges
                0x00000608       0x20 build/uspienv_memio.o
 .debug_aranges
                0x00000628       0x20 build/uspi_dwhcidevice.o
 .debug_aranges
                0x00000648       0x20 build/uspi_dwhciregister.o
 .debug_aranges
                0x00000668       0x20 build/proc.o
 .debug_aranges
                0x00000688       0x20 build/uspi_usbkeyboard.o
 .debug_aranges
                0x000006a8       0x20 build/timer.o
 .debug_aranges
                0x000006c8       0x20 build/uspi_devicenameservice.o
 .debug_aranges
                0x000006e8       0x20 build/uspi_usbgamepad.o
 .debug_aranges
                0x00000708       0x20 build/fs.o
 .debug_aranges
                0x00000728       0x20 build/uspi_dwhcirootport.o

.debug_str      0x00000000     0x50f9
 .debug_str     0x00000000       0x2a build/entry.o
 .debug_str     0x0000002a       0x13 build/exception.o
                                 0x2e (size before relaxing)
 .debug_str     0x0000003d       0x1b build/uspienv_delayloop.o
                                 0x36 (size before relaxing)
 .debug_str     0x00000058      0x2e5 build/uspi_dwhciframeschednsplit.o
                                0x3b3 (size before relaxing)
 .debug_str     0x0000033d      0x1e2 build/exec.o
                                0x33d (size before relaxing)
 .debug_str     0x0000051f       0x45 build/uart_pl011.o
                                0x171 (size before relaxing)
 .debug_str     0x00000564      0x1d3 build/uspi_string.o
                                0x368 (size before relaxing)
 .debug_str     0x00000737      0x17c build/usb_storagedriver.o
                                0x308 (size before relaxing)
 .debug_str     0x000008b3      0x1a5 build/sysfile.o
                                0x485 (size before relaxing)
 .debug_str     0x00000a58       0x30 build/string.o
                                0x177 (size before relaxing)
 .debug_str     0x00000a88      0xa22 build/uspi_usbmidi.o
                                0xccc (size before relaxing)
 .debug_str     0x000014aa      0x308 build/uspi_usbdevice.o
                                0xdc7 (size before relaxing)
 .debug_str     0x000017b2      0x42a build/uspi_usbdevicefactory.o
                                0xf57 (size before relaxing)
 .debug_str     0x00001bdc      0x1d5 build/console.o
                                0x4cb (size before relaxing)
 .debug_str     0x00001db1       0x32 build/spinlock.o
                                0x274 (size before relaxing)
 .debug_str     0x00001de3      0x1cd build/trap.o
                                0x41d (size before relaxing)
 .debug_str     0x00001fb0      0x1ad build/uspi_dwhciframeschednper.o
                                0x3fc (size before relaxing)
 .debug_str     0x0000215d      0x243 build/uspienv_timer.o
                                0x3d3 (size before relaxing)
 .debug_str     0x000023a0       0xd6 build/main.o
                                0x408 (size before relaxing)
 .debug_str     0x00002476       0x4a build/bio.o
                                0x1e0 (size before relaxing)
 .debug_str     0x000024c0       0x1a build/syscall.o
                                0x266 (size before relaxing)
 .debug_str     0x000024da       0xf1 build/uspi_usbendpoint.o
                                0x868 (size before relaxing)
 .debug_str     0x000025cb       0x6b build/uspi_usbconfigparser.o
                                0x52c (size before relaxing)
 .debug_str     0x00002636       0x5c build/mailbox.o
                                0x347 (size before relaxing)
 .debug_str     0x00002692      0x107 build/uspi_usbstandardhub.o
                                0xdd7 (size before relaxing)
 .debug_str     0x00002799       0x57 build/memide.o
                                0x2a6 (size before relaxing)
 .debug_str     0x000027f0      0x127 build/uspi_dwhciframeschedper.o
                                0x458 (size before relaxing)
 .debug_str     0x00002917      0x59c build/uspi_usbmassdevice.o
                               0x12e2 (size before relaxing)
 .debug_str     0x00002eb3       0x2a build/mmu.o
                                0x176 (size before relaxing)
 .debug_str     0x00002edd      0x195 build/uspi_smsc951x.o
                                0xd9d (size before relaxing)
 .debug_str     0x00003072       0x98 build/log.o
                                0x27f (size before relaxing)
 .debug_str     0x0000310a       0x7a build/uart.o
                                0x281 (size before relaxing)
 .debug_str     0x00003184      0x55b build/uspi_dwhcixferstagedata.o
                               0x10b3 (size before relaxing)
 .debug_str     0x000036df      0x405 build/uspi_keymap.o
                                0x5c6 (size before relaxing)
 .debug_str     0x00003ae4       0x38 build/file.o
                                0x2c1 (size before relaxing)
 .debug_str     0x00003b1c       0x50 build/uspi_usbstring.o
                                0xaf7 (size before relaxing)
 .debug_str     0x00003b6c      0x4a9 build/uspi_library.o
                               0x1656 (size before relaxing)
 .debug_str     0x00004015       0xc6 build/vm.o
                                0x39c (size before relaxing)
 .debug_str     0x000040db       0x82 build/usb.o
                                0x519 (size before relaxing)
 .debug_str     0x0000415d       0x75 build/sysproc.o
                                0x2ad (size before relaxing)
 .debug_str     0x000041d2       0xa3 build/uspi_macaddress.o
                                0x2b4 (size before relaxing)
 .debug_str     0x00004275       0x2e build/pipe.o
                                0x337 (size before relaxing)
 .debug_str     0x000042a3       0x6d build/uspi_usbrequest.o
                                0x907 (size before relaxing)
 .debug_str     0x00004310       0x67 build/uspi_synchronize.o
                                0x1de (size before relaxing)
 .debug_str     0x00004377       0x94 build/uspi_usbmouse.o
                                0xcff (size before relaxing)
 .debug_str     0x0000440b       0x3d build/kalloc.o
                                0x1c6 (size before relaxing)
 .debug_str     0x00004448       0x69 build/uspi_util.o
                                0x266 (size before relaxing)
 .debug_str     0x000044b1      0x166 build/uspi_lan7800.o
                                0xe78 (size before relaxing)
 .debug_str     0x00004617       0x17 build/uspienv_memio.o
                                0x16e (size before relaxing)
 .debug_str     0x0000462e      0x5be build/uspi_dwhcidevice.o
                               0x189a (size before relaxing)
 .debug_str     0x00004bec       0x61 build/uspi_dwhciregister.o
                                0x2b2 (size before relaxing)
 .debug_str     0x00004c4d       0xbf build/proc.o
                                0x3eb (size before relaxing)
 .debug_str     0x00004d0c      0x152 build/uspi_usbkeyboard.o
                               0x12cc (size before relaxing)
 .debug_str     0x00004e5e       0x3c build/timer.o
                                0x2e2 (size before relaxing)
 .debug_str     0x00004e9a       0x20 build/uspi_devicenameservice.o
                                0x269 (size before relaxing)
 .debug_str     0x00004eba      0x1c3 build/uspi_usbgamepad.o
                                0xf4f (size before relaxing)
 .debug_str     0x0000507d       0x52 build/fs.o
                                0x41b (size before relaxing)
 .debug_str     0x000050cf       0x2a build/uspi_dwhcirootport.o
                                0xade (size before relaxing)

.debug_ranges   0x00000000     0x10a8
 .debug_ranges  0x00000000       0x20 build/entry.o
 .debug_ranges  0x00000020      0x1b8 build/uspi_string.o
 .debug_ranges  0x000001d8       0x98 build/sysfile.o
 .debug_ranges  0x00000270       0x20 build/string.o
 .debug_ranges  0x00000290       0x58 build/uspi_usbmidi.o
 .debug_ranges  0x000002e8       0x48 build/uspi_usbdevice.o
 .debug_ranges  0x00000330      0x100 build/console.o
 .debug_ranges  0x00000430       0x48 build/spinlock.o
 .debug_ranges  0x00000478       0xb8 build/uspienv_timer.o
 .debug_ranges  0x00000530       0x18 build/main.o
 .debug_ranges  0x00000548       0x20 build/bio.o
 .debug_ranges  0x00000568       0x60 build/syscall.o
 .debug_ranges  0x000005c8       0x40 build/uspi_usbendpoint.o
 .debug_ranges  0x00000608       0x40 build/uspi_usbconfigparser.o
 .debug_ranges  0x00000648       0x58 build/mailbox.o
 .debug_ranges  0x000006a0      0x150 build/uspi_usbstandardhub.o
 .debug_ranges  0x000007f0       0x18 build/uspi_dwhciframeschedper.o
 .debug_ranges  0x00000808       0x88 build/uspi_usbmassdevice.o
 .debug_ranges  0x00000890       0x48 build/log.o
 .debug_ranges  0x000008d8       0xf8 build/uart.o
 .debug_ranges  0x000009d0       0x30 build/uspi_dwhcixferstagedata.o
 .debug_ranges  0x00000a00       0x18 build/uspi_keymap.o
 .debug_ranges  0x00000a18       0x18 build/file.o
 .debug_ranges  0x00000a30       0x48 build/uspi_usbstring.o
 .debug_ranges  0x00000a78       0x80 build/uspi_library.o
 .debug_ranges  0x00000af8       0xe8 build/vm.o
 .debug_ranges  0x00000be0       0x38 build/usb.o
 .debug_ranges  0x00000c18       0x30 build/uspi_macaddress.o
 .debug_ranges  0x00000c48       0x10 build/pipe.o
 .debug_ranges  0x00000c58       0x18 build/uspi_usbmouse.o
 .debug_ranges  0x00000c70       0x88 build/kalloc.o
 .debug_ranges  0x00000cf8       0x30 build/uspi_lan7800.o
 .debug_ranges  0x00000d28       0xb8 build/uspi_dwhcidevice.o
 .debug_ranges  0x00000de0       0x50 build/proc.o
 .debug_ranges  0x00000e30       0x30 build/uspi_usbkeyboard.o
 .debug_ranges  0x00000e60       0x98 build/timer.o
 .debug_ranges  0x00000ef8       0xd0 build/uspi_usbgamepad.o
 .debug_ranges  0x00000fc8       0xe0 build/fs.o

.debug_loc      0x00000000    0x11ac4
 .debug_loc     0x00000000       0xeb build/uspi_dwhciframeschednsplit.o
 .debug_loc     0x000000eb      0x35c build/exec.o
 .debug_loc     0x00000447     0x185b build/uspi_string.o
 .debug_loc     0x00001ca2      0x3c7 build/usb_storagedriver.o
 .debug_loc     0x00002069      0x645 build/sysfile.o
 .debug_loc     0x000026ae      0xa46 build/string.o
 .debug_loc     0x000030f4      0x382 build/uspi_usbmidi.o
 .debug_loc     0x00003476      0x50b build/uspi_usbdevice.o
 .debug_loc     0x00003981      0x295 build/uspi_usbdevicefactory.o
 .debug_loc     0x00003c16      0xb0c build/console.o
 .debug_loc     0x00004722      0x15e build/spinlock.o
 .debug_loc     0x00004880      0x316 build/trap.o
 .debug_loc     0x00004b96      0x294 build/uspi_dwhciframeschednper.o
 .debug_loc     0x00004e2a      0x604 build/uspienv_timer.o
 .debug_loc     0x0000542e      0x18c build/bio.o
 .debug_loc     0x000055ba      0x43f build/syscall.o
 .debug_loc     0x000059f9      0x29e build/uspi_usbendpoint.o
 .debug_loc     0x00005c97      0x3b0 build/uspi_usbconfigparser.o
 .debug_loc     0x00006047      0x38f build/mailbox.o
 .debug_loc     0x000063d6      0x5db build/uspi_usbstandardhub.o
 .debug_loc     0x000069b1       0xf3 build/memide.o
 .debug_loc     0x00006aa4      0x36a build/uspi_dwhciframeschedper.o
 .debug_loc     0x00006e0e      0x962 build/uspi_usbmassdevice.o
 .debug_loc     0x00007770      0x286 build/mmu.o
 .debug_loc     0x000079f6      0x40e build/uspi_smsc951x.o
 .debug_loc     0x00007e04      0x217 build/log.o
 .debug_loc     0x0000801b      0x921 build/uart.o
 .debug_loc     0x0000893c      0x805 build/uspi_dwhcixferstagedata.o
 .debug_loc     0x00009141      0x4c5 build/uspi_keymap.o
 .debug_loc     0x00009606      0x520 build/file.o
 .debug_loc     0x00009b26      0x33e build/uspi_usbstring.o
 .debug_loc     0x00009e64      0x7a9 build/uspi_library.o
 .debug_loc     0x0000a60d     0x1255 build/vm.o
 .debug_loc     0x0000b862      0x3b7 build/usb.o
 .debug_loc     0x0000bc19       0x4c build/sysproc.o
 .debug_loc     0x0000bc65      0x2b3 build/uspi_macaddress.o
 .debug_loc     0x0000bf18      0x34e build/pipe.o
 .debug_loc     0x0000c266      0x126 build/uspi_usbrequest.o
 .debug_loc     0x0000c38c       0x87 build/uspi_synchronize.o
 .debug_loc     0x0000c413      0x26e build/uspi_usbmouse.o
 .debug_loc     0x0000c681      0x3a8 build/kalloc.o
 .debug_loc     0x0000ca29      0x56a build/uspi_util.o
 .debug_loc     0x0000cf93      0x83a build/uspi_lan7800.o
 .debug_loc     0x0000d7cd       0x25 build/uspienv_memio.o
 .debug_loc     0x0000d7f2     0x1243 build/uspi_dwhcidevice.o
 .debug_loc     0x0000ea35      0x100 build/uspi_dwhciregister.o
 .debug_loc     0x0000eb35      0x524 build/proc.o
 .debug_loc     0x0000f059      0x33c build/uspi_usbkeyboard.o
 .debug_loc     0x0000f395      0x1f0 build/timer.o
 .debug_loc     0x0000f585      0x1a9 build/uspi_devicenameservice.o
 .debug_loc     0x0000f72e      0xf11 build/uspi_usbgamepad.o
 .debug_loc     0x0001063f     0x13a7 build/fs.o
 .debug_loc     0x000119e6       0xde build/uspi_dwhcirootport.o

.debug_frame    0x00000000     0x3b08
 .debug_frame   0x00000000       0x9c build/uspi_dwhciframeschednsplit.o
 .debug_frame   0x0000009c       0x40 build/exec.o
 .debug_frame   0x000000dc       0x40 build/uart_pl011.o
 .debug_frame   0x0000011c      0x1b8 build/uspi_string.o
 .debug_frame   0x000002d4       0x90 build/usb_storagedriver.o
 .debug_frame   0x00000364      0x268 build/sysfile.o
 .debug_frame   0x000005cc       0xd0 build/string.o
 .debug_frame   0x0000069c       0xdc build/uspi_usbmidi.o
 .debug_frame   0x00000778      0x194 build/uspi_usbdevice.o
 .debug_frame   0x0000090c       0x48 build/uspi_usbdevicefactory.o
 .debug_frame   0x00000954      0x224 build/console.o
 .debug_frame   0x00000b78       0xb8 build/spinlock.o
 .debug_frame   0x00000c30      0x138 build/trap.o
 .debug_frame   0x00000d68       0xa4 build/uspi_dwhciframeschednper.o
 .debug_frame   0x00000e0c      0x198 build/uspienv_timer.o
 .debug_frame   0x00000fa4       0x88 build/main.o
 .debug_frame   0x0000102c       0x8c build/bio.o
 .debug_frame   0x000010b8       0x80 build/syscall.o
 .debug_frame   0x00001138      0x104 build/uspi_usbendpoint.o
 .debug_frame   0x0000123c       0x78 build/uspi_usbconfigparser.o
 .debug_frame   0x000012b4       0x68 build/mailbox.o
 .debug_frame   0x0000131c       0xec build/uspi_usbstandardhub.o
 .debug_frame   0x00001408       0x60 build/memide.o
 .debug_frame   0x00001468       0xb0 build/uspi_dwhciframeschedper.o
 .debug_frame   0x00001518      0x184 build/uspi_usbmassdevice.o
 .debug_frame   0x0000169c       0x3c build/mmu.o
 .debug_frame   0x000016d8      0x118 build/uspi_smsc951x.o
 .debug_frame   0x000017f0       0xd4 build/log.o
 .debug_frame   0x000018c4       0xe8 build/uart.o
 .debug_frame   0x000019ac      0x284 build/uspi_dwhcixferstagedata.o
 .debug_frame   0x00001c30       0x94 build/uspi_keymap.o
 .debug_frame   0x00001cc4      0x120 build/file.o
 .debug_frame   0x00001de4       0xe4 build/uspi_usbstring.o
 .debug_frame   0x00001ec8      0x218 build/uspi_library.o
 .debug_frame   0x000020e0      0x28c build/vm.o
 .debug_frame   0x0000236c      0x12c build/usb.o
 .debug_frame   0x00002498       0xe0 build/sysproc.o
 .debug_frame   0x00002578       0xe4 build/uspi_macaddress.o
 .debug_frame   0x0000265c       0xa0 build/pipe.o
 .debug_frame   0x000026fc       0xdc build/uspi_usbrequest.o
 .debug_frame   0x000027d8       0x40 build/uspi_synchronize.o
 .debug_frame   0x00002818       0xdc build/uspi_usbmouse.o
 .debug_frame   0x000028f4       0xa8 build/kalloc.o
 .debug_frame   0x0000299c       0xc0 build/uspi_util.o
 .debug_frame   0x00002a5c      0x218 build/uspi_lan7800.o
 .debug_frame   0x00002c74       0x30 build/uspienv_memio.o
 .debug_frame   0x00002ca4      0x4c8 build/uspi_dwhcidevice.o
 .debug_frame   0x0000316c       0xf0 build/uspi_dwhciregister.o
 .debug_frame   0x0000325c      0x1b8 build/proc.o
 .debug_frame   0x00003414      0x104 build/uspi_usbkeyboard.o
 .debug_frame   0x00003518       0x9c build/timer.o
 .debug_frame   0x000035b4       0x88 build/uspi_devicenameservice.o
 .debug_frame   0x0000363c      0x15c build/uspi_usbgamepad.o
 .debug_frame   0x00003798      0x304 build/fs.o
 .debug_frame   0x00003a9c       0x6c build/uspi_dwhcirootport.o
